******************************************************************************
               TMS320C6x Linker PC v7.3.1                      
******************************************************************************
>> Linked Thu May 04 12:14:58 2017

OUTPUT FILE NAME:   <ccsProject_insideGit.out>
ENTRY POINT SYMBOL: "_c_int00"  address: 8000cba0


MEMORY CONFIGURATION

         name            origin    length      used     unused   attr    fill
----------------------  --------  ---------  --------  --------  ----  --------
  DSPL2ROM              00700000   00010000  00000000  00010000  RWIX
  DSPL2RAM              00800000   00040000  00000000  00040000  RWIX
  DSPL1PRAM             00e00000   00008000  00000000  00008000  RWIX
  DSPL1DRAM             00f00000   00008000  00000000  00008000  RWIX
  SHDSPL2ROM            11700000   00010000  00000000  00010000  RWIX
  SHDSPL2RAM            11800000   00040000  00000000  00040000  RWIX
  SHDSPL1PRAM           11e00000   00008000  00000000  00008000  RWIX
  SHDSPL1DRAM           11f00000   00008000  00000000  00008000  RWIX
  EMIFACS0              40000000   20000000  00000000  20000000  RWIX
  EMIFACS2              60000000   02000000  00000000  02000000  RWIX
  EMIFACS3              62000000   02000000  00000000  02000000  RWIX
  EMIFACS4              64000000   02000000  00000000  02000000  RWIX
  EMIFACS5              66000000   02000000  00000000  02000000  RWIX
  SHRAM                 80000000   00020000  00016b34  000094cc  RWIX
  DDR2                  c0000000   20000000  00000000  20000000  RWIX


SECTION ALLOCATION MAP

 output                                  attributes/
section   page    origin      length       input sections
--------  ----  ----------  ----------   ----------------
.pinit     0    80000000    00000000     UNINITIALIZED

.text      0    80000000    0000d2e0     
                  80000000    00001880     aes.obj (.text)
                  80001880    00000cc0     modFunctions32.obj (.text)
                  80002540    00000cc0     montExponentiation32.obj (.text)
                  80003200    00000a00     sha2.obj (.text)
                  80003c00    00000840     additionalFunctions32.obj (.text)
                  80004440    000007c0     modularInverse32.obj (.text)
                  80004c00    000007a0     helpfulFunctions.obj (.text)
                  800053a0    000005e0     keyEstablishmentFunctions32.obj (.text)
                  80005980    000005a0     rts6740.lib : divd.obj (.text:__divd)
                  80005f20    00000580     PRNG.obj (.text)
                  800064a0    00000580     rts6740.lib : _printfi.obj (.text:__getarg_diouxp)
                  80006a20    000004c0     encryptDecrypt.obj (.text)
                  80006ee0    00000480     rts6740.lib : _printfi.obj (.text:__setfield)
                  80007360    00000460     useAES.obj (.text)
                  800077c0    00000440     rts6740.lib : _printfi.obj (.text:__printfi)
                  80007c00    000003c0     main.obj (.text)
                  80007fc0    00000300     rts6740.lib : fputs.obj (.text:_fputs)
                  800082c0    000002e0     signatureMessage.obj (.text)
                  800085a0    000002c0     rts6740.lib : _printfi.obj (.text:__pproc_fge)
                  80008860    000002c0                 : _printfi.obj (.text:__pproc_fwp)
                  80008b20    000002a0                 : _printfi.obj (.text:_ecvt)
                  80008dc0    000002a0                 : _printfi.obj (.text:_fcvt)
                  80009060    00000280                 : memory.obj (.text:_free)
                  800092e0    00000260                 : imath64.obj (.text:__divull)
                  80009540    00000260                 : _printfi.obj (.text:__pconv_e)
                  800097a0    00000240                 : _printfi.obj (.text:__pproc_diouxp)
                  800099e0    00000220                 : _printfi.obj (.text:__pproc_str)
                  80009c00    00000200                 : _printfi.obj (.text:__pconv_g)
                  80009e00    000001e0     hmac.obj (.text)
                  80009fe0    000001c0     rts6740.lib : _printfi.obj (.text:__mcpy)
                  8000a1a0    000001c0     maskGenerationFunction.obj (.text)
                  8000a360    000001a0     rts6740.lib : imath40.obj (.text:__divul)
                  8000a500    00000180                 : trgdrv.obj (.text:_HOSTrename)
                  8000a680    00000180                 : memory.obj (.text:_malloc)
                  8000a800    00000180                 : setvbuf.obj (.text:_setvbuf)
                  8000a980    00000180     useSHA256.obj (.text)
                  8000ab00    00000140     rts6740.lib : _printfi.obj (.text:__pproc_fflags)
                  8000ac40    00000140                 : fputc.obj (.text:_fputc)
                  8000ad80    00000140                 : lowlev.obj (.text:_getdevice)
                  8000aec0    00000120                 : fclose.obj (.text:_fclose)
                  8000afe0    00000100                 : trgdrv.obj (.text:_HOSTlseek)
                  8000b0e0    00000100                 : autoinit.obj (.text:__auto_init)
                  8000b1e0    00000100                 : _printfi.obj (.text:__ltostr)
                  8000b2e0    00000100                 : _io_perm.obj (.text:__wrt_ok)
                  8000b3e0    00000100                 : fflush.obj (.text:_fflush)
                  8000b4e0    000000e0                 : trgdrv.obj (.text:_HOSTopen)
                  8000b5c0    000000e0                 : divi.obj (.text:__divi)
                  8000b6a0    000000e0                 : atoi.obj (.text:_atoi)
                  8000b780    000000e0                 : lowlev.obj (.text:_close)
                  8000b860    000000e0                 : exit.obj (.text:_exit)
                  8000b940    000000e0                 : memset.obj (.text:_memset)
                  8000ba20    000000c0                 : trgdrv.obj (.text:_HOSTread)
                  8000bae0    000000c0                 : trgdrv.obj (.text:_HOSTunlink)
                  8000bba0    000000c0                 : trgdrv.obj (.text:_HOSTwrite)
                  8000bc60    000000c0                 : fopen.obj (.text:__cleanup)
                  8000bd20    000000c0                 : _printfi.obj (.text:__div)
                  8000bde0    000000c0                 : divu.obj (.text:__divu)
                  8000bea0    000000c0                 : fflush.obj (.text:__doflush)
                  8000bf60    000000c0                 : remi.obj (.text:__remi)
                  8000c020    000000c0                 : fseek.obj (.text:_fseek)
                  8000c0e0    000000c0                 : lowlev.obj (.text:_lseek)
                  8000c1a0    000000c0                 : ltoa.obj (.text:_ltoa)
                  8000c260    000000c0                 : lowlev.obj (.text:_write)
                  8000c320    000000a0                 : trgdrv.obj (.text:_HOSTclose)
                  8000c3c0    000000a0                 : trgdrv.obj (.text:_HOSTtime)
                  8000c460    000000a0                 : imath40.obj (.text:__divli)
                  8000c500    000000a0                 : _printfi.obj (.text:__ecpy)
                  8000c5a0    000000a0                 : _printfi.obj (.text:__fcpy)
                  8000c640    000000a0                 : fixdli.obj (.text:__fixdli)
                  8000c6e0    000000a0                 : _printfi.obj (.text:__pconv_f)
                  8000c780    000000a0                 : cpy_tbl.obj (.text:_copy_in)
                  8000c820    000000a0                 : lowlev.obj (.text:_finddevice)
                  8000c8c0    000000a0                 : memcpy64.obj (.text:_memcpy)
                  8000c960    000000a0                 : memory.obj (.text:_minsert)
                  8000ca00    000000a0                 : memory.obj (.text:_mremove)
                  8000caa0    00000080                 : fltlid.obj (.text:__fltlid)
                  8000cb20    00000080                 : llshift.obj (.text:__llshl)
                  8000cba0    00000080                 : boot.obj (.text:_c_int00)
                  8000cc20    00000080                 : fprintf.obj (.text:_fprintf)
                  8000cca0    00000080                 : printf.obj (.text:_printf)
                  8000cd20    00000080                 : trgmsg.obj (.text:_readmsg)
                  8000cda0    00000080                 : lowlev.obj (.text:_unlink)
                  8000ce20    00000060                 : assert.obj (.text:__abort_msg)
                  8000ce80    00000060                 : imath64.obj (.text:__subcull)
                  8000cee0    00000060                 : memccpy.obj (.text:_memccpy)
                  8000cf40    00000060                 : trgmsg.obj (.text:_writemsg)
                  8000cfa0    00000040                 : isinf.obj (.text:___isinf)
                  8000cfe0    00000040                 : _printfi.obj (.text:___isnan)
                  8000d020    00000040                 : args_main.obj (.text:__args_main)
                  8000d060    00000040                 : frcmpyd_div.obj (.text:__frcmpyd_div)
                  8000d0a0    00000040                 : llshift.obj (.text:__llshru)
                  8000d0e0    00000040                 : imath40.obj (.text:__remli)
                  8000d120    00000040                 : strasg.obj (.text:__strasgi_64plus)
                  8000d160    00000040                 : strlen.obj (.text:_strlen)
                  8000d1a0    00000040                 : time.obj (.text:_time)
                  8000d1e0    00000020                 : negll.obj (.text:__negll)
                  8000d200    00000020                 : _lock.obj (.text:__nop)
                  8000d220    00000020                 : fprintf.obj (.text:__outc)
                  8000d240    00000020                 : printf.obj (.text:__outc)
                  8000d260    00000020                 : fprintf.obj (.text:__outs)
                  8000d280    00000020                 : printf.obj (.text:__outs)
                  8000d2a0    00000020                 : exit.obj (.text:_abort)
                  8000d2c0    00000020                 : remove.obj (.text:_remove)

.bss       0    80000000    00000000     UNINITIALIZED

.data      0    80000000    00000000     UNINITIALIZED

.sysmem    0    8000d2e0    00004000     UNINITIALIZED
                  8000d2e0    00000008     rts6740.lib : memory.obj (.sysmem)
                  8000d2e8    00003ff8     --HOLE--

.const     0    800112e0    0000307c     
                  800112e0    00000400     aes.obj (.const:_Td0)
                  800116e0    00000400     aes.obj (.const:_Td1)
                  80011ae0    00000400     aes.obj (.const:_Td2)
                  80011ee0    00000400     aes.obj (.const:_Td3)
                  800122e0    00000400     aes.obj (.const:_Td4)
                  800126e0    00000400     aes.obj (.const:_Te0)
                  80012ae0    00000400     aes.obj (.const:_Te1)
                  80012ee0    00000400     aes.obj (.const:_Te2)
                  800132e0    00000400     aes.obj (.const:_Te3)
                  800136e0    00000400     aes.obj (.const:_Te4)
                  80013ae0    000001f4     main.obj (.const:_$P$T8$9)
                  80013cd4    00000003     rts6740.lib : assert.obj (.const)
                  80013cd7    00000001     --HOLE-- [fill = 0]
                  80013cd8    00000101                 : ctype.obj (.const:__ctypes_)
                  80013dd9    00000002                 : fputs.obj (.const)
                  80013ddb    00000005     --HOLE-- [fill = 0]
                  80013de0    00000100     sha2.obj (.const:_K256)
                  80013ee0    000000bc     sha2.obj (.const)
                  80013f9c    00000004     --HOLE-- [fill = 0]
                  80013fa0    00000080     main.obj (.const:_$P$T3$4)
                  80014020    00000080     main.obj (.const:_$P$T4$5)
                  800140a0    00000080     main.obj (.const:_$P$T5$6)
                  80014120    00000080     main.obj (.const:_$P$T7$8)
                  800141a0    00000040     PRNG.obj (.const:_$P$T0$2)
                  800141e0    00000040     main.obj (.const:_$P$T1$2)
                  80014220    0000003c     main.obj (.const:_$P$T0$1)
                  8001425c    0000003c     additionalFunctions32.obj (.const)
                  80014298    0000002c     main.obj (.const)
                  800142c4    00000004     --HOLE-- [fill = 0]
                  800142c8    00000028     aes.obj (.const:_rcon)
                  800142f0    00000023     rts6740.lib : _printfi.obj (.const)
                  80014313    00000005     --HOLE-- [fill = 0]
                  80014318    00000020     sha2.obj (.const:_sha256_initial_hash_value)
                  80014338    00000014     helpfulFunctions.obj (.const)
                  8001434c    00000004     --HOLE-- [fill = 0]
                  80014350    00000004     main.obj (.const:_$P$T2$3)
                  80014354    00000004     --HOLE-- [fill = 0]
                  80014358    00000004     main.obj (.const:_$P$T6$7)

.stack     0    80014360    00002000     UNINITIALIZED
                  80014360    00000008     rts6740.lib : boot.obj (.stack)
                  80014368    00001ff8     --HOLE--

.far       0    80016360    00000554     UNINITIALIZED
                  80016360    00000324     rts6740.lib : defs.obj (.far)
                  80016684    00000004                 : fopen.obj (.far)
                  80016688    0000011c                 : lowlev.obj (.far)
                  800167a4    00000004     --HOLE--
                  800167a8    000000d0                 : trgdrv.obj (.far)
                  80016878    00000020     PRNG.obj (.far)
                  80016898    0000000c     rts6740.lib : exit.obj (.far)
                  800168a4    00000008                 : _lock.obj (.far)
                  800168ac    00000008                 : memory.obj (.far)

.cinit     0    800168b8    00000164     
                  800168b8    0000005c     rts6740.lib : defs.obj (.cinit)
                  80016914    00000004     --HOLE-- [fill = 0]
                  80016918    0000005c                 : lowlev.obj (.cinit)
                  80016974    00000004     --HOLE-- [fill = 0]
                  80016978    0000002c                 : exit.obj (.cinit)
                  800169a4    00000004     --HOLE-- [fill = 0]
                  800169a8    0000002c                 : memory.obj (.cinit)
                  800169d4    00000004     --HOLE-- [fill = 0]
                  800169d8    0000001c                 : _lock.obj (.cinit)
                  800169f4    00000004     --HOLE-- [fill = 0]
                  800169f8    0000000c                 : fopen.obj (.cinit)
                  80016a04    00000004     --HOLE-- [fill = 0]
                  80016a08    00000009     PRNG.obj (.cinit)
                  80016a11    00000007     --HOLE-- [fill = 0]
                  80016a18    00000004     (.pad.cinit) [fill = 0]

.cio       0    80016a1c    00000120     UNINITIALIZED
                  80016a1c    00000120     rts6740.lib : trgmsg.obj (.cio)


GLOBAL SYMBOLS: SORTED ALPHABETICALLY BY Name 

address    name
--------   ----
80000000   $bss
80000000   .bss
80000000   .data
80000000   .text
8000d2a0   C$$EXIT
8000cf98   C$$IO$$
800028c0   _ADD
8000c320   _HOSTclose
8000afe0   _HOSTlseek
8000b4e0   _HOSTopen
8000ba20   _HOSTread
8000a500   _HOSTrename
8000c3c0   _HOSTtime
8000bae0   _HOSTunlink
8000bba0   _HOSTwrite
80006140   _PRNG
80005f20   _RNG
800038e8   _SHA256_Final
80003200   _SHA256_Init
80003264   _SHA256_Transform
8000372c   _SHA256_Update
80002918   _SUB_COND
80004ca4   _XOR
80016a1c   __CIOBUF_
80016360   __STACK_END
00002000   __STACK_SIZE
00004000   __SYSMEM_SIZE
00000001   __TI_args_main
800168a0   ___TI_enable_exit_profile_output
ffffffff   ___TI_pprof_out_hndl
ffffffff   ___TI_prof_data_size
ffffffff   ___TI_prof_data_start
ffffffff   ___binit__
80000000   ___bss__
ffffffff   ___c_args__
800168b8   ___cinit__
80000000   ___data__
80000000   ___edata__
80000000   ___end__
8000d2e0   ___etext__
8000cfa0   ___isinf
ffffffff   ___pinit__
80000000   ___text__
8000ce20   __abort_msg
8000d020   __args_main
8000b0e0   __auto_init
8000b5c0   __c6xabi_divi
8000bde0   __c6xabi_divu
8000bf60   __c6xabi_remi
8000d120   __c6xabi_strasgi_64plus
8000bc60   __cleanup
80016898   __cleanup_ptr
80013cd8   __ctypes_
80005980   __divd
8000b5c0   __divi
8000c460   __divli
8000bde0   __divu
8000a360   __divul
800092e0   __divull
8000bea0   __doflush
8001689c   __dtors_ptr
8000c640   __fixdli
8000caa0   __fltlid
8000d060   __frcmpyd_div
80016680   __ft_end
80016360   __ftable
8000cb20   __llshl
8000d0a0   __llshru
800168a4   __lock
8000d1e0   __negll
8000d200   __nop
800077c0   __printfi
8000bf60   __remi
8000d0e0   __remli
80014360   __stack
8000d120   __strasgi_64plus
8000ce80   __subcull
8000d2e0   __sys_memory
80016540   __tmpnams
800168a8   __unlock
8000b2e0   __wrt_ok
8000d2a0   _abort
800041c4   _addition
8000750c   _aesCBCdecrypt
80007604   _aesCBCencrypt
80007360   _aesDecrypt
80007398   _aesEncrypt
800011a8   _aes_decrypt
800006d4   _aes_encrypt
80000d90   _aes_set_decrypt_key
80000000   _aes_set_encrypt_key
8000b6a0   _atoi
8000cba0   _c_int00
80005594   _calculateKey
8000b780   _close
800062f4   _compareFSR
80005564   _computePartOfKey
80004c00   _concat
80004eec   _copyArray
80003f2c   _copyArray32
80003f88   _copyArray8
80004f6c   _copyArrayFrom0
8000c780   _copy_in
800054c4   _createExponent
80005630   _createMessage
80006e04   _decrypt
80005750   _decryptAndUnsignMessage
80006b94   _decryptHMAC
800040b0   _divideByTwo
80006ccc   _encrypt
80006a20   _encryptHMAC
8000b860   _exit
8000aec0   _fclose
8000b3e0   _fflush
80006428   _findRandNum
80003fe4   _flipArray
8000cc20   _fprintf
8000ac40   _fputc
80007fc0   _fputs
80009060   _free
80001880   _from2to32
800058b8   _from32to8
800057ec   _from8to32
8000c020   _fseek
8000aa38   _hashOfLength
8000a9b0   _hashWithTime
80004d48   _hexToString
80009e00   _hmac
80003dd8   _isBiggerThan
80003e54   _isBiggerThanOrEqual
8000c0e0   _lseek
8000c1a0   _ltoa
80007c00   _main
8000a680   _malloc
8000a1a0   _maskGenerationFunction
8000cee0   _memccpy
8000c8c0   _memcpy
8000b940   _memset
80001aa0   _mod
80002274   _modFaster
8000216c   _modSquare
800044ec   _modularInverse
80002540   _mont
80002a94   _montExp
80004150   _multiplyByTwo
80003ed4   _numberIsZero
800076e4   _padding
800019b0   _positionMSB
80004fe0   _printArray
80003c00   _printArray32
80003c98   _printArray8
800050ec   _printArrayNoSpaces
8000518c   _printChar
800052a0   _printCharNoSpaces
8000cca0   _printf
8000ac40   _putc
8000cd20   _readmsg
8000d2c0   _remove
800053a0   _repositionZeros
80005340   _seeTheDifference
8000a800   _setvbuf
800056b8   _signAndEncryptMessage
800082c0   _signatureMessage
80004440   _signedSubtraction
800073d4   _simpleDecrypt
80007470   _simpleEncrypt
8000a980   _simpleHashWithLength
80001cb8   _squareProduct
8000d160   _strlen
80004258   _subtraction
800042f4   _subtractionWithSign
8000d1a0   _time
80004d30   _timeData
8000cda0   _unlink
8000622c   _updateFSR
8000c260   _write
8000cf40   _writemsg
80003d34   _zerosArray
80003d88   _zerosArray16
ffffffff   binit
800168b8   cinit
80000000   edata
80000000   end
8000d2e0   etext
ffffffff   pinit


GLOBAL SYMBOLS: SORTED BY Symbol Address 

address    name
--------   ----
00000001   __TI_args_main
00002000   __STACK_SIZE
00004000   __SYSMEM_SIZE
80000000   $bss
80000000   .bss
80000000   .data
80000000   .text
80000000   ___bss__
80000000   ___data__
80000000   ___edata__
80000000   ___end__
80000000   ___text__
80000000   _aes_set_encrypt_key
80000000   edata
80000000   end
800006d4   _aes_encrypt
80000d90   _aes_set_decrypt_key
800011a8   _aes_decrypt
80001880   _from2to32
800019b0   _positionMSB
80001aa0   _mod
80001cb8   _squareProduct
8000216c   _modSquare
80002274   _modFaster
80002540   _mont
800028c0   _ADD
80002918   _SUB_COND
80002a94   _montExp
80003200   _SHA256_Init
80003264   _SHA256_Transform
8000372c   _SHA256_Update
800038e8   _SHA256_Final
80003c00   _printArray32
80003c98   _printArray8
80003d34   _zerosArray
80003d88   _zerosArray16
80003dd8   _isBiggerThan
80003e54   _isBiggerThanOrEqual
80003ed4   _numberIsZero
80003f2c   _copyArray32
80003f88   _copyArray8
80003fe4   _flipArray
800040b0   _divideByTwo
80004150   _multiplyByTwo
800041c4   _addition
80004258   _subtraction
800042f4   _subtractionWithSign
80004440   _signedSubtraction
800044ec   _modularInverse
80004c00   _concat
80004ca4   _XOR
80004d30   _timeData
80004d48   _hexToString
80004eec   _copyArray
80004f6c   _copyArrayFrom0
80004fe0   _printArray
800050ec   _printArrayNoSpaces
8000518c   _printChar
800052a0   _printCharNoSpaces
80005340   _seeTheDifference
800053a0   _repositionZeros
800054c4   _createExponent
80005564   _computePartOfKey
80005594   _calculateKey
80005630   _createMessage
800056b8   _signAndEncryptMessage
80005750   _decryptAndUnsignMessage
800057ec   _from8to32
800058b8   _from32to8
80005980   __divd
80005f20   _RNG
80006140   _PRNG
8000622c   _updateFSR
800062f4   _compareFSR
80006428   _findRandNum
80006a20   _encryptHMAC
80006b94   _decryptHMAC
80006ccc   _encrypt
80006e04   _decrypt
80007360   _aesDecrypt
80007398   _aesEncrypt
800073d4   _simpleDecrypt
80007470   _simpleEncrypt
8000750c   _aesCBCdecrypt
80007604   _aesCBCencrypt
800076e4   _padding
800077c0   __printfi
80007c00   _main
80007fc0   _fputs
800082c0   _signatureMessage
80009060   _free
800092e0   __divull
80009e00   _hmac
8000a1a0   _maskGenerationFunction
8000a360   __divul
8000a500   _HOSTrename
8000a680   _malloc
8000a800   _setvbuf
8000a980   _simpleHashWithLength
8000a9b0   _hashWithTime
8000aa38   _hashOfLength
8000ac40   _fputc
8000ac40   _putc
8000aec0   _fclose
8000afe0   _HOSTlseek
8000b0e0   __auto_init
8000b2e0   __wrt_ok
8000b3e0   _fflush
8000b4e0   _HOSTopen
8000b5c0   __c6xabi_divi
8000b5c0   __divi
8000b6a0   _atoi
8000b780   _close
8000b860   _exit
8000b940   _memset
8000ba20   _HOSTread
8000bae0   _HOSTunlink
8000bba0   _HOSTwrite
8000bc60   __cleanup
8000bde0   __c6xabi_divu
8000bde0   __divu
8000bea0   __doflush
8000bf60   __c6xabi_remi
8000bf60   __remi
8000c020   _fseek
8000c0e0   _lseek
8000c1a0   _ltoa
8000c260   _write
8000c320   _HOSTclose
8000c3c0   _HOSTtime
8000c460   __divli
8000c640   __fixdli
8000c780   _copy_in
8000c8c0   _memcpy
8000caa0   __fltlid
8000cb20   __llshl
8000cba0   _c_int00
8000cc20   _fprintf
8000cca0   _printf
8000cd20   _readmsg
8000cda0   _unlink
8000ce20   __abort_msg
8000ce80   __subcull
8000cee0   _memccpy
8000cf40   _writemsg
8000cf98   C$$IO$$
8000cfa0   ___isinf
8000d020   __args_main
8000d060   __frcmpyd_div
8000d0a0   __llshru
8000d0e0   __remli
8000d120   __c6xabi_strasgi_64plus
8000d120   __strasgi_64plus
8000d160   _strlen
8000d1a0   _time
8000d1e0   __negll
8000d200   __nop
8000d2a0   C$$EXIT
8000d2a0   _abort
8000d2c0   _remove
8000d2e0   ___etext__
8000d2e0   __sys_memory
8000d2e0   etext
80013cd8   __ctypes_
80014360   __stack
80016360   __STACK_END
80016360   __ftable
80016540   __tmpnams
80016680   __ft_end
80016898   __cleanup_ptr
8001689c   __dtors_ptr
800168a0   ___TI_enable_exit_profile_output
800168a4   __lock
800168a8   __unlock
800168b8   ___cinit__
800168b8   cinit
80016a1c   __CIOBUF_
ffffffff   ___TI_pprof_out_hndl
ffffffff   ___TI_prof_data_size
ffffffff   ___TI_prof_data_start
ffffffff   ___binit__
ffffffff   ___c_args__
ffffffff   ___pinit__
ffffffff   binit
ffffffff   pinit

[185 symbols]
