******************************************************************************
               TMS320C6x Linker PC v7.3.1                      
******************************************************************************
>> Linked Wed Apr 26 23:04:51 2017

OUTPUT FILE NAME:   <crypto_dspSimulation.out>
ENTRY POINT SYMBOL: "_c_int00"  address: 8000d2e0


MEMORY CONFIGURATION

         name            origin    length      used     unused   attr    fill
----------------------  --------  ---------  --------  --------  ----  --------
  DSPL2ROM              00700000   00010000  00000000  00010000  RWIX
  DSPL2RAM              00800000   00040000  00000000  00040000  RWIX
  DSPL1PRAM             00e00000   00008000  00000000  00008000  RWIX
  DSPL1DRAM             00f00000   00008000  00000000  00008000  RWIX
  SHDSPL2ROM            11700000   00010000  00000000  00010000  RWIX
  SHDSPL2RAM            11800000   00040000  00000000  00040000  RWIX
  SHDSPL1PRAM           11e00000   00008000  00000000  00008000  RWIX
  SHDSPL1DRAM           11f00000   00008000  00000000  00008000  RWIX
  EMIFACS0              40000000   20000000  00000000  20000000  RWIX
  EMIFACS2              60000000   02000000  00000000  02000000  RWIX
  EMIFACS3              62000000   02000000  00000000  02000000  RWIX
  EMIFACS4              64000000   02000000  00000000  02000000  RWIX
  EMIFACS5              66000000   02000000  00000000  02000000  RWIX
  SHRAM                 80000000   00020000  0001742c  00008bd4  RWIX
  DDR2                  c0000000   20000000  00000000  20000000  RWIX


SECTION ALLOCATION MAP

 output                                  attributes/
section   page    origin      length       input sections
--------  ----  ----------  ----------   ----------------
.pinit     0    80000000    00000000     UNINITIALIZED

.text      0    80000000    0000da20     
                  80000000    00001880     aes.obj (.text)
                  80001880    000011e0     modFunctions.obj (.text)
                  80002a60    00000a00     sha2.obj (.text)
                  80003460    00000820     modularInverse.obj (.text)
                  80003c80    00000800     helpfulFunctions.obj (.text)
                  80004480    00000800     montExponentiation.obj (.text)
                  80004c80    00000760     additionalFunctions.obj (.text)
                  800053e0    000005a0     rts6740.lib : divd.obj (.text:__divd)
                  80005980    000005a0     main.obj (.text)
                  80005f20    00000580     PRNG.obj (.text)
                  800064a0    00000580     rts6740.lib : _printfi.obj (.text:__getarg_diouxp)
                  80006a20    00000560     keyEstablishmentFunctions.obj (.text)
                  80006f80    00000540     encryptDecrypt.obj (.text)
                  800074c0    00000480     rts6740.lib : _printfi.obj (.text:__setfield)
                  80007940    00000460     useAES.obj (.text)
                  80007da0    00000440     rts6740.lib : _printfi.obj (.text:__printfi)
                  800081e0    000003a0     verifySignature.obj (.text)
                  80008580    00000300     rts6740.lib : fputs.obj (.text:_fputs)
                  80008880    00000300     signatureMessage.obj (.text)
                  80008b80    000002c0     rts6740.lib : _printfi.obj (.text:__pproc_fge)
                  80008e40    000002c0                 : _printfi.obj (.text:__pproc_fwp)
                  80009100    000002a0                 : _printfi.obj (.text:_ecvt)
                  800093a0    000002a0                 : _printfi.obj (.text:_fcvt)
                  80009640    00000280                 : memory.obj (.text:_free)
                  800098c0    00000260                 : imath64.obj (.text:__divull)
                  80009b20    00000260                 : _printfi.obj (.text:__pconv_e)
                  80009d80    00000240                 : _printfi.obj (.text:__pproc_diouxp)
                  80009fc0    00000220                 : _printfi.obj (.text:__pproc_str)
                  8000a1e0    00000200                 : _printfi.obj (.text:__pconv_g)
                  8000a3e0    000001e0     hmac.obj (.text)
                  8000a5c0    000001c0     rts6740.lib : _printfi.obj (.text:__mcpy)
                  8000a780    000001c0     maskGenerationFunction.obj (.text)
                  8000a940    000001a0     rts6740.lib : imath40.obj (.text:__divul)
                  8000aae0    00000180                 : trgdrv.obj (.text:_HOSTrename)
                  8000ac60    00000180                 : memory.obj (.text:_malloc)
                  8000ade0    00000180                 : setvbuf.obj (.text:_setvbuf)
                  8000af60    00000180     useSHA256.obj (.text)
                  8000b0e0    00000160     formatting.obj (.text)
                  8000b240    00000140     rts6740.lib : _printfi.obj (.text:__pproc_fflags)
                  8000b380    00000140                 : fputc.obj (.text:_fputc)
                  8000b4c0    00000140                 : lowlev.obj (.text:_getdevice)
                  8000b600    00000120                 : fclose.obj (.text:_fclose)
                  8000b720    00000100                 : trgdrv.obj (.text:_HOSTlseek)
                  8000b820    00000100                 : autoinit.obj (.text:__auto_init)
                  8000b920    00000100                 : _printfi.obj (.text:__ltostr)
                  8000ba20    00000100                 : _io_perm.obj (.text:__wrt_ok)
                  8000bb20    00000100                 : fflush.obj (.text:_fflush)
                  8000bc20    000000e0                 : trgdrv.obj (.text:_HOSTopen)
                  8000bd00    000000e0                 : divi.obj (.text:__divi)
                  8000bde0    000000e0                 : atoi.obj (.text:_atoi)
                  8000bec0    000000e0                 : lowlev.obj (.text:_close)
                  8000bfa0    000000e0                 : exit.obj (.text:_exit)
                  8000c080    000000e0                 : memset.obj (.text:_memset)
                  8000c160    000000c0                 : trgdrv.obj (.text:_HOSTread)
                  8000c220    000000c0                 : trgdrv.obj (.text:_HOSTunlink)
                  8000c2e0    000000c0                 : trgdrv.obj (.text:_HOSTwrite)
                  8000c3a0    000000c0                 : fopen.obj (.text:__cleanup)
                  8000c460    000000c0                 : _printfi.obj (.text:__div)
                  8000c520    000000c0                 : divu.obj (.text:__divu)
                  8000c5e0    000000c0                 : fflush.obj (.text:__doflush)
                  8000c6a0    000000c0                 : remi.obj (.text:__remi)
                  8000c760    000000c0                 : fseek.obj (.text:_fseek)
                  8000c820    000000c0                 : lowlev.obj (.text:_lseek)
                  8000c8e0    000000c0                 : ltoa.obj (.text:_ltoa)
                  8000c9a0    000000c0                 : lowlev.obj (.text:_write)
                  8000ca60    000000a0                 : trgdrv.obj (.text:_HOSTclose)
                  8000cb00    000000a0                 : trgdrv.obj (.text:_HOSTtime)
                  8000cba0    000000a0                 : imath40.obj (.text:__divli)
                  8000cc40    000000a0                 : _printfi.obj (.text:__ecpy)
                  8000cce0    000000a0                 : _printfi.obj (.text:__fcpy)
                  8000cd80    000000a0                 : fixdli.obj (.text:__fixdli)
                  8000ce20    000000a0                 : _printfi.obj (.text:__pconv_f)
                  8000cec0    000000a0                 : cpy_tbl.obj (.text:_copy_in)
                  8000cf60    000000a0                 : lowlev.obj (.text:_finddevice)
                  8000d000    000000a0                 : memcpy64.obj (.text:_memcpy)
                  8000d0a0    000000a0                 : memory.obj (.text:_minsert)
                  8000d140    000000a0                 : memory.obj (.text:_mremove)
                  8000d1e0    00000080                 : fltlid.obj (.text:__fltlid)
                  8000d260    00000080                 : llshift.obj (.text:__llshl)
                  8000d2e0    00000080                 : boot.obj (.text:_c_int00)
                  8000d360    00000080                 : fprintf.obj (.text:_fprintf)
                  8000d3e0    00000080                 : printf.obj (.text:_printf)
                  8000d460    00000080                 : trgmsg.obj (.text:_readmsg)
                  8000d4e0    00000080                 : lowlev.obj (.text:_unlink)
                  8000d560    00000060                 : assert.obj (.text:__abort_msg)
                  8000d5c0    00000060                 : imath64.obj (.text:__subcull)
                  8000d620    00000060                 : memccpy.obj (.text:_memccpy)
                  8000d680    00000060                 : trgmsg.obj (.text:_writemsg)
                  8000d6e0    00000040                 : isinf.obj (.text:___isinf)
                  8000d720    00000040                 : _printfi.obj (.text:___isnan)
                  8000d760    00000040                 : args_main.obj (.text:__args_main)
                  8000d7a0    00000040                 : frcmpyd_div.obj (.text:__frcmpyd_div)
                  8000d7e0    00000040                 : llshift.obj (.text:__llshru)
                  8000d820    00000040                 : imath40.obj (.text:__remli)
                  8000d860    00000040                 : strasg.obj (.text:__strasgi_64plus)
                  8000d8a0    00000040                 : strlen.obj (.text:_strlen)
                  8000d8e0    00000040                 : time.obj (.text:_time)
                  8000d920    00000020                 : negll.obj (.text:__negll)
                  8000d940    00000020                 : _lock.obj (.text:__nop)
                  8000d960    00000020                 : fprintf.obj (.text:__outc)
                  8000d980    00000020                 : printf.obj (.text:__outc)
                  8000d9a0    00000020                 : fprintf.obj (.text:__outs)
                  8000d9c0    00000020                 : printf.obj (.text:__outs)
                  8000d9e0    00000020                 : exit.obj (.text:_abort)
                  8000da00    00000020                 : remove.obj (.text:_remove)

.bss       0    80000000    00000000     UNINITIALIZED

.data      0    80000000    00000000     UNINITIALIZED

.sysmem    0    8000da20    00004000     UNINITIALIZED
                  8000da20    00000008     rts6740.lib : memory.obj (.sysmem)
                  8000da28    00003ff8     --HOLE--

.const     0    80011a20    00003234     
                  80011a20    00000400     aes.obj (.const:_Td0)
                  80011e20    00000400     aes.obj (.const:_Td1)
                  80012220    00000400     aes.obj (.const:_Td2)
                  80012620    00000400     aes.obj (.const:_Td3)
                  80012a20    00000400     aes.obj (.const:_Td4)
                  80012e20    00000400     aes.obj (.const:_Te0)
                  80013220    00000400     aes.obj (.const:_Te1)
                  80013620    00000400     aes.obj (.const:_Te2)
                  80013a20    00000400     aes.obj (.const:_Te3)
                  80013e20    00000400     aes.obj (.const:_Te4)
                  80014220    00000254     main.obj (.const)
                  80014474    00000003     rts6740.lib : assert.obj (.const)
                  80014477    00000001     --HOLE-- [fill = 0]
                  80014478    000001f4     main.obj (.const:_$P$T5$6)
                  8001466c    00000002     rts6740.lib : fputs.obj (.const)
                  8001466e    00000002     --HOLE-- [fill = 0]
                  80014670    00000101                 : ctype.obj (.const:__ctypes_)
                  80014771    00000007     --HOLE-- [fill = 0]
                  80014778    00000100     sha2.obj (.const:_K256)
                  80014878    000000bc     sha2.obj (.const)
                  80014934    00000004     --HOLE-- [fill = 0]
                  80014938    00000080     main.obj (.const:_$P$T3$4)
                  800149b8    00000080     main.obj (.const:_$P$T4$5)
                  80014a38    00000070     helpfulFunctions.obj (.const)
                  80014aa8    00000060     encryptDecrypt.obj (.const)
                  80014b08    00000040     PRNG.obj (.const:_$P$T0$2)
                  80014b48    00000040     main.obj (.const:_$P$T1$2)
                  80014b88    0000003c     main.obj (.const:_$P$T0$1)
                  80014bc4    00000004     --HOLE-- [fill = 0]
                  80014bc8    00000028     aes.obj (.const:_rcon)
                  80014bf0    00000023     rts6740.lib : _printfi.obj (.const)
                  80014c13    00000005     --HOLE-- [fill = 0]
                  80014c18    00000020     sha2.obj (.const:_sha256_initial_hash_value)
                  80014c38    00000018     additionalFunctions.obj (.const)
                  80014c50    00000004     main.obj (.const:_$P$T2$3)

.stack     0    80014c58    00002000     UNINITIALIZED
                  80014c58    00000008     rts6740.lib : boot.obj (.stack)
                  80014c60    00001ff8     --HOLE--

.far       0    80016c58    00000554     UNINITIALIZED
                  80016c58    00000324     rts6740.lib : defs.obj (.far)
                  80016f7c    00000004                 : fopen.obj (.far)
                  80016f80    0000011c                 : lowlev.obj (.far)
                  8001709c    00000004     --HOLE--
                  800170a0    000000d0                 : trgdrv.obj (.far)
                  80017170    00000020     PRNG.obj (.far)
                  80017190    0000000c     rts6740.lib : exit.obj (.far)
                  8001719c    00000008                 : _lock.obj (.far)
                  800171a4    00000008                 : memory.obj (.far)

.cinit     0    800171b0    00000164     
                  800171b0    0000005c     rts6740.lib : defs.obj (.cinit)
                  8001720c    00000004     --HOLE-- [fill = 0]
                  80017210    0000005c                 : lowlev.obj (.cinit)
                  8001726c    00000004     --HOLE-- [fill = 0]
                  80017270    0000002c                 : exit.obj (.cinit)
                  8001729c    00000004     --HOLE-- [fill = 0]
                  800172a0    0000002c                 : memory.obj (.cinit)
                  800172cc    00000004     --HOLE-- [fill = 0]
                  800172d0    0000001c                 : _lock.obj (.cinit)
                  800172ec    00000004     --HOLE-- [fill = 0]
                  800172f0    0000000c                 : fopen.obj (.cinit)
                  800172fc    00000004     --HOLE-- [fill = 0]
                  80017300    00000009     PRNG.obj (.cinit)
                  80017309    00000007     --HOLE-- [fill = 0]
                  80017310    00000004     (.pad.cinit) [fill = 0]

.cio       0    80017314    00000120     UNINITIALIZED
                  80017314    00000120     rts6740.lib : trgmsg.obj (.cio)


GLOBAL SYMBOLS: SORTED ALPHABETICALLY BY Name 

address    name
--------   ----
80000000   $bss
80000000   .bss
80000000   .data
80000000   .text
8000d9e0   C$$EXIT
8000d6d8   C$$IO$$
8000ca60   _HOSTclose
8000b720   _HOSTlseek
8000bc20   _HOSTopen
8000c160   _HOSTread
8000aae0   _HOSTrename
8000cb00   _HOSTtime
8000c220   _HOSTunlink
8000c2e0   _HOSTwrite
80006140   _PRNG
80005f20   _RNG
80003148   _SHA256_Final
80002a60   _SHA256_Init
80002ac4   _SHA256_Transform
80002f8c   _SHA256_Update
80003d24   _XOR
80017314   __CIOBUF_
80016c58   __STACK_END
00002000   __STACK_SIZE
00004000   __SYSMEM_SIZE
00000001   __TI_args_main
80017198   ___TI_enable_exit_profile_output
ffffffff   ___TI_pprof_out_hndl
ffffffff   ___TI_prof_data_size
ffffffff   ___TI_prof_data_start
ffffffff   ___binit__
80000000   ___bss__
ffffffff   ___c_args__
800171b0   ___cinit__
80000000   ___data__
80000000   ___edata__
80000000   ___end__
8000da20   ___etext__
8000d6e0   ___isinf
ffffffff   ___pinit__
80000000   ___text__
8000d560   __abort_msg
8000d760   __args_main
8000b820   __auto_init
8000bd00   __c6xabi_divi
8000c520   __c6xabi_divu
8000c6a0   __c6xabi_remi
8000d860   __c6xabi_strasgi_64plus
8000c3a0   __cleanup
80017190   __cleanup_ptr
80014670   __ctypes_
800053e0   __divd
8000bd00   __divi
8000cba0   __divli
8000c520   __divu
8000a940   __divul
800098c0   __divull
8000c5e0   __doflush
80017194   __dtors_ptr
8000cd80   __fixdli
8000d1e0   __fltlid
8000d7a0   __frcmpyd_div
80016f78   __ft_end
80016c58   __ftable
8000d260   __llshl
8000d7e0   __llshru
8001719c   __lock
8000d920   __negll
8000d940   __nop
80007da0   __printfi
8000c6a0   __remi
8000d820   __remli
80014c58   __stack
8000d860   __strasgi_64plus
8000d5c0   __subcull
8000da20   __sys_memory
80016e38   __tmpnams
800171a0   __unlock
8000ba20   __wrt_ok
8000d9e0   _abort
80005264   _addition
80007aec   _aesCBCdecrypt
80007be4   _aesCBCencrypt
80007940   _aesDecrypt
80007978   _aesEncrypt
800011a8   _aes_decrypt
800006d4   _aes_encrypt
80000d90   _aes_set_decrypt_key
80000000   _aes_set_encrypt_key
8000bde0   _atoi
8000d2e0   _c_int00
80006c54   _calculateKey
8000bec0   _close
800062f4   _compareFSR
80006c10   _computePartOfKey
80003c80   _concat
80003f6c   _copyArray
80004f60   _copyArray16
80004fb8   _copyArray8
80003fec   _copyArrayFrom0
8000cec0   _copy_in
80006b44   _createExponent
80006d40   _createMessage
800073a0   _decrypt
80007108   _decryptHMAC
80006f00   _decryptMessage
8000522c   _divideBy16
800050d4   _divideByTwo
8000726c   _encrypt
80006f80   _encryptHMAC
80006e4c   _encryptMessage
8000bfa0   _exit
8000b600   _fclose
8000bb20   _fflush
80006428   _findRandNum
80005010   _flipArray
8000d360   _fprintf
8000b380   _fputc
80008580   _fputs
80009640   _free
8000b188   _from16to8
80001880   _from2to16
8000b0e0   _from8to16
8000c760   _fseek
8000b018   _hashOfLength
8000af90   _hashWithTime
80003dc8   _hexToString
8000a3e0   _hmac
80004e08   _isBiggerThan
80004e88   _isBiggerThanOrEqual
8000c820   _lseek
8000c8e0   _ltoa
80005980   _main
8000ac60   _malloc
8000a780   _maskGenerationFunction
8000d620   _memccpy
8000d000   _memcpy
8000c080   _memset
80001ad4   _mod
80002790   _modFaster
8000250c   _modMult
800025f4   _modSquare
8000350c   _modularInverse
8000482c   _montExp
80004480   _montMultiplication
80002110   _multiplication
800051a0   _multiplyByTwo
80004f08   _numberIsZero
80007cc4   _padding
800019d8   _positionMSB
80004060   _printArray
80004c80   _printArray16
80004d18   _printArray8
8000416c   _printArrayNoSpaces
8000420c   _printChar
80004320   _printCharNoSpaces
8000d3e0   _printf
8000b380   _putc
8000d460   _readmsg
8000da00   _remove
80006a20   _repositionZeros
800043c0   _seeTheDifference
8000ade0   _setvbuf
80006dd0   _signMessage
80008880   _signatureMessage
80003460   _signedSubtraction
800079b4   _simpleDecrypt
80007a50   _simpleEncrypt
8000af60   _simpleHashWithLength
80001d10   _squareProduct
8000d8a0   _strlen
800052e0   _subtraction
80005394   _subtractionWithSign
8000d8e0   _time
80003db0   _timeData
8000d4e0   _unlink
80006ea4   _unsignMessage
8000622c   _updateFSR
800081e0   _verifySignature
8000c9a0   _write
8000d680   _writemsg
80004db4   _zerosArray
ffffffff   binit
800171b0   cinit
80000000   edata
80000000   end
8000da20   etext
ffffffff   pinit


GLOBAL SYMBOLS: SORTED BY Symbol Address 

address    name
--------   ----
00000001   __TI_args_main
00002000   __STACK_SIZE
00004000   __SYSMEM_SIZE
80000000   $bss
80000000   .bss
80000000   .data
80000000   .text
80000000   ___bss__
80000000   ___data__
80000000   ___edata__
80000000   ___end__
80000000   ___text__
80000000   _aes_set_encrypt_key
80000000   edata
80000000   end
800006d4   _aes_encrypt
80000d90   _aes_set_decrypt_key
800011a8   _aes_decrypt
80001880   _from2to16
800019d8   _positionMSB
80001ad4   _mod
80001d10   _squareProduct
80002110   _multiplication
8000250c   _modMult
800025f4   _modSquare
80002790   _modFaster
80002a60   _SHA256_Init
80002ac4   _SHA256_Transform
80002f8c   _SHA256_Update
80003148   _SHA256_Final
80003460   _signedSubtraction
8000350c   _modularInverse
80003c80   _concat
80003d24   _XOR
80003db0   _timeData
80003dc8   _hexToString
80003f6c   _copyArray
80003fec   _copyArrayFrom0
80004060   _printArray
8000416c   _printArrayNoSpaces
8000420c   _printChar
80004320   _printCharNoSpaces
800043c0   _seeTheDifference
80004480   _montMultiplication
8000482c   _montExp
80004c80   _printArray16
80004d18   _printArray8
80004db4   _zerosArray
80004e08   _isBiggerThan
80004e88   _isBiggerThanOrEqual
80004f08   _numberIsZero
80004f60   _copyArray16
80004fb8   _copyArray8
80005010   _flipArray
800050d4   _divideByTwo
800051a0   _multiplyByTwo
8000522c   _divideBy16
80005264   _addition
800052e0   _subtraction
80005394   _subtractionWithSign
800053e0   __divd
80005980   _main
80005f20   _RNG
80006140   _PRNG
8000622c   _updateFSR
800062f4   _compareFSR
80006428   _findRandNum
80006a20   _repositionZeros
80006b44   _createExponent
80006c10   _computePartOfKey
80006c54   _calculateKey
80006d40   _createMessage
80006dd0   _signMessage
80006e4c   _encryptMessage
80006ea4   _unsignMessage
80006f00   _decryptMessage
80006f80   _encryptHMAC
80007108   _decryptHMAC
8000726c   _encrypt
800073a0   _decrypt
80007940   _aesDecrypt
80007978   _aesEncrypt
800079b4   _simpleDecrypt
80007a50   _simpleEncrypt
80007aec   _aesCBCdecrypt
80007be4   _aesCBCencrypt
80007cc4   _padding
80007da0   __printfi
800081e0   _verifySignature
80008580   _fputs
80008880   _signatureMessage
80009640   _free
800098c0   __divull
8000a3e0   _hmac
8000a780   _maskGenerationFunction
8000a940   __divul
8000aae0   _HOSTrename
8000ac60   _malloc
8000ade0   _setvbuf
8000af60   _simpleHashWithLength
8000af90   _hashWithTime
8000b018   _hashOfLength
8000b0e0   _from8to16
8000b188   _from16to8
8000b380   _fputc
8000b380   _putc
8000b600   _fclose
8000b720   _HOSTlseek
8000b820   __auto_init
8000ba20   __wrt_ok
8000bb20   _fflush
8000bc20   _HOSTopen
8000bd00   __c6xabi_divi
8000bd00   __divi
8000bde0   _atoi
8000bec0   _close
8000bfa0   _exit
8000c080   _memset
8000c160   _HOSTread
8000c220   _HOSTunlink
8000c2e0   _HOSTwrite
8000c3a0   __cleanup
8000c520   __c6xabi_divu
8000c520   __divu
8000c5e0   __doflush
8000c6a0   __c6xabi_remi
8000c6a0   __remi
8000c760   _fseek
8000c820   _lseek
8000c8e0   _ltoa
8000c9a0   _write
8000ca60   _HOSTclose
8000cb00   _HOSTtime
8000cba0   __divli
8000cd80   __fixdli
8000cec0   _copy_in
8000d000   _memcpy
8000d1e0   __fltlid
8000d260   __llshl
8000d2e0   _c_int00
8000d360   _fprintf
8000d3e0   _printf
8000d460   _readmsg
8000d4e0   _unlink
8000d560   __abort_msg
8000d5c0   __subcull
8000d620   _memccpy
8000d680   _writemsg
8000d6d8   C$$IO$$
8000d6e0   ___isinf
8000d760   __args_main
8000d7a0   __frcmpyd_div
8000d7e0   __llshru
8000d820   __remli
8000d860   __c6xabi_strasgi_64plus
8000d860   __strasgi_64plus
8000d8a0   _strlen
8000d8e0   _time
8000d920   __negll
8000d940   __nop
8000d9e0   C$$EXIT
8000d9e0   _abort
8000da00   _remove
8000da20   ___etext__
8000da20   __sys_memory
8000da20   etext
80014670   __ctypes_
80014c58   __stack
80016c58   __STACK_END
80016c58   __ftable
80016e38   __tmpnams
80016f78   __ft_end
80017190   __cleanup_ptr
80017194   __dtors_ptr
80017198   ___TI_enable_exit_profile_output
8001719c   __lock
800171a0   __unlock
800171b0   ___cinit__
800171b0   cinit
80017314   __CIOBUF_
ffffffff   ___TI_pprof_out_hndl
ffffffff   ___TI_prof_data_size
ffffffff   ___TI_prof_data_start
ffffffff   ___binit__
ffffffff   ___c_args__
ffffffff   ___pinit__
ffffffff   binit
ffffffff   pinit

[188 symbols]
