******************************************************************************
               TMS320C6x Linker PC v7.3.1                      
******************************************************************************
>> Linked Wed Apr 26 20:38:33 2017

OUTPUT FILE NAME:   <crypto_dspSimulation.out>
ENTRY POINT SYMBOL: "_c_int00"  address: 8000d440


MEMORY CONFIGURATION

         name            origin    length      used     unused   attr    fill
----------------------  --------  ---------  --------  --------  ----  --------
  DSPL2ROM              00700000   00010000  00000000  00010000  RWIX
  DSPL2RAM              00800000   00040000  00000000  00040000  RWIX
  DSPL1PRAM             00e00000   00008000  00000000  00008000  RWIX
  DSPL1DRAM             00f00000   00008000  00000000  00008000  RWIX
  SHDSPL2ROM            11700000   00010000  00000000  00010000  RWIX
  SHDSPL2RAM            11800000   00040000  00000000  00040000  RWIX
  SHDSPL1PRAM           11e00000   00008000  00000000  00008000  RWIX
  SHDSPL1DRAM           11f00000   00008000  00000000  00008000  RWIX
  EMIFACS0              40000000   20000000  00000000  20000000  RWIX
  EMIFACS2              60000000   02000000  00000000  02000000  RWIX
  EMIFACS3              62000000   02000000  00000000  02000000  RWIX
  EMIFACS4              64000000   02000000  00000000  02000000  RWIX
  EMIFACS5              66000000   02000000  00000000  02000000  RWIX
  SHRAM                 80000000   00020000  000179a4  0000865c  RWIX
  DDR2                  c0000000   20000000  00000000  20000000  RWIX


SECTION ALLOCATION MAP

 output                                  attributes/
section   page    origin      length       input sections
--------  ----  ----------  ----------   ----------------
.pinit     0    80000000    00000000     UNINITIALIZED

.text      0    80000000    0000db80     
                  80000000    00001880     aes.obj (.text)
                  80001880    000011e0     modFunctions.obj (.text)
                  80002a60    00000a00     sha2.obj (.text)
                  80003460    00000820     modularInverse.obj (.text)
                  80003c80    00000800     helpfulFunctions.obj (.text)
                  80004480    00000800     montExponentiation.obj (.text)
                  80004c80    00000760     additionalFunctions.obj (.text)
                  800053e0    00000700     main.obj (.text)
                  80005ae0    000005a0     rts6740.lib : divd.obj (.text:__divd)
                  80006080    00000580     PRNG.obj (.text)
                  80006600    00000580     rts6740.lib : _printfi.obj (.text:__getarg_diouxp)
                  80006b80    00000560     keyEstablishmentFunctions.obj (.text)
                  800070e0    00000540     encryptDecrypt.obj (.text)
                  80007620    00000480     rts6740.lib : _printfi.obj (.text:__setfield)
                  80007aa0    00000460     useAES.obj (.text)
                  80007f00    00000440     rts6740.lib : _printfi.obj (.text:__printfi)
                  80008340    000003a0     verifySignature.obj (.text)
                  800086e0    00000300     rts6740.lib : fputs.obj (.text:_fputs)
                  800089e0    00000300     signatureMessage.obj (.text)
                  80008ce0    000002c0     rts6740.lib : _printfi.obj (.text:__pproc_fge)
                  80008fa0    000002c0                 : _printfi.obj (.text:__pproc_fwp)
                  80009260    000002a0                 : _printfi.obj (.text:_ecvt)
                  80009500    000002a0                 : _printfi.obj (.text:_fcvt)
                  800097a0    00000280                 : memory.obj (.text:_free)
                  80009a20    00000260                 : imath64.obj (.text:__divull)
                  80009c80    00000260                 : _printfi.obj (.text:__pconv_e)
                  80009ee0    00000240                 : _printfi.obj (.text:__pproc_diouxp)
                  8000a120    00000220                 : _printfi.obj (.text:__pproc_str)
                  8000a340    00000200                 : _printfi.obj (.text:__pconv_g)
                  8000a540    000001e0     hmac.obj (.text)
                  8000a720    000001c0     rts6740.lib : _printfi.obj (.text:__mcpy)
                  8000a8e0    000001c0     maskGenerationFunction.obj (.text)
                  8000aaa0    000001a0     rts6740.lib : imath40.obj (.text:__divul)
                  8000ac40    00000180                 : trgdrv.obj (.text:_HOSTrename)
                  8000adc0    00000180                 : memory.obj (.text:_malloc)
                  8000af40    00000180                 : setvbuf.obj (.text:_setvbuf)
                  8000b0c0    00000180     useSHA256.obj (.text)
                  8000b240    00000160     formatting.obj (.text)
                  8000b3a0    00000140     rts6740.lib : _printfi.obj (.text:__pproc_fflags)
                  8000b4e0    00000140                 : fputc.obj (.text:_fputc)
                  8000b620    00000140                 : lowlev.obj (.text:_getdevice)
                  8000b760    00000120                 : fclose.obj (.text:_fclose)
                  8000b880    00000100                 : trgdrv.obj (.text:_HOSTlseek)
                  8000b980    00000100                 : autoinit.obj (.text:__auto_init)
                  8000ba80    00000100                 : _printfi.obj (.text:__ltostr)
                  8000bb80    00000100                 : _io_perm.obj (.text:__wrt_ok)
                  8000bc80    00000100                 : fflush.obj (.text:_fflush)
                  8000bd80    000000e0                 : trgdrv.obj (.text:_HOSTopen)
                  8000be60    000000e0                 : divi.obj (.text:__divi)
                  8000bf40    000000e0                 : atoi.obj (.text:_atoi)
                  8000c020    000000e0                 : lowlev.obj (.text:_close)
                  8000c100    000000e0                 : exit.obj (.text:_exit)
                  8000c1e0    000000e0                 : memset.obj (.text:_memset)
                  8000c2c0    000000c0                 : trgdrv.obj (.text:_HOSTread)
                  8000c380    000000c0                 : trgdrv.obj (.text:_HOSTunlink)
                  8000c440    000000c0                 : trgdrv.obj (.text:_HOSTwrite)
                  8000c500    000000c0                 : fopen.obj (.text:__cleanup)
                  8000c5c0    000000c0                 : _printfi.obj (.text:__div)
                  8000c680    000000c0                 : divu.obj (.text:__divu)
                  8000c740    000000c0                 : fflush.obj (.text:__doflush)
                  8000c800    000000c0                 : remi.obj (.text:__remi)
                  8000c8c0    000000c0                 : fseek.obj (.text:_fseek)
                  8000c980    000000c0                 : lowlev.obj (.text:_lseek)
                  8000ca40    000000c0                 : ltoa.obj (.text:_ltoa)
                  8000cb00    000000c0                 : lowlev.obj (.text:_write)
                  8000cbc0    000000a0                 : trgdrv.obj (.text:_HOSTclose)
                  8000cc60    000000a0                 : trgdrv.obj (.text:_HOSTtime)
                  8000cd00    000000a0                 : imath40.obj (.text:__divli)
                  8000cda0    000000a0                 : _printfi.obj (.text:__ecpy)
                  8000ce40    000000a0                 : _printfi.obj (.text:__fcpy)
                  8000cee0    000000a0                 : fixdli.obj (.text:__fixdli)
                  8000cf80    000000a0                 : _printfi.obj (.text:__pconv_f)
                  8000d020    000000a0                 : cpy_tbl.obj (.text:_copy_in)
                  8000d0c0    000000a0                 : lowlev.obj (.text:_finddevice)
                  8000d160    000000a0                 : memcpy64.obj (.text:_memcpy)
                  8000d200    000000a0                 : memory.obj (.text:_minsert)
                  8000d2a0    000000a0                 : memory.obj (.text:_mremove)
                  8000d340    00000080                 : fltlid.obj (.text:__fltlid)
                  8000d3c0    00000080                 : llshift.obj (.text:__llshl)
                  8000d440    00000080                 : boot.obj (.text:_c_int00)
                  8000d4c0    00000080                 : fprintf.obj (.text:_fprintf)
                  8000d540    00000080                 : printf.obj (.text:_printf)
                  8000d5c0    00000080                 : trgmsg.obj (.text:_readmsg)
                  8000d640    00000080                 : lowlev.obj (.text:_unlink)
                  8000d6c0    00000060                 : assert.obj (.text:__abort_msg)
                  8000d720    00000060                 : imath64.obj (.text:__subcull)
                  8000d780    00000060                 : memccpy.obj (.text:_memccpy)
                  8000d7e0    00000060                 : trgmsg.obj (.text:_writemsg)
                  8000d840    00000040                 : isinf.obj (.text:___isinf)
                  8000d880    00000040                 : _printfi.obj (.text:___isnan)
                  8000d8c0    00000040                 : args_main.obj (.text:__args_main)
                  8000d900    00000040                 : frcmpyd_div.obj (.text:__frcmpyd_div)
                  8000d940    00000040                 : llshift.obj (.text:__llshru)
                  8000d980    00000040                 : imath40.obj (.text:__remli)
                  8000d9c0    00000040                 : strasg.obj (.text:__strasgi_64plus)
                  8000da00    00000040                 : strlen.obj (.text:_strlen)
                  8000da40    00000040                 : time.obj (.text:_time)
                  8000da80    00000020                 : negll.obj (.text:__negll)
                  8000daa0    00000020                 : _lock.obj (.text:__nop)
                  8000dac0    00000020                 : fprintf.obj (.text:__outc)
                  8000dae0    00000020                 : printf.obj (.text:__outc)
                  8000db00    00000020                 : fprintf.obj (.text:__outs)
                  8000db20    00000020                 : printf.obj (.text:__outs)
                  8000db40    00000020                 : exit.obj (.text:_abort)
                  8000db60    00000020                 : remove.obj (.text:_remove)

.bss       0    80000000    00000000     UNINITIALIZED

.data      0    80000000    00000000     UNINITIALIZED

.sysmem    0    8000db80    00004000     UNINITIALIZED
                  8000db80    00000008     rts6740.lib : memory.obj (.sysmem)
                  8000db88    00003ff8     --HOLE--

.const     0    80011b80    0000364c     
                  80011b80    00000400     aes.obj (.const:_Td0)
                  80011f80    00000400     aes.obj (.const:_Td1)
                  80012380    00000400     aes.obj (.const:_Td2)
                  80012780    00000400     aes.obj (.const:_Td3)
                  80012b80    00000400     aes.obj (.const:_Td4)
                  80012f80    00000400     aes.obj (.const:_Te0)
                  80013380    00000400     aes.obj (.const:_Te1)
                  80013780    00000400     aes.obj (.const:_Te2)
                  80013b80    00000400     aes.obj (.const:_Te3)
                  80013f80    00000400     aes.obj (.const:_Te4)
                  80014380    000002ec     main.obj (.const)
                  8001466c    00000003     rts6740.lib : assert.obj (.const)
                  8001466f    00000001     --HOLE-- [fill = 0]
                  80014670    000001f4     main.obj (.const:_$P$T8$9)
                  80014864    00000002     rts6740.lib : fputs.obj (.const)
                  80014866    00000002     --HOLE-- [fill = 0]
                  80014868    00000101                 : ctype.obj (.const:__ctypes_)
                  80014969    00000007     --HOLE-- [fill = 0]
                  80014970    00000100     main.obj (.const:_$P$T3$4)
                  80014a70    00000100     main.obj (.const:_$P$T4$5)
                  80014b70    00000100     main.obj (.const:_$P$T5$6)
                  80014c70    00000100     main.obj (.const:_$P$T7$8)
                  80014d70    00000100     sha2.obj (.const:_K256)
                  80014e70    000000bc     sha2.obj (.const)
                  80014f2c    00000004     --HOLE-- [fill = 0]
                  80014f30    00000080     main.obj (.const:_$P$T1$2)
                  80014fb0    00000078     main.obj (.const:_$P$T0$1)
                  80015028    00000070     helpfulFunctions.obj (.const)
                  80015098    00000060     encryptDecrypt.obj (.const)
                  800150f8    00000040     PRNG.obj (.const:_$P$T0$2)
                  80015138    00000028     aes.obj (.const:_rcon)
                  80015160    00000023     rts6740.lib : _printfi.obj (.const)
                  80015183    00000005     --HOLE-- [fill = 0]
                  80015188    00000020     sha2.obj (.const:_sha256_initial_hash_value)
                  800151a8    00000018     additionalFunctions.obj (.const)
                  800151c0    00000004     main.obj (.const:_$P$T2$3)
                  800151c4    00000004     --HOLE-- [fill = 0]
                  800151c8    00000004     main.obj (.const:_$P$T6$7)

.stack     0    800151d0    00002000     UNINITIALIZED
                  800151d0    00000008     rts6740.lib : boot.obj (.stack)
                  800151d8    00001ff8     --HOLE--

.far       0    800171d0    00000554     UNINITIALIZED
                  800171d0    00000324     rts6740.lib : defs.obj (.far)
                  800174f4    00000004                 : fopen.obj (.far)
                  800174f8    0000011c                 : lowlev.obj (.far)
                  80017614    00000004     --HOLE--
                  80017618    000000d0                 : trgdrv.obj (.far)
                  800176e8    00000020     PRNG.obj (.far)
                  80017708    0000000c     rts6740.lib : exit.obj (.far)
                  80017714    00000008                 : _lock.obj (.far)
                  8001771c    00000008                 : memory.obj (.far)

.cinit     0    80017728    00000164     
                  80017728    0000005c     rts6740.lib : defs.obj (.cinit)
                  80017784    00000004     --HOLE-- [fill = 0]
                  80017788    0000005c                 : lowlev.obj (.cinit)
                  800177e4    00000004     --HOLE-- [fill = 0]
                  800177e8    0000002c                 : exit.obj (.cinit)
                  80017814    00000004     --HOLE-- [fill = 0]
                  80017818    0000002c                 : memory.obj (.cinit)
                  80017844    00000004     --HOLE-- [fill = 0]
                  80017848    0000001c                 : _lock.obj (.cinit)
                  80017864    00000004     --HOLE-- [fill = 0]
                  80017868    0000000c                 : fopen.obj (.cinit)
                  80017874    00000004     --HOLE-- [fill = 0]
                  80017878    00000009     PRNG.obj (.cinit)
                  80017881    00000007     --HOLE-- [fill = 0]
                  80017888    00000004     (.pad.cinit) [fill = 0]

.cio       0    8001788c    00000120     UNINITIALIZED
                  8001788c    00000120     rts6740.lib : trgmsg.obj (.cio)


GLOBAL SYMBOLS: SORTED ALPHABETICALLY BY Name 

address    name
--------   ----
80000000   $bss
80000000   .bss
80000000   .data
80000000   .text
8000db40   C$$EXIT
8000d838   C$$IO$$
8000cbc0   _HOSTclose
8000b880   _HOSTlseek
8000bd80   _HOSTopen
8000c2c0   _HOSTread
8000ac40   _HOSTrename
8000cc60   _HOSTtime
8000c380   _HOSTunlink
8000c440   _HOSTwrite
800062a0   _PRNG
80006080   _RNG
80003148   _SHA256_Final
80002a60   _SHA256_Init
80002ac4   _SHA256_Transform
80002f8c   _SHA256_Update
80003d24   _XOR
8001788c   __CIOBUF_
800171d0   __STACK_END
00002000   __STACK_SIZE
00004000   __SYSMEM_SIZE
00000001   __TI_args_main
80017710   ___TI_enable_exit_profile_output
ffffffff   ___TI_pprof_out_hndl
ffffffff   ___TI_prof_data_size
ffffffff   ___TI_prof_data_start
ffffffff   ___binit__
80000000   ___bss__
ffffffff   ___c_args__
80017728   ___cinit__
80000000   ___data__
80000000   ___edata__
80000000   ___end__
8000db80   ___etext__
8000d840   ___isinf
ffffffff   ___pinit__
80000000   ___text__
8000d6c0   __abort_msg
8000d8c0   __args_main
8000b980   __auto_init
8000be60   __c6xabi_divi
8000c680   __c6xabi_divu
8000c800   __c6xabi_remi
8000d9c0   __c6xabi_strasgi_64plus
8000c500   __cleanup
80017708   __cleanup_ptr
80014868   __ctypes_
80005ae0   __divd
8000be60   __divi
8000cd00   __divli
8000c680   __divu
8000aaa0   __divul
80009a20   __divull
8000c740   __doflush
8001770c   __dtors_ptr
8000cee0   __fixdli
8000d340   __fltlid
8000d900   __frcmpyd_div
800174f0   __ft_end
800171d0   __ftable
8000d3c0   __llshl
8000d940   __llshru
80017714   __lock
8000da80   __negll
8000daa0   __nop
80007f00   __printfi
8000c800   __remi
8000d980   __remli
800151d0   __stack
8000d9c0   __strasgi_64plus
8000d720   __subcull
8000db80   __sys_memory
800173b0   __tmpnams
80017718   __unlock
8000bb80   __wrt_ok
8000db40   _abort
80005264   _addition
80007c4c   _aesCBCdecrypt
80007d44   _aesCBCencrypt
80007aa0   _aesDecrypt
80007ad8   _aesEncrypt
800011a8   _aes_decrypt
800006d4   _aes_encrypt
80000d90   _aes_set_decrypt_key
80000000   _aes_set_encrypt_key
8000bf40   _atoi
8000d440   _c_int00
80006db4   _calculateKey
8000c020   _close
80006454   _compareFSR
80006d70   _computePartOfKey
80003c80   _concat
80003f6c   _copyArray
80004f60   _copyArray16
80004fb8   _copyArray8
80003fec   _copyArrayFrom0
8000d020   _copy_in
80006ca4   _createExponent
80006ea0   _createMessage
80007500   _decrypt
80007268   _decryptHMAC
80007060   _decryptMessage
8000522c   _divideBy16
800050d4   _divideByTwo
800073cc   _encrypt
800070e0   _encryptHMAC
80006fac   _encryptMessage
8000c100   _exit
8000b760   _fclose
8000bc80   _fflush
80006588   _findRandNum
80005010   _flipArray
8000d4c0   _fprintf
8000b4e0   _fputc
800086e0   _fputs
800097a0   _free
8000b2e8   _from16to8
80001880   _from2to16
8000b240   _from8to16
8000c8c0   _fseek
8000b178   _hashOfLength
8000b0f0   _hashWithTime
80003dc8   _hexToString
8000a540   _hmac
80004e08   _isBiggerThan
80004e88   _isBiggerThanOrEqual
8000c980   _lseek
8000ca40   _ltoa
800053e0   _main
8000adc0   _malloc
8000a8e0   _maskGenerationFunction
8000d780   _memccpy
8000d160   _memcpy
8000c1e0   _memset
80001ad4   _mod
80002790   _modFaster
8000250c   _modMult
800025f4   _modSquare
8000350c   _modularInverse
8000482c   _montExp
80004480   _montMultiplication
80002110   _multiplication
800051a0   _multiplyByTwo
80004f08   _numberIsZero
80007e24   _padding
800019d8   _positionMSB
80004060   _printArray
80004c80   _printArray16
80004d18   _printArray8
8000416c   _printArrayNoSpaces
8000420c   _printChar
80004320   _printCharNoSpaces
8000d540   _printf
8000b4e0   _putc
8000d5c0   _readmsg
8000db60   _remove
80006b80   _repositionZeros
800043c0   _seeTheDifference
8000af40   _setvbuf
80006f30   _signMessage
800089e0   _signatureMessage
80003460   _signedSubtraction
80007b14   _simpleDecrypt
80007bb0   _simpleEncrypt
8000b0c0   _simpleHashWithLength
80001d10   _squareProduct
8000da00   _strlen
800052e0   _subtraction
80005394   _subtractionWithSign
8000da40   _time
80003db0   _timeData
8000d640   _unlink
80007004   _unsignMessage
8000638c   _updateFSR
80008340   _verifySignature
8000cb00   _write
8000d7e0   _writemsg
80004db4   _zerosArray
ffffffff   binit
80017728   cinit
80000000   edata
80000000   end
8000db80   etext
ffffffff   pinit


GLOBAL SYMBOLS: SORTED BY Symbol Address 

address    name
--------   ----
00000001   __TI_args_main
00002000   __STACK_SIZE
00004000   __SYSMEM_SIZE
80000000   $bss
80000000   .bss
80000000   .data
80000000   .text
80000000   ___bss__
80000000   ___data__
80000000   ___edata__
80000000   ___end__
80000000   ___text__
80000000   _aes_set_encrypt_key
80000000   edata
80000000   end
800006d4   _aes_encrypt
80000d90   _aes_set_decrypt_key
800011a8   _aes_decrypt
80001880   _from2to16
800019d8   _positionMSB
80001ad4   _mod
80001d10   _squareProduct
80002110   _multiplication
8000250c   _modMult
800025f4   _modSquare
80002790   _modFaster
80002a60   _SHA256_Init
80002ac4   _SHA256_Transform
80002f8c   _SHA256_Update
80003148   _SHA256_Final
80003460   _signedSubtraction
8000350c   _modularInverse
80003c80   _concat
80003d24   _XOR
80003db0   _timeData
80003dc8   _hexToString
80003f6c   _copyArray
80003fec   _copyArrayFrom0
80004060   _printArray
8000416c   _printArrayNoSpaces
8000420c   _printChar
80004320   _printCharNoSpaces
800043c0   _seeTheDifference
80004480   _montMultiplication
8000482c   _montExp
80004c80   _printArray16
80004d18   _printArray8
80004db4   _zerosArray
80004e08   _isBiggerThan
80004e88   _isBiggerThanOrEqual
80004f08   _numberIsZero
80004f60   _copyArray16
80004fb8   _copyArray8
80005010   _flipArray
800050d4   _divideByTwo
800051a0   _multiplyByTwo
8000522c   _divideBy16
80005264   _addition
800052e0   _subtraction
80005394   _subtractionWithSign
800053e0   _main
80005ae0   __divd
80006080   _RNG
800062a0   _PRNG
8000638c   _updateFSR
80006454   _compareFSR
80006588   _findRandNum
80006b80   _repositionZeros
80006ca4   _createExponent
80006d70   _computePartOfKey
80006db4   _calculateKey
80006ea0   _createMessage
80006f30   _signMessage
80006fac   _encryptMessage
80007004   _unsignMessage
80007060   _decryptMessage
800070e0   _encryptHMAC
80007268   _decryptHMAC
800073cc   _encrypt
80007500   _decrypt
80007aa0   _aesDecrypt
80007ad8   _aesEncrypt
80007b14   _simpleDecrypt
80007bb0   _simpleEncrypt
80007c4c   _aesCBCdecrypt
80007d44   _aesCBCencrypt
80007e24   _padding
80007f00   __printfi
80008340   _verifySignature
800086e0   _fputs
800089e0   _signatureMessage
800097a0   _free
80009a20   __divull
8000a540   _hmac
8000a8e0   _maskGenerationFunction
8000aaa0   __divul
8000ac40   _HOSTrename
8000adc0   _malloc
8000af40   _setvbuf
8000b0c0   _simpleHashWithLength
8000b0f0   _hashWithTime
8000b178   _hashOfLength
8000b240   _from8to16
8000b2e8   _from16to8
8000b4e0   _fputc
8000b4e0   _putc
8000b760   _fclose
8000b880   _HOSTlseek
8000b980   __auto_init
8000bb80   __wrt_ok
8000bc80   _fflush
8000bd80   _HOSTopen
8000be60   __c6xabi_divi
8000be60   __divi
8000bf40   _atoi
8000c020   _close
8000c100   _exit
8000c1e0   _memset
8000c2c0   _HOSTread
8000c380   _HOSTunlink
8000c440   _HOSTwrite
8000c500   __cleanup
8000c680   __c6xabi_divu
8000c680   __divu
8000c740   __doflush
8000c800   __c6xabi_remi
8000c800   __remi
8000c8c0   _fseek
8000c980   _lseek
8000ca40   _ltoa
8000cb00   _write
8000cbc0   _HOSTclose
8000cc60   _HOSTtime
8000cd00   __divli
8000cee0   __fixdli
8000d020   _copy_in
8000d160   _memcpy
8000d340   __fltlid
8000d3c0   __llshl
8000d440   _c_int00
8000d4c0   _fprintf
8000d540   _printf
8000d5c0   _readmsg
8000d640   _unlink
8000d6c0   __abort_msg
8000d720   __subcull
8000d780   _memccpy
8000d7e0   _writemsg
8000d838   C$$IO$$
8000d840   ___isinf
8000d8c0   __args_main
8000d900   __frcmpyd_div
8000d940   __llshru
8000d980   __remli
8000d9c0   __c6xabi_strasgi_64plus
8000d9c0   __strasgi_64plus
8000da00   _strlen
8000da40   _time
8000da80   __negll
8000daa0   __nop
8000db40   C$$EXIT
8000db40   _abort
8000db60   _remove
8000db80   ___etext__
8000db80   __sys_memory
8000db80   etext
80014868   __ctypes_
800151d0   __stack
800171d0   __STACK_END
800171d0   __ftable
800173b0   __tmpnams
800174f0   __ft_end
80017708   __cleanup_ptr
8001770c   __dtors_ptr
80017710   ___TI_enable_exit_profile_output
80017714   __lock
80017718   __unlock
80017728   ___cinit__
80017728   cinit
8001788c   __CIOBUF_
ffffffff   ___TI_pprof_out_hndl
ffffffff   ___TI_prof_data_size
ffffffff   ___TI_prof_data_start
ffffffff   ___binit__
ffffffff   ___c_args__
ffffffff   ___pinit__
ffffffff   binit
ffffffff   pinit

[188 symbols]
