******************************************************************************
               TMS320C6x Linker PC v7.3.1                      
******************************************************************************
>> Linked Fri May 12 16:16:15 2017

OUTPUT FILE NAME:   <realtime_2017.out>
ENTRY POINT SYMBOL: "_c_int00"  address: c0062d20


MEMORY CONFIGURATION

         name            origin    length      used     unused   attr    fill
----------------------  --------  ---------  --------  --------  ----  --------
  IRAM                  11800000   00040000  00031ba5  0000e45b  RWIX
  CACHE_L1P             11e00000   00008000  00000000  00008000  RWIX
  CACHE_L1D             11f00000   00008000  00000000  00008000  RWIX
  L3_CBA_RAM            80000000   00020000  00000000  00020000  RWIX
  DDR                   c0000000   08000000  00063120  07f9cee0  RWIX


SECTION ALLOCATION MAP

 output                                  attributes/
section   page    origin      length       input sections
--------  ----  ----------  ----------   ----------------
.vers      0    00000000    00000040     COPY SECTION
                  00000000    00000040     audioSamplecfg.obj (.vers)

.prd       0    11800000    00000000     UNINITIALIZED

.data      0    11800000    00000000     UNINITIALIZED

.stack     0    11800000    00010000     UNINITIALIZED
                  11800000    00010000     --HOLE--

.far       0    11810000    0000c2a0     UNINITIALIZED
                  11810000    00004900     edma3_drv_bios_c674.lib : edma3_drv_init.obj (.far)
                  11814900    00002dc8     edma3_rm_bios.lib : edma3resmgr.obj (.far)
                  118176c8    00001280                       : edma3_rm_gbl_data.obj (.far)
                  11818948    00000ae8                       : edma3_c6748_cfg.obj (.far)
                  11819430    00000942     process_audio.obj (.far)
                  11819d72    00000002     --HOLE--
                  11819d74    00000004     bios.a674 : que_crea.o674 (.far)
                  11819d78    000007a8     edma3_drv_bios_sample.lib : bios_edma3_drv_sample_c6748_cfg.obj (.far)
                  1181a520    00000670     ti.pspiom.i2c.a674 : I2c.obj (.far)
                  1181ab90    00000570     ti.pspiom.mcasp.a674 : Mcasp.obj (.far)
                  1181b100    00000324     rts6740.lib : defs.obj (.far)
                  1181b424    00000004     bios6748.a674 : bcache_wait.o674 (.far)
                  1181b428    000001f8     audioSample_io.obj (.far)
                  1181b620    00000188     rts6740.lib : atexit.obj (.far)
                  1181b7a8    0000016c     ti.pspiom.platforms.evm6748.audio.a674 : Audio.obj (.far)
                  1181b914    00000004     bios6748.a674 : clk_data.o674 (.far)
                  1181b918    00000148     pscl_cfg_evm6748.a674 : pscl_config_evm6748.o674 (.far)
                  1181ba60    0000011c     rts6740.lib : lowlev.obj (.far)
                  1181bb7c    000000fc     audioSample_main.obj (.far)
                  1181bc78    000000d8     bios.a674 : knl.o674 (.far)
                  1181bd50    000000d0     rts6740.lib : trgdrv.obj (.far)
                  1181be20    000000b0     pwrm.a674 : pwrm.o674 (.far)
                  1181bed0    000000a4     ti.pspiom.platforms.codec.a674 : Aic31.obj (.far)
                  1181bf74    0000005c     bios.a674 : tsk.o674 (.far)
                  1181bfd0    00000058     decoder.obj (.far)
                  1181c028    00000058     encoder.obj (.far)
                  1181c080    00000054     bios.a674 : obj_init.o674 (.far)
                  1181c0d4    00000050               : tsk_stup.o674 (.far)
                  1181c124    00000004     pwrm.a674 : pwrm_ini.o674 (.far)
                  1181c128    00000030     edma3_drv_bios_sample.lib : bios_edma3_drv_sample_init_multi_edma.obj (.far)
                  1181c158    0000002c     ti.pspiom.platforms.evm6748.evmInit.a674 : audio_evmInit.obj (.far)
                  1181c184    00000004     rts6740.lib : errno.obj (.far)
                  1181c188    00000020     PRNG.obj (.far)
                  1181c1a8    00000020     bios.a674 : sys.o674 (.far)
                  1181c1c8    0000001c     drivers.a674 : dio_tskDynamic.o674 (.far)
                  1181c1e4    0000001c     sioboth.a674 : sio.o674 (.far)
                  1181c200    00000018     pscl.a674 : pscl.o674 (.far)
                  1181c218    00000018     rtdx64xplus.lib : rtdx_mon.o64P (.far)
                  1181c230    00000014     bios.a674 : swi_seta.o674 (.far)
                  1181c244    00000010               : exc.o674 (.far)
                  1181c254    00000010               : knl_tick.o674 (.far)
                  1181c264    0000000c               : utl_putc.o674 (.far)
                  1181c270    0000000c     rts6740.lib : exit.obj (.far)
                  1181c27c    00000008     bios.a674 : ecm_dispatch.o674 (.far)
                  1181c284    00000008               : sem_crea.o674 (.far)
                  1181c28c    00000008     rts6740.lib : _lock.obj (.far)
                  1181c294    00000004                 : fopen.obj (.far)
                  1181c298    00000004     bios.a674 : dev_init.o674 (.far)
                  1181c29c    00000004     rts6740.lib : sinit.obj (.far)

.cinit     0    1181c2a0    00003a2c     
                  1181c2a0    0000110c     audioSamplecfg.obj (.cinit)
                  1181d3ac    00000004     --HOLE-- [fill = 0]
                  1181d3b0    00000af8     edma3_rm_bios.lib : edma3_c6748_cfg.obj (.cinit)
                  1181dea8    00000808     edma3_drv_bios_sample.lib : bios_edma3_drv_sample_c6748_cfg.obj (.cinit)
                  1181e6b0    00000322     process_audio.obj (.cinit)
                  1181e9d2    00000006     --HOLE-- [fill = 0]
                  1181e9d8    0000026c     bios.a674 : biosdata.o674 (.cinit)
                  1181ec44    00000004     --HOLE-- [fill = 0]
                  1181ec48    000001a4               : knl.o674 (.cinit)
                  1181edec    00000004     --HOLE-- [fill = 0]
                  1181edf0    00000198     pscl_cfg_evm6748.a674 : pscl_config_evm6748.o674 (.cinit)
                  1181ef88    00000188     bios6748.a674 : pwrm_rdb6748.o674 (.cinit)
                  1181f110    00000128     pwrm.a674 : pwrm.o674 (.cinit)
                  1181f238    00000124     audioSample_io.obj (.cinit)
                  1181f35c    00000004     --HOLE-- [fill = 0]
                  1181f360    000000b0     bios.a674 : swi.o674 (.cinit)
                  1181f410    00000080               : tsk.o674 (.cinit)
                  1181f490    0000007a     edma3_rm_bios.lib : edma3resmgr.obj (.cinit)
                  1181f50a    00000006     --HOLE-- [fill = 0]
                  1181f510    0000007a     pwrm.a674 : pwrm_ini.o674 (.cinit)
                  1181f58a    00000006     --HOLE-- [fill = 0]
                  1181f590    00000068     rtdx64xplus.lib : rtdx_mon.o64P (.cinit)
                  1181f5f8    00000060     bios.a674 : tsk_stup.o674 (.cinit)
                  1181f658    0000005c     lnkrtdx.a674 : rtdx.o674 (.cinit)
                  1181f6b4    00000004     --HOLE-- [fill = 0]
                  1181f6b8    0000005c     rts6740.lib : defs.obj (.cinit)
                  1181f714    00000004     --HOLE-- [fill = 0]
                  1181f718    0000005c                 : lowlev.obj (.cinit)
                  1181f774    00000004     --HOLE-- [fill = 0]
                  1181f778    0000004c     bios.a674 : rta.o674 (.cinit)
                  1181f7c4    00000004     --HOLE-- [fill = 0]
                  1181f7c8    0000004c     edma3_rm_bios.lib : edma3_rm_gbl_data.obj (.cinit)
                  1181f814    00000004     --HOLE-- [fill = 0]
                  1181f818    0000004c     pscl.a674 : pscl.o674 (.cinit)
                  1181f864    00000004     --HOLE-- [fill = 0]
                  1181f868    0000004c     rtdx64xplus.lib : buffer1.o64P (.cinit)
                  1181f8b4    00000004     --HOLE-- [fill = 0]
                  1181f8b8    00000048     edma3_drv_bios_sample.lib : bios_edma3_drv_sample_init_multi_edma.obj (.cinit)
                  1181f900    0000003c     bios.a674 : exc.o674 (.cinit)
                  1181f93c    00000004     --HOLE-- [fill = 0]
                  1181f940    0000003c     ti.pspiom.mcasp.a674 : Mcasp.obj (.cinit)
                  1181f97c    00000004     --HOLE-- [fill = 0]
                  1181f980    00000034     bios.a674 : hwi.o674 (.cinit)
                  1181f9b4    00000004     --HOLE-- [fill = 0]
                  1181f9b8    00000030     ti.pspiom.platforms.codec.a674 : Aic31.obj (.cinit)
                  1181f9e8    00000030     ti.pspiom.platforms.evm6748.audio.a674 : Audio.obj (.cinit)
                  1181fa18    0000002c     bios.a674 : utl_putc.o674 (.cinit)
                  1181fa44    00000004     --HOLE-- [fill = 0]
                  1181fa48    0000002c     pmi_ctl_evm6748.a674 : pmi_volt6748evm.o674 (.cinit)
                  1181fa74    00000004     --HOLE-- [fill = 0]
                  1181fa78    0000002c     rts6740.lib : exit.obj (.cinit)
                  1181faa4    00000004     --HOLE-- [fill = 0]
                  1181faa8    00000024     bios.a674 : obj_init.o674 (.cinit)
                  1181facc    00000004     --HOLE-- [fill = 0]
                  1181fad0    00000024     drivers.a674 : dio_tskDynamic.o674 (.cinit)
                  1181faf4    00000004     --HOLE-- [fill = 0]
                  1181faf8    00000024     sioboth.a674 : sio.o674 (.cinit)
                  1181fb1c    00000004     --HOLE-- [fill = 0]
                  1181fb20    0000001c     bios.a674 : exc_asm.o674 (.cinit)
                  1181fb3c    00000004     --HOLE-- [fill = 0]
                  1181fb40    0000001c               : swi_seta.o674 (.cinit)
                  1181fb5c    00000004     --HOLE-- [fill = 0]
                  1181fb60    0000001c               : sys.o674 (.cinit)
                  1181fb7c    00000004     --HOLE-- [fill = 0]
                  1181fb80    0000001c     rts6740.lib : _lock.obj (.cinit)
                  1181fb9c    00000004     --HOLE-- [fill = 0]
                  1181fba0    0000001c                 : atexit.obj (.cinit)
                  1181fbbc    00000004     --HOLE-- [fill = 0]
                  1181fbc0    00000018     bios.a674 : knl_tick.o674 (.cinit)
                  1181fbd8    00000010               : sem_crea.o674 (.cinit)
                  1181fbe8    0000000e               : ecm_dispatch.o674 (.cinit)
                  1181fbf6    00000002     --HOLE-- [fill = 0]
                  1181fbf8    0000000c               : idl_busy.o674 (.cinit)
                  1181fc04    00000004     --HOLE-- [fill = 0]
                  1181fc08    0000000c               : knl_swit.o674 (.cinit)
                  1181fc14    00000004     --HOLE-- [fill = 0]
                  1181fc18    0000000c               : que_crea.o674 (.cinit)
                  1181fc24    00000004     --HOLE-- [fill = 0]
                  1181fc28    0000000c               : tsk_disa.o674 (.cinit)
                  1181fc34    00000004     --HOLE-- [fill = 0]
                  1181fc38    0000000c     bios6748.a674 : bcache_wait.o674 (.cinit)
                  1181fc44    00000004     --HOLE-- [fill = 0]
                  1181fc48    0000000c     pmi.a674 : pmi_init.o674 (.cinit)
                  1181fc54    00000004     --HOLE-- [fill = 0]
                  1181fc58    0000000c              : pmi_pll.o674 (.cinit)
                  1181fc64    00000004     --HOLE-- [fill = 0]
                  1181fc68    0000000c     rts6740.lib : errno.obj (.cinit)
                  1181fc74    00000004     --HOLE-- [fill = 0]
                  1181fc78    0000000c                 : fopen.obj (.cinit)
                  1181fc84    00000004     --HOLE-- [fill = 0]
                  1181fc88    0000000c                 : sinit.obj (.cinit)
                  1181fc94    00000004     --HOLE-- [fill = 0]
                  1181fc98    0000000c     ti.pspiom.i2c.a674 : I2c.obj (.cinit)
                  1181fca4    00000004     --HOLE-- [fill = 0]
                  1181fca8    0000000a     edma3_drv_bios_c674.lib : edma3_drv_init.obj (.cinit)
                  1181fcb2    00000006     --HOLE-- [fill = 0]
                  1181fcb8    00000009     PRNG.obj (.cinit)
                  1181fcc1    00000007     --HOLE-- [fill = 0]
                  1181fcc8    00000004     (.pad.cinit) [fill = 0]

.switch    0    1181fccc    00000228     
                  1181fccc    000000a0     edma3_rm_bios.lib : edma3resmgr.obj (.switch)
                  1181fd6c    00000060     edma3_drv_bios_c674.lib : edma3_drv_adv.obj (.switch)
                  1181fdcc    00000058                             : edma3_drv_basic.obj (.switch)
                  1181fe24    00000054     ti.pspiom.mcasp.a674 : Mcasp_ioctl.obj (.switch)
                  1181fe78    00000038     ti.pspiom.i2c.a674 : I2c.obj (.switch)
                  1181feb0    00000028     edma3_drv_bios_sample.lib : bios_edma3_drv_sample_cs_multi_edma.obj (.switch)
                  1181fed8    0000001c     ti.pspiom.mcasp.a674 : Mcasp_edma.obj (.switch)

.hst0      0    1181fef4    00000100     UNINITIALIZED
                  1181fef4    00000100     audioSamplecfg.obj (.hst0)

.pinit     0    1181fff4    0000000c     
                  1181fff4    00000004     rtdx64xplus.lib : buffer1.o64P (.pinit)
                  1181fff8    00000004                     : rtdx_mon.o64P (.pinit)
                  1181fffc    00000004     --HOLE-- [fill = 0]

.DVTEvent_Log$buf 
*          0    11820000    00008000     UNINITIALIZED
                  11820000    00008000     audioSamplecfg.obj (.DVTEvent_Log$buf)

.const     0    11828000    00003651     
                  11828000    00000400     aes.obj (.const:_Td0)
                  11828400    00000400     aes.obj (.const:_Td1)
                  11828800    00000400     aes.obj (.const:_Td2)
                  11828c00    00000400     aes.obj (.const:_Td3)
                  11829000    00000400     aes.obj (.const:_Td4)
                  11829400    00000400     aes.obj (.const:_Te0)
                  11829800    00000400     aes.obj (.const:_Te1)
                  11829c00    00000400     aes.obj (.const:_Te2)
                  1182a000    00000400     aes.obj (.const:_Te3)
                  1182a400    00000400     aes.obj (.const:_Te4)
                  1182a800    000001e7     wavpcm_io.obj (.const)
                  1182a9e7    00000193     bios.a674 : exc.o674 (.const:.string)
                  1182ab7a    00000002     rts6740.lib : fputs.obj (.const)
                  1182ab7c    00000110     ti.pspiom.mcasp.a674 : Mcasp.obj (.const)
                  1182ac8c    00000106     audioSample_io.obj (.const)
                  1182ad92    00000004     bios.a674 : mem_allo.o674 (.const:.string)
                  1182ad96    00000002     --HOLE-- [fill = 0]
                  1182ad98    00000101     rts6740.lib : ctype.obj (.const:__ctypes_)
                  1182ae99    00000004     bios.a674 : mem_free.o674 (.const:.string)
                  1182ae9d    00000003     rts6740.lib : assert.obj (.const)
                  1182aea0    00000100     sha2.obj (.const:_K256)
                  1182afa0    000000ab     edma3_rm_bios.lib : edma3resmgr.obj (.const:.string)
                  1182b04b    0000008e     process_audio.obj (.const)
                  1182b0d9    0000007d     edma3_drv_bios_c674.lib : edma3_drv_init.obj (.const:.string)
                  1182b156    0000007c     sha2.obj (.const)
                  1182b1d2    00000002     --HOLE-- [fill = 0]
                  1182b1d4    00000060     ti.pspiom.mcasp.a674 : Mcasp_edma.obj (.const)
                  1182b234    00000054     ti.pspiom.i2c.a674 : I2c.obj (.const)
                  1182b288    0000004e     bios.a674 : tsk_stup.o674 (.const:.string)
                  1182b2d6    00000047     audioSamplecfg.obj (.const)
                  1182b31d    00000043     helpfulFunctions.obj (.const)
                  1182b360    00000040     PRNG.obj (.const:_$P$T0$2)
                  1182b3a0    00000040     ti.pspiom.i2c.a674 : I2c_edma.obj (.const)
                  1182b3e0    00000039     additionalFunctions32.obj (.const)
                  1182b419    0000002b     audioSample_main.obj (.const)
                  1182b444    00000004     sioboth.a674 : sio_crea.o674 (.const:.string)
                  1182b448    00000028     aes.obj (.const:_rcon)
                  1182b470    00000028     ti.pspiom.platforms.codec.a674 : Aic31.obj (.const)
                  1182b498    00000023     bios.a674 : utl_doab.o674 (.const:.string)
                  1182b4bb    00000023     rts6740.lib : _printfi.obj (.const)
                  1182b4de    00000022     bios.a674 : utl_doer.o674 (.const:.string)
                  1182b500    00000020               : dev_init.o674 (.const:.string)
                  1182b520    00000020     sha2.obj (.const:_sha256_initial_hash_value)
                  1182b540    00000020     ti.pspiom.mcasp.a674 : Mcasp_ioctl.obj (.const)
                  1182b560    00000020     ti.pspiom.platforms.evm6748.audio.a674 : Audio.obj (.const)
                  1182b580    0000001c     ti.pspiom.i2c.a674 : I2c.obj (.const:.string)
                  1182b59c    00000001     bios.a674 : sem_crea.o674 (.const:.string)
                  1182b59d    00000003     --HOLE-- [fill = 0]
                  1182b5a0    00000018     decoder.obj (.const:_$P$T0$1)
                  1182b5b8    00000018     encoder.obj (.const:_$P$T0$1)
                  1182b5d0    00000018     decoder.obj (.const:_$P$T1$2)
                  1182b5e8    00000018     encoder.obj (.const:_$P$T1$2)
                  1182b600    00000011     bios.a674 : sys_prin.o674 (.const:_digtohex)
                  1182b611    00000011     auxiliaries.obj (.const)
                  1182b622    0000000f     bios.a674 : sys_prin.o674 (.const:.string)
                  1182b631    00000003     --HOLE-- [fill = 0]
                  1182b634    00000009     ti.pspiom.platforms.evm6748.audio.a674 : Audio.obj (.const:.string)
                  1182b63d    00000003     --HOLE-- [fill = 0]
                  1182b640    00000008     edma3_drv_bios_sample.lib : bios_edma3_drv_sample_init_multi_edma.obj (.const)
                  1182b648    00000005     ti.pspiom.platforms.codec.a674 : Aic31.obj (.const:.string)
                  1182b64d    00000003     --HOLE-- [fill = 0]
                  1182b650    00000001     bios.a674 : tsk.o674 (.const:.string)

.printf    0    1182b651    00000059     COPY SECTION
                  1182b651    00000059     audioSamplecfg.obj (.printf)

.args      0    1182b654    00000004     
                  1182b654    00000004     --HOLE-- [fill = 0]

.echoTask$stk 
*          0    1182b658    00002000     UNINITIALIZED
                  1182b658    00002000     audioSamplecfg.obj (.echoTask$stk)

.bss       0    1182d658    00000840     UNINITIALIZED
                  1182d658    00000440     audioSamplecfg.obj (.bss)
                  1182da98    00000100     bios.a674 : hwi_disp_asm.o674 (.bss)
                  1182db98    000000cc               : biosdata.o674 (.bss)
                  1182dc64    0000009c               : swi.o674 (.bss)
                  1182dd00    00000048               : knl.o674 (.bss)
                  1182dd48    00000030     pwrm.a674 : pwrm.o674 (.bss)
                  1182dd78    00000020     bios.a674 : exc_asm.o674 (.bss)
                  1182dd98    0000001e     pwrm.a674 : pwrm_ini.o674 (.bss)
                  1182ddb6    00000002     edma3_drv_bios_c674.lib : edma3_drv_init.obj (.bss)
                  1182ddb8    00000018     bios.a674 : hwi.o674 (.bss)
                  1182ddd0    00000018     lnkrtdx.a674 : rtdx.o674 (.bss)
                  1182dde8    00000014     edma3_rm_bios.lib : edma3_rm_gbl_data.obj (.bss)
                  1182ddfc    00000010     bios.a674 : exc.o674 (.bss)
                  1182de0c    00000010     rtdx64xplus.lib : buffer1.o64P (.bss)
                  1182de1c    00000010                     : rtdx_mon.o64P (.bss)
                  1182de2c    0000000c     bios.a674 : tsk.o674 (.bss)
                  1182de38    0000000c     pmi_ctl_evm6748.a674 : pmi_volt6748evm.o674 (.bss)
                  1182de44    0000000a     edma3_rm_bios.lib : edma3resmgr.obj (.bss)
                  1182de4e    00000002     process_audio.obj (.bss)
                  1182de50    00000008     audioSample_io.obj (.bss)
                  1182de58    00000008     bios.a674 : clk_data.o674 (.bss)
                  1182de60    00000008               : sys.o674 (.bss)
                  1182de68    00000008     pscl.a674 : pscl.o674 (.bss)
                  1182de70    00000004     bios.a674 : clk_data2.o674 (.bss)
                  1182de74    00000004               : dev_init.o674 (.bss)
                  1182de78    00000004               : idl_busy.o674 (.bss)
                  1182de7c    00000004               : mem_asm.o674 (.bss)
                  1182de80    00000004               : tsk_disa.o674 (.bss)
                  1182de84    00000004     edma3_drv_bios_sample.lib : bios_edma3_drv_sample_c6748_cfg.obj (.bss)
                  1182de88    00000004     pmi.a674 : pmi_init.o674 (.bss)
                  1182de8c    00000004              : pmi_pll.o674 (.bss)
                  1182de90    00000004     pscl_cfg_evm6748.a674 : pscl_config_evm6748.o674 (.bss)
                  1182de94    00000004     ti.pspiom.mcasp.a674 : Mcasp.obj (.bss)

.cio       0    1182de98    00000120     UNINITIALIZED
                  1182de98    00000120     rts6740.lib : trgmsg.obj (.cio)

.log       0    1182dfb8    00000048     
                  1182dfb8    00000048     audioSamplecfg.obj (.log)

.LOG_system$buf 
*          0    1182e000    00001000     UNINITIALIZED
                  1182e000    00001000     audioSamplecfg.obj (.LOG_system$buf)

.trace$buf 
*          0    1182f000    00001000     UNINITIALIZED
                  1182f000    00001000     audioSamplecfg.obj (.trace$buf)

.pmonchip 
*          0    11830000    00000ce0     
                  11830000    00000380     pmi_ctl_evm6748.a674 : pmi_i2c.o674 (.pmonchip:slp)
                  11830380    00000300     pmi.a674 : pmi_relock1.o674 (.pmonchip)
                  11830680    000001a0     pmi_ctl_evm6748.a674 : pmi_volt6748evm.o674 (.pmonchip:slp)
                  11830820    00000180     bios6748.a674 : pwrm_rdb6748.o674 (.pmonchip) [fill = 0]
                  118309a0    00000140     pmi.a674 : pmi_onchip.o674 (.pmonchip)
                  11830ae0    00000100              : pmi_pll.o674 (.pmonchip:slp)
                  11830be0    000000c0              : pmi_ms.o674 (.pmonchip)
                  11830ca0    00000020     rts6740.lib : divu.obj ($Tramp$S$$__divu)
                  11830cc0    00000020     pmi.a674 : pmi_pll.o674 ($Tramp$S$$_PMI_calcWaitBypass)

.dio       0    11830ce0    00000010     UNINITIALIZED
                  11830ce0    00000010     audioSamplecfg.obj (.dio)

.hst1      0    11830cf0    00000010     UNINITIALIZED
                  11830cf0    00000010     audioSamplecfg.obj (.hst1)

.rtdx_data 
*          0    11830d00    000004f4     UNINITIALIZED
                  11830d00    00000080     --HOLE--
                  11830d80    00000410     audioSamplecfg.obj (.rtdx_data)
                  11831190    00000044     rtdx64xplus.lib : rtdx_mon.o64P (.rtdx_data)
                  118311d4    00000020                     : buffer1.o64P (.rtdx_data)

.mem       0    118311f4    00000004     UNINITIALIZED
                  118311f4    00000004     audioSamplecfg.obj (.mem)

.TSK_idle$stk 
*          0    118311f8    00000400     UNINITIALIZED
                  118311f8    00000400     audioSamplecfg.obj (.TSK_idle$stk)

.trace     0    118315f8    00000200     
                  118315f8    00000200     --HOLE-- [fill = 00000000]

.devtable 
*          0    118317f8    000000d8     UNINITIALIZED
                  118317f8    000000d8     audioSamplecfg.obj (.devtable)

.pip       0    118318d0    000000c8     UNINITIALIZED
                  118318d0    000000c8     audioSamplecfg.obj (.pip)

.tsk       0    11831998    000000c0     UNINITIALIZED
                  11831998    000000c0     audioSamplecfg.obj (.tsk)

.gblinit   0    11831a58    00000064     
                  11831a58    00000064     audioSamplecfg.obj (.gblinit)

.sts       0    11831abc    00000040     
                  11831abc    00000040     audioSamplecfg.obj (.sts)

.hst       0    11831afc    0000003c     UNINITIALIZED
                  11831afc    0000003c     audioSamplecfg.obj (.hst)

.swi       0    11831b38    0000002c     UNINITIALIZED
                  11831b38    0000002c     audioSamplecfg.obj (.swi)

.idl       0    11831b64    00000010     UNINITIALIZED
                  11831b64    00000010     audioSamplecfg.obj (.idl)

.idlcal    0    11831b74    00000010     UNINITIALIZED
                  11831b74    00000010     audioSamplecfg.obj (.idlcal)

.sys       0    11831b84    00000010     UNINITIALIZED
                  11831b84    00000010     audioSamplecfg.obj (.sys)

.trcdata   0    11831b94    0000000c     
                  11831b94    0000000c     bios.a674 : trc.o674 (.trcdata)

.clk       0    11831ba0    00000008     UNINITIALIZED
                  11831ba0    00000008     audioSamplecfg.obj (.clk)

.DDR$heap 
*          0    c0000000    00030000     UNINITIALIZED
                  c0000000    00030000     --HOLE--

.text      0    c0030000    0002bba0     
                  c0030000    00006240     edma3_rm_bios.lib : edma3resmgr.obj (.text)
                  c0036240    00002380     edma3_drv_bios_c674.lib : edma3_drv_basic.obj (.text)
                  c00385c0    000017c0                             : edma3_drv_adv.obj (.text)
                  c0039d80    00001120     ti.pspiom.mcasp.a674 : Mcasp_ioctl.obj (.text:_Mcasp_localSubmitIoctl)
                  c003aea0    000010e0     aes.obj (.text)
                  c003bf80    00000e20     modFunctions32.obj (.text)
                  c003cda0    00000d80     encoder.obj (.text)
                  c003db20    00000c20     decoder.obj (.text)
                  c003e740    00000bc0     pscl.a674 : pscl.o674 (.text)
                  c003f300    00000ac0     ti.pspiom.mcasp.a674 : Mcasp.obj (.text:_mcaspMdCreateChan)
                  c003fdc0    00000aa0     montExponentiation32.obj (.text)
                  c0040860    00000a00     auxiliaries.obj (.text)
                  c0041260    000009a0     edma3_drv_bios_c674.lib : edma3_drv_init.obj (.text)
                  c0041c00    00000920     helpfulFunctions.obj (.text)
                  c0042520    00000820     additionalFunctions32.obj (.text)
                  c0042d40    00000820     sha2.obj (.text)
                  c0043560    00000800     modularInverse32.obj (.text)
                  c0043d60    00000780     pmi.a674 : pmi_pll.o674 (.text)
                  c00444e0    000006a0     ti.pspiom.i2c.a674 : I2c.obj (.text:_i2cIntrHandler)
                  c0044b80    000006a0     keyEstablishmentFunctions32.obj (.text)
                  c0045220    00000660     ti.pspiom.mcasp.a674 : Mcasp_edma.obj (.text:_Mcasp_localEdmaCallback)
                  c0045880    000005a0     rts6740.lib : divd.obj (.text:__divd)
                  c0045e20    000005a0     ti.pspiom.mcasp.a674 : Mcasp.obj (.text:_mcaspMdBindDev)
                  c00463c0    00000580     rts6740.lib : _printfi.obj (.text:__getarg_diouxp)
                  c0046940    00000540     ti.pspiom.mcasp.a674 : Mcasp_edma.obj (.text:_Mcasp_localEdmaChanPaRAMsetup)
                  c0046e80    00000540     ti.pspiom.i2c.a674 : I2c.obj (.text:_i2cMdCreateChan)
                  c00473c0    00000520     signatureMessage.obj (.text)
                  c00478e0    000004e0     edma3_drv_bios_sample.lib : bios_edma3_drv_sample_init_multi_edma.obj (.text)
                  c0047dc0    000004a0     PRNG.obj (.text)
                  c0048260    000004a0     ti.pspiom.mcasp.a674 : Mcasp.obj (.text:_Mcasp_localAbortReset)
                  c0048700    00000480     rts6740.lib : _printfi.obj (.text:__setfield)
                  c0048b80    00000480     verifySignature.obj (.text)
                  c0049000    00000460     audioSample_io.obj (.text)
                  c0049460    00000440     ti.pspiom.i2c.a674 : I2c_edma.obj (.text:_I2c_completeIOedmaCallback)
                  c00498a0    00000440     rts6740.lib : _printfi.obj (.text:__printfi)
                  c0049ce0    00000440     ti.pspiom.platforms.codec.a674 : Aic31.obj (.text:_aic31MdControlChan)
                  c004a120    00000440                                    : Aic31.obj (.text:_aic31SetSamplingRate)
                  c004a560    00000420     ti.pspiom.i2c.a674 : I2c.obj (.text:_i2cMdBindDev)
                  c004a980    00000420     process_audio.obj (.text)
                  c004ada0    00000400     ti.pspiom.i2c.a674 : I2c.obj (.text:_i2cMdSubmitChan)
                  c004b1a0    00000400                        : I2c.obj (.text:_i2cPolledModeTransfer)
                  c004b5a0    00000400     encryptDecrypt.obj (.text)
                  c004b9a0    000003c0     ti.pspiom.i2c.a674 : I2c.obj (.text:_i2cMdControlChan)
                  c004bd60    000003a0     ti.pspiom.platforms.codec.a674 : Aic31.obj (.text:_aic31MdCreateChan)
                  c004c100    00000380     ti.pspiom.i2c.a674 : I2c.obj (.text:_i2cCompleteIOInIsr)
                  c004c480    00000380     edma3_drv_bios_sample.lib : bios_edma3_drv_sample_cs_multi_edma.obj (.text)
                  c004c800    00000340     ti.pspiom.mcasp.a674 : Mcasp_edma.obj (.text:_Mcasp_localUpdtDtPktToLnkPrms)
                  c004cb40    00000340     ti.pspiom.platforms.evm6748.audio.a674 : Audio.obj (.text:_audioMdCreateChan)
                  c004ce80    00000340     ti.pspiom.i2c.a674 : I2c.obj (.text:_i2cTransfer)
                  c004d1c0    00000340     useAES.obj (.text)
                  c004d500    00000320     ti.pspiom.mcasp.a674 : Mcasp_edma.obj (.text:_Mcasp_localGetIndicesSyncType)
                  c004d820    00000300     rts6740.lib : fputs.obj (.text:_fputs)
                  c004db20    00000300     ti.pspiom.mcasp.a674 : Mcasp.obj (.text:_mcaspMdDeleteChan)
                  c004de20    000002c0     ti.pspiom.i2c.a674 : I2c.obj (.text:_I2cNotifyCallback)
                  c004e0e0    000002c0     ti.pspiom.mcasp.a674 : Mcasp.obj (.text:_Mcasp_localConfigXmtSection)
                  c004e3a0    000002c0     rts6740.lib : _printfi.obj (.text:__pproc_fge)
                  c004e660    000002c0                 : _printfi.obj (.text:__pproc_fwp)
                  c004e920    000002c0     ti.pspiom.mcasp.a674 : Mcasp.obj (.text:_mcaspIsrInput)
                  c004ebe0    000002c0                          : Mcasp.obj (.text:_mcaspIsrOutput)
                  c004eea0    000002a0     ti.pspiom.i2c.a674 : I2c.obj (.text:_I2c_localEnsureIsReadyforNext)
                  c004f140    000002a0     ti.pspiom.platforms.codec.a674 : Aic31.obj (.text:_aic31InitDac)
                  c004f3e0    000002a0     rts6740.lib : _printfi.obj (.text:_ecvt)
                  c004f680    000002a0                 : _printfi.obj (.text:_fcvt)
                  c004f920    00000280     ti.pspiom.mcasp.a674 : Mcasp.obj (.text:_Mcasp_localConfigRcvSection)
                  c004fba0    00000280     drivers.a674 : dio_tsk.o674 (.text)
                  c004fe20    00000260     ti.pspiom.i2c.a674 : I2c_edma.obj (.text:_I2c_localEdmaTransfer)
                  c0050080    00000260     ti.pspiom.mcasp.a674 : Mcasp.obj (.text:_Mcasp_localSetupHwInfo)
                  c00502e0    00000260     rts6740.lib : imath64.obj (.text:__divull)
                  c0050540    00000260                 : _printfi.obj (.text:__pconv_e)
                  c00507a0    00000260     ti.pspiom.platforms.codec.a674 : Aic31.obj (.text:_aic31SelectOutputDest)
                  c0050a00    00000260     ti.pspiom.platforms.evm6748.audio.a674 : Audio.obj (.text:_audioSampleRateConfigure)
                  c0050c60    00000260     ti.pspiom.mcasp.a674 : Mcasp_ioctl.obj (.text:_mcaspGetHwStatus)
                  c0050ec0    00000240     rts6740.lib : _printfi.obj (.text:__pproc_diouxp)
                  c0051100    00000240     ti.pspiom.i2c.a674 : I2c.obj (.text:_i2cMdDeleteChan)
                  c0051340    00000240     ti.pspiom.mcasp.a674 : Mcasp_ioctl.obj (.text:_mcaspConfigLoopBack)
                  c0051580    00000220     rts6740.lib : _printfi.obj (.text:__pproc_str)
                  c00517a0    00000220     ti.pspiom.platforms.codec.a674 : Aic31.obj (.text:_aic31InitAdc)
                  c00519c0    00000200     ti.pspiom.i2c.a674 : I2c.obj (.text:_I2cCalculateConstraints)
                  c0051bc0    00000200     rts6740.lib : _printfi.obj (.text:__pconv_g)
                  c0051dc0    00000200     ti.pspiom.platforms.codec.a674 : Aic31.obj (.text:_aic31DeinitDac)
                  c0051fc0    00000200                                    : Aic31.obj (.text:_aic31I2cRead)
                  c00521c0    00000200     ti.pspiom.i2c.a674 : I2c.obj (.text:_i2cSoftReset)
                  c00523c0    00000200     drivers.a674 : dio_tskDynamic.o674 (.text)
                  c00525c0    000001e0     ti.pspiom.mcasp.a674 : Mcasp_edma.obj (.text:_Mcasp_localSetupEdmaDuringOpen)
                  c00527a0    000001c0     rts6740.lib : _printfi.obj (.text:__mcpy)
                  c0052960    000001c0     ti.pspiom.platforms.codec.a674 : Aic31.obj (.text:_aic31DeinitAdc)
                  c0052b20    000001c0     ti.pspiom.platforms.evm6748.audio.a674 : Audio.obj (.text:_audioMdBindDev)
                  c0052ce0    000001c0     ti.pspiom.mcasp.a674 : Mcasp.obj (.text:_mcaspSubmitReq)
                  c0052ea0    000001c0     useSHA256.obj (.text)
                  c0053060    000001a0     ti.pspiom.i2c.a674 : I2c.obj (.text:_I2cCalculateClkSettings)
                  c0053200    000001a0                        : I2c.obj (.text:_I2c_loadPendedIops)
                  c00533a0    000001a0     rts6740.lib : imath40.obj (.text:__divul)
                  c0053540    000001a0     ti.pspiom.mcasp.a674 : Mcasp.obj (.text:_mcaspBitSetGblRCtl)
                  c00536e0    000001a0                          : Mcasp.obj (.text:_mcaspBitSetGblXCtl)
                  c0053880    000001a0     bios6748.a674 : pwrm_rel674.o674 (.text)
                  c0053a20    000001a0                   : pwrm_set674.o674 (.text)
                  c0053bc0    00000180     rts6740.lib : trgdrv.obj (.text:_HOSTrename)
                  c0053d40    00000180     ti.pspiom.mcasp.a674 : Mcasp.obj (.text:_Mcasp_localLoadPktToEdma)
                  c0053ec0    00000180     ti.pspiom.platforms.codec.a674 : Aic31.obj (.text:_aic31I2cWrite)
                  c0054040    00000180                                    : Aic31.obj (.text:_aic31MuteConfig)
                  c00541c0    00000180     ti.pspiom.i2c.a674 : I2c.obj (.text:_i2cCancelIO)
                  c0054340    00000180     rts6740.lib : setvbuf.obj (.text:_setvbuf)
                  c00544c0    00000180     hmac.obj (.text)
                  c0054640    00000160     ti.pspiom.i2c.a674 : I2c.obj (.text:_I2c_localPrepareForTransfer)
                  c00547a0    00000160                        : I2c.obj (.text:_i2cMdUnBindDev)
                  c0054900    00000160     ti.pspiom.mcasp.a674 : Mcasp.obj (.text:_mcaspBitRemoveGblXCtl)
                  c0054a60    00000160     maskGenerationFunction.obj (.text)
                  c0054bc0    00000160     pwrm.a674 : _pwrm_updcst.o674 (.text)
                  c0054d20    00000140     ti.pspiom.mcasp.a674 : Mcasp_edma.obj (.text:_Mcasp_localIsValidPacket)
                  c0054e60    00000140                          : Mcasp.obj (.text:_Mcasp_localSmReset)
                  c0054fa0    00000140     rts6740.lib : _printfi.obj (.text:__pproc_fflags)
                  c00550e0    00000140     ti.pspiom.platforms.codec.a674 : Aic31.obj (.text:_aic31MdDeleteChan)
                  c0055220    00000140     rts6740.lib : fputc.obj (.text:_fputc)
                  c0055360    00000140                 : lowlev.obj (.text:_getdevice)
                  c00554a0    00000140     ti.pspiom.mcasp.a674 : Mcasp.obj (.text:_mcaspMdSubmitChan)
                  c00555e0    00000140                          : Mcasp_ioctl.obj (.text:_mcaspSetSamplingRate)
                  c0055720    00000140     audioSample_main.obj (.text)
                  c0055860    00000140     pwrm.a674 : pwrm_reg.o674 (.text)
                  c00559a0    00000120     ti.pspiom.i2c.a674 : I2c.obj (.text:_I2cConfigureNewClkSettings)
                  c0055ac0    00000120                        : I2c_edma.obj (.text:_I2c_localEdmaChanRequest)
                  c0055be0    00000120     ti.pspiom.mcasp.a674 : Mcasp.obj (.text:_Mcasp_init)
                  c0055d00    00000120                          : Mcasp.obj (.text:_Mcasp_localIsrSwiFxn)
                  c0055e20    00000120     rts6740.lib : fclose.obj (.text:_fclose)
                  c0055f40    00000120     ti.pspiom.i2c.a674 : I2c.obj (.text:_i2cWaitForBB)
                  c0056060    00000120     ti.pspiom.mcasp.a674 : Mcasp_ioctl.obj (.text:_mcaspActivateClkRcvXmt)
                  c0056180    00000120                          : Mcasp.obj (.text:_mcaspBitRemoveGblRCtl)
                  c00562a0    00000120                          : Mcasp.obj (.text:_mcaspBitSetGblCtl)
                  c00563c0    00000100     rts6740.lib : trgdrv.obj (.text:_HOSTlseek)
                  c00564c0    00000100     ti.pspiom.i2c.a674 : I2c.obj (.text:_I2c_localLpscOff)
                  c00565c0    00000100                        : I2c.obj (.text:_I2c_restoreContext)
                  c00566c0    00000100                        : I2c_edma.obj (.text:_I2c_txCallback)
                  c00567c0    00000100     ti.pspiom.mcasp.a674 : Mcasp.obj (.text:_Mcasp_localSmSet)
                  c00568c0    00000100     rts6740.lib : _printfi.obj (.text:__ltostr)
                  c00569c0    00000100                 : _io_perm.obj (.text:__wrt_ok)
                  c0056ac0    00000100     ti.pspiom.platforms.codec.a674 : Aic31.obj (.text:_aic31MdBindDev)
                  c0056bc0    00000100                                    : Aic31.obj (.text:_aic31SelectInputSource)
                  c0056cc0    00000100     rts6740.lib : sinit.obj (.text:_call_dtors)
                  c0056dc0    00000100                 : fflush.obj (.text:_fflush)
                  c0056ec0    00000100     ti.pspiom.mcasp.a674 : Mcasp.obj (.text:_mcaspMdControlChan)
                  c0056fc0    00000100     pmi_ctl_evm6748.a674 : pmi_volt6748evm.o674 (.text)
                  c00570c0    00000100     pwrm.a674 : pwrm_regcst.o674 (.text)
                  c00571c0    000000e0     rts6740.lib : trgdrv.obj (.text:_HOSTopen)
                  c00572a0    000000e0     ti.pspiom.i2c.a674 : I2c_edma.obj (.text:_I2c_rxCallback)
                  c0057380    000000e0     ti.pspiom.mcasp.a674 : Mcasp.obj (.text:_Mcasp_localCancelAndAbortAllIo)
                  c0057460    000000e0     rts6740.lib : divi.obj (.text:__divi)
                  c0057540    000000e0                 : strasg.obj (.text:__strasgi)
                  c0057620    000000e0     ti.pspiom.platforms.codec.a674 : Aic31.obj (.text:_aic31RegWriteBf)
                  c0057700    000000e0     rts6740.lib : atoi.obj (.text:_atoi)
                  c00577e0    000000e0     ti.pspiom.platforms.evm6748.audio.a674 : Audio.obj (.text:_audioMdControlChan)
                  c00578c0    000000e0                                            : Audio.obj (.text:_audioMdDeleteChan)
                  c00579a0    000000e0     rts6740.lib : lowlev.obj (.text:_close)
                  c0057a80    000000e0     ti.pspiom.mcasp.a674 : Mcasp_ioctl.obj (.text:_mcaspActivateRcvClkSer)
                  c0057b60    000000e0                          : Mcasp_ioctl.obj (.text:_mcaspActivateXmtClkSer)
                  c0057c40    000000e0                          : Mcasp.obj (.text:_mcaspRegisterInt)
                  c0057d20    000000e0                          : Mcasp.obj (.text:_mcaspValidateBufferConfig)
                  c0057e00    000000e0                          : Mcasp.obj (.text:_mcaspWriteChanStatRam)
                  c0057ee0    000000e0                          : Mcasp.obj (.text:_mcaspWriteUserDataRam)
                  c0057fc0    000000e0     rts6740.lib : memset.obj (.text:_memset)
                  c00580a0    000000e0     bios6748.a674 : _pwrm_initcounts.o674 (.text)
                  c0058180    000000c0     rts6740.lib : trgdrv.obj (.text:_HOSTread)
                  c0058240    000000c0                 : trgdrv.obj (.text:_HOSTunlink)
                  c0058300    000000c0                 : trgdrv.obj (.text:_HOSTwrite)
                  c00583c0    000000c0     ti.pspiom.i2c.a674 : I2c.obj (.text:_I2cRegisterNotification)
                  c0058480    000000c0                        : I2c.obj (.text:_I2c_localGetNextChannel)
                  c0058540    000000c0                        : I2c.obj (.text:_I2c_saveContext)
                  c0058600    000000c0     ti.pspiom.mcasp.a674 : Mcasp.obj (.text:_Mcasp_localCompleteCurrentIo)
                  c00586c0    000000c0                          : Mcasp.obj (.text:_Mcasp_localEdmaProcessPkt)
                  c0058780    000000c0     rts6740.lib : fopen.obj (.text:__cleanup)
                  c0058840    000000c0                 : _printfi.obj (.text:__div)
                  c0058900    000000c0                 : divu.obj (.text:__divu)
                  c00589c0    000000c0                 : fflush.obj (.text:__doflush)
                  c0058a80    000000c0                 : atexit.obj (.text:_atexit)
                  c0058b40    000000c0                 : fseek.obj (.text:_fseek)
                  c0058c00    000000c0                 : lowlev.obj (.text:_lseek)
                  c0058cc0    000000c0                 : ltoa.obj (.text:_ltoa)
                  c0058d80    000000c0     ti.pspiom.mcasp.a674 : Mcasp.obj (.text:_mcaspInit)
                  c0058e40    000000c0                          : Mcasp.obj (.text:_mcaspUnRegisterInt)
                  c0058f00    000000c0     rts6740.lib : lowlev.obj (.text:_write)
                  c0058fc0    000000c0     bios.a674 : tsk_stup.o674 (.text)
                  c0059080    000000c0     pwrm.a674 : pwrm_spi674.o674 (.text)
                  c0059140    000000a0     ti.pspiom.platforms.evm6748.audio.a674 : Audio.obj (.text:_Audio_init)
                  c00591e0    000000a0     rts6740.lib : trgdrv.obj (.text:_HOSTclose)
                  c0059280    000000a0                 : trgdrv.obj (.text:_HOSTtime)
                  c0059320    000000a0     ti.pspiom.i2c.a674 : I2c.obj (.text:_I2cConfigureNewVfSettings)
                  c00593c0    000000a0                        : I2c.obj (.text:_I2cUnregisterConstraints)
                  c0059460    000000a0                        : I2c.obj (.text:_I2cUnregisterNotification)
                  c0059500    000000a0                        : I2c.obj (.text:_I2c_init)
                  c00595a0    000000a0     ti.pspiom.mcasp.a674 : Mcasp.obj (.text:_Mcasp_localResetXmt)
                  c0059640    000000a0     rts6740.lib : imath40.obj (.text:__divli)
                  c00596e0    000000a0                 : _printfi.obj (.text:__ecpy)
                  c0059780    000000a0                 : _printfi.obj (.text:__fcpy)
                  c0059820    000000a0                 : fixdli.obj (.text:__fixdli)
                  c00598c0    000000a0                 : _printfi.obj (.text:__pconv_f)
                  c0059960    000000a0                 : remu.obj (.text:__remu)
                  c0059a00    000000a0                 : lowlev.obj (.text:_finddevice)
                  c0059aa0    000000a0     ti.pspiom.mcasp.a674 : Mcasp.obj (.text:_mcaspConfigureFifo)
                  c0059b40    000000a0                          : Mcasp.obj (.text:_mcaspConfigureXmtChannel)
                  c0059be0    000000a0                          : Mcasp.obj (.text:_mcaspMdUnBindDev)
                  c0059c80    000000a0                          : Mcasp_ioctl.obj (.text:_mcaspReadXmtConfig)
                  c0059d20    000000a0     rts6740.lib : memcpy64.obj (.text:_memcpy)
                  c0059dc0    000000a0     bios6748.a674 : pwrm_get674.o674 (.text)
                  c0059e60    000000a0     pwrm.a674 : pwrm.o674 (.text)
                  c0059f00    000000a0               : pwrm_urgcst.o674 (.text)
                  c0059fa0    00000080     ti.pspiom.mcasp.a674 : Mcasp.obj (.text:_Mcasp_localActivateSmFsForBoth)
                  c005a020    00000080     rts6740.lib : fixdu.obj (.text:__fixdu)
                  c005a0a0    00000080                 : fltlid.obj (.text:__fltlid)
                  c005a120    00000080                 : llshift.obj (.text:__llshl)
                  c005a1a0    00000080     ti.pspiom.platforms.evm6748.evmInit.a674 : audio_evmInit.obj (.text:_configureAudio)
                  c005a220    00000080     rts6740.lib : fprintf.obj (.text:_fprintf)
                  c005a2a0    00000080     ti.pspiom.i2c.a674 : I2c.obj (.text:_i2cCalculateClockSettings)
                  c005a320    00000080                        : I2c.obj (.text:_i2cRegisterIntrHandler)
                  c005a3a0    00000080     ti.pspiom.mcasp.a674 : Mcasp.obj (.text:_mcaspMultiSerInitializationRcv)
                  c005a420    00000080                          : Mcasp.obj (.text:_mcaspMultiSerInitializationXmt)
                  c005a4a0    00000080                          : Mcasp_ioctl.obj (.text:_mcaspReadRcvConfig)
                  c005a520    00000080     rts6740.lib : printf.obj (.text:_printf)
                  c005a5a0    00000080                 : trgmsg.obj (.text:_readmsg)
                  c005a620    00000080                 : lowlev.obj (.text:_unlink)
                  c005a6a0    00000080     pwrm.a674 : pwrm_gsp674.o674 (.text)
                  c005a720    00000080               : pwrm_nsp674.o674 (.text)
                  c005a7a0    00000060     ti.pspiom.platforms.codec.a674 : Aic31.obj (.text:_Aic31_init)
                  c005a800    00000060     ti.pspiom.mcasp.a674 : Mcasp_ioctl.obj (.text:_Mcasp_localAbortRequests)
                  c005a860    00000060                          : Mcasp.obj (.text:_Mcasp_localActivateSmFsForRcv)
                  c005a8c0    00000060                          : Mcasp.obj (.text:_Mcasp_localActivateSmFsForXmt)
                  c005a920    00000060                          : Mcasp.obj (.text:_Mcasp_localResetRcv)
                  c005a980    00000060     rts6740.lib : assert.obj (.text:__abort_msg)
                  c005a9e0    00000060                 : imath64.obj (.text:__subcull)
                  c005aa40    00000060     ti.pspiom.platforms.codec.a674 : Aic31.obj (.text:_aic31CtrlBusRead)
                  c005aaa0    00000060                                    : Aic31.obj (.text:_aic31CtrlBusWrite)
                  c005ab00    00000060     ti.pspiom.platforms.evm6748.audio.a674 : Audio.obj (.text:_audioMdSubmitChan)
                  c005ab60    00000060                                            : Audio.obj (.text:_audioMdUnBindDev)
                  c005abc0    00000060     ti.pspiom.platforms.evm6748.evmInit.a674 : audio_evmInit.obj (.text:_audioUserI2cInit)
                  c005ac20    00000060     ti.pspiom.mcasp.a674 : Mcasp_ioctl.obj (.text:_mcaspDeviceInfoGet)
                  c005ac80    00000060                          : Mcasp.obj (.text:_mcaspIsRequestedSerzsFree)
                  c005ace0    00000060                          : Mcasp.obj (.text:_mcaspMultiSerGlobalRestore)
                  c005ad40    00000060                          : Mcasp.obj (.text:_mcaspSetDitMode)
                  c005ada0    00000060                          : Mcasp.obj (.text:_mcaspSetSerRcv)
                  c005ae00    00000060                          : Mcasp.obj (.text:_mcaspSetSerXmt)
                  c005ae60    00000060     rts6740.lib : memccpy.obj (.text:_memccpy)
                  c005aec0    00000060                 : trgmsg.obj (.text:_writemsg)
                  c005af20    00000060     pmi.a674 : pmi_init.o674 (.text)
                  c005af80    00000060     pwrm.a674 : pwrm_urg.o674 (.text)
                  c005afe0    00000040     ti.pspiom.i2c.a674 : I2c.obj (.text:_I2cSuspendCurrentIops)
                  c005b020    00000040     rts6740.lib : sinit.obj (.text:___add_dtor)
                  c005b060    00000040                 : isinf.obj (.text:___isinf)
                  c005b0a0    00000040                 : _printfi.obj (.text:___isnan)
                  c005b0e0    00000040                 : frcmpyd_div.obj (.text:__frcmpyd_div)
                  c005b120    00000040                 : llshift.obj (.text:__llshru)
                  c005b160    00000040                 : imath40.obj (.text:__remli)
                  c005b1a0    00000040                 : strasg.obj (.text:__strasgi_64plus)
                  c005b1e0    00000040     ti.pspiom.platforms.codec.a674 : Aic31.obj (.text:_aic31MdUnBindDev)
                  c005b220    00000040                                    : Aic31.obj (.text:_aic31RegRead)
                  c005b260    00000040                                    : Aic31.obj (.text:_aic31RegWrite)
                  c005b2a0    00000040     ti.pspiom.mcasp.a674 : Mcasp_ioctl.obj (.text:_mcaspGetSerMode)
                  c005b2e0    00000040                          : Mcasp_ioctl.obj (.text:_mcaspGetSerRcvReady)
                  c005b320    00000040                          : Mcasp_ioctl.obj (.text:_mcaspGetSerXmtReady)
                  c005b360    00000040                          : Mcasp_ioctl.obj (.text:_mcaspGetSmFsRcv)
                  c005b3a0    00000040                          : Mcasp_ioctl.obj (.text:_mcaspGetSmFsXmt)
                  c005b3e0    00000040     rts6740.lib : time.obj (.text:_time)
                  c005b420    00000040     drivers.a674 : dio.o674 (.text)
                  c005b460    00000020     ti.pspiom.mcasp.a674 : Mcasp.obj (.text:_Mcasp_localGetNextIndex)
                  c005b480    00000020     rts6740.lib : negll.obj (.text:__negll)
                  c005b4a0    00000020                 : _lock.obj (.text:__nop)
                  c005b4c0    00000020                 : fprintf.obj (.text:__outc)
                  c005b4e0    00000020                 : printf.obj (.text:__outc)
                  c005b500    00000020                 : fprintf.obj (.text:__outs)
                  c005b520    00000020                 : printf.obj (.text:__outs)
                  c005b540    00000020                 : _lock.obj (.text:__register_lock)
                  c005b560    00000020                 : _lock.obj (.text:__register_unlock)
                  c005b580    00000020                 : exit.obj (.text:_abort)
                  c005b5a0    00000020     ti.pspiom.platforms.codec.a674 : Aic31.obj (.text:_aic31CallBack)
                  c005b5c0    00000020                                    : Aic31.obj (.text:_aic31MdSubmitChan)
                  c005b5e0    00000020     ti.pspiom.mcasp.a674 : Mcasp.obj (.text:_mcaspIsr)
                  c005b600    00000020     rts6740.lib : remove.obj (.text:_remove)
                  c005b620    00000020     bios.a674 : que_get.o674 ($Tramp$S$$_QUE_get)
                  c005b640    00000020               : que_get.o674 ($Tramp$S$$_QUE_put)
                  c005b660    00000020     pmi_ctl_evm6748.a674 : pmi_volt6748evm.o674 ($Tramp$S$$_PMI_setVoltage)
                  c005b680    00000020                          : pmi_volt6748evm.o674 ($Tramp$S$$_PMI_getVoltage)
                  c005b6a0    00000020     bios6748.a674 : bcache_block.o674 ($Tramp$S$$_BCACHE_wb)
                  c005b6c0    00000020     bios.a674 : ecm_enableEvent.o674 ($Tramp$S$$_ECM_enableEvent)
                  c005b6e0    00000020     pmi.a674 : pmi_pll.o674 ($Tramp$S$$_PMI_bypassPLL)
                  c005b700    00000020              : pmi_relock1.o674 ($Tramp$S$$_PMI_waitCpuCycles)
                  c005b720    00000020              : pmi_onchip.o674 ($Tramp$S$$_PMI_goRelockPLL1)
                  c005b740    00000020     bios.a674 : swi_crea.o674 ($Tramp$S$$_SWI_create)
                  c005b760    00000020               : hwi_c.o674 ($Tramp$S$$_HWI_disable)
                  c005b780    00000020               : ecm_disableEvent.o674 ($Tramp$S$$_ECM_disableEvent)
                  c005b7a0    00000020               : hwi_c.o674 ($Tramp$S$$_HWI_restore)
                  c005b7c0    00000020               : ecm_dispatchPlug.o674 ($Tramp$S$$_ECM_dispatchPlug)
                  c005b7e0    00000020               : c62_c.o674 ($Tramp$S$$_C64_enableIER)
                  c005b800    00000010     sioboth.a674 : sio_crea.o674 ($Tramp$S$$_SIO_create)
                  c005b810    00000010     bios.a674 : log_printf.o674 ($Tramp$S$$_LOG_printf)
                  c005b820    00000010               : mem_vall.o674 ($Tramp$S$$_MEM_valloc)
                  c005b830    00000010     sioboth.a674 : sio_issu.o674 ($Tramp$S$$_SIO_issue)
                  c005b840    00000010                  : sio_recl.o674 ($Tramp$S$$_SIO_reclaim)
                  c005b850    00000010     bios.a674 : malloc.o674 ($Tramp$S$$_free)
                  c005b860    00000020     bios6748.a674 : clk_gethtime.o674 ($Tramp$S$$_CLK_gethtime)
                  c005b880    00000020     bios.a674 : dev_matc.o674 ($Tramp$S$$_DEV_match)
                  c005b8a0    00000020               : sem_pend_counting.o674 ($Tramp$S$$_SEM_pend)
                  c005b8c0    00000020               : sem_post_asm.o674 ($Tramp$S$$_SEM_post)
                  c005b8e0    00000020               : sem_dele.o674 ($Tramp$S$$_SEM_delete)
                  c005b900    00000020               : sem_crea.o674 ($Tramp$S$$_SEM_create)
                  c005b920    00000020               : tsk_disa.o674 ($Tramp$S$$_TSK_enable)
                  c005b940    00000020               : tsk_disa.o674 ($Tramp$S$$_TSK_disable)
                  c005b960    00000020     bios6748.a674 : bcache_block.o674 ($Tramp$S$$_BCACHE_inv)
                  c005b980    00000020                   : bcache_block.o674 ($Tramp$S$$_BCACHE_wbInv)
                  c005b9a0    00000020     bios.a674 : mem_free.o674 ($Tramp$S$$_MEM_free)
                  c005b9c0    00000020               : mem_vall.o674 ($Tramp$S$$_MEM_valloc)
                  c005b9e0    00000020               : swi_disable.o674 ($Tramp$S$$_SWI_disable)
                  c005ba00    00000020     pmi.a674 : pmi_ms.o674 ($Tramp$S$$_PMI_setModuleState)
                  c005ba20    00000020              : pmi_ms.o674 ($Tramp$S$$_PMI_getModuleState)
                  c005ba40    00000020     bios.a674 : swi_disable.o674 ($Tramp$S$$_SWI_enable)
                  c005ba60    00000010               : malloc.o674 ($Tramp$S$$_malloc)
                  c005ba70    00000010     --HOLE-- [fill = 0]
                  c005ba80    00000020               : sys_prin.o674 ($Tramp$S$$_SYS_printf)
                  c005baa0    00000020     pmi_ctl_evm6748.a674 : pmi_i2c.o674 ($Tramp$S$$_PMI_initI2C)
                  c005bac0    00000020                          : pmi_i2c.o674 ($Tramp$S$$_PMI_writeI2C)
                  c005bae0    00000020                          : pmi_i2c.o674 ($Tramp$S$$_PMI_readI2C)
                  c005bb00    00000020     bios.a674 : lck.o674 ($Tramp$S$$_LCK_post)
                  c005bb20    00000020               : lck.o674 ($Tramp$S$$_LCK_pend)
                  c005bb40    00000020               : sys_abor.o674 ($Tramp$S$$_SYS_abort)
                  c005bb60    00000020               : atm.o674 ($Tramp$S$$_ATM_deci)
                  c005bb80    00000020               : swi.o674 ($Tramp$S$$_SWI_post)

.bios      0    c005bba0    00005bc0     
                  c005bba0    00000780     bios.a674 : sys_prin.o674 (.bios)
                  c005c320    000005c0     lnkrtdx.a674 : rtdx.o674 (.bios)
                  c005c8e0    00000580     bios.a674 : exc.o674 (.bios)
                  c005ce60    000004e0               : hwi_disp_asm.o674 (.bios)
                  c005d340    000004c0               : swi.o674 (.bios)
                  c005d800    00000380               : prd.o674 (.bios)
                  c005db80    00000320     sioboth.a674 : sio_crea.o674 (.bios)
                  c005dea0    00000280     bios.a674 : malloc.o674 (.bios)
                  c005e120    00000280               : rta.o674 (.bios)
                  c005e3a0    00000240               : knl_run.o674 (.bios)
                  c005e5e0    00000200               : mem_allo.o674 (.bios:.near)
                  c005e7e0    00000200               : knl_tick.o674 (.bios)
                  c005e9e0    000001e0               : mem_free.o674 (.bios:.near)
                  c005ebc0    000001e0               : exc_asm.o674 (.bios)
                  c005eda0    000001e0               : pip.o674 (.bios)
                  c005ef80    000001e0               : sem_pend.o674 (.bios)
                  c005f160    000001e0     sioboth.a674 : sio_dele.o674 (.bios)
                  c005f340    000001a0     bios.a674 : sem_dopo.o674 (.bios)
                  c005f4e0    000001a0               : tsk_setu.o674 (.bios)
                  c005f680    000001a0     bios6748.a674 : clk.o674 (.bios)
                  c005f820    00000180     bios.a674 : knl_swit.o674 (.bios)
                  c005f9a0    00000180     bios6748.a674 : bcache_block.o674 (.bios)
                  c005fb20    00000140     bios.a674 : autoinit.o674 (.bios)
                  c005fc60    00000140               : tsk_exit.o674 (.bios)
                  c005fda0    00000140     bios6748.a674 : bcache_init.o674 (.bios)
                  c005fee0    00000120     bios.a674 : gbl_cacheinit64P.o674 (.bios)
                  c0060000    00000120               : knl_chec.o674 (.bios)
                  c0060120    00000120               : tsk_stup.o674 (.bios)
                  c0060240    00000100               : ecm_dispatch.o674 (.bios)
                  c0060340    000000e0               : sem_post_asm.o674 (.bios)
                  c0060420    000000c0               : dev_matc.o674 (.bios)
                  c00604e0    000000c0               : knl_exit.o674 (.bios)
                  c00605a0    000000c0     sioboth.a674 : sio_recl.o674 (.bios)
                  c0060660    000000a0     bios.a674 : dev_mkfr.o674 (.bios)
                  c0060700    000000a0               : obj_crea.o674 (.bios)
                  c00607a0    000000a0               : sem_post.o674 (.bios)
                  c0060840    000000a0               : swi_seta.o674 (.bios)
                  c00608e0    000000a0               : sys_exit.o674 (.bios)
                  c0060980    000000a0     log8.a674 : log_ts.o674 (.bios)
                  c0060a20    00000080     bios.a674 : atm.o674 (.bios)
                  c0060aa0    00000080               : knl_ipos.o674 (.bios)
                  c0060b20    00000080               : knl_post.o674 (.bios)
                  c0060ba0    00000080               : lck.o674 (.bios)
                  c0060c20    00000080               : sem_crea.o674 (.bios)
                  c0060ca0    00000080               : swi_crea.o674 (.bios)
                  c0060d20    00000080               : tsk_disa.o674 (.bios)
                  c0060da0    00000080     bios6748.a674 : bcache_wait.o674 (.bios)
                  c0060e20    00000080                   : idl_cal.o674 (.bios)
                  c0060ea0    00000080     sioboth.a674 : sio_issu.o674 (.bios)
                  c0060f20    00000060     bios.a674 : mem_vall.o674 (.bios:.near)
                  c0060f80    00000060               : sys_erro.o674 (.bios:.near)
                  c0060fe0    00000060               : dev_rmfr.o674 (.bios)
                  c0061040    00000060               : fxn.o674 (.bios)
                  c00610a0    00000060               : hwi_c.o674 (.bios)
                  c0061100    00000060               : idl_busy.o674 (.bios)
                  c0061160    00000060               : obj_dele.o674 (.bios)
                  c00611c0    00000060               : sem_pend_counting.o674 (.bios)
                  c0061220    00000060               : sts.o674 (.bios)
                  c0061280    00000060               : swi_disable.o674 (.bios)
                  c00612e0    00000060               : sys_abor.o674 (.bios)
                  c0061340    00000060     bios6748.a674 : clk_meas.o674 (.bios)
                  c00613a0    00000040     bios.a674 : c62_c.o674 (.bios)
                  c00613e0    00000040               : ecm_disableEvent.o674 (.bios)
                  c0061420    00000040               : ecm_dispatchPlug.o674 (.bios)
                  c0061460    00000040               : ecm_enableEvent.o674 (.bios)
                  c00614a0    00000040               : idl_stub.o674 (.bios)
                  c00614e0    00000040               : que_crea.o674 (.bios)
                  c0061520    00000040               : que_get.o674 (.bios)
                  c0061560    00000040               : rta_andn.o674 (.bios)
                  c00615a0    00000040               : utl_doab.o674 (.bios)
                  c00615e0    00000040               : utl_putc.o674 (.bios)
                  c0061620    00000020               : fxn_c.o674 (.bios)
                  c0061640    00000020               : gbl_vers.o674 (.bios)
                  c0061660    00000020               : idl.o674 (.bios)
                  c0061680    00000020               : log_printf.o674 (.bios)
                  c00616a0    00000020               : sem_dele.o674 (.bios)
                  c00616c0    00000020               : sts_set.o674 (.bios)
                  c00616e0    00000020               : sys_one.o674 (.bios)
                  c0061700    00000020               : utl_doer.o674 (.bios)
                  c0061720    00000020               : utl_halt.o674 (.bios)
                  c0061740    00000020     bios6748.a674 : clk_gethtime.o674 (.bios)

.rtdx_text 
*          0    c0061760    00000fc0     
                  c0061760    000002a0     rtdx64xplus.lib : rtdx_mon.o64P (.rtdx_text:_HSRTDX_rec)
                  c0061a00    00000260                     : buffer1.o64P (.rtdx_text:_RTDX_Buffer_WriteCB)
                  c0061c60    00000260                     : buffer1.o64P (.rtdx_text:_RTDX_write_next)
                  c0061ec0    000001a0                     : rtdx_mon.o64P (.rtdx_text:_HSRTDX_xmt)
                  c0062060    00000160                     : rtdx_mon.o64P (.rtdx_text:_RTDX_Send_To_Host)
                  c00621c0    000000e0                     : rtdx_mon.o64P (.rtdx_text:_RTDX_Mon_Queue)
                  c00622a0    000000e0                     : buffer1.o64P (.rtdx_text:_claim)
                  c0062380    000000a0                     : rtdx_mon.o64P (.rtdx_text:_RTDX_GetH2THeader)
                  c0062420    000000a0                     : rtdx_mon.o64P (.rtdx_text:_RTDX_Poll)
                  c00624c0    00000080                     : rtdx_mon.o64P (.rtdx_text:_RTDX_Final_RT_Monitor)
                  c0062540    00000060                     : buffer1.o64P (.rtdx_text:_RTDX_Buffer_Initialize)
                  c00625a0    00000060                     : rtdx_mon.o64P (.rtdx_text:_RTDX_Init_RT_Monitor)
                  c0062600    00000040                     : buffer2.o64P (.rtdx_text:_RTDX_Buffer_ReadCB)
                  c0062640    00000040                     : buffer1.o64P (.rtdx_text:_RTDX_Buffer_Size)
                  c0062680    00000040                     : memfill.o64P (.rtdx_text:_RTDX_memfill)
                  c00626c0    00000020                     : buffer2.o64P (.rtdx_text:_RTDX_Buffer_Read)
                  c00626e0    00000020                     : buffer1.o64P (.rtdx_text:_RTDX_Buffer_Write)
                  c0062700    00000020                     : intr_tgt.o64P (.rtdx_text)

.sysinit   0    c0062720    00000800     
                  c0062720    00000400     audioSamplecfg.obj (.sysinit)
                  c0062b20    00000100     bios.a674 : dev_init.o674 (.sysinit)
                  c0062c20    00000100     pwrm.a674 : pwrm_ini.o674 (.sysinit)
                  c0062d20    000000c0     bios.a674 : boot.o674 (.sysinit)
                  c0062de0    000000c0               : mem_init.o674 (.sysinit)
                  c0062ea0    00000060               : tsk_init.o674 (.sysinit)
                  c0062f00    00000020     drivers.a674 : dio.o674 (.sysinit)

.hwi_vec   0    c0063000    00000200     
                  c0063000    00000200     audioSamplecfg.obj (.hwi_vec)


FAR CALL TRAMPOLINES

callee name               trampoline name
   callee addr  tramp addr   call addr  call info
--------------  -----------  ---------  ----------------
$.bios:bios.a674<que_get.o674>$0x0  $Tramp$S$$_QUE_get
   c0061520     c005b620     c003a1d4   ti.pspiom.mcasp.a674 : Mcasp_ioctl.obj (.text:_Mcasp_localSubmitIoctl)
                             c003a494                        : Mcasp_ioctl.obj (.text:_Mcasp_localSubmitIoctl)
                             c0045278                        : Mcasp_edma.obj (.text:_Mcasp_localEdmaCallback)
                             c004532c                        : Mcasp_edma.obj (.text:_Mcasp_localEdmaCallback)
                             c00453b8                        : Mcasp_edma.obj (.text:_Mcasp_localEdmaCallback)
                             c0045458                        : Mcasp_edma.obj (.text:_Mcasp_localEdmaCallback)
                             c00454c4                        : Mcasp_edma.obj (.text:_Mcasp_localEdmaCallback)
                             c0048494                        : Mcasp.obj (.text:_Mcasp_localAbortReset)
                             c0048554                        : Mcasp.obj (.text:_Mcasp_localAbortReset)
                             c0048588                        : Mcasp.obj (.text:_Mcasp_localAbortReset)
                             c0048604                        : Mcasp.obj (.text:_Mcasp_localAbortReset)
                             c00496ac   ti.pspiom.i2c.a674 : I2c_edma.obj (.text:_I2c_completeIOedmaCallback)
                             c004c280                      : I2c.obj (.text:_i2cCompleteIOInIsr)
                             c004fbf4   drivers.a674 : dio_tsk.o674 (.text)
                             c0053250   ti.pspiom.i2c.a674 : I2c.obj (.text:_I2c_loadPendedIops)
                             c0054d74   ti.pspiom.mcasp.a674 : Mcasp_edma.obj (.text:_Mcasp_localIsValidPacket)
$.bios:bios.a674<que_get.o674>$0x28  $Tramp$S$$_QUE_put
   c0061548     c005b640     c003a1f8   ti.pspiom.mcasp.a674 : Mcasp_ioctl.obj (.text:_Mcasp_localSubmitIoctl)
                             c003a4b8                        : Mcasp_ioctl.obj (.text:_Mcasp_localSubmitIoctl)
                             c0045330                        : Mcasp_edma.obj (.text:_Mcasp_localEdmaCallback)
                             c0045340                        : Mcasp_edma.obj (.text:_Mcasp_localEdmaCallback)
                             c00453bc                        : Mcasp_edma.obj (.text:_Mcasp_localEdmaCallback)
                             c00453c8                        : Mcasp_edma.obj (.text:_Mcasp_localEdmaCallback)
                             c004545c                        : Mcasp_edma.obj (.text:_Mcasp_localEdmaCallback)
                             c0045468                        : Mcasp_edma.obj (.text:_Mcasp_localEdmaCallback)
                             c0045848                        : Mcasp_edma.obj (.text:_Mcasp_localEdmaCallback)
                             c0045854                        : Mcasp_edma.obj (.text:_Mcasp_localEdmaCallback)
                             c004aff4   ti.pspiom.i2c.a674 : I2c.obj (.text:_i2cMdSubmitChan)
                             c004fc5c   drivers.a674 : dio_tsk.o674 (.text)
                             c004fda0                : dio_tsk.o674 (.text)
                             c0052e04   ti.pspiom.mcasp.a674 : Mcasp.obj (.text:_mcaspSubmitReq)
                             c0052e2c                        : Mcasp.obj (.text:_mcaspSubmitReq)
                             c0054de0                        : Mcasp_edma.obj (.text:_Mcasp_localIsValidPacket)
                             c0055924   pwrm.a674 : pwrm_reg.o674 (.text)
                             c0057148             : pwrm_regcst.o674 (.text)
$.pmonchip:slp:pmi_ctl_evm6748.a674<pmi_volt6748evm.o674>$0x0  $Tramp$S$$_PMI_setVoltage
   11830680     c005b660     c003e874   pscl.a674 : pscl.o674 (.text)
                             c003e8ec             : pscl.o674 (.text)
$.pmonchip:slp:pmi_ctl_evm6748.a674<pmi_volt6748evm.o674>$0x104  $Tramp$S$$_PMI_getVoltage
   11830784     c005b680     c003f118   pscl.a674 : pscl.o674 (.text)
$.bios:bios6748.a674<bcache_block.o674>$0x144  $Tramp$S$$_BCACHE_wb
   c005fae4     c005b6a0     c003f4d8   ti.pspiom.mcasp.a674 : Mcasp.obj (.text:_mcaspMdCreateChan)
                             c003f508                        : Mcasp.obj (.text:_mcaspMdCreateChan)
                             c003f534                        : Mcasp.obj (.text:_mcaspMdCreateChan)
                             c004c7d0   edma3_drv_bios_sample.lib : bios_edma3_drv_sample_cs_multi_edma.obj (.text)
                             c0052d4c   ti.pspiom.mcasp.a674 : Mcasp.obj (.text:_mcaspSubmitReq)
$.bios:bios.a674<ecm_enableEvent.o674>$0x0  $Tramp$S$$_ECM_enableEvent
   c0061460     c005b6c0     c003fbe4   ti.pspiom.mcasp.a674 : Mcasp.obj (.text:_mcaspMdCreateChan)
                             c003fbfc                        : Mcasp.obj (.text:_mcaspMdCreateChan)
                             c003fc40                        : Mcasp.obj (.text:_mcaspMdCreateChan)
                             c003fc84                        : Mcasp.obj (.text:_mcaspMdCreateChan)
                             c00479ec   edma3_drv_bios_sample.lib : bios_edma3_drv_sample_init_multi_edma.obj (.text)
                             c0047a1c                             : bios_edma3_drv_sample_init_multi_edma.obj (.text)
                             c0047a80                             : bios_edma3_drv_sample_init_multi_edma.obj (.text)
                             c004c618                             : bios_edma3_drv_sample_cs_multi_edma.obj (.text)
                             c004c634                             : bios_edma3_drv_sample_cs_multi_edma.obj (.text)
                             c004c648                             : bios_edma3_drv_sample_cs_multi_edma.obj (.text)
                             c0053694   ti.pspiom.mcasp.a674 : Mcasp.obj (.text:_mcaspBitSetGblRCtl)
                             c0053844                        : Mcasp.obj (.text:_mcaspBitSetGblXCtl)
                             c005a360   ti.pspiom.i2c.a674 : I2c.obj (.text:_i2cRegisterIntrHandler)
$.pmonchip:slp:pmi.a674<pmi_pll.o674>$0x0  $Tramp$S$$_PMI_bypassPLL
   11830ae0     c005b6e0     c0043e60   pmi.a674 : pmi_pll.o674 (.text)
                             c0043e8c            : pmi_pll.o674 (.text)
                             c00441b8            : pmi_pll.o674 (.text)
                             c0044238            : pmi_pll.o674 (.text)
$.pmonchip:pmi.a674<pmi_relock1.o674>$0x0  $Tramp$S$$_PMI_waitCpuCycles
   11830380     c005b700     c00440d4   pmi.a674 : pmi_pll.o674 (.text)
                             c0044268            : pmi_pll.o674 (.text)
$.pmonchip:pmi.a674<pmi_onchip.o674>$0x0  $Tramp$S$$_PMI_goRelockPLL1
   118309a0     c005b720     c00442b0   pmi.a674 : pmi_pll.o674 (.text)
$.bios:bios.a674<swi_crea.o674>$0x0  $Tramp$S$$_SWI_create
   c0060ca0     c005b740     c0046338   ti.pspiom.mcasp.a674 : Mcasp.obj (.text:_mcaspMdBindDev)
$.bios:bios.a674<hwi_c.o674>$0x0  $Tramp$S$$_HWI_disable
   c00610a0     c005b760     c00478e8   edma3_drv_bios_sample.lib : bios_edma3_drv_sample_init_multi_edma.obj (.text)
                             c00479b0                             : bios_edma3_drv_sample_init_multi_edma.obj (.text)
                             c004c768                             : bios_edma3_drv_sample_cs_multi_edma.obj (.text)
$.bios:bios.a674<ecm_disableEvent.o674>$0x0  $Tramp$S$$_ECM_disableEvent
   c00613e0     c005b780     c00478f8   edma3_drv_bios_sample.lib : bios_edma3_drv_sample_init_multi_edma.obj (.text)
                             c0047910                             : bios_edma3_drv_sample_init_multi_edma.obj (.text)
                             c0047940                             : bios_edma3_drv_sample_init_multi_edma.obj (.text)
                             c0047964                             : bios_edma3_drv_sample_init_multi_edma.obj (.text)
                             c004c6f0                             : bios_edma3_drv_sample_cs_multi_edma.obj (.text)
                             c004c720                             : bios_edma3_drv_sample_cs_multi_edma.obj (.text)
                             c004c740                             : bios_edma3_drv_sample_cs_multi_edma.obj (.text)
                             c0051190   ti.pspiom.i2c.a674 : I2c.obj (.text:_i2cMdDeleteChan)
                             c005359c   ti.pspiom.mcasp.a674 : Mcasp.obj (.text:_mcaspBitSetGblRCtl)
                             c005373c                        : Mcasp.obj (.text:_mcaspBitSetGblXCtl)
                             c0058ee0                        : Mcasp.obj (.text:_mcaspUnRegisterInt)
$.bios:bios.a674<hwi_c.o674>$0x2c  $Tramp$S$$_HWI_restore
   c00610cc     c005b7a0     c0047970   edma3_drv_bios_sample.lib : bios_edma3_drv_sample_init_multi_edma.obj (.text)
                             c0047b14                             : bios_edma3_drv_sample_init_multi_edma.obj (.text)
                             c004c658                             : bios_edma3_drv_sample_cs_multi_edma.obj (.text)
$.bios:bios.a674<ecm_dispatchPlug.o674>$0x0  $Tramp$S$$_ECM_dispatchPlug
   c0061420     c005b7c0     c00479dc   edma3_drv_bios_sample.lib : bios_edma3_drv_sample_init_multi_edma.obj (.text)
                             c0047a10                             : bios_edma3_drv_sample_init_multi_edma.obj (.text)
                             c0047a5c                             : bios_edma3_drv_sample_init_multi_edma.obj (.text)
                             c0047aa4                             : bios_edma3_drv_sample_init_multi_edma.obj (.text)
                             c0057cc0   ti.pspiom.mcasp.a674 : Mcasp.obj (.text:_mcaspRegisterInt)
                             c005a350   ti.pspiom.i2c.a674 : I2c.obj (.text:_i2cRegisterIntrHandler)
$.bios:bios.a674<c62_c.o674>$0x18  $Tramp$S$$_C64_enableIER
   c00613b8     c005b7e0     c0047acc   edma3_drv_bios_sample.lib : bios_edma3_drv_sample_init_multi_edma.obj (.text)
                             c0047af0                             : bios_edma3_drv_sample_init_multi_edma.obj (.text)
                             c0047b0c                             : bios_edma3_drv_sample_init_multi_edma.obj (.text)
                             c0057ce4   ti.pspiom.mcasp.a674 : Mcasp.obj (.text:_mcaspRegisterInt)
                             c005a374   ti.pspiom.i2c.a674 : I2c.obj (.text:_i2cRegisterIntrHandler)
$.bios:sioboth.a674<sio_crea.o674>$0x0  $Tramp$S$$_SIO_create
   c005db80     c005b800     c004906c   audioSample_io.obj (.text)
                             c0049098   audioSample_io.obj (.text)
$.bios:bios.a674<log_printf.o674>$0x0  $Tramp$S$$_LOG_printf
   c0061680     c005b810     c00490a0   audioSample_io.obj (.text)
                             c00490d0   audioSample_io.obj (.text)
                             c0049178   audioSample_io.obj (.text)
                             c00491e8   audioSample_io.obj (.text)
                             c0049320   audioSample_io.obj (.text)
                             c0049364   audioSample_io.obj (.text)
                             c00493b4   audioSample_io.obj (.text)
                             c00493f8   audioSample_io.obj (.text)
                             c0055730   audioSample_main.obj (.text)
$.bios:.near:bios.a674<mem_vall.o674>$0x0  $Tramp$S$$_MEM_valloc
   c0060f20     c005b820     c0049150   audioSample_io.obj (.text)
                             c00491ac   audioSample_io.obj (.text)
                             c00491c0   audioSample_io.obj (.text)
                             c0049218   audioSample_io.obj (.text)
$.bios:sioboth.a674<sio_issu.o674>$0x0  $Tramp$S$$_SIO_issue
   c0060ea0     c005b830     c0049228   audioSample_io.obj (.text)
                             c0049254   audioSample_io.obj (.text)
                             c0049268   audioSample_io.obj (.text)
                             c00492a4   audioSample_io.obj (.text)
                             c00493a0   audioSample_io.obj (.text)
                             c00493b8   audioSample_io.obj (.text)
                             c00493d4   audioSample_io.obj (.text)
$.bios:sioboth.a674<sio_recl.o674>$0x0  $Tramp$S$$_SIO_reclaim
   c00605a0     c005b840     c0049300   audioSample_io.obj (.text)
                             c0049324   audioSample_io.obj (.text)
                             c0049340   audioSample_io.obj (.text)
                             c004942c   audioSample_io.obj (.text)
$.bios:bios.a674<malloc.o674>$0x0  $Tramp$S$$_free
   c005dea0     c005b850     c00543a8   rts6740.lib : setvbuf.obj (.text:_setvbuf)
                             c0055e88               : fclose.obj (.text:_fclose)
$.bios:bios6748.a674<clk_gethtime.o674>$0x0  $Tramp$S$$_CLK_gethtime
   c0061740     c005b860     c004b290   ti.pspiom.i2c.a674 : I2c.obj (.text:_i2cPolledModeTransfer)
                             c004b2b4                      : I2c.obj (.text:_i2cPolledModeTransfer)
                             c004b484                      : I2c.obj (.text:_i2cPolledModeTransfer)
$.bios:bios.a674<dev_matc.o674>$0x0  $Tramp$S$$_DEV_match
   c0060420     c005b880     c004be24   ti.pspiom.platforms.codec.a674 : Aic31.obj (.text:_aic31MdCreateChan)
                             c004cbf0   ti.pspiom.platforms.evm6748.audio.a674 : Audio.obj (.text:_audioMdCreateChan)
                             c004cd08                                          : Audio.obj (.text:_audioMdCreateChan)
                             c004cd38                                          : Audio.obj (.text:_audioMdCreateChan)
                             c0052460   drivers.a674 : dio_tskDynamic.o674 (.text)
$.bios:bios.a674<sem_pend_counting.o674>$0x0  $Tramp$S$$_SEM_pend
   c00611c0     c005b8a0     c004c4b4   edma3_drv_bios_sample.lib : bios_edma3_drv_sample_cs_multi_edma.obj (.text)
                             c004d084   ti.pspiom.i2c.a674 : I2c.obj (.text:_i2cTransfer)
                             c004e2f4   ti.pspiom.mcasp.a674 : Mcasp.obj (.text:_Mcasp_localConfigXmtSection)
                             c004faf4                        : Mcasp.obj (.text:_Mcasp_localConfigRcvSection)
                             c004fbac   drivers.a674 : dio_tsk.o674 (.text)
[...]
1183020c   _PMI_waitR1
11830294   _PMI_waitR2
118302d4   _PMI_initI2C
11830380   _PMI_waitCpuCycles
11830398   __PMI_doRelockPLL1
11830680   _PMI_setVoltage
11830784   _PMI_getVoltage
11830820   __PWRM_database
118309a0   _PMI_goRelockPLL1
118309c0   _PMI_tempStore
11830ae0   _PMI_bypassPLL
11830ba0   _PMI_enablePLL
11830be0   _PMI_setModuleState
11830c4c   _PMI_getModuleState
11830cf0   RTA_fromHost$buf
11830d80   _RTDX_Buffer
11831188   _RTDX_Buffer_Start
1183118c   _RTDX_Buffer_End
11831190   _rtdx_mon_state
118311d4   _rtdx_buffer_state
118311e0   _RTDX_writing
118311f8   TSK_idle$stack
11831590   TSK_idle$stkptr
118315f8   _SYS_PUTCBEG
118317f7   _SYS_PUTCEND
118317f8   DIO_dioAudioOUT$obj
11831804   DIO_dioAudioOUT$device
1183181c   DIO_dioAudioIN$obj
11831828   DIO_dioAudioIN$device
11831840   UDEV_aic310$obj
1183184c   UDEV_aic310$device
11831864   UDEV_audio0$obj
11831870   UDEV_audio0$device
11831888   UDEV_mcasp0$obj
11831894   UDEV_mcasp0$device
118318ac   UDEV_i2c0$obj
118318b8   UDEV_i2c0$device
118318d0   PIP_A_TABBEG
118318d0   RTA_fromHost$pipe
118318d0   _PIP_A_TABBEG
118318d4   RTA_fromHost$pipe$rd
11831900   RTA_fromHost$pipe$aaa
11831904   RTA_fromHost$pipe$wr
11831930   RTA_fromHost$pipe$bbb
11831934   RTA_toHost$pipe
11831938   RTA_toHost$pipe$rd
11831964   RTA_toHost$pipe$aaa
11831968   RTA_toHost$pipe$wr
11831994   RTA_toHost$pipe$bbb
11831998   PIP_A_TABEND
11831998   _PIP_A_TABEND
118319a4   TSK_idle
118319a4   _TSK_idle
11831a04   _echoTask
11831a04   echoTask
11831abc   KNL_swi$sts$stsobj
11831abc   STS_A_TABBEG
11831abc   _STS_A_TABBEG
11831ac0   KNL_swi$sts
11831acc   TSK_idle$sts$stsobj
11831ad0   TSK_idle$sts
11831adc   echoTask$sts$stsobj
11831ae0   echoTask$sts
11831aec   IDL_busyObj$stsobj
11831af0   IDL_busyObj
11831af0   _IDL_busyObj
11831afc   HST_A_TABBEG
11831afc   STS_A_TABEND
11831afc   _HST_A_TABBEG
11831afc   _STS_A_TABEND
11831b00   RTA_fromHost
11831b00   _RTA_fromHost
11831b08   RTA_fromHost$rtdx
11831b1c   RTA_toHost
11831b1c   _RTA_toHost
11831b24   RTA_toHost$rtdx
11831b38   HST_A_TABEND
11831b38   KNL_swi
11831b38   SWI_A_TABBEG
11831b38   _HST_A_TABEND
11831b38   _KNL_swi
11831b64   IDL_A_TABBEG
11831b64   IDL_cpuLoad
11831b64   SWI_A_TABEND
11831b64   _IDL_cpuLoad
11831b68   LNK_dataPump
11831b68   _LNK_dataPump
11831b6c   RTA_dispatcher
11831b6c   _RTA_dispatcher
11831b70   IDL_END
11831b74   IDL_A_CALBEG
11831b74   IDL_cpuLoad$
11831b78   LNK_dataPump$
11831b7c   RTA_dispatcher$
11831b80   IDL_END$
11831b84   SYS$config
11831b94   TRC_cinit
11831b98   TRC_R_mask
11831b98   _TRC_R_mask
11831b9c   GBL_initdone
11831ba0   CLK_A_TABBEG
11831ba0   PRD_clock
11831ba0   _PRD_clock
11831ba4   CLK_null
28040d0c   HWI_INTRMUX3
c0000000   DDR$B
c0000000   _DDR_base
c0030000   .text
c0030000   ___text__
c003042c   _lisrEdma3TC7ErrHandler0
c003044c   _lisrEdma3TC6ErrHandler0
c003046c   _lisrEdma3TC5ErrHandler0
c003048c   _lisrEdma3TC4ErrHandler0
c00304ac   _lisrEdma3TC3ErrHandler0
c00304cc   _lisrEdma3TC2ErrHandler0
c00304ec   _lisrEdma3TC1ErrHandler0
c003050c   _lisrEdma3TC0ErrHandler0
c0030780   _lisrEdma3ComplHandler0
c0030dd4   _lisrEdma3CCErrHandler0
c0030df0   _edma3MemSet
c0030e08   _edma3MemCpy
c0030e2c   _EDMA3_RM_waitAndClearTcc
c0030f44   _EDMA3_RM_unregisterTccCb
c00310a0   _EDMA3_RM_setPaRAM
c0031224   _EDMA3_RM_setCCRegister
c0031308   _EDMA3_RM_registerTccCb
c0031620   _EDMA3_RM_open
c0031c80   _EDMA3_RM_mapQdmaChannel
c0031de4   _EDMA3_RM_mapEdmaChannel
c0031f20   _EDMA3_RM_getPaRAMPhyAddr
c0032080   _EDMA3_RM_getPaRAM
c0032204   _EDMA3_RM_getInstanceInitCfg
c0032328   _EDMA3_RM_getGblConfigParams
c0032380   _EDMA3_RM_getCCRegister
c0032400   _EDMA3_RM_getBaseAddress
c00324a0   _EDMA3_RM_freeResource
c00328cc   _EDMA3_RM_freeLogicalChannel
c0032f0c   _EDMA3_RM_freeContiguousResource
c00330c4   _EDMA3_RM_delete
c0033328   _EDMA3_RM_create
c0033600   _EDMA3_RM_close
c00337d0   _EDMA3_RM_checkAndClearTcc
c00338c8   _EDMA3_RM_allocResource
c00343a0   _EDMA3_RM_allocLogicalChannel
c0035984   _EDMA3_RM_allocContiguousResource
c0036160   _EDMA3_RM_Ioctl
c0036240   _EDMA3_DRV_setTransferParams
c0036380   _EDMA3_DRV_setSrcParams
c003654c   _EDMA3_DRV_setSrcIndex
c0036660   _EDMA3_DRV_setOptField
c00368cc   _EDMA3_DRV_setDestParams
c0036aa0   _EDMA3_DRV_setDestIndex
c0036ba8   _EDMA3_DRV_disableTransfer
c0037030   _EDMA3_DRV_freeChannel
c0037364   _EDMA3_DRV_requestChannel
c0037f80   _EDMA3_DRV_getOptField
c0038100   _EDMA3_DRV_enableTransfer
c0038360   _EDMA3_DRV_disableLogicalChannel
c0038480   _EDMA3_DRV_clearErrorBits
c00385c0   _EDMA3_DRV_waitAndClearTcc
c00386f4   _EDMA3_DRV_unlinkChannel
c00387b0   _EDMA3_DRV_unchainChannel
c003888c   _EDMA3_DRV_setQdmaTrigWord
c0038940   _EDMA3_DRV_setPaRAMField
c0038ba4   _EDMA3_DRV_setPaRAMEntry
c0038c80   _EDMA3_DRV_setPaRAM
c0038d88   _EDMA3_DRV_setEvtQPriority
c0038f44   _EDMA3_DRV_setCCRegister
c0039030   _EDMA3_DRV_mapChToEvtQ
c0039230   _EDMA3_DRV_linkChannel
c0039364   _EDMA3_DRV_getPaRAMPhyAddr
c0039424   _EDMA3_DRV_getPaRAMField
c0039640   _EDMA3_DRV_getPaRAMEntry
c0039720   _EDMA3_DRV_getPaRAM
c0039840   _EDMA3_DRV_getMapChToEvtQ
c0039924   _EDMA3_DRV_getInstHandle
c00399c0   _EDMA3_DRV_getCCRegister
c0039a48   _EDMA3_DRV_checkAndClearTcc
c0039b20   _EDMA3_DRV_chainChannel
c0039cc0   _EDMA3_DRV_Ioctl
c0039d80   _Mcasp_localSubmitIoctl
c003aea0   _aes_set_encrypt_key
c003b38c   _aes_set_decrypt_key
c003b630   _aes_encrypt
c003bacc   _aes_decrypt
c003bf80   _positionMSB
c003c020   _from2to32
c003c3f0   _squareProduct
c003c68c   _multiplication
c003c8e4   _mod
c003ca50   _modFaster
c003cc24   _modSquare
c003ccd8   _modMult
c003cda0   _InitParametersEnc
c003cdec   _InitFirstPhaseChunk
c003cedc   _AnalysisStageOne
c003d10c   _AnalysisStageTwo
c003d26c   _Encode
c003d6e0   _FirstPhase
c003db20   _SynthesisStageTwo
c003dc64   _SynthesisStageOne
c003de78   _Decode
c003df88   _SecondPhase
c003e5e0   _InitSecondPhaseChunk
c003e6d8   _InitParametersDec
c003e740   __PSCL_scaleFreqVoltage
c003e960   __PSCL_checkInitParams
c003e9f0   _PSCL_queryWillChangeVoltage
c003ea80   _PSCL_querySetpointVoltage
c003eb20   _PSCL_querySetpointTransition
c003ec60   _PSCL_querySetpointMode
c003ed00   _PSCL_querySetpointFrequency
c003ed94   _PSCL_querySetpoint
c003ee60   _PSCL_changeSetpoint
c003efc4   _PSCL_initialize
c003f24c   _PSCL_getVoltage
c003f268   _PSCL_getSetpoint
c003f28c   _PSCL_getNumSetpoints
c003f2b0   _PSCL_getMode
c003f2d0   _PSCL_getFrequency
c003fdc0   _montMultiplication
c00400e0   _ADD
c0040148   _SUB_COND
c0040264   _mont
c00404d4   _montExp
c0040860   _Subtract
c0040880   _SplitSamples
c0040954   _PrintSignal
c00409f0   _DoubleConvolution
c00410a0   _CopyArray
c0041108   _CombineSamples
c0041238   _Add
c00414ac   _EDMA3_DRV_open
c0041740   _EDMA3_DRV_delete
c0041824   _EDMA3_DRV_create
c0041a90   _EDMA3_DRV_close
c0041c00   _timeData
c0041c20   _seeTheDifference
c0041cb0   _printCharNoSpaces
c0041d40   _printChar
c0041ef0   _printArrayNoSpaces32
c0041f80   _printArrayNoSpaces16
c004200c   _printArrayNoSpaces
c0042098   _printArray
c0042250   _hexToString
c004236c   _copyArrayFrom0
c00423d0   _copyArray
c0042434   _concat
c0042494   _XOR
c0042520   _zerosArray16
c0042534   _zerosArray
c004254c   _isBiggerThanOrEqual
c00425cc   _subtractionWithSign
c00427a0   _subtraction
c0042878   _printArray8
c004290c   _printArray32
c00429a0   _numberIsZero
c0042a00   _multiplyByTwo
c0042a44   _isBiggerThan
c0042ab8   _flipArray
c0042b30   _divideByTwo
c0042b6c   _copyArray8
c0042bd0   _copyArray32
c0042c44   _addition
c0042d40   _SHA256_Transform
c004300c   _SHA256_Update
c0043244   _SHA256_Init
c00432b0   _SHA256_Final
c0043560   _signedSubtraction
c0043600   _modularInverse
c0043d60   _PMI_setDividersPLL
c0043e10   PMI_goDiv
c0043e4c   _PMI_powerUpPLL
c0043f00   _PMI_configureSources
c004403c   _PMI_powerDownPLL
c0044064   _PMI_configurePLL
c00440ac   _PMI_lockPLL
c00440e8   _PMI_scaleFrequency
c0044308   _PMI_initPLL
c0044354   _PMI_getStatePLL
c00443d0   _PMI_getFrequencyLatency
c004444c   _PMI_calcWaitBypass
c0044b80   _from8to32
c0044c48   _from32to8
c0044d0c   _signAndEncryptMessage
c0044da4   _repositionZeros
c0044e68   _from8to16
c0044ef0   _from16to8
c0044f8c   _decryptAndUnsignMessage
c0045050   _createMessage
c00450c0   _createExponent
c0045158   _computePartOfKey
c0045184   _calculateKey
c0045220   _Mcasp_localEdmaCallback
c0045880   __divd
c0046940   _Mcasp_localEdmaChanPaRAMsetup
c00473c0   _signatureMessage
c00478e0   _unregisterEdma3Interrupts
c0047988   _registerEdma3Interrupts
c0047b40   _edma3init
c0047ce0   _edma3deinit
c0047dc0   _updateFSR
c0047e14   _RNG
c0047f98   _findRandNum
c0048018   _compareFSR
c0048178   _PRNG
c0048260   _Mcasp_localAbortReset
c0048b80   _verifySignature
c00492c4   _Audio_echo_Task
c0049460   _I2c_completeIOedmaCallback
c00498a0   __printfi
c004a980   _process_audio
c004aacc   _init_audio
c004b5a0   _encryptHMAC
c004b6d8   _encrypt
c004b7d8   _decryptHMAC
c004b8d4   _decrypt
c004c480   _edma3OsSemTake
c004c4e8   _edma3OsSemGive
c004c538   _edma3OsSemDelete
c004c570   _edma3OsSemCreate
c004c5c8   _edma3OsProtectExit
c004c66c   _edma3OsProtectEntry
c004c784   _Edma3_CacheInvalidate
c004c7c0   _Edma3_CacheFlush
c004c800   _Mcasp_localUpdtDtPktToLnkPrms
c004d1c0   _aesEncrypt
c004d1f8   _simpleEncrypt
c004d250   _aesDecrypt
c004d28c   _simpleDecrypt
c004d2e4   _padding
c004d378   _aesCBCencrypt
c004d440   _aesCBCdecrypt
c004d500   _Mcasp_localGetIndicesSyncType
c004d820   _fputs
c004e0e0   _Mcasp_localConfigXmtSection
c004e920   _mcaspIsrInput
c004ebe0   _mcaspIsrOutput
c004eea0   _I2c_localEnsureIsReadyforNext
c004f920   _Mcasp_localConfigRcvSection
c004fba0   _DIO_tskReclaim
c004fbc8   _DIO_tskReady
c004fbe4   _DIO_tskIssue
c004fc8c   _DIO_tskIdle
c004fd80   _DIO_tskCallback
c004fe20   _I2c_localEdmaTransfer
c0050080   _Mcasp_localSetupHwInfo
c00502e0   __divull
c00525c0   _Mcasp_localSetupEdmaDuringOpen
c0052ea0   _simpleHashWithLength
c0052ee8   _hashWithTime
c0052f74   _hashOfLength
c0053200   _I2c_loadPendedIops
c00533a0   __divul
c0053880   _PWRM_releaseDependency
c0053a20   _PWRM_setDependency
c0053bc0   _HOSTrename
c0053d40   _Mcasp_localLoadPktToEdma
c0054340   _setvbuf
c00544c0   _hmac
c0054640   _I2c_localPrepareForTransfer
c0054a60   _maskGenerationFunction
c0054bc0   __PWRM_updateConstraints
c0054c2c   __PWRM_rebuildConstraint
c0054e60   _Mcasp_localSmReset
c0055220   _fputc
c0055220   _putc
c0055720   _main
c0055748   _audioUserMcaspInit
c0055790   _audioUserAudioInit
c0055800   _audioUserAic31Init
c0055860   _PWRM_registerNotify
c0055ac0   _I2c_localEdmaChanRequest
c0055be0   _Mcasp_init
c0055e20   _fclose
c00563c0   _HOSTlseek
c00564c0   _I2c_localLpscOff
c00567c0   _Mcasp_localSmSet
c00569c0   __wrt_ok
c0056cc0   _call_dtors
c0056dc0   _fflush
c0056fc0   _PMI_initVoltageControl
c0057090   _PMI_getVoltageLatency
c00570c0   _PWRM_registerConstraint
c00571c0   _HOSTopen
c0057380   _Mcasp_localCancelAndAbortAllIo
c0057460   __c6xabi_divi
c0057460   __divi
c0057540   __c6xabi_strasgi
c0057540   __strasgi
c0057700   _atoi
c00579a0   _close
c0057fc0   _memset
c00580a0   __PWRM_initRefCounts
c0058180   _HOSTread
c0058240   _HOSTunlink
c0058300   _HOSTwrite
c0058480   _I2c_localGetNextChannel
c0058600   _Mcasp_localCompleteCurrentIo
c00586c0   _Mcasp_localEdmaProcessPkt
c0058780   __cleanup
c0058900   __c6xabi_divu
c0058900   __divu
c00589c0   __doflush
c0058a80   _atexit
c0058b40   _fseek
c0058c00   _lseek
c0058cc0   _ltoa
c0058f00   _write
c0059080   _PWRM_getSetpointInfo
c0059140   _Audio_init
c00591e0   _HOSTclose
c0059280   _HOSTtime
c0059500   _I2c_init
c00595a0   _Mcasp_localResetXmt
c0059640   __divli
c0059820   __fixdli
c0059960   __c6xabi_remu
c0059960   __remu
c0059d20   _memcpy
c0059dc0   _PWRM_getDependencyCount
c0059e60   __PWRM_delayCompletion9
c0059e70   __PWRM_delayCompletion8
c0059e80   __PWRM_delayCompletion7
c0059e90   __PWRM_delayCompletion6
c0059ea0   __PWRM_delayCompletion5
c0059eb0   __PWRM_delayCompletion4
c0059ec0   __PWRM_delayCompletion3
c0059ed0   __PWRM_delayCompletion2
c0059ee0   __PWRM_delayCompletion1
c0059ef0   __PWRM_delayCompletion0
c0059f00   _PWRM_unregisterConstraint
c0059fa0   _Mcasp_localActivateSmFsForBoth
c005a020   __fixdu
c005a0a0   __fltlid
c005a120   __llshl
c005a1a0   _configureAudio
c005a220   _fprintf
c005a520   _printf
c005a5a0   _readmsg
c005a620   _unlink
c005a6a0   _PWRM_getCurrentSetpoint
c005a720   _PWRM_getNumSetpoints
c005a7a0   _Aic31_init
c005a800   _Mcasp_localAbortRequests
c005a860   _Mcasp_localActivateSmFsForRcv
c005a8c0   _Mcasp_localActivateSmFsForXmt
c005a920   _Mcasp_localResetRcv
c005a980   __abort_msg
c005a9e0   __subcull
c005abc0   _audioUserI2cInit
c005ae60   _memccpy
c005aec0   _writemsg
c005af18   C$$IO$$
c005af20   _PMI_init
c005af80   _PWRM_unregisterNotify
c005b020   ___add_dtor
c005b060   ___isinf
c005b0e0   __frcmpyd_div
c005b120   __llshru
c005b160   __remli
c005b1a0   __c6xabi_strasgi_64plus
c005b1a0   __strasgi_64plus
c005b3e0   _time
c005b420   _DIO_ctrl
c005b460   _Mcasp_localGetNextIndex
c005b480   __negll
c005b4a0   __nop
c005b540   __register_lock
c005b560   __register_unlock
c005b580   C$$EXIT
c005b580   _abort
c005b5e0   _mcaspIsr
c005b600   _remove
c005bba0   ___etext__
c005bba0   etext
c005bc80   _SYS_vsprintf
c005c2a0   _SYS_vprintf
c005c2ac   _SYS_sprintf
c005c2e0   _SYS_printf
c005c320   LNK_F_checkBufferCall
c005c340   LNK_F_getChanPtr
c005c398   LNK_F_init
c005c3a0   LNK_F_dataPump
c005c3b0   LNK_rcloop
c005c474   LNK_rdrtry
c005c484   LNK_rrloop
c005c544   LNK_wrrtry
c005c550   LNK_wrloop
c005c620   LNK_newin
c005c754   LNK_newout
c005c8a8   LNK_F_readCallBack
c005c8e0   _EXC_nmi
c005c914   _EXC_internal
c005cbc0   _EXC_init
c005cc00   _EXC_getLastStatus
c005cc20   _EXC_external
c005cc54   _EXC_exceptionHandler
c005ce30   _EXC_clearLastStatus
c005ce60   CLK_HOOKFXN
c005ce60   HWI_F_dispatch
c005ce60   _HWI_F_dispatch
c005ce60   __HWI_lat1beg
c005cfe8   __HWI_lat1end
c005cfe8   __HWI_lat2beg
c005d150   __HWI_lat2end2
c005d180   __HWI_lat3end2
c005d1c4   __HWI_lat2end1
c005d1e0   __HWI_lat3beg
c005d340   SWI_F_enable
c005d340   __SWI_lat3beg
c005d3ac   __SWI_lat3end
c005d3b0   SWI_F_post
c005d3b0   _SWI_post
c005d4b8   __SWI_lat1beg
c005d524   SWI_EXECFXN
c005d524   SWI_F_exec
c005d54c   SWI_F_iexec
c005d564   __SWI_lat1end
c005d568   __SWI_lat2beg
c005d5c8   __SWI_lat2end
c005d5cc   SWI_F_run
c005d5cc   SWI_RUNFXN
c005d800   PRD_F_swi
c005da84   PRD_F_tick
c005db80   _SIO_create
c005dea0   _free
c005dec4   _malloc
c005df24   _realloc
c005e008   _memalign
c005e0cc   _calloc
c005e120   RTA_F_getlog
c005e158   RTA_F_getsts
c005e198   RTA_F_readblk
c005e1b4   RTA_F_writeword
c005e1c0   RTA_F_resetmem
c005e1c0   __RTA_lat1beg
c005e1f4   __RTA_lat1end
c005e200   RTA_F_dispatch
c005e24c   RTA_execute
c005e3a0   _KNL_run
c005e5e0   _MEM_alloc
c005e9b4   PRD_THOOKFXN
c005e9b4   _KNL_tick
c005e9e0   _MEM_free
c005ebc0   _EXC_dispatch
c005ed84   _EXC_setReturnPtr
c005eda0   PIP_F_take
c005ee18   PIP_F_give
c005ee18   PIP_F_probe
c005eee8   PIP_F_start
c005ef80   _SEM_pendEnterKnl
c005f160   _SIO_delete
c005f340   __SEM_dopost
c005f4e0   _TSK_setup
c005f680   CLK_F_getltime
c005f690   CLK_F_isr
c005f7d0   CLK_F_itime
c005f7d0   _CLK_F_itime
c005f7d0   _CLK_itime
c005f7f0   __CLK_lat1beg
c005f810   __CLK_lat1end
c005f820   _KNL_saveIsrFrame
c005f8cc   _KNL_switch
c005f978   KNL_glue
c005fad0   _BCACHE_wbInv
c005fae4   _BCACHE_wb
c005faf4   _BCACHE_inv
c005fb20   __auto_init
c005fc60   _TSK_exit
c005fda0   _BCACHE_setSize
c005fde4   _BCACHE_setMar
c005fe34   _BCACHE_setCacheToSram
c005fe64   _BCACHE_getSize
c005feb4   _BCACHE_getMar
c005ff48   _GBL_cacheInit64P
c0060000   _KNL_check
c006004c   __KNL_lat1beg
c00600c8   _KNL_idle
c00600c8   __KNL_lat1end
c00600f0   _KNL_max
c00601c4   _TSK_startup
c0060240   _ECM_dispatch
c0060340   _SEM_post
c0060340   _SEM_postBinary
c0060420   _DEV_match
c00604e0   _KNL_exit
c0060520   _KNL_enter
c00605a0   _SIO_reclaim
c0060660   _DEV_mkframe
c0060700   _OBJ_create
c00607a0   _SEM_postEnterKnl
c0060840   _SWI_setattrs
c00608e0   _SYS_exit
c0060980   LOG_F_event
c0060980   _LOG_event
c0060980   __LOG_lat1beg
c0060a20   _ATM_andi
c0060a20   _ATM_andu
c0060a30   _ATM_cleari
c0060a30   _ATM_clearu
c0060a40   _ATM_deci
c0060a40   _ATM_decu
c0060a50   _ATM_inci
c0060a50   _ATM_incu
c0060a64   _ATM_ori
c0060a64   _ATM_oru
c0060a74   _ATM_seti
c0060a74   _ATM_setu
c0060aa0   _KNL_ipost
c0060b20   _KNL_post
c0060ba0   _LCK_post
c0060bc0   _LCK_pend
c0060c20   _SEM_create
c0060ca0   _SWI_create
c0060d20   _TSK_enable
c0060d44   _TSK_disable
c0060da0   _BCACHE_wait
c0060e20   IDL_F_calibrate
c0060ea0   _SIO_issue
c0060f20   _MEM_valloc
c0060f80   _SYS_error
c0060fe0   _DEV_rmframe
c0061040   FXN_F_nop
c0061044   FXN_F_run
c0061044   _FXN_F_run
c0061080   FXN_F_zero
c0061080   _FXN_F_zero
c00610a0   _HWI_disable
c00610b8   _HWI_enable
c00610cc   _HWI_restore
c0061100   IDL_F_busy
c0061100   __IDL_lat1beg
c0061140   __IDL_lat1end
c0061160   _OBJ_delete
c00611c0   _SEM_pend
c0061220   STS_F_delta
c0061220   _STS_delta
c006124c   STS_F_add
c006124c   _STS_add
c0061268   STS_F_reset
c0061268   _STS_reset
c0061280   _SWI_disable
c00612a4   _SWI_enable
c00612e0   _SYS_abort
c0061340   _CLK_measure
c00613a0   _C62_disableIER
c00613a0   _C64_disableIER
c00613b8   _C62_enableIER
c00613b8   _C64_enableIER
c00613cc   _C62_clearIFR
c00613cc   _C64_clearIFR
c00613e0   _ECM_disableEvent
c0061420   _ECM_dispatchPlug
c0061460   _ECM_enableEvent
c00614a0   IDL_CALIBRFXN
c00614a0   IDL_F_stub
c00614e0   _QUE_create
c0061520   _QUE_get
c0061520   __QUE_lat1beg
c0061540   __QUE_lat1end
c0061548   _QUE_put
c0061548   __QUE_lat2beg
c0061554   __QUE_lat2end
c0061560   RTA_F_andn
c0061578   RTA_F_or
c00615a0   SYS_ABORTFXN
c00615a0   _UTL_doAbort
c00615e0   SYS_PUTCFXN
c00615e0   _UTL_doPutc
c0061620   GBL_USERINITFXN
c0061620   GIO_CREATEFXN
c0061620   GIO_DELETEFXN
c0061620   GIO_PENDFXN
c0061620   GIO_POSTFXN
c0061620   PWRM_PWRM_SHAREDRESOURCEFXN
c0061620   PWRM_PWRM_SLOTHOOKFXN
c0061620   TSK_VCREATEFXN
c0061620   TSK_VDELETEFXN
c0061620   TSK_VEXITFXN
c0061620   _BCACHE_bootInit
c0061620   _FXN_F_nop
c0061640   _GBL_getVersion
c0061660   IDL_F_loop
c0061660   _IDL_loop
c0061680   _LOG_printf
c00616a0   _SEM_delete
c00616c0   _STS_set
c00616e0   _SYS_zero
c00616e8   _SYS_one
c0061700   SYS_ERRORFXN
c0061700   _UTL_doError
c0061720   SYS_EXITFXN
c0061720   _UTL_halt
c0061740   CLK_F_gethtime
c0061740   CLK_TIMEFXN
c0061740   _CLK_gethtime
c0061760   _HSRTDX_rec
c0061a00   _RTDX_Buffer_WriteCB
c0061ec0   _HSRTDX_xmt
c00621c0   _RTDX_Mon_Queue
c0062420   _RTDX_Poll
c00624c0   _RTDX_Final_RT_Monitor
c0062540   _RTDX_Buffer_Initialize
c00625a0   _RTDX_Init_RT_Monitor
c0062600   _RTDX_Buffer_ReadCB
c0062640   _RTDX_Buffer_Size
c0062680   _RTDX_memfill
c00626c0   _RTDX_Buffer_Read
c00626e0   _RTDX_Buffer_Write
c0062700   _RTDX_Mask_IER
c0062720   BIOS_init
c0062720   _BIOS_init
c00628a4   BIOS$$CLKON
c00628e4   BIOS$$CLKOFF
c00629d0   BIOS_start
c00629d0   _BIOS_start
c0062b20   _DEV_init
c0062c20   __PWRM_initialize
c0062d20   _c_int00
c0062de0   _MEM_init
c0062ea0   _TSK_init
c0062f00   _DIO_init
c0063000   HWI_A_VECS
c0063000   hwi0
c0063020   hwi1
c0063040   hwi2
c0063060   hwi3
c0063080   hwi4
c00630a0   hwi5
c00630c0   hwi6
c00630e0   hwi7
c0063100   hwi8
c0063120   hwi9
c0063140   hwi10
c0063160   hwi11
c0063180   hwi12
c00631a0   hwi13
c00631c0   hwi14
c00631e0   hwi15
ffffffff   CACHE_L1D
ffffffff   CACHE_L1P
ffffffff   ECM_EVTMASK0
ffffffff   ECM_EVTMASK1
ffffffff   ECM_EVTMASK2
ffffffff   ECM_EVTMASK3
ffffffff   GBL_L2MAR192_223
ffffffff   HST_DSMBUFSEG
ffffffff   IRAM
ffffffff   L3_CBA_RAM
ffffffff   RTDX_DATAMEMSEG
ffffffff   _CACHE_L1D
ffffffff   _CACHE_L1P
ffffffff   _IRAM
ffffffff   _L3_CBA_RAM
ffffffff   ___TI_pprof_out_hndl
ffffffff   ___TI_prof_data_size
ffffffff   ___TI_prof_data_start
ffffffff   ___binit__
ffffffff   ___c_args__
ffffffff   binit

[1614 symbols]
