******************************************************************************
               TMS320C6x Linker PC v7.3.1                      
******************************************************************************
>> Linked Thu Apr 27 12:25:19 2017

OUTPUT FILE NAME:   <ccsProject_insideGit.out>
ENTRY POINT SYMBOL: "_c_int00"  address: 8000d140


MEMORY CONFIGURATION

         name            origin    length      used     unused   attr    fill
----------------------  --------  ---------  --------  --------  ----  --------
  DSPL2ROM              00700000   00010000  00000000  00010000  RWIX
  DSPL2RAM              00800000   00040000  00000000  00040000  RWIX
  DSPL1PRAM             00e00000   00008000  00000000  00008000  RWIX
  DSPL1DRAM             00f00000   00008000  00000000  00008000  RWIX
  SHDSPL2ROM            11700000   00010000  00000000  00010000  RWIX
  SHDSPL2RAM            11800000   00040000  00000000  00040000  RWIX
  SHDSPL1PRAM           11e00000   00008000  00000000  00008000  RWIX
  SHDSPL1DRAM           11f00000   00008000  00000000  00008000  RWIX
  EMIFACS0              40000000   20000000  00000000  20000000  RWIX
  EMIFACS2              60000000   02000000  00000000  02000000  RWIX
  EMIFACS3              62000000   02000000  00000000  02000000  RWIX
  EMIFACS4              64000000   02000000  00000000  02000000  RWIX
  EMIFACS5              66000000   02000000  00000000  02000000  RWIX
  SHRAM                 80000000   00020000  000173e4  00008c1c  RWIX
  DDR2                  c0000000   20000000  00000000  20000000  RWIX


SECTION ALLOCATION MAP

 output                                  attributes/
section   page    origin      length       input sections
--------  ----  ----------  ----------   ----------------
.pinit     0    80000000    00000000     UNINITIALIZED

.text      0    80000000    0000d880     
                  80000000    00001880     aes.obj (.text)
                  80001880    000011e0     modFunctions.obj (.text)
                  80002a60    00000a00     sha2.obj (.text)
                  80003460    00000820     modularInverse.obj (.text)
                  80003c80    00000800     helpfulFunctions.obj (.text)
                  80004480    000007e0     montExponentiation.obj (.text)
                  80004c60    00000760     additionalFunctions.obj (.text)
                  800053c0    00000600     keyEstablishmentFunctions.obj (.text)
                  800059c0    000005a0     rts6740.lib : divd.obj (.text:__divd)
                  80005f60    00000580     PRNG.obj (.text)
                  800064e0    00000580     rts6740.lib : _printfi.obj (.text:__getarg_diouxp)
                  80006a60    00000540     encryptDecrypt.obj (.text)
                  80006fa0    00000500     main.obj (.text)
                  800074a0    00000480     rts6740.lib : _printfi.obj (.text:__setfield)
                  80007920    00000460     useAES.obj (.text)
                  80007d80    00000440     rts6740.lib : _printfi.obj (.text:__printfi)
                  800081c0    000003a0     verifySignature.obj (.text)
                  80008560    00000300     rts6740.lib : fputs.obj (.text:_fputs)
                  80008860    000002e0     signatureMessage.obj (.text)
                  80008b40    000002c0     rts6740.lib : _printfi.obj (.text:__pproc_fge)
                  80008e00    000002c0                 : _printfi.obj (.text:__pproc_fwp)
                  800090c0    000002a0                 : _printfi.obj (.text:_ecvt)
                  80009360    000002a0                 : _printfi.obj (.text:_fcvt)
                  80009600    00000280                 : memory.obj (.text:_free)
                  80009880    00000260                 : imath64.obj (.text:__divull)
                  80009ae0    00000260                 : _printfi.obj (.text:__pconv_e)
                  80009d40    00000240                 : _printfi.obj (.text:__pproc_diouxp)
                  80009f80    00000220                 : _printfi.obj (.text:__pproc_str)
                  8000a1a0    00000200                 : _printfi.obj (.text:__pconv_g)
                  8000a3a0    000001e0     hmac.obj (.text)
                  8000a580    000001c0     rts6740.lib : _printfi.obj (.text:__mcpy)
                  8000a740    000001c0     maskGenerationFunction.obj (.text)
                  8000a900    000001a0     rts6740.lib : imath40.obj (.text:__divul)
                  8000aaa0    00000180                 : trgdrv.obj (.text:_HOSTrename)
                  8000ac20    00000180                 : memory.obj (.text:_malloc)
                  8000ada0    00000180                 : setvbuf.obj (.text:_setvbuf)
                  8000af20    00000180     useSHA256.obj (.text)
                  8000b0a0    00000140     rts6740.lib : _printfi.obj (.text:__pproc_fflags)
                  8000b1e0    00000140                 : fputc.obj (.text:_fputc)
                  8000b320    00000140                 : lowlev.obj (.text:_getdevice)
                  8000b460    00000120                 : fclose.obj (.text:_fclose)
                  8000b580    00000100                 : trgdrv.obj (.text:_HOSTlseek)
                  8000b680    00000100                 : autoinit.obj (.text:__auto_init)
                  8000b780    00000100                 : _printfi.obj (.text:__ltostr)
                  8000b880    00000100                 : _io_perm.obj (.text:__wrt_ok)
                  8000b980    00000100                 : fflush.obj (.text:_fflush)
                  8000ba80    000000e0                 : trgdrv.obj (.text:_HOSTopen)
                  8000bb60    000000e0                 : divi.obj (.text:__divi)
                  8000bc40    000000e0                 : atoi.obj (.text:_atoi)
                  8000bd20    000000e0                 : lowlev.obj (.text:_close)
                  8000be00    000000e0                 : exit.obj (.text:_exit)
                  8000bee0    000000e0                 : memset.obj (.text:_memset)
                  8000bfc0    000000c0                 : trgdrv.obj (.text:_HOSTread)
                  8000c080    000000c0                 : trgdrv.obj (.text:_HOSTunlink)
                  8000c140    000000c0                 : trgdrv.obj (.text:_HOSTwrite)
                  8000c200    000000c0                 : fopen.obj (.text:__cleanup)
                  8000c2c0    000000c0                 : _printfi.obj (.text:__div)
                  8000c380    000000c0                 : divu.obj (.text:__divu)
                  8000c440    000000c0                 : fflush.obj (.text:__doflush)
                  8000c500    000000c0                 : remi.obj (.text:__remi)
                  8000c5c0    000000c0                 : fseek.obj (.text:_fseek)
                  8000c680    000000c0                 : lowlev.obj (.text:_lseek)
                  8000c740    000000c0                 : ltoa.obj (.text:_ltoa)
                  8000c800    000000c0                 : lowlev.obj (.text:_write)
                  8000c8c0    000000a0                 : trgdrv.obj (.text:_HOSTclose)
                  8000c960    000000a0                 : trgdrv.obj (.text:_HOSTtime)
                  8000ca00    000000a0                 : imath40.obj (.text:__divli)
                  8000caa0    000000a0                 : _printfi.obj (.text:__ecpy)
                  8000cb40    000000a0                 : _printfi.obj (.text:__fcpy)
                  8000cbe0    000000a0                 : fixdli.obj (.text:__fixdli)
                  8000cc80    000000a0                 : _printfi.obj (.text:__pconv_f)
                  8000cd20    000000a0                 : cpy_tbl.obj (.text:_copy_in)
                  8000cdc0    000000a0                 : lowlev.obj (.text:_finddevice)
                  8000ce60    000000a0                 : memcpy64.obj (.text:_memcpy)
                  8000cf00    000000a0                 : memory.obj (.text:_minsert)
                  8000cfa0    000000a0                 : memory.obj (.text:_mremove)
                  8000d040    00000080                 : fltlid.obj (.text:__fltlid)
                  8000d0c0    00000080                 : llshift.obj (.text:__llshl)
                  8000d140    00000080                 : boot.obj (.text:_c_int00)
                  8000d1c0    00000080                 : fprintf.obj (.text:_fprintf)
                  8000d240    00000080                 : printf.obj (.text:_printf)
                  8000d2c0    00000080                 : trgmsg.obj (.text:_readmsg)
                  8000d340    00000080                 : lowlev.obj (.text:_unlink)
                  8000d3c0    00000060                 : assert.obj (.text:__abort_msg)
                  8000d420    00000060                 : imath64.obj (.text:__subcull)
                  8000d480    00000060                 : memccpy.obj (.text:_memccpy)
                  8000d4e0    00000060                 : trgmsg.obj (.text:_writemsg)
                  8000d540    00000040                 : isinf.obj (.text:___isinf)
                  8000d580    00000040                 : _printfi.obj (.text:___isnan)
                  8000d5c0    00000040                 : args_main.obj (.text:__args_main)
                  8000d600    00000040                 : frcmpyd_div.obj (.text:__frcmpyd_div)
                  8000d640    00000040                 : llshift.obj (.text:__llshru)
                  8000d680    00000040                 : imath40.obj (.text:__remli)
                  8000d6c0    00000040                 : strasg.obj (.text:__strasgi_64plus)
                  8000d700    00000040                 : strlen.obj (.text:_strlen)
                  8000d740    00000040                 : time.obj (.text:_time)
                  8000d780    00000020                 : negll.obj (.text:__negll)
                  8000d7a0    00000020                 : _lock.obj (.text:__nop)
                  8000d7c0    00000020                 : fprintf.obj (.text:__outc)
                  8000d7e0    00000020                 : printf.obj (.text:__outc)
                  8000d800    00000020                 : fprintf.obj (.text:__outs)
                  8000d820    00000020                 : printf.obj (.text:__outs)
                  8000d840    00000020                 : exit.obj (.text:_abort)
                  8000d860    00000020                 : remove.obj (.text:_remove)

.bss       0    80000000    00000000     UNINITIALIZED

.data      0    80000000    00000000     UNINITIALIZED

.sysmem    0    8000d880    00004000     UNINITIALIZED
                  8000d880    00000008     rts6740.lib : memory.obj (.sysmem)
                  8000d888    00003ff8     --HOLE--

.const     0    80011880    0000338c     
                  80011880    00000400     aes.obj (.const:_Td0)
                  80011c80    00000400     aes.obj (.const:_Td1)
                  80012080    00000400     aes.obj (.const:_Td2)
                  80012480    00000400     aes.obj (.const:_Td3)
                  80012880    00000400     aes.obj (.const:_Td4)
                  80012c80    00000400     aes.obj (.const:_Te0)
                  80013080    00000400     aes.obj (.const:_Te1)
                  80013480    00000400     aes.obj (.const:_Te2)
                  80013880    00000400     aes.obj (.const:_Te3)
                  80013c80    00000400     aes.obj (.const:_Te4)
                  80014080    000001f4     main.obj (.const:_$P$T8$9)
                  80014274    00000003     rts6740.lib : assert.obj (.const)
                  80014277    00000001     --HOLE-- [fill = 0]
                  80014278    00000101                 : ctype.obj (.const:__ctypes_)
                  80014379    00000002                 : fputs.obj (.const)
                  8001437b    00000005     --HOLE-- [fill = 0]
                  80014380    00000100     main.obj (.const:_$P$T3$4)
                  80014480    00000100     main.obj (.const:_$P$T4$5)
                  80014580    00000100     main.obj (.const:_$P$T5$6)
                  80014680    00000100     main.obj (.const:_$P$T7$8)
                  80014780    00000100     sha2.obj (.const:_K256)
                  80014880    000000bc     sha2.obj (.const)
                  8001493c    00000004     --HOLE-- [fill = 0]
                  80014940    00000080     main.obj (.const:_$P$T1$2)
                  800149c0    00000078     main.obj (.const:_$P$T0$1)
                  80014a38    00000070     helpfulFunctions.obj (.const)
                  80014aa8    00000060     encryptDecrypt.obj (.const)
                  80014b08    00000040     PRNG.obj (.const:_$P$T0$2)
                  80014b48    0000002c     main.obj (.const)
                  80014b74    00000004     --HOLE-- [fill = 0]
                  80014b78    00000028     aes.obj (.const:_rcon)
                  80014ba0    00000023     rts6740.lib : _printfi.obj (.const)
                  80014bc3    00000005     --HOLE-- [fill = 0]
                  80014bc8    00000020     sha2.obj (.const:_sha256_initial_hash_value)
                  80014be8    00000018     additionalFunctions.obj (.const)
                  80014c00    00000004     main.obj (.const:_$P$T2$3)
                  80014c04    00000004     --HOLE-- [fill = 0]
                  80014c08    00000004     main.obj (.const:_$P$T6$7)

.stack     0    80014c10    00002000     UNINITIALIZED
                  80014c10    00000008     rts6740.lib : boot.obj (.stack)
                  80014c18    00001ff8     --HOLE--

.far       0    80016c10    00000554     UNINITIALIZED
                  80016c10    00000324     rts6740.lib : defs.obj (.far)
                  80016f34    00000004                 : fopen.obj (.far)
                  80016f38    0000011c                 : lowlev.obj (.far)
                  80017054    00000004     --HOLE--
                  80017058    000000d0                 : trgdrv.obj (.far)
                  80017128    00000020     PRNG.obj (.far)
                  80017148    0000000c     rts6740.lib : exit.obj (.far)
                  80017154    00000008                 : _lock.obj (.far)
                  8001715c    00000008                 : memory.obj (.far)

.cinit     0    80017168    00000164     
                  80017168    0000005c     rts6740.lib : defs.obj (.cinit)
                  800171c4    00000004     --HOLE-- [fill = 0]
                  800171c8    0000005c                 : lowlev.obj (.cinit)
                  80017224    00000004     --HOLE-- [fill = 0]
                  80017228    0000002c                 : exit.obj (.cinit)
                  80017254    00000004     --HOLE-- [fill = 0]
                  80017258    0000002c                 : memory.obj (.cinit)
                  80017284    00000004     --HOLE-- [fill = 0]
                  80017288    0000001c                 : _lock.obj (.cinit)
                  800172a4    00000004     --HOLE-- [fill = 0]
                  800172a8    0000000c                 : fopen.obj (.cinit)
                  800172b4    00000004     --HOLE-- [fill = 0]
                  800172b8    00000009     PRNG.obj (.cinit)
                  800172c1    00000007     --HOLE-- [fill = 0]
                  800172c8    00000004     (.pad.cinit) [fill = 0]

.cio       0    800172cc    00000120     UNINITIALIZED
                  800172cc    00000120     rts6740.lib : trgmsg.obj (.cio)


GLOBAL SYMBOLS: SORTED ALPHABETICALLY BY Name 

address    name
--------   ----
80000000   $bss
80000000   .bss
80000000   .data
80000000   .text
8000d840   C$$EXIT
8000d538   C$$IO$$
8000c8c0   _HOSTclose
8000b580   _HOSTlseek
8000ba80   _HOSTopen
8000bfc0   _HOSTread
8000aaa0   _HOSTrename
8000c960   _HOSTtime
8000c080   _HOSTunlink
8000c140   _HOSTwrite
80006180   _PRNG
80005f60   _RNG
80003148   _SHA256_Final
80002a60   _SHA256_Init
80002ac4   _SHA256_Transform
80002f8c   _SHA256_Update
80003d24   _XOR
800172cc   __CIOBUF_
80016c10   __STACK_END
00002000   __STACK_SIZE
00004000   __SYSMEM_SIZE
00000001   __TI_args_main
80017150   ___TI_enable_exit_profile_output
ffffffff   ___TI_pprof_out_hndl
ffffffff   ___TI_prof_data_size
ffffffff   ___TI_prof_data_start
ffffffff   ___binit__
80000000   ___bss__
ffffffff   ___c_args__
80017168   ___cinit__
80000000   ___data__
80000000   ___edata__
80000000   ___end__
8000d880   ___etext__
8000d540   ___isinf
ffffffff   ___pinit__
80000000   ___text__
8000d3c0   __abort_msg
8000d5c0   __args_main
8000b680   __auto_init
8000bb60   __c6xabi_divi
8000c380   __c6xabi_divu
8000c500   __c6xabi_remi
8000d6c0   __c6xabi_strasgi_64plus
8000c200   __cleanup
80017148   __cleanup_ptr
80014278   __ctypes_
800059c0   __divd
8000bb60   __divi
8000ca00   __divli
8000c380   __divu
8000a900   __divul
80009880   __divull
8000c440   __doflush
8001714c   __dtors_ptr
8000cbe0   __fixdli
8000d040   __fltlid
8000d600   __frcmpyd_div
80016f30   __ft_end
80016c10   __ftable
8000d0c0   __llshl
8000d640   __llshru
80017154   __lock
8000d780   __negll
8000d7a0   __nop
80007d80   __printfi
8000c500   __remi
8000d680   __remli
80014c10   __stack
8000d6c0   __strasgi_64plus
8000d420   __subcull
8000d880   __sys_memory
80016df0   __tmpnams
80017158   __unlock
8000b880   __wrt_ok
8000d840   _abort
80005244   _addition
80007acc   _aesCBCdecrypt
80007bc4   _aesCBCencrypt
80007920   _aesDecrypt
80007958   _aesEncrypt
800011a8   _aes_decrypt
800006d4   _aes_encrypt
80000d90   _aes_set_decrypt_key
80000000   _aes_set_encrypt_key
8000bc40   _atoi
8000d140   _c_int00
80005564   _calculateKey
8000bd20   _close
80006334   _compareFSR
80005520   _computePartOfKey
80003c80   _concat
80003f6c   _copyArray
80004f40   _copyArray16
80004f98   _copyArray8
80003fec   _copyArrayFrom0
8000cd20   _copy_in
800054e4   _createExponent
8000564c   _createMessage
80006e84   _decrypt
80006bec   _decryptHMAC
800057ec   _decryptMessage
8000520c   _divideBy16
800050b4   _divideByTwo
80006d4c   _encrypt
80006a60   _encryptHMAC
80005744   _encryptMessage
8000be00   _exit
8000b460   _fclose
8000b980   _fflush
80006468   _findRandNum
80004ff0   _flipArray
8000d1c0   _fprintf
8000b1e0   _fputc
80008560   _fputs
80009600   _free
80005904   _from16to8
80001880   _from2to16
80005854   _from8to16
8000c5c0   _fseek
8000afd8   _hashOfLength
8000af50   _hashWithTime
80003dc8   _hexToString
8000a3a0   _hmac
80004de8   _isBiggerThan
80004e68   _isBiggerThanOrEqual
8000c680   _lseek
8000c740   _ltoa
80006fa0   _main
8000ac20   _malloc
8000a740   _maskGenerationFunction
8000d480   _memccpy
8000ce60   _memcpy
8000bee0   _memset
80001ad4   _mod
80002790   _modFaster
8000250c   _modMult
800025f4   _modSquare
8000350c   _modularInverse
8000482c   _montExp
80004480   _montMultiplication
80002110   _multiplication
80005180   _multiplyByTwo
80004ee8   _numberIsZero
80007ca4   _padding
800019d8   _positionMSB
80004060   _printArray
80004c60   _printArray16
80004cf8   _printArray8
8000416c   _printArrayNoSpaces
8000420c   _printChar
80004320   _printCharNoSpaces
8000d240   _printf
8000b1e0   _putc
8000d2c0   _readmsg
8000d860   _remove
800053c0   _repositionZeros
800043c0   _seeTheDifference
8000ada0   _setvbuf
800056c8   _signMessage
80008860   _signatureMessage
80003460   _signedSubtraction
80007994   _simpleDecrypt
80007a30   _simpleEncrypt
8000af20   _simpleHashWithLength
80001d10   _squareProduct
8000d700   _strlen
800052c0   _subtraction
80005374   _subtractionWithSign
8000d740   _time
80003db0   _timeData
8000d340   _unlink
80005794   _unsignMessage
8000626c   _updateFSR
800081c0   _verifySignature
8000c800   _write
8000d4e0   _writemsg
80004d94   _zerosArray
ffffffff   binit
80017168   cinit
80000000   edata
80000000   end
8000d880   etext
ffffffff   pinit


GLOBAL SYMBOLS: SORTED BY Symbol Address 

address    name
--------   ----
00000001   __TI_args_main
00002000   __STACK_SIZE
00004000   __SYSMEM_SIZE
80000000   $bss
80000000   .bss
80000000   .data
80000000   .text
80000000   ___bss__
80000000   ___data__
80000000   ___edata__
80000000   ___end__
80000000   ___text__
80000000   _aes_set_encrypt_key
80000000   edata
80000000   end
800006d4   _aes_encrypt
80000d90   _aes_set_decrypt_key
800011a8   _aes_decrypt
80001880   _from2to16
800019d8   _positionMSB
80001ad4   _mod
80001d10   _squareProduct
80002110   _multiplication
8000250c   _modMult
800025f4   _modSquare
80002790   _modFaster
80002a60   _SHA256_Init
80002ac4   _SHA256_Transform
80002f8c   _SHA256_Update
80003148   _SHA256_Final
80003460   _signedSubtraction
8000350c   _modularInverse
80003c80   _concat
80003d24   _XOR
80003db0   _timeData
80003dc8   _hexToString
80003f6c   _copyArray
80003fec   _copyArrayFrom0
80004060   _printArray
8000416c   _printArrayNoSpaces
8000420c   _printChar
80004320   _printCharNoSpaces
800043c0   _seeTheDifference
80004480   _montMultiplication
8000482c   _montExp
80004c60   _printArray16
80004cf8   _printArray8
80004d94   _zerosArray
80004de8   _isBiggerThan
80004e68   _isBiggerThanOrEqual
80004ee8   _numberIsZero
80004f40   _copyArray16
80004f98   _copyArray8
80004ff0   _flipArray
800050b4   _divideByTwo
80005180   _multiplyByTwo
8000520c   _divideBy16
80005244   _addition
800052c0   _subtraction
80005374   _subtractionWithSign
800053c0   _repositionZeros
800054e4   _createExponent
80005520   _computePartOfKey
80005564   _calculateKey
8000564c   _createMessage
800056c8   _signMessage
80005744   _encryptMessage
80005794   _unsignMessage
800057ec   _decryptMessage
80005854   _from8to16
80005904   _from16to8
800059c0   __divd
80005f60   _RNG
80006180   _PRNG
8000626c   _updateFSR
80006334   _compareFSR
80006468   _findRandNum
80006a60   _encryptHMAC
80006bec   _decryptHMAC
80006d4c   _encrypt
80006e84   _decrypt
80006fa0   _main
80007920   _aesDecrypt
80007958   _aesEncrypt
80007994   _simpleDecrypt
80007a30   _simpleEncrypt
80007acc   _aesCBCdecrypt
80007bc4   _aesCBCencrypt
80007ca4   _padding
80007d80   __printfi
800081c0   _verifySignature
80008560   _fputs
80008860   _signatureMessage
80009600   _free
80009880   __divull
8000a3a0   _hmac
8000a740   _maskGenerationFunction
8000a900   __divul
8000aaa0   _HOSTrename
8000ac20   _malloc
8000ada0   _setvbuf
8000af20   _simpleHashWithLength
8000af50   _hashWithTime
8000afd8   _hashOfLength
8000b1e0   _fputc
8000b1e0   _putc
8000b460   _fclose
8000b580   _HOSTlseek
8000b680   __auto_init
8000b880   __wrt_ok
8000b980   _fflush
8000ba80   _HOSTopen
8000bb60   __c6xabi_divi
8000bb60   __divi
8000bc40   _atoi
8000bd20   _close
8000be00   _exit
8000bee0   _memset
8000bfc0   _HOSTread
8000c080   _HOSTunlink
8000c140   _HOSTwrite
8000c200   __cleanup
8000c380   __c6xabi_divu
8000c380   __divu
8000c440   __doflush
8000c500   __c6xabi_remi
8000c500   __remi
8000c5c0   _fseek
8000c680   _lseek
8000c740   _ltoa
8000c800   _write
8000c8c0   _HOSTclose
8000c960   _HOSTtime
8000ca00   __divli
8000cbe0   __fixdli
8000cd20   _copy_in
8000ce60   _memcpy
8000d040   __fltlid
8000d0c0   __llshl
8000d140   _c_int00
8000d1c0   _fprintf
8000d240   _printf
8000d2c0   _readmsg
8000d340   _unlink
8000d3c0   __abort_msg
8000d420   __subcull
8000d480   _memccpy
8000d4e0   _writemsg
8000d538   C$$IO$$
8000d540   ___isinf
8000d5c0   __args_main
8000d600   __frcmpyd_div
8000d640   __llshru
8000d680   __remli
8000d6c0   __c6xabi_strasgi_64plus
8000d6c0   __strasgi_64plus
8000d700   _strlen
8000d740   _time
8000d780   __negll
8000d7a0   __nop
8000d840   C$$EXIT
8000d840   _abort
8000d860   _remove
8000d880   ___etext__
8000d880   __sys_memory
8000d880   etext
80014278   __ctypes_
80014c10   __stack
80016c10   __STACK_END
80016c10   __ftable
80016df0   __tmpnams
80016f30   __ft_end
80017148   __cleanup_ptr
8001714c   __dtors_ptr
80017150   ___TI_enable_exit_profile_output
80017154   __lock
80017158   __unlock
80017168   ___cinit__
80017168   cinit
800172cc   __CIOBUF_
ffffffff   ___TI_pprof_out_hndl
ffffffff   ___TI_prof_data_size
ffffffff   ___TI_prof_data_start
ffffffff   ___binit__
ffffffff   ___c_args__
ffffffff   ___pinit__
ffffffff   binit
ffffffff   pinit

[188 symbols]
