******************************************************************************
               TMS320C6x Linker PC v7.3.1                      
******************************************************************************
>> Linked Thu Apr 27 13:14:34 2017

OUTPUT FILE NAME:   <ccsProject_insideGit.out>
ENTRY POINT SYMBOL: "_c_int00"  address: 8000d1c0


MEMORY CONFIGURATION

         name            origin    length      used     unused   attr    fill
----------------------  --------  ---------  --------  --------  ----  --------
  DSPL2ROM              00700000   00010000  00000000  00010000  RWIX
  DSPL2RAM              00800000   00040000  00000000  00040000  RWIX
  DSPL1PRAM             00e00000   00008000  00000000  00008000  RWIX
  DSPL1DRAM             00f00000   00008000  00000000  00008000  RWIX
  SHDSPL2ROM            11700000   00010000  00000000  00010000  RWIX
  SHDSPL2RAM            11800000   00040000  00000000  00040000  RWIX
  SHDSPL1PRAM           11e00000   00008000  00000000  00008000  RWIX
  SHDSPL1DRAM           11f00000   00008000  00000000  00008000  RWIX
  EMIFACS0              40000000   20000000  00000000  20000000  RWIX
  EMIFACS2              60000000   02000000  00000000  02000000  RWIX
  EMIFACS3              62000000   02000000  00000000  02000000  RWIX
  EMIFACS4              64000000   02000000  00000000  02000000  RWIX
  EMIFACS5              66000000   02000000  00000000  02000000  RWIX
  SHRAM                 80000000   00020000  000171bc  00008e44  RWIX
  DDR2                  c0000000   20000000  00000000  20000000  RWIX


SECTION ALLOCATION MAP

 output                                  attributes/
section   page    origin      length       input sections
--------  ----  ----------  ----------   ----------------
.pinit     0    80000000    00000000     UNINITIALIZED

.text      0    80000000    0000d900     
                  80000000    00001880     aes.obj (.text)
                  80001880    000011e0     modFunctions.obj (.text)
                  80002a60    00000a00     sha2.obj (.text)
                  80003460    00000820     modularInverse.obj (.text)
                  80003c80    00000800     helpfulFunctions.obj (.text)
                  80004480    000007e0     montExponentiation.obj (.text)
                  80004c60    000007c0     additionalFunctions.obj (.text)
                  80005420    00000640     keyEstablishmentFunctions.obj (.text)
                  80005a60    000005a0     rts6740.lib : divd.obj (.text:__divd)
                  80006000    00000580     PRNG.obj (.text)
                  80006580    00000580     rts6740.lib : _printfi.obj (.text:__getarg_diouxp)
                  80006b00    00000540     encryptDecrypt.obj (.text)
                  80007040    000004e0     main.obj (.text)
                  80007520    00000480     rts6740.lib : _printfi.obj (.text:__setfield)
                  800079a0    00000460     useAES.obj (.text)
                  80007e00    00000440     rts6740.lib : _printfi.obj (.text:__printfi)
                  80008240    000003a0     verifySignature.obj (.text)
                  800085e0    00000300     rts6740.lib : fputs.obj (.text:_fputs)
                  800088e0    000002e0     signatureMessage.obj (.text)
                  80008bc0    000002c0     rts6740.lib : _printfi.obj (.text:__pproc_fge)
                  80008e80    000002c0                 : _printfi.obj (.text:__pproc_fwp)
                  80009140    000002a0                 : _printfi.obj (.text:_ecvt)
                  800093e0    000002a0                 : _printfi.obj (.text:_fcvt)
                  80009680    00000280                 : memory.obj (.text:_free)
                  80009900    00000260                 : imath64.obj (.text:__divull)
                  80009b60    00000260                 : _printfi.obj (.text:__pconv_e)
                  80009dc0    00000240                 : _printfi.obj (.text:__pproc_diouxp)
                  8000a000    00000220                 : _printfi.obj (.text:__pproc_str)
                  8000a220    00000200                 : _printfi.obj (.text:__pconv_g)
                  8000a420    000001e0     hmac.obj (.text)
                  8000a600    000001c0     rts6740.lib : _printfi.obj (.text:__mcpy)
                  8000a7c0    000001c0     maskGenerationFunction.obj (.text)
                  8000a980    000001a0     rts6740.lib : imath40.obj (.text:__divul)
                  8000ab20    00000180                 : trgdrv.obj (.text:_HOSTrename)
                  8000aca0    00000180                 : memory.obj (.text:_malloc)
                  8000ae20    00000180                 : setvbuf.obj (.text:_setvbuf)
                  8000afa0    00000180     useSHA256.obj (.text)
                  8000b120    00000140     rts6740.lib : _printfi.obj (.text:__pproc_fflags)
                  8000b260    00000140                 : fputc.obj (.text:_fputc)
                  8000b3a0    00000140                 : lowlev.obj (.text:_getdevice)
                  8000b4e0    00000120                 : fclose.obj (.text:_fclose)
                  8000b600    00000100                 : trgdrv.obj (.text:_HOSTlseek)
                  8000b700    00000100                 : autoinit.obj (.text:__auto_init)
                  8000b800    00000100                 : _printfi.obj (.text:__ltostr)
                  8000b900    00000100                 : _io_perm.obj (.text:__wrt_ok)
                  8000ba00    00000100                 : fflush.obj (.text:_fflush)
                  8000bb00    000000e0                 : trgdrv.obj (.text:_HOSTopen)
                  8000bbe0    000000e0                 : divi.obj (.text:__divi)
                  8000bcc0    000000e0                 : atoi.obj (.text:_atoi)
                  8000bda0    000000e0                 : lowlev.obj (.text:_close)
                  8000be80    000000e0                 : exit.obj (.text:_exit)
                  8000bf60    000000e0                 : memset.obj (.text:_memset)
                  8000c040    000000c0                 : trgdrv.obj (.text:_HOSTread)
                  8000c100    000000c0                 : trgdrv.obj (.text:_HOSTunlink)
                  8000c1c0    000000c0                 : trgdrv.obj (.text:_HOSTwrite)
                  8000c280    000000c0                 : fopen.obj (.text:__cleanup)
                  8000c340    000000c0                 : _printfi.obj (.text:__div)
                  8000c400    000000c0                 : divu.obj (.text:__divu)
                  8000c4c0    000000c0                 : fflush.obj (.text:__doflush)
                  8000c580    000000c0                 : remi.obj (.text:__remi)
                  8000c640    000000c0                 : fseek.obj (.text:_fseek)
                  8000c700    000000c0                 : lowlev.obj (.text:_lseek)
                  8000c7c0    000000c0                 : ltoa.obj (.text:_ltoa)
                  8000c880    000000c0                 : lowlev.obj (.text:_write)
                  8000c940    000000a0                 : trgdrv.obj (.text:_HOSTclose)
                  8000c9e0    000000a0                 : trgdrv.obj (.text:_HOSTtime)
                  8000ca80    000000a0                 : imath40.obj (.text:__divli)
                  8000cb20    000000a0                 : _printfi.obj (.text:__ecpy)
                  8000cbc0    000000a0                 : _printfi.obj (.text:__fcpy)
                  8000cc60    000000a0                 : fixdli.obj (.text:__fixdli)
                  8000cd00    000000a0                 : _printfi.obj (.text:__pconv_f)
                  8000cda0    000000a0                 : cpy_tbl.obj (.text:_copy_in)
                  8000ce40    000000a0                 : lowlev.obj (.text:_finddevice)
                  8000cee0    000000a0                 : memcpy64.obj (.text:_memcpy)
                  8000cf80    000000a0                 : memory.obj (.text:_minsert)
                  8000d020    000000a0                 : memory.obj (.text:_mremove)
                  8000d0c0    00000080                 : fltlid.obj (.text:__fltlid)
                  8000d140    00000080                 : llshift.obj (.text:__llshl)
                  8000d1c0    00000080                 : boot.obj (.text:_c_int00)
                  8000d240    00000080                 : fprintf.obj (.text:_fprintf)
                  8000d2c0    00000080                 : printf.obj (.text:_printf)
                  8000d340    00000080                 : trgmsg.obj (.text:_readmsg)
                  8000d3c0    00000080                 : lowlev.obj (.text:_unlink)
                  8000d440    00000060                 : assert.obj (.text:__abort_msg)
                  8000d4a0    00000060                 : imath64.obj (.text:__subcull)
                  8000d500    00000060                 : memccpy.obj (.text:_memccpy)
                  8000d560    00000060                 : trgmsg.obj (.text:_writemsg)
                  8000d5c0    00000040                 : isinf.obj (.text:___isinf)
                  8000d600    00000040                 : _printfi.obj (.text:___isnan)
                  8000d640    00000040                 : args_main.obj (.text:__args_main)
                  8000d680    00000040                 : frcmpyd_div.obj (.text:__frcmpyd_div)
                  8000d6c0    00000040                 : llshift.obj (.text:__llshru)
                  8000d700    00000040                 : imath40.obj (.text:__remli)
                  8000d740    00000040                 : strasg.obj (.text:__strasgi_64plus)
                  8000d780    00000040                 : strlen.obj (.text:_strlen)
                  8000d7c0    00000040                 : time.obj (.text:_time)
                  8000d800    00000020                 : negll.obj (.text:__negll)
                  8000d820    00000020                 : _lock.obj (.text:__nop)
                  8000d840    00000020                 : fprintf.obj (.text:__outc)
                  8000d860    00000020                 : printf.obj (.text:__outc)
                  8000d880    00000020                 : fprintf.obj (.text:__outs)
                  8000d8a0    00000020                 : printf.obj (.text:__outs)
                  8000d8c0    00000020                 : exit.obj (.text:_abort)
                  8000d8e0    00000020                 : remove.obj (.text:_remove)

.bss       0    80000000    00000000     UNINITIALIZED

.data      0    80000000    00000000     UNINITIALIZED

.sysmem    0    8000d900    00004000     UNINITIALIZED
                  8000d900    00000008     rts6740.lib : memory.obj (.sysmem)
                  8000d908    00003ff8     --HOLE--

.const     0    80011900    000030e4     
                  80011900    00000400     aes.obj (.const:_Td0)
                  80011d00    00000400     aes.obj (.const:_Td1)
                  80012100    00000400     aes.obj (.const:_Td2)
                  80012500    00000400     aes.obj (.const:_Td3)
                  80012900    00000400     aes.obj (.const:_Td4)
                  80012d00    00000400     aes.obj (.const:_Te0)
                  80013100    00000400     aes.obj (.const:_Te1)
                  80013500    00000400     aes.obj (.const:_Te2)
                  80013900    00000400     aes.obj (.const:_Te3)
                  80013d00    00000400     aes.obj (.const:_Te4)
                  80014100    000001f4     main.obj (.const:_$P$T8$9)
                  800142f4    00000004     main.obj (.const)
                  800142f8    00000101     rts6740.lib : ctype.obj (.const:__ctypes_)
                  800143f9    00000003                 : assert.obj (.const)
                  800143fc    00000002                 : fputs.obj (.const)
                  800143fe    00000002     --HOLE-- [fill = 0]
                  80014400    00000100     sha2.obj (.const:_K256)
                  80014500    000000bc     sha2.obj (.const)
                  800145bc    00000004     --HOLE-- [fill = 0]
                  800145c0    00000080     main.obj (.const:_$P$T3$4)
                  80014640    00000080     main.obj (.const:_$P$T4$5)
                  800146c0    00000080     main.obj (.const:_$P$T5$6)
                  80014740    00000080     main.obj (.const:_$P$T7$8)
                  800147c0    00000070     helpfulFunctions.obj (.const)
                  80014830    00000060     encryptDecrypt.obj (.const)
                  80014890    00000040     PRNG.obj (.const:_$P$T0$2)
                  800148d0    00000040     main.obj (.const:_$P$T1$2)
                  80014910    0000003c     main.obj (.const:_$P$T0$1)
                  8001494c    00000004     --HOLE-- [fill = 0]
                  80014950    00000028     aes.obj (.const:_rcon)
                  80014978    00000023     rts6740.lib : _printfi.obj (.const)
                  8001499b    00000005     --HOLE-- [fill = 0]
                  800149a0    00000020     sha2.obj (.const:_sha256_initial_hash_value)
                  800149c0    00000018     additionalFunctions.obj (.const)
                  800149d8    00000004     main.obj (.const:_$P$T2$3)
                  800149dc    00000004     --HOLE-- [fill = 0]
                  800149e0    00000004     main.obj (.const:_$P$T6$7)

.stack     0    800149e8    00002000     UNINITIALIZED
                  800149e8    00000008     rts6740.lib : boot.obj (.stack)
                  800149f0    00001ff8     --HOLE--

.far       0    800169e8    00000554     UNINITIALIZED
                  800169e8    00000324     rts6740.lib : defs.obj (.far)
                  80016d0c    00000004                 : fopen.obj (.far)
                  80016d10    0000011c                 : lowlev.obj (.far)
                  80016e2c    00000004     --HOLE--
                  80016e30    000000d0                 : trgdrv.obj (.far)
                  80016f00    00000020     PRNG.obj (.far)
                  80016f20    0000000c     rts6740.lib : exit.obj (.far)
                  80016f2c    00000008                 : _lock.obj (.far)
                  80016f34    00000008                 : memory.obj (.far)

.cinit     0    80016f40    00000164     
                  80016f40    0000005c     rts6740.lib : defs.obj (.cinit)
                  80016f9c    00000004     --HOLE-- [fill = 0]
                  80016fa0    0000005c                 : lowlev.obj (.cinit)
                  80016ffc    00000004     --HOLE-- [fill = 0]
                  80017000    0000002c                 : exit.obj (.cinit)
                  8001702c    00000004     --HOLE-- [fill = 0]
                  80017030    0000002c                 : memory.obj (.cinit)
                  8001705c    00000004     --HOLE-- [fill = 0]
                  80017060    0000001c                 : _lock.obj (.cinit)
                  8001707c    00000004     --HOLE-- [fill = 0]
                  80017080    0000000c                 : fopen.obj (.cinit)
                  8001708c    00000004     --HOLE-- [fill = 0]
                  80017090    00000009     PRNG.obj (.cinit)
                  80017099    00000007     --HOLE-- [fill = 0]
                  800170a0    00000004     (.pad.cinit) [fill = 0]

.cio       0    800170a4    00000120     UNINITIALIZED
                  800170a4    00000120     rts6740.lib : trgmsg.obj (.cio)


GLOBAL SYMBOLS: SORTED ALPHABETICALLY BY Name 

address    name
--------   ----
80000000   $bss
80000000   .bss
80000000   .data
80000000   .text
8000d8c0   C$$EXIT
8000d5b8   C$$IO$$
8000c940   _HOSTclose
8000b600   _HOSTlseek
8000bb00   _HOSTopen
8000c040   _HOSTread
8000ab20   _HOSTrename
8000c9e0   _HOSTtime
8000c100   _HOSTunlink
8000c1c0   _HOSTwrite
80006220   _PRNG
80006000   _RNG
80003148   _SHA256_Final
80002a60   _SHA256_Init
80002ac4   _SHA256_Transform
80002f8c   _SHA256_Update
80003d24   _XOR
800170a4   __CIOBUF_
800169e8   __STACK_END
00002000   __STACK_SIZE
00004000   __SYSMEM_SIZE
00000001   __TI_args_main
80016f28   ___TI_enable_exit_profile_output
ffffffff   ___TI_pprof_out_hndl
ffffffff   ___TI_prof_data_size
ffffffff   ___TI_prof_data_start
ffffffff   ___binit__
80000000   ___bss__
ffffffff   ___c_args__
80016f40   ___cinit__
80000000   ___data__
80000000   ___edata__
80000000   ___end__
8000d900   ___etext__
8000d5c0   ___isinf
ffffffff   ___pinit__
80000000   ___text__
8000d440   __abort_msg
8000d640   __args_main
8000b700   __auto_init
8000bbe0   __c6xabi_divi
8000c400   __c6xabi_divu
8000c580   __c6xabi_remi
8000d740   __c6xabi_strasgi_64plus
8000c280   __cleanup
80016f20   __cleanup_ptr
800142f8   __ctypes_
80005a60   __divd
8000bbe0   __divi
8000ca80   __divli
8000c400   __divu
8000a980   __divul
80009900   __divull
8000c4c0   __doflush
80016f24   __dtors_ptr
8000cc60   __fixdli
8000d0c0   __fltlid
8000d680   __frcmpyd_div
80016d08   __ft_end
800169e8   __ftable
8000d140   __llshl
8000d6c0   __llshru
80016f2c   __lock
8000d800   __negll
8000d820   __nop
80007e00   __printfi
8000c580   __remi
8000d700   __remli
800149e8   __stack
8000d740   __strasgi_64plus
8000d4a0   __subcull
8000d900   __sys_memory
80016bc8   __tmpnams
80016f30   __unlock
8000b900   __wrt_ok
8000d8c0   _abort
800052a4   _addition
80007b4c   _aesCBCdecrypt
80007c44   _aesCBCencrypt
800079a0   _aesDecrypt
800079d8   _aesEncrypt
800011a8   _aes_decrypt
800006d4   _aes_encrypt
80000d90   _aes_set_decrypt_key
80000000   _aes_set_encrypt_key
8000bcc0   _atoi
8000d1c0   _c_int00
8000560c   _calculateKey
8000bda0   _close
800063d4   _compareFSR
800055cc   _computePartOfKey
80003c80   _concat
80003f6c   _copyArray
80004f94   _copyArray16
80004fec   _copyArray8
80003fec   _copyArrayFrom0
8000cda0   _copy_in
80005544   _createExponent
800056f0   _createMessage
80006f24   _decrypt
80006c8c   _decryptHMAC
80005894   _decryptMessage
8000526c   _divideBy16
80005110   _divideByTwo
80006dec   _encrypt
80006b00   _encryptHMAC
800057e8   _encryptMessage
8000be80   _exit
8000b4e0   _fclose
8000ba00   _fflush
80006508   _findRandNum
80005048   _flipArray
8000d240   _fprintf
8000b260   _fputc
800085e0   _fputs
80009680   _free
800059a8   _from16to8
80001880   _from2to16
800058f8   _from8to16
8000c640   _fseek
8000b058   _hashOfLength
8000afd0   _hashWithTime
80003dc8   _hexToString
8000a420   _hmac
80004de8   _isBiggerThan
80004e68   _isBiggerThanOrEqual
8000c700   _lseek
8000c7c0   _ltoa
80007040   _main
8000aca0   _malloc
8000a7c0   _maskGenerationFunction
8000d500   _memccpy
8000cee0   _memcpy
8000bf60   _memset
80001ad4   _mod
80002790   _modFaster
8000250c   _modMult
800025f4   _modSquare
8000350c   _modularInverse
8000482c   _montExp
80004480   _montMultiplication
80002110   _multiplication
800051e0   _multiplyByTwo
80004ee8   _numberIsZero
80004f40   _numberIsZero8
80007d24   _padding
800019d8   _positionMSB
80004060   _printArray
80004c60   _printArray16
80004cf8   _printArray8
8000416c   _printArrayNoSpaces
8000420c   _printChar
80004320   _printCharNoSpaces
8000d2c0   _printf
8000b260   _putc
8000d340   _readmsg
8000d8e0   _remove
80005420   _repositionZeros
800043c0   _seeTheDifference
8000ae20   _setvbuf
8000576c   _signMessage
800088e0   _signatureMessage
80003460   _signedSubtraction
80007a14   _simpleDecrypt
80007ab0   _simpleEncrypt
8000afa0   _simpleHashWithLength
80001d10   _squareProduct
8000d780   _strlen
80005320   _subtraction
800053d4   _subtractionWithSign
8000d7c0   _time
80003db0   _timeData
8000d3c0   _unlink
80005840   _unsignMessage
8000630c   _updateFSR
80008240   _verifySignature
8000c880   _write
8000d560   _writemsg
80004d94   _zerosArray
ffffffff   binit
80016f40   cinit
80000000   edata
80000000   end
8000d900   etext
ffffffff   pinit


GLOBAL SYMBOLS: SORTED BY Symbol Address 

address    name
--------   ----
00000001   __TI_args_main
00002000   __STACK_SIZE
00004000   __SYSMEM_SIZE
80000000   $bss
80000000   .bss
80000000   .data
80000000   .text
80000000   ___bss__
80000000   ___data__
80000000   ___edata__
80000000   ___end__
80000000   ___text__
80000000   _aes_set_encrypt_key
80000000   edata
80000000   end
800006d4   _aes_encrypt
80000d90   _aes_set_decrypt_key
800011a8   _aes_decrypt
80001880   _from2to16
800019d8   _positionMSB
80001ad4   _mod
80001d10   _squareProduct
80002110   _multiplication
8000250c   _modMult
800025f4   _modSquare
80002790   _modFaster
80002a60   _SHA256_Init
80002ac4   _SHA256_Transform
80002f8c   _SHA256_Update
80003148   _SHA256_Final
80003460   _signedSubtraction
8000350c   _modularInverse
80003c80   _concat
80003d24   _XOR
80003db0   _timeData
80003dc8   _hexToString
80003f6c   _copyArray
80003fec   _copyArrayFrom0
80004060   _printArray
8000416c   _printArrayNoSpaces
8000420c   _printChar
80004320   _printCharNoSpaces
800043c0   _seeTheDifference
80004480   _montMultiplication
8000482c   _montExp
80004c60   _printArray16
80004cf8   _printArray8
80004d94   _zerosArray
80004de8   _isBiggerThan
80004e68   _isBiggerThanOrEqual
80004ee8   _numberIsZero
80004f40   _numberIsZero8
80004f94   _copyArray16
80004fec   _copyArray8
80005048   _flipArray
80005110   _divideByTwo
800051e0   _multiplyByTwo
8000526c   _divideBy16
800052a4   _addition
80005320   _subtraction
800053d4   _subtractionWithSign
80005420   _repositionZeros
80005544   _createExponent
800055cc   _computePartOfKey
8000560c   _calculateKey
800056f0   _createMessage
8000576c   _signMessage
800057e8   _encryptMessage
80005840   _unsignMessage
80005894   _decryptMessage
800058f8   _from8to16
800059a8   _from16to8
80005a60   __divd
80006000   _RNG
80006220   _PRNG
8000630c   _updateFSR
800063d4   _compareFSR
80006508   _findRandNum
80006b00   _encryptHMAC
80006c8c   _decryptHMAC
80006dec   _encrypt
80006f24   _decrypt
80007040   _main
800079a0   _aesDecrypt
800079d8   _aesEncrypt
80007a14   _simpleDecrypt
80007ab0   _simpleEncrypt
80007b4c   _aesCBCdecrypt
80007c44   _aesCBCencrypt
80007d24   _padding
80007e00   __printfi
80008240   _verifySignature
800085e0   _fputs
800088e0   _signatureMessage
80009680   _free
80009900   __divull
8000a420   _hmac
8000a7c0   _maskGenerationFunction
8000a980   __divul
8000ab20   _HOSTrename
8000aca0   _malloc
8000ae20   _setvbuf
8000afa0   _simpleHashWithLength
8000afd0   _hashWithTime
8000b058   _hashOfLength
8000b260   _fputc
8000b260   _putc
8000b4e0   _fclose
8000b600   _HOSTlseek
8000b700   __auto_init
8000b900   __wrt_ok
8000ba00   _fflush
8000bb00   _HOSTopen
8000bbe0   __c6xabi_divi
8000bbe0   __divi
8000bcc0   _atoi
8000bda0   _close
8000be80   _exit
8000bf60   _memset
8000c040   _HOSTread
8000c100   _HOSTunlink
8000c1c0   _HOSTwrite
8000c280   __cleanup
8000c400   __c6xabi_divu
8000c400   __divu
8000c4c0   __doflush
8000c580   __c6xabi_remi
8000c580   __remi
8000c640   _fseek
8000c700   _lseek
8000c7c0   _ltoa
8000c880   _write
8000c940   _HOSTclose
8000c9e0   _HOSTtime
8000ca80   __divli
8000cc60   __fixdli
8000cda0   _copy_in
8000cee0   _memcpy
8000d0c0   __fltlid
8000d140   __llshl
8000d1c0   _c_int00
8000d240   _fprintf
8000d2c0   _printf
8000d340   _readmsg
8000d3c0   _unlink
8000d440   __abort_msg
8000d4a0   __subcull
8000d500   _memccpy
8000d560   _writemsg
8000d5b8   C$$IO$$
8000d5c0   ___isinf
8000d640   __args_main
8000d680   __frcmpyd_div
8000d6c0   __llshru
8000d700   __remli
8000d740   __c6xabi_strasgi_64plus
8000d740   __strasgi_64plus
8000d780   _strlen
8000d7c0   _time
8000d800   __negll
8000d820   __nop
8000d8c0   C$$EXIT
8000d8c0   _abort
8000d8e0   _remove
8000d900   ___etext__
8000d900   __sys_memory
8000d900   etext
800142f8   __ctypes_
800149e8   __stack
800169e8   __STACK_END
800169e8   __ftable
80016bc8   __tmpnams
80016d08   __ft_end
80016f20   __cleanup_ptr
80016f24   __dtors_ptr
80016f28   ___TI_enable_exit_profile_output
80016f2c   __lock
80016f30   __unlock
80016f40   ___cinit__
80016f40   cinit
800170a4   __CIOBUF_
ffffffff   ___TI_pprof_out_hndl
ffffffff   ___TI_prof_data_size
ffffffff   ___TI_prof_data_start
ffffffff   ___binit__
ffffffff   ___c_args__
ffffffff   ___pinit__
ffffffff   binit
ffffffff   pinit

[189 symbols]
