******************************************************************************
               TMS320C6x Linker PC v7.3.1                      
******************************************************************************
>> Linked Fri May 12 11:20:41 2017

OUTPUT FILE NAME:   <ccsProject.out>
ENTRY POINT SYMBOL: "_c_int00"  address: 8000cfc0


MEMORY CONFIGURATION

         name            origin    length      used     unused   attr    fill
----------------------  --------  ---------  --------  --------  ----  --------
  DSPL2ROM              00700000   00010000  00000000  00010000  RWIX
  DSPL2RAM              00800000   00040000  00000000  00040000  RWIX
  DSPL1PRAM             00e00000   00008000  00000000  00008000  RWIX
  DSPL1DRAM             00f00000   00008000  00000000  00008000  RWIX
  SHDSPL2ROM            11700000   00010000  00000000  00010000  RWIX
  SHDSPL2RAM            11800000   00040000  00000000  00040000  RWIX
  SHDSPL1PRAM           11e00000   00008000  00000000  00008000  RWIX
  SHDSPL1DRAM           11f00000   00008000  00000000  00008000  RWIX
  EMIFACS0              40000000   20000000  00000000  20000000  RWIX
  EMIFACS2              60000000   02000000  00000000  02000000  RWIX
  EMIFACS3              62000000   02000000  00000000  02000000  RWIX
  EMIFACS4              64000000   02000000  00000000  02000000  RWIX
  EMIFACS5              66000000   02000000  00000000  02000000  RWIX
  SHRAM                 80000000   00020000  00016e14  000091ec  RWIX
  DDR2                  c0000000   20000000  00000000  20000000  RWIX


SECTION ALLOCATION MAP

 output                                  attributes/
section   page    origin      length       input sections
--------  ----  ----------  ----------   ----------------
.pinit     0    80000000    00000000     UNINITIALIZED

.text      0    80000000    0000d6c0     
                  80000000    00001880     aes.obj (.text)
                  80001880    00001120     modFunctions32.obj (.text)
                  800029a0    00000ea0     montExponentiation32.obj (.text)
                  80003840    00000a00     sha2.obj (.text)
                  80004240    00000880     helpfulFunctions.obj (.text)
                  80004ac0    00000860     additionalFunctions32.obj (.text)
                  80005320    00000840     modularInverse32.obj (.text)
                  80005b60    000005c0     keyEstablishmentFunctions32.obj (.text)
                  80006120    000005a0     rts6740.lib : divd.obj (.text:__divd)
                  800066c0    00000580     PRNG.obj (.text)
                  80006c40    00000580     rts6740.lib : _printfi.obj (.text:__getarg_diouxp)
                  800071c0    00000480                 : _printfi.obj (.text:__setfield)
                  80007640    00000480     useAES.obj (.text)
                  80007ac0    00000440     rts6740.lib : _printfi.obj (.text:__printfi)
                  80007f00    000003a0     verifySignature.obj (.text)
                  800082a0    00000300     rts6740.lib : fputs.obj (.text:_fputs)
                  800085a0    00000300     main.obj (.text)
                  800088a0    000002e0     signatureMessage.obj (.text)
                  80008b80    000002c0     rts6740.lib : _printfi.obj (.text:__pproc_fge)
                  80008e40    000002c0                 : _printfi.obj (.text:__pproc_fwp)
                  80009100    000002a0                 : _printfi.obj (.text:_ecvt)
                  800093a0    000002a0                 : _printfi.obj (.text:_fcvt)
                  80009640    00000280                 : memory.obj (.text:_free)
                  800098c0    00000260                 : imath64.obj (.text:__divull)
                  80009b20    00000260                 : _printfi.obj (.text:__pconv_e)
                  80009d80    00000240                 : _printfi.obj (.text:__pproc_diouxp)
                  80009fc0    00000220                 : _printfi.obj (.text:__pproc_str)
                  8000a1e0    00000200                 : _printfi.obj (.text:__pconv_g)
                  8000a3e0    000001e0     maskGenerationFunction.obj (.text)
                  8000a5c0    000001c0     rts6740.lib : _printfi.obj (.text:__mcpy)
                  8000a780    000001a0                 : imath40.obj (.text:__divul)
                  8000a920    00000180                 : trgdrv.obj (.text:_HOSTrename)
                  8000aaa0    00000180                 : memory.obj (.text:_malloc)
                  8000ac20    00000180                 : setvbuf.obj (.text:_setvbuf)
                  8000ada0    00000180     useSHA256.obj (.text)
                  8000af20    00000140     rts6740.lib : _printfi.obj (.text:__pproc_fflags)
                  8000b060    00000140                 : fputc.obj (.text:_fputc)
                  8000b1a0    00000140                 : lowlev.obj (.text:_getdevice)
                  8000b2e0    00000120                 : fclose.obj (.text:_fclose)
                  8000b400    00000100                 : trgdrv.obj (.text:_HOSTlseek)
                  8000b500    00000100                 : autoinit.obj (.text:__auto_init)
                  8000b600    00000100                 : _printfi.obj (.text:__ltostr)
                  8000b700    00000100                 : _io_perm.obj (.text:__wrt_ok)
                  8000b800    00000100                 : fflush.obj (.text:_fflush)
                  8000b900    000000e0                 : trgdrv.obj (.text:_HOSTopen)
                  8000b9e0    000000e0                 : divi.obj (.text:__divi)
                  8000bac0    000000e0                 : atoi.obj (.text:_atoi)
                  8000bba0    000000e0                 : lowlev.obj (.text:_close)
                  8000bc80    000000e0                 : exit.obj (.text:_exit)
                  8000bd60    000000e0                 : memset.obj (.text:_memset)
                  8000be40    000000c0                 : trgdrv.obj (.text:_HOSTread)
                  8000bf00    000000c0                 : trgdrv.obj (.text:_HOSTunlink)
                  8000bfc0    000000c0                 : trgdrv.obj (.text:_HOSTwrite)
                  8000c080    000000c0                 : fopen.obj (.text:__cleanup)
                  8000c140    000000c0                 : _printfi.obj (.text:__div)
                  8000c200    000000c0                 : divu.obj (.text:__divu)
                  8000c2c0    000000c0                 : fflush.obj (.text:__doflush)
                  8000c380    000000c0                 : remi.obj (.text:__remi)
                  8000c440    000000c0                 : fseek.obj (.text:_fseek)
                  8000c500    000000c0                 : lowlev.obj (.text:_lseek)
                  8000c5c0    000000c0                 : ltoa.obj (.text:_ltoa)
                  8000c680    000000c0                 : lowlev.obj (.text:_write)
                  8000c740    000000a0                 : trgdrv.obj (.text:_HOSTclose)
                  8000c7e0    000000a0                 : trgdrv.obj (.text:_HOSTtime)
                  8000c880    000000a0                 : imath40.obj (.text:__divli)
                  8000c920    000000a0                 : _printfi.obj (.text:__ecpy)
                  8000c9c0    000000a0                 : _printfi.obj (.text:__fcpy)
                  8000ca60    000000a0                 : fixdli.obj (.text:__fixdli)
                  8000cb00    000000a0                 : _printfi.obj (.text:__pconv_f)
                  8000cba0    000000a0                 : cpy_tbl.obj (.text:_copy_in)
                  8000cc40    000000a0                 : lowlev.obj (.text:_finddevice)
                  8000cce0    000000a0                 : memcpy64.obj (.text:_memcpy)
                  8000cd80    000000a0                 : memory.obj (.text:_minsert)
                  8000ce20    000000a0                 : memory.obj (.text:_mremove)
                  8000cec0    00000080                 : fltlid.obj (.text:__fltlid)
                  8000cf40    00000080                 : llshift.obj (.text:__llshl)
                  8000cfc0    00000080                 : boot.obj (.text:_c_int00)
                  8000d040    00000080                 : fprintf.obj (.text:_fprintf)
                  8000d0c0    00000080                 : printf.obj (.text:_printf)
                  8000d140    00000080                 : trgmsg.obj (.text:_readmsg)
                  8000d1c0    00000080                 : lowlev.obj (.text:_unlink)
                  8000d240    00000060                 : assert.obj (.text:__abort_msg)
                  8000d2a0    00000060                 : imath64.obj (.text:__subcull)
                  8000d300    00000060                 : memccpy.obj (.text:_memccpy)
                  8000d360    00000060                 : trgmsg.obj (.text:_writemsg)
                  8000d3c0    00000040                 : isinf.obj (.text:___isinf)
                  8000d400    00000040                 : _printfi.obj (.text:___isnan)
                  8000d440    00000040                 : args_main.obj (.text:__args_main)
                  8000d480    00000040                 : frcmpyd_div.obj (.text:__frcmpyd_div)
                  8000d4c0    00000040                 : llshift.obj (.text:__llshru)
                  8000d500    00000040                 : imath40.obj (.text:__remli)
                  8000d540    00000040                 : strasg.obj (.text:__strasgi_64plus)
                  8000d580    00000040                 : time.obj (.text:_time)
                  8000d5c0    00000020                 : negll.obj (.text:__negll)
                  8000d5e0    00000020                 : _lock.obj (.text:__nop)
                  8000d600    00000020                 : fprintf.obj (.text:__outc)
                  8000d620    00000020                 : printf.obj (.text:__outc)
                  8000d640    00000020                 : fprintf.obj (.text:__outs)
                  8000d660    00000020                 : printf.obj (.text:__outs)
                  8000d680    00000020                 : exit.obj (.text:_abort)
                  8000d6a0    00000020                 : remove.obj (.text:_remove)

.bss       0    80000000    00000000     UNINITIALIZED

.data      0    80000000    00000000     UNINITIALIZED

.sysmem    0    8000d6c0    00004000     UNINITIALIZED
                  8000d6c0    00000008     rts6740.lib : memory.obj (.sysmem)
                  8000d6c8    00003ff8     --HOLE--

.const     0    800116c0    00002f7c     
                  800116c0    00000400     aes.obj (.const:_Td0)
                  80011ac0    00000400     aes.obj (.const:_Td1)
                  80011ec0    00000400     aes.obj (.const:_Td2)
                  800122c0    00000400     aes.obj (.const:_Td3)
                  800126c0    00000400     aes.obj (.const:_Td4)
                  80012ac0    00000400     aes.obj (.const:_Te0)
                  80012ec0    00000400     aes.obj (.const:_Te1)
                  800132c0    00000400     aes.obj (.const:_Te2)
                  800136c0    00000400     aes.obj (.const:_Te3)
                  80013ac0    00000400     aes.obj (.const:_Te4)
                  80013ec0    00000108     main.obj (.const)
                  80013fc8    00000101     rts6740.lib : ctype.obj (.const:__ctypes_)
                  800140c9    00000003                 : assert.obj (.const)
                  800140cc    00000002                 : fputs.obj (.const)
                  800140ce    00000002     --HOLE-- [fill = 0]
                  800140d0    00000100     sha2.obj (.const:_K256)
                  800141d0    000000bc     sha2.obj (.const)
                  8001428c    00000004     --HOLE-- [fill = 0]
                  80014290    00000080     main.obj (.const:_$P$T2$3)
                  80014310    00000080     main.obj (.const:_$P$T3$4)
                  80014390    00000080     main.obj (.const:_$P$T4$5)
                  80014410    00000080     main.obj (.const:_$P$T5$6)
                  80014490    00000044     helpfulFunctions.obj (.const)
                  800144d4    00000004     --HOLE-- [fill = 0]
                  800144d8    00000040     PRNG.obj (.const:_$P$T0$2)
                  80014518    0000003c     main.obj (.const:_$P$T1$2)
                  80014554    0000003c     additionalFunctions32.obj (.const)
                  80014590    00000038     main.obj (.const:_$P$T0$1)
                  800145c8    00000028     aes.obj (.const:_rcon)
                  800145f0    00000023     rts6740.lib : _printfi.obj (.const)
                  80014613    00000005     --HOLE-- [fill = 0]
                  80014618    00000020     sha2.obj (.const:_sha256_initial_hash_value)
                  80014638    00000004     main.obj (.const:_$P$T6$7)

.stack     0    80014640    00002000     UNINITIALIZED
                  80014640    00000008     rts6740.lib : boot.obj (.stack)
                  80014648    00001ff8     --HOLE--

.far       0    80016640    00000554     UNINITIALIZED
                  80016640    00000324     rts6740.lib : defs.obj (.far)
                  80016964    00000004                 : fopen.obj (.far)
                  80016968    0000011c                 : lowlev.obj (.far)
                  80016a84    00000004     --HOLE--
                  80016a88    000000d0                 : trgdrv.obj (.far)
                  80016b58    00000020     PRNG.obj (.far)
                  80016b78    0000000c     rts6740.lib : exit.obj (.far)
                  80016b84    00000008                 : _lock.obj (.far)
                  80016b8c    00000008                 : memory.obj (.far)

.cinit     0    80016b98    00000164     
                  80016b98    0000005c     rts6740.lib : defs.obj (.cinit)
                  80016bf4    00000004     --HOLE-- [fill = 0]
                  80016bf8    0000005c                 : lowlev.obj (.cinit)
                  80016c54    00000004     --HOLE-- [fill = 0]
                  80016c58    0000002c                 : exit.obj (.cinit)
                  80016c84    00000004     --HOLE-- [fill = 0]
                  80016c88    0000002c                 : memory.obj (.cinit)
                  80016cb4    00000004     --HOLE-- [fill = 0]
                  80016cb8    0000001c                 : _lock.obj (.cinit)
                  80016cd4    00000004     --HOLE-- [fill = 0]
                  80016cd8    0000000c                 : fopen.obj (.cinit)
                  80016ce4    00000004     --HOLE-- [fill = 0]
                  80016ce8    00000009     PRNG.obj (.cinit)
                  80016cf1    00000007     --HOLE-- [fill = 0]
                  80016cf8    00000004     (.pad.cinit) [fill = 0]

.cio       0    80016cfc    00000120     UNINITIALIZED
                  80016cfc    00000120     rts6740.lib : trgmsg.obj (.cio)


GLOBAL SYMBOLS: SORTED ALPHABETICALLY BY Name 

address    name
--------   ----
80000000   $bss
80000000   .bss
80000000   .data
80000000   .text
8000d680   C$$EXIT
8000d3b8   C$$IO$$
80002cbc   _ADD
8000c740   _HOSTclose
8000b400   _HOSTlseek
8000b900   _HOSTopen
8000be40   _HOSTread
8000a920   _HOSTrename
8000c7e0   _HOSTtime
8000bf00   _HOSTunlink
8000bfc0   _HOSTwrite
800068e0   _PRNG
800066c0   _RNG
80003f28   _SHA256_Final
80003840   _SHA256_Init
800038a4   _SHA256_Transform
80003d6c   _SHA256_Update
80002d40   _SUB_COND
800042e4   _XOR
80016cfc   __CIOBUF_
80016640   __STACK_END
00002000   __STACK_SIZE
00004000   __SYSMEM_SIZE
00000001   __TI_args_main
80016b80   ___TI_enable_exit_profile_output
ffffffff   ___TI_pprof_out_hndl
ffffffff   ___TI_prof_data_size
ffffffff   ___TI_prof_data_start
ffffffff   ___binit__
80000000   ___bss__
ffffffff   ___c_args__
80016b98   ___cinit__
80000000   ___data__
80000000   ___edata__
80000000   ___end__
8000d6c0   ___etext__
8000d3c0   ___isinf
ffffffff   ___pinit__
80000000   ___text__
8000d240   __abort_msg
8000d440   __args_main
8000b500   __auto_init
8000b9e0   __c6xabi_divi
8000c200   __c6xabi_divu
8000c380   __c6xabi_remi
8000d540   __c6xabi_strasgi_64plus
8000c080   __cleanup
80016b78   __cleanup_ptr
80013fc8   __ctypes_
80006120   __divd
8000b9e0   __divi
8000c880   __divli
8000c200   __divu
8000a780   __divul
800098c0   __divull
8000c2c0   __doflush
80016b7c   __dtors_ptr
8000ca60   __fixdli
8000cec0   __fltlid
8000d480   __frcmpyd_div
80016960   __ft_end
80016640   __ftable
8000cf40   __llshl
8000d4c0   __llshru
80016b84   __lock
8000d5c0   __negll
8000d5e0   __nop
80007ac0   __printfi
8000c380   __remi
8000d500   __remli
80014640   __stack
8000d540   __strasgi_64plus
8000d2a0   __subcull
8000d6c0   __sys_memory
80016820   __tmpnams
80016b88   __unlock
8000b700   __wrt_ok
8000d680   _abort
800050a4   _addition
800077ec   _aesCBCdecrypt
800078e4   _aesCBCencrypt
80007640   _aesDecrypt
80007678   _aesEncrypt
800011a8   _aes_decrypt
800006d4   _aes_encrypt
80000d90   _aes_set_decrypt_key
80000000   _aes_set_encrypt_key
8000bac0   _atoi
8000cfc0   _c_int00
80005d14   _calculateKey
8000bba0   _close
80006a94   _compareFSR
80005ce4   _computePartOfKey
80004240   _concat
8000452c   _copyArray
80004e04   _copyArray32
80004e60   _copyArray8
800045ac   _copyArrayFrom0
8000cba0   _copy_in
80005c4c   _createExponent
80005db0   _createMessage
80005eac   _decryptAndUnsignMessage
80004f90   _divideByTwo
8000bc80   _exit
8000b2e0   _fclose
8000b800   _fflush
80006bc8   _findRandNum
80004eb8   _flipArray
8000d040   _fprintf
8000b060   _fputc
800082a0   _fputs
80009640   _free
80001880   _from2to32
80006050   _from32to8
80005f84   _from8to32
8000c440   _fseek
8000ae58   _hashOfLength
8000add0   _hashWithTime
80004388   _hexToString
80004ca8   _isBiggerThan
80004d28   _isBiggerThanOrEqual
8000c500   _lseek
8000c5c0   _ltoa
800085a0   _main
8000aaa0   _malloc
8000a3e0   _maskGenerationFunction
8000d300   _memccpy
8000cce0   _memcpy
8000bd60   _memset
80001aa0   _mod
800021b4   _modFaster
800028b0   _modMult
800020d4   _modSquare
800053cc   _modularInverse
800029a0   _mont
80002ec4   _montExp
800033f4   _montMultiplication
80002434   _multiplication
8000502c   _multiplyByTwo
80004da8   _numberIsZero
800079c4   _padding
800019b0   _positionMSB
80004620   _printArray
80004ac0   _printArray32
80004b60   _printArray8
8000472c   _printArrayNoSpaces
800047cc   _printArrayNoSpaces32
8000486c   _printChar
80004980   _printCharNoSpaces
8000d0c0   _printf
8000b060   _putc
8000d140   _readmsg
8000d6a0   _remove
80005b60   _repositionZeros
80004a20   _seeTheDifference
8000ac20   _setvbuf
80005e08   _signAndEncryptMessage
800088a0   _signatureMessage
80005320   _signedSubtraction
800076b4   _simpleDecrypt
80007750   _simpleEncrypt
8000ada0   _simpleHashWithLength
80001cb8   _squareProduct
80005148   _subtraction
800051ec   _subtractionWithSign
8000d580   _time
80004370   _timeData
8000d1c0   _unlink
800069cc   _updateFSR
80007f00   _verifySignature
8000c680   _write
8000d360   _writemsg
80004c00   _zerosArray
80004c50   _zerosArray16
ffffffff   binit
80016b98   cinit
80000000   edata
80000000   end
8000d6c0   etext
ffffffff   pinit


GLOBAL SYMBOLS: SORTED BY Symbol Address 

address    name
--------   ----
00000001   __TI_args_main
00002000   __STACK_SIZE
00004000   __SYSMEM_SIZE
80000000   $bss
80000000   .bss
80000000   .data
80000000   .text
80000000   ___bss__
80000000   ___data__
80000000   ___edata__
80000000   ___end__
80000000   ___text__
80000000   _aes_set_encrypt_key
80000000   edata
80000000   end
800006d4   _aes_encrypt
80000d90   _aes_set_decrypt_key
800011a8   _aes_decrypt
80001880   _from2to32
800019b0   _positionMSB
80001aa0   _mod
80001cb8   _squareProduct
800020d4   _modSquare
800021b4   _modFaster
80002434   _multiplication
800028b0   _modMult
800029a0   _mont
80002cbc   _ADD
80002d40   _SUB_COND
80002ec4   _montExp
800033f4   _montMultiplication
80003840   _SHA256_Init
800038a4   _SHA256_Transform
80003d6c   _SHA256_Update
80003f28   _SHA256_Final
80004240   _concat
800042e4   _XOR
80004370   _timeData
80004388   _hexToString
8000452c   _copyArray
800045ac   _copyArrayFrom0
80004620   _printArray
8000472c   _printArrayNoSpaces
800047cc   _printArrayNoSpaces32
8000486c   _printChar
80004980   _printCharNoSpaces
80004a20   _seeTheDifference
80004ac0   _printArray32
80004b60   _printArray8
80004c00   _zerosArray
80004c50   _zerosArray16
80004ca8   _isBiggerThan
80004d28   _isBiggerThanOrEqual
80004da8   _numberIsZero
80004e04   _copyArray32
80004e60   _copyArray8
80004eb8   _flipArray
80004f90   _divideByTwo
8000502c   _multiplyByTwo
800050a4   _addition
80005148   _subtraction
800051ec   _subtractionWithSign
80005320   _signedSubtraction
800053cc   _modularInverse
80005b60   _repositionZeros
80005c4c   _createExponent
80005ce4   _computePartOfKey
80005d14   _calculateKey
80005db0   _createMessage
80005e08   _signAndEncryptMessage
80005eac   _decryptAndUnsignMessage
80005f84   _from8to32
80006050   _from32to8
80006120   __divd
800066c0   _RNG
800068e0   _PRNG
800069cc   _updateFSR
80006a94   _compareFSR
80006bc8   _findRandNum
80007640   _aesDecrypt
80007678   _aesEncrypt
800076b4   _simpleDecrypt
80007750   _simpleEncrypt
800077ec   _aesCBCdecrypt
800078e4   _aesCBCencrypt
800079c4   _padding
80007ac0   __printfi
80007f00   _verifySignature
800082a0   _fputs
800085a0   _main
800088a0   _signatureMessage
80009640   _free
800098c0   __divull
8000a3e0   _maskGenerationFunction
8000a780   __divul
8000a920   _HOSTrename
8000aaa0   _malloc
8000ac20   _setvbuf
8000ada0   _simpleHashWithLength
8000add0   _hashWithTime
8000ae58   _hashOfLength
8000b060   _fputc
8000b060   _putc
8000b2e0   _fclose
8000b400   _HOSTlseek
8000b500   __auto_init
8000b700   __wrt_ok
8000b800   _fflush
8000b900   _HOSTopen
8000b9e0   __c6xabi_divi
8000b9e0   __divi
8000bac0   _atoi
8000bba0   _close
8000bc80   _exit
8000bd60   _memset
8000be40   _HOSTread
8000bf00   _HOSTunlink
8000bfc0   _HOSTwrite
8000c080   __cleanup
8000c200   __c6xabi_divu
8000c200   __divu
8000c2c0   __doflush
8000c380   __c6xabi_remi
8000c380   __remi
8000c440   _fseek
8000c500   _lseek
8000c5c0   _ltoa
8000c680   _write
8000c740   _HOSTclose
8000c7e0   _HOSTtime
8000c880   __divli
8000ca60   __fixdli
8000cba0   _copy_in
8000cce0   _memcpy
8000cec0   __fltlid
8000cf40   __llshl
8000cfc0   _c_int00
8000d040   _fprintf
8000d0c0   _printf
8000d140   _readmsg
8000d1c0   _unlink
8000d240   __abort_msg
8000d2a0   __subcull
8000d300   _memccpy
8000d360   _writemsg
8000d3b8   C$$IO$$
8000d3c0   ___isinf
8000d440   __args_main
8000d480   __frcmpyd_div
8000d4c0   __llshru
8000d500   __remli
8000d540   __c6xabi_strasgi_64plus
8000d540   __strasgi_64plus
8000d580   _time
8000d5c0   __negll
8000d5e0   __nop
8000d680   C$$EXIT
8000d680   _abort
8000d6a0   _remove
8000d6c0   ___etext__
8000d6c0   __sys_memory
8000d6c0   etext
80013fc8   __ctypes_
80014640   __stack
80016640   __STACK_END
80016640   __ftable
80016820   __tmpnams
80016960   __ft_end
80016b78   __cleanup_ptr
80016b7c   __dtors_ptr
80016b80   ___TI_enable_exit_profile_output
80016b84   __lock
80016b88   __unlock
80016b98   ___cinit__
80016b98   cinit
80016cfc   __CIOBUF_
ffffffff   ___TI_pprof_out_hndl
ffffffff   ___TI_prof_data_size
ffffffff   ___TI_prof_data_start
ffffffff   ___binit__
ffffffff   ___c_args__
ffffffff   ___pinit__
ffffffff   binit
ffffffff   pinit

[184 symbols]
