******************************************************************************
               TMS320C6x Linker PC v7.3.1                      
******************************************************************************
>> Linked Sat May 06 10:13:55 2017

OUTPUT FILE NAME:   <ccsProject.out>
ENTRY POINT SYMBOL: "_c_int00"  address: 8000cc60


MEMORY CONFIGURATION

         name            origin    length      used     unused   attr    fill
----------------------  --------  ---------  --------  --------  ----  --------
  DSPL2ROM              00700000   00010000  00000000  00010000  RWIX
  DSPL2RAM              00800000   00040000  00000000  00040000  RWIX
  DSPL1PRAM             00e00000   00008000  00000000  00008000  RWIX
  DSPL1DRAM             00f00000   00008000  00000000  00008000  RWIX
  SHDSPL2ROM            11700000   00010000  00000000  00010000  RWIX
  SHDSPL2RAM            11800000   00040000  00000000  00040000  RWIX
  SHDSPL1PRAM           11e00000   00008000  00000000  00008000  RWIX
  SHDSPL1DRAM           11f00000   00008000  00000000  00008000  RWIX
  EMIFACS0              40000000   20000000  00000000  20000000  RWIX
  EMIFACS2              60000000   02000000  00000000  02000000  RWIX
  EMIFACS3              62000000   02000000  00000000  02000000  RWIX
  EMIFACS4              64000000   02000000  00000000  02000000  RWIX
  EMIFACS5              66000000   02000000  00000000  02000000  RWIX
  SHRAM                 80000000   00020000  00016bec  00009414  RWIX
  DDR2                  c0000000   20000000  00000000  20000000  RWIX


SECTION ALLOCATION MAP

 output                                  attributes/
section   page    origin      length       input sections
--------  ----  ----------  ----------   ----------------
.pinit     0    80000000    00000000     UNINITIALIZED

.text      0    80000000    0000d3a0     
                  80000000    00001880     aes.obj (.text)
                  80001880    00000de0     montExponentiation32.obj (.text)
                  80002660    00000be0     modFunctions32.obj (.text)
                  80003240    00000a00     sha2.obj (.text)
                  80003c40    00000860     additionalFunctions32.obj (.text)
                  800044a0    00000840     modularInverse32.obj (.text)
                  80004ce0    000007e0     helpfulFunctions.obj (.text)
                  800054c0    000005a0     rts6740.lib : divd.obj (.text:__divd)
                  80005a60    00000580     PRNG.obj (.text)
                  80005fe0    00000580     rts6740.lib : _printfi.obj (.text:__getarg_diouxp)
                  80006560    00000580     keyEstablishmentFunctions32.obj (.text)
                  80006ae0    000004c0     encryptDecrypt.obj (.text)
                  80006fa0    00000480     rts6740.lib : _printfi.obj (.text:__setfield)
                  80007420    00000460     useAES.obj (.text)
                  80007880    00000440     rts6740.lib : _printfi.obj (.text:__printfi)
                  80007cc0    000003a0     main.obj (.text)
                  80008060    00000300     rts6740.lib : fputs.obj (.text:_fputs)
                  80008360    000002e0     signatureMessage.obj (.text)
                  80008640    000002c0     rts6740.lib : _printfi.obj (.text:__pproc_fge)
                  80008900    000002c0                 : _printfi.obj (.text:__pproc_fwp)
                  80008bc0    000002a0                 : _printfi.obj (.text:_ecvt)
                  80008e60    000002a0                 : _printfi.obj (.text:_fcvt)
                  80009100    00000280                 : memory.obj (.text:_free)
                  80009380    00000260                 : imath64.obj (.text:__divull)
                  800095e0    00000260                 : _printfi.obj (.text:__pconv_e)
                  80009840    00000240                 : _printfi.obj (.text:__pproc_diouxp)
                  80009a80    00000220                 : _printfi.obj (.text:__pproc_str)
                  80009ca0    00000200                 : _printfi.obj (.text:__pconv_g)
                  80009ea0    000001e0     hmac.obj (.text)
                  8000a080    000001e0     maskGenerationFunction.obj (.text)
                  8000a260    000001c0     rts6740.lib : _printfi.obj (.text:__mcpy)
                  8000a420    000001a0                 : imath40.obj (.text:__divul)
                  8000a5c0    00000180                 : trgdrv.obj (.text:_HOSTrename)
                  8000a740    00000180                 : memory.obj (.text:_malloc)
                  8000a8c0    00000180                 : setvbuf.obj (.text:_setvbuf)
                  8000aa40    00000180     useSHA256.obj (.text)
                  8000abc0    00000140     rts6740.lib : _printfi.obj (.text:__pproc_fflags)
                  8000ad00    00000140                 : fputc.obj (.text:_fputc)
                  8000ae40    00000140                 : lowlev.obj (.text:_getdevice)
                  8000af80    00000120                 : fclose.obj (.text:_fclose)
                  8000b0a0    00000100                 : trgdrv.obj (.text:_HOSTlseek)
                  8000b1a0    00000100                 : autoinit.obj (.text:__auto_init)
                  8000b2a0    00000100                 : _printfi.obj (.text:__ltostr)
                  8000b3a0    00000100                 : _io_perm.obj (.text:__wrt_ok)
                  8000b4a0    00000100                 : fflush.obj (.text:_fflush)
                  8000b5a0    000000e0                 : trgdrv.obj (.text:_HOSTopen)
                  8000b680    000000e0                 : divi.obj (.text:__divi)
                  8000b760    000000e0                 : atoi.obj (.text:_atoi)
                  8000b840    000000e0                 : lowlev.obj (.text:_close)
                  8000b920    000000e0                 : exit.obj (.text:_exit)
                  8000ba00    000000e0                 : memset.obj (.text:_memset)
                  8000bae0    000000c0                 : trgdrv.obj (.text:_HOSTread)
                  8000bba0    000000c0                 : trgdrv.obj (.text:_HOSTunlink)
                  8000bc60    000000c0                 : trgdrv.obj (.text:_HOSTwrite)
                  8000bd20    000000c0                 : fopen.obj (.text:__cleanup)
                  8000bde0    000000c0                 : _printfi.obj (.text:__div)
                  8000bea0    000000c0                 : divu.obj (.text:__divu)
                  8000bf60    000000c0                 : fflush.obj (.text:__doflush)
                  8000c020    000000c0                 : remi.obj (.text:__remi)
                  8000c0e0    000000c0                 : fseek.obj (.text:_fseek)
                  8000c1a0    000000c0                 : lowlev.obj (.text:_lseek)
                  8000c260    000000c0                 : ltoa.obj (.text:_ltoa)
                  8000c320    000000c0                 : lowlev.obj (.text:_write)
                  8000c3e0    000000a0                 : trgdrv.obj (.text:_HOSTclose)
                  8000c480    000000a0                 : trgdrv.obj (.text:_HOSTtime)
                  8000c520    000000a0                 : imath40.obj (.text:__divli)
                  8000c5c0    000000a0                 : _printfi.obj (.text:__ecpy)
                  8000c660    000000a0                 : _printfi.obj (.text:__fcpy)
                  8000c700    000000a0                 : fixdli.obj (.text:__fixdli)
                  8000c7a0    000000a0                 : _printfi.obj (.text:__pconv_f)
                  8000c840    000000a0                 : cpy_tbl.obj (.text:_copy_in)
                  8000c8e0    000000a0                 : lowlev.obj (.text:_finddevice)
                  8000c980    000000a0                 : memcpy64.obj (.text:_memcpy)
                  8000ca20    000000a0                 : memory.obj (.text:_minsert)
                  8000cac0    000000a0                 : memory.obj (.text:_mremove)
                  8000cb60    00000080                 : fltlid.obj (.text:__fltlid)
                  8000cbe0    00000080                 : llshift.obj (.text:__llshl)
                  8000cc60    00000080                 : boot.obj (.text:_c_int00)
                  8000cce0    00000080                 : fprintf.obj (.text:_fprintf)
                  8000cd60    00000080                 : printf.obj (.text:_printf)
                  8000cde0    00000080                 : trgmsg.obj (.text:_readmsg)
                  8000ce60    00000080                 : lowlev.obj (.text:_unlink)
                  8000cee0    00000060                 : assert.obj (.text:__abort_msg)
                  8000cf40    00000060                 : imath64.obj (.text:__subcull)
                  8000cfa0    00000060                 : memccpy.obj (.text:_memccpy)
                  8000d000    00000060                 : trgmsg.obj (.text:_writemsg)
                  8000d060    00000040                 : isinf.obj (.text:___isinf)
                  8000d0a0    00000040                 : _printfi.obj (.text:___isnan)
                  8000d0e0    00000040                 : args_main.obj (.text:__args_main)
                  8000d120    00000040                 : frcmpyd_div.obj (.text:__frcmpyd_div)
                  8000d160    00000040                 : llshift.obj (.text:__llshru)
                  8000d1a0    00000040                 : imath40.obj (.text:__remli)
                  8000d1e0    00000040                 : strasg.obj (.text:__strasgi_64plus)
                  8000d220    00000040                 : strlen.obj (.text:_strlen)
                  8000d260    00000040                 : time.obj (.text:_time)
                  8000d2a0    00000020                 : negll.obj (.text:__negll)
                  8000d2c0    00000020                 : _lock.obj (.text:__nop)
                  8000d2e0    00000020                 : fprintf.obj (.text:__outc)
                  8000d300    00000020                 : printf.obj (.text:__outc)
                  8000d320    00000020                 : fprintf.obj (.text:__outs)
                  8000d340    00000020                 : printf.obj (.text:__outs)
                  8000d360    00000020                 : exit.obj (.text:_abort)
                  8000d380    00000020                 : remove.obj (.text:_remove)

.bss       0    80000000    00000000     UNINITIALIZED

.data      0    80000000    00000000     UNINITIALIZED

.sysmem    0    8000d3a0    00004000     UNINITIALIZED
                  8000d3a0    00000008     rts6740.lib : memory.obj (.sysmem)
                  8000d3a8    00003ff8     --HOLE--

.const     0    800113a0    00003074     
                  800113a0    00000400     aes.obj (.const:_Td0)
                  800117a0    00000400     aes.obj (.const:_Td1)
                  80011ba0    00000400     aes.obj (.const:_Td2)
                  80011fa0    00000400     aes.obj (.const:_Td3)
                  800123a0    00000400     aes.obj (.const:_Td4)
                  800127a0    00000400     aes.obj (.const:_Te0)
                  80012ba0    00000400     aes.obj (.const:_Te1)
                  80012fa0    00000400     aes.obj (.const:_Te2)
                  800133a0    00000400     aes.obj (.const:_Te3)
                  800137a0    00000400     aes.obj (.const:_Te4)
                  80013ba0    000001f4     main.obj (.const:_$P$T8$9)
                  80013d94    00000003     rts6740.lib : assert.obj (.const)
                  80013d97    00000001     --HOLE-- [fill = 0]
                  80013d98    00000101                 : ctype.obj (.const:__ctypes_)
                  80013e99    00000002                 : fputs.obj (.const)
                  80013e9b    00000005     --HOLE-- [fill = 0]
                  80013ea0    00000100     sha2.obj (.const:_K256)
                  80013fa0    000000bc     sha2.obj (.const)
                  8001405c    00000004     --HOLE-- [fill = 0]
                  80014060    00000080     main.obj (.const:_$P$T3$4)
                  800140e0    00000080     main.obj (.const:_$P$T4$5)
                  80014160    00000080     main.obj (.const:_$P$T5$6)
                  800141e0    00000080     main.obj (.const:_$P$T7$8)
                  80014260    00000040     PRNG.obj (.const:_$P$T0$2)
                  800142a0    00000040     main.obj (.const:_$P$T1$2)
                  800142e0    00000040     helpfulFunctions.obj (.const)
                  80014320    0000003c     main.obj (.const:_$P$T0$1)
                  8001435c    0000003c     additionalFunctions32.obj (.const)
                  80014398    00000028     aes.obj (.const:_rcon)
                  800143c0    00000023     rts6740.lib : _printfi.obj (.const)
                  800143e3    00000005     --HOLE-- [fill = 0]
                  800143e8    00000020     sha2.obj (.const:_sha256_initial_hash_value)
                  80014408    00000004     main.obj (.const:_$P$T2$3)
                  8001440c    00000004     --HOLE-- [fill = 0]
                  80014410    00000004     main.obj (.const:_$P$T6$7)

.stack     0    80014418    00002000     UNINITIALIZED
                  80014418    00000008     rts6740.lib : boot.obj (.stack)
                  80014420    00001ff8     --HOLE--

.far       0    80016418    00000554     UNINITIALIZED
                  80016418    00000324     rts6740.lib : defs.obj (.far)
                  8001673c    00000004                 : fopen.obj (.far)
                  80016740    0000011c                 : lowlev.obj (.far)
                  8001685c    00000004     --HOLE--
                  80016860    000000d0                 : trgdrv.obj (.far)
                  80016930    00000020     PRNG.obj (.far)
                  80016950    0000000c     rts6740.lib : exit.obj (.far)
                  8001695c    00000008                 : _lock.obj (.far)
                  80016964    00000008                 : memory.obj (.far)

.cinit     0    80016970    00000164     
                  80016970    0000005c     rts6740.lib : defs.obj (.cinit)
                  800169cc    00000004     --HOLE-- [fill = 0]
                  800169d0    0000005c                 : lowlev.obj (.cinit)
                  80016a2c    00000004     --HOLE-- [fill = 0]
                  80016a30    0000002c                 : exit.obj (.cinit)
                  80016a5c    00000004     --HOLE-- [fill = 0]
                  80016a60    0000002c                 : memory.obj (.cinit)
                  80016a8c    00000004     --HOLE-- [fill = 0]
                  80016a90    0000001c                 : _lock.obj (.cinit)
                  80016aac    00000004     --HOLE-- [fill = 0]
                  80016ab0    0000000c                 : fopen.obj (.cinit)
                  80016abc    00000004     --HOLE-- [fill = 0]
                  80016ac0    00000009     PRNG.obj (.cinit)
                  80016ac9    00000007     --HOLE-- [fill = 0]
                  80016ad0    00000004     (.pad.cinit) [fill = 0]

.cio       0    80016ad4    00000120     UNINITIALIZED
                  80016ad4    00000120     rts6740.lib : trgmsg.obj (.cio)


GLOBAL SYMBOLS: SORTED ALPHABETICALLY BY Name 

address    name
--------   ----
80000000   $bss
80000000   .bss
80000000   .data
80000000   .text
8000d360   C$$EXIT
8000d058   C$$IO$$
80001bc0   _ADD
8000c3e0   _HOSTclose
8000b0a0   _HOSTlseek
8000b5a0   _HOSTopen
8000bae0   _HOSTread
8000a5c0   _HOSTrename
8000c480   _HOSTtime
8000bba0   _HOSTunlink
8000bc60   _HOSTwrite
80005c80   _PRNG
80005a60   _RNG
80003928   _SHA256_Final
80003240   _SHA256_Init
800032a4   _SHA256_Transform
8000376c   _SHA256_Update
80001c14   _SUB_COND
80004d84   _XOR
80016ad4   __CIOBUF_
80016418   __STACK_END
00002000   __STACK_SIZE
00004000   __SYSMEM_SIZE
00000001   __TI_args_main
80016958   ___TI_enable_exit_profile_output
ffffffff   ___TI_pprof_out_hndl
ffffffff   ___TI_prof_data_size
ffffffff   ___TI_prof_data_start
ffffffff   ___binit__
80000000   ___bss__
ffffffff   ___c_args__
80016970   ___cinit__
80000000   ___data__
80000000   ___edata__
80000000   ___end__
8000d3a0   ___etext__
8000d060   ___isinf
ffffffff   ___pinit__
80000000   ___text__
8000cee0   __abort_msg
8000d0e0   __args_main
8000b1a0   __auto_init
8000b680   __c6xabi_divi
8000bea0   __c6xabi_divu
8000c020   __c6xabi_remi
8000d1e0   __c6xabi_strasgi_64plus
8000bd20   __cleanup
80016950   __cleanup_ptr
80013d98   __ctypes_
800054c0   __divd
8000b680   __divi
8000c520   __divli
8000bea0   __divu
8000a420   __divul
80009380   __divull
8000bf60   __doflush
80016954   __dtors_ptr
8000c700   __fixdli
8000cb60   __fltlid
8000d120   __frcmpyd_div
80016738   __ft_end
80016418   __ftable
8000cbe0   __llshl
8000d160   __llshru
8001695c   __lock
8000d2a0   __negll
8000d2c0   __nop
80007880   __printfi
8000c020   __remi
8000d1a0   __remli
80014418   __stack
8000d1e0   __strasgi_64plus
8000cf40   __subcull
8000d3a0   __sys_memory
800165f8   __tmpnams
80016960   __unlock
8000b3a0   __wrt_ok
8000d360   _abort
80004224   _addition
800075cc   _aesCBCdecrypt
800076c4   _aesCBCencrypt
800011a8   _aes_decrypt
800006d4   _aes_encrypt
80000d90   _aes_set_decrypt_key
80000000   _aes_set_encrypt_key
8000b760   _atoi
8000cc60   _c_int00
80006714   _calculateKey
8000b840   _close
80005e34   _compareFSR
800066e4   _computePartOfKey
80004ce0   _concat
80004fcc   _copyArray
80003f84   _copyArray32
80003fe0   _copyArray8
8000504c   _copyArrayFrom0
8000c840   _copy_in
8000664c   _createExponent
800067b0   _createMessage
80006ec4   _decrypt
80006894   _decryptAndUnsignMessage
80006c60   _decryptHMAC
80004110   _divideByTwo
80006d8c   _encrypt
80006ae0   _encryptHMAC
8000b920   _exit
8000af80   _fclose
8000b4a0   _fflush
80005f68   _findRandNum
80004038   _flipArray
8000cce0   _fprintf
8000ad00   _fputc
80008060   _fputs
80009100   _free
80002660   _from2to32
80006a00   _from32to8
80006930   _from8to32
8000c0e0   _fseek
8000aaf8   _hashOfLength
8000aa70   _hashWithTime
80004e28   _hexToString
80009ea0   _hmac
80003e28   _isBiggerThan
80003ea8   _isBiggerThanOrEqual
8000c1a0   _lseek
8000c260   _ltoa
80007cc0   _main
8000a740   _malloc
8000a080   _maskGenerationFunction
8000cfa0   _memccpy
8000c980   _memcpy
8000ba00   _memset
80002880   _mod
80002fc4   _modFaster
80002eb4   _modSquare
8000454c   _modularInverse
80001880   _mont
80001da0   _montExp
800041ac   _multiplyByTwo
80003f28   _numberIsZero
800077a4   _padding
80002790   _positionMSB
800050c0   _printArray
80003c40   _printArray32
80003ce0   _printArray8
800051cc   _printArrayNoSpaces
8000526c   _printChar
80005380   _printCharNoSpaces
8000cd60   _printf
8000ad00   _putc
8000cde0   _readmsg
8000d380   _remove
80006560   _repositionZeros
80005420   _seeTheDifference
8000a8c0   _setvbuf
80006800   _signAndEncryptMessage
80008360   _signatureMessage
800044a0   _signedSubtraction
80007494   _simpleDecrypt
80007530   _simpleEncrypt
8000aa40   _simpleHashWithLength
80002a98   _squareProduct
8000d220   _strlen
800042c8   _subtraction
8000436c   _subtractionWithSign
8000d260   _time
80004e10   _timeData
8000ce60   _unlink
80005d6c   _updateFSR
8000c320   _write
8000d000   _writemsg
80003d80   _zerosArray
80003dd0   _zerosArray16
ffffffff   binit
80016970   cinit
80000000   edata
80000000   end
8000d3a0   etext
ffffffff   pinit


GLOBAL SYMBOLS: SORTED BY Symbol Address 

address    name
--------   ----
00000001   __TI_args_main
00002000   __STACK_SIZE
00004000   __SYSMEM_SIZE
80000000   $bss
80000000   .bss
80000000   .data
80000000   .text
80000000   ___bss__
80000000   ___data__
80000000   ___edata__
80000000   ___end__
80000000   ___text__
80000000   _aes_set_encrypt_key
80000000   edata
80000000   end
800006d4   _aes_encrypt
80000d90   _aes_set_decrypt_key
800011a8   _aes_decrypt
80001880   _mont
80001bc0   _ADD
80001c14   _SUB_COND
80001da0   _montExp
80002660   _from2to32
80002790   _positionMSB
80002880   _mod
80002a98   _squareProduct
80002eb4   _modSquare
80002fc4   _modFaster
80003240   _SHA256_Init
800032a4   _SHA256_Transform
8000376c   _SHA256_Update
80003928   _SHA256_Final
80003c40   _printArray32
80003ce0   _printArray8
80003d80   _zerosArray
80003dd0   _zerosArray16
80003e28   _isBiggerThan
80003ea8   _isBiggerThanOrEqual
80003f28   _numberIsZero
80003f84   _copyArray32
80003fe0   _copyArray8
80004038   _flipArray
80004110   _divideByTwo
800041ac   _multiplyByTwo
80004224   _addition
800042c8   _subtraction
8000436c   _subtractionWithSign
800044a0   _signedSubtraction
8000454c   _modularInverse
80004ce0   _concat
80004d84   _XOR
80004e10   _timeData
80004e28   _hexToString
80004fcc   _copyArray
8000504c   _copyArrayFrom0
800050c0   _printArray
800051cc   _printArrayNoSpaces
8000526c   _printChar
80005380   _printCharNoSpaces
80005420   _seeTheDifference
800054c0   __divd
80005a60   _RNG
80005c80   _PRNG
80005d6c   _updateFSR
80005e34   _compareFSR
80005f68   _findRandNum
80006560   _repositionZeros
8000664c   _createExponent
800066e4   _computePartOfKey
80006714   _calculateKey
800067b0   _createMessage
80006800   _signAndEncryptMessage
80006894   _decryptAndUnsignMessage
80006930   _from8to32
80006a00   _from32to8
80006ae0   _encryptHMAC
80006c60   _decryptHMAC
80006d8c   _encrypt
80006ec4   _decrypt
80007494   _simpleDecrypt
80007530   _simpleEncrypt
800075cc   _aesCBCdecrypt
800076c4   _aesCBCencrypt
800077a4   _padding
80007880   __printfi
80007cc0   _main
80008060   _fputs
80008360   _signatureMessage
80009100   _free
80009380   __divull
80009ea0   _hmac
8000a080   _maskGenerationFunction
8000a420   __divul
8000a5c0   _HOSTrename
8000a740   _malloc
8000a8c0   _setvbuf
8000aa40   _simpleHashWithLength
8000aa70   _hashWithTime
8000aaf8   _hashOfLength
8000ad00   _fputc
8000ad00   _putc
8000af80   _fclose
8000b0a0   _HOSTlseek
8000b1a0   __auto_init
8000b3a0   __wrt_ok
8000b4a0   _fflush
8000b5a0   _HOSTopen
8000b680   __c6xabi_divi
8000b680   __divi
8000b760   _atoi
8000b840   _close
8000b920   _exit
8000ba00   _memset
8000bae0   _HOSTread
8000bba0   _HOSTunlink
8000bc60   _HOSTwrite
8000bd20   __cleanup
8000bea0   __c6xabi_divu
8000bea0   __divu
8000bf60   __doflush
8000c020   __c6xabi_remi
8000c020   __remi
8000c0e0   _fseek
8000c1a0   _lseek
8000c260   _ltoa
8000c320   _write
8000c3e0   _HOSTclose
8000c480   _HOSTtime
8000c520   __divli
8000c700   __fixdli
8000c840   _copy_in
8000c980   _memcpy
8000cb60   __fltlid
8000cbe0   __llshl
8000cc60   _c_int00
8000cce0   _fprintf
8000cd60   _printf
8000cde0   _readmsg
8000ce60   _unlink
8000cee0   __abort_msg
8000cf40   __subcull
8000cfa0   _memccpy
8000d000   _writemsg
8000d058   C$$IO$$
8000d060   ___isinf
8000d0e0   __args_main
8000d120   __frcmpyd_div
8000d160   __llshru
8000d1a0   __remli
8000d1e0   __c6xabi_strasgi_64plus
8000d1e0   __strasgi_64plus
8000d220   _strlen
8000d260   _time
8000d2a0   __negll
8000d2c0   __nop
8000d360   C$$EXIT
8000d360   _abort
8000d380   _remove
8000d3a0   ___etext__
8000d3a0   __sys_memory
8000d3a0   etext
80013d98   __ctypes_
80014418   __stack
80016418   __STACK_END
80016418   __ftable
800165f8   __tmpnams
80016738   __ft_end
80016950   __cleanup_ptr
80016954   __dtors_ptr
80016958   ___TI_enable_exit_profile_output
8001695c   __lock
80016960   __unlock
80016970   ___cinit__
80016970   cinit
80016ad4   __CIOBUF_
ffffffff   ___TI_pprof_out_hndl
ffffffff   ___TI_prof_data_size
ffffffff   ___TI_prof_data_start
ffffffff   ___binit__
ffffffff   ___c_args__
ffffffff   ___pinit__
ffffffff   binit
ffffffff   pinit

[183 symbols]
