******************************************************************************
               TMS320C6x Linker PC v7.4.4                      
******************************************************************************
>> Linked Tue May 09 23:51:07 2017

OUTPUT FILE NAME:   <ccsProject.out>
ENTRY POINT SYMBOL: "_c_int00"  address: 8000b600


MEMORY CONFIGURATION

         name            origin    length      used     unused   attr    fill
----------------------  --------  ---------  --------  --------  ----  --------
  DSPL2ROM              00700000   00010000  00000000  00010000  RWIX
  DSPL2RAM              00800000   00040000  00000000  00040000  RWIX
  DSPL1PRAM             00e00000   00008000  00000000  00008000  RWIX
  DSPL1DRAM             00f00000   00008000  00000000  00008000  RWIX
  SHDSPL2ROM            11700000   00010000  00000000  00010000  RWIX
  SHDSPL2RAM            11800000   00040000  00000000  00040000  RWIX
  SHDSPL1PRAM           11e00000   00008000  00000000  00008000  RWIX
  SHDSPL1DRAM           11f00000   00008000  00000000  00008000  RWIX
  EMIFACS0              40000000   20000000  00000000  20000000  RWIX
  EMIFACS2              60000000   02000000  00000000  02000000  RWIX
  EMIFACS3              62000000   02000000  00000000  02000000  RWIX
  EMIFACS4              64000000   02000000  00000000  02000000  RWIX
  EMIFACS5              66000000   02000000  00000000  02000000  RWIX
  SHRAM                 80000000   00020000  00012a48  0000d5b8  RWIX
  DDR2                  c0000000   20000000  00000000  20000000  RWIX


SECTION ALLOCATION MAP

 output                                  attributes/
section   page    origin      length       input sections
--------  ----  ----------  ----------   ----------------
.pinit     0    80000000    00000000     UNINITIALIZED

.text      0    80000000    0000bc60     
                  80000000    00001120     modFunctions32.obj (.text)
                  80001120    00000ea0     montExponentiation32.obj (.text)
                  80001fc0    00000a00     sha2.obj (.text)
                  800029c0    00000880     helpfulFunctions.obj (.text)
                  80003240    00000880     modularInverse32.obj (.text)
                  80003ac0    00000860     additionalFunctions32.obj (.text)
                  80004320    000005a0     PRNG.obj (.text)
                  800048c0    000005a0     rts6740.lib : divd.obj (.text:__divd)
                  80004e60    00000580                 : _printfi.obj (.text:__getarg_diouxp)
                  800053e0    00000520     keyEstablishmentFunctions32.obj (.text)
                  80005900    00000440     rts6740.lib : _printfi.obj (.text:__printfi)
                  80005d40    00000440                 : _printfi.obj (.text:__setfield)
                  80006180    000003a0                 : fputs.obj (.text:_fputs)
                  80006520    000003a0     verifySignature.obj (.text)
                  800068c0    00000320     rts6740.lib : _printfi.obj (.text:__pproc_fge)
                  80006be0    000002e0     signatureMessage.obj (.text)
                  80006ec0    000002c0     rts6740.lib : _printfi.obj (.text:__pproc_fwp)
                  80007180    000002c0     main.obj (.text)
                  80007440    000002a0     rts6740.lib : _printfi.obj (.text:_ecvt)
                  800076e0    000002a0                 : _printfi.obj (.text:_fcvt)
                  80007980    00000280                 : memory.obj (.text:_free)
                  80007c00    00000260                 : imath64.obj (.text:__divull)
                  80007e60    00000260                 : _printfi.obj (.text:__pconv_e)
                  800080c0    00000240                 : _printfi.obj (.text:__pproc_diouxp)
                  80008300    00000220                 : _printfi.obj (.text:__pproc_str)
                  80008520    00000220                 : fputc.obj (.text:_fputc)
                  80008740    00000200                 : _printfi.obj (.text:__pconv_g)
                  80008940    00000200                 : setvbuf.obj (.text:_setvbuf)
                  80008b40    000001e0     maskGenerationFunction.obj (.text)
                  80008d20    000001c0     rts6740.lib : _printfi.obj (.text:__mcpy)
                  80008ee0    000001a0                 : imath40.obj (.text:__divul)
                  80009080    000001a0     useSHA256.obj (.text)
                  80009220    00000180     rts6740.lib : trgdrv.obj (.text:_HOSTrename)
                  800093a0    00000180                 : memory.obj (.text:_malloc)
                  80009520    00000140                 : _printfi.obj (.text:__pproc_fflags)
                  80009660    00000140                 : lowlev.obj (.text:_getdevice)
                  800097a0    00000120                 : fclose.obj (.text:__closefile)
                  800098c0    00000120                 : _printfi.obj (.text:__ltostr)
                  800099e0    00000120                 : fseek.obj (.text:_fseek)
                  80009b00    00000100                 : trgdrv.obj (.text:_HOSTlseek)
                  80009c00    00000100                 : _io_perm.obj (.text:__wrt_ok)
                  80009d00    00000100                 : fprintf.obj (.text:_fprintf)
                  80009e00    000000e0                 : trgdrv.obj (.text:_HOSTopen)
                  80009ee0    000000e0                 : divi.obj (.text:__divi)
                  80009fc0    000000e0                 : atoi.obj (.text:_atoi)
                  8000a0a0    000000e0                 : lowlev.obj (.text:_close)
                  8000a180    000000e0                 : fflush.obj (.text:_fflush)
                  8000a260    000000e0                 : memset.obj (.text:_memset)
                  8000a340    000000e0                 : printf.obj (.text:_printf)
                  8000a420    000000c0                 : trgdrv.obj (.text:_HOSTread)
                  8000a4e0    000000c0                 : trgdrv.obj (.text:_HOSTunlink)
                  8000a5a0    000000c0                 : trgdrv.obj (.text:_HOSTwrite)
                  8000a660    000000c0                 : autoinit.obj (.text:__auto_init)
                  8000a720    000000c0                 : _printfi.obj (.text:__div)
                  8000a7e0    000000c0                 : divu.obj (.text:__divu)
                  8000a8a0    000000c0                 : fflush.obj (.text:__doflush)
                  8000a960    000000c0                 : remi.obj (.text:__remi)
                  8000aa20    000000c0                 : exit.obj (.text:_exit)
                  8000aae0    000000c0                 : ltoa.obj (.text:_ltoa)
                  8000aba0    000000a0                 : trgdrv.obj (.text:_HOSTclose)
                  8000ac40    000000a0                 : trgdrv.obj (.text:_HOSTtime)
                  8000ace0    000000a0                 : fopen.obj (.text:__cleanup)
                  8000ad80    000000a0                 : imath40.obj (.text:__divli)
                  8000ae20    000000a0                 : _printfi.obj (.text:__ecpy)
                  8000aec0    000000a0                 : _printfi.obj (.text:__fcpy)
                  8000af60    000000a0                 : fixdli.obj (.text:__fixdli)
                  8000b000    000000a0                 : _printfi.obj (.text:__pconv_f)
                  8000b0a0    000000a0                 : cpy_tbl.obj (.text:_copy_in)
                  8000b140    000000a0                 : lowlev.obj (.text:_finddevice)
                  8000b1e0    000000a0                 : lowlev.obj (.text:_lseek)
                  8000b280    000000a0                 : memcpy64.obj (.text:_memcpy)
                  8000b320    000000a0                 : memory.obj (.text:_minsert)
                  8000b3c0    000000a0                 : memory.obj (.text:_mremove)
                  8000b460    000000a0                 : lowlev.obj (.text:_write)
                  8000b500    00000080                 : fltlid.obj (.text:__fltlid)
                  8000b580    00000080                 : llshift.obj (.text:__llshl)
                  8000b600    00000080                 : boot.obj (.text:_c_int00)
                  8000b680    00000080                 : trgmsg.obj (.text:_readmsg)
                  8000b700    00000080                 : lowlev.obj (.text:_unlink)
                  8000b780    00000060                 : cpp_init.obj (.text:___TI_cpp_init)
                  8000b7e0    00000060                 : assert.obj (.text:__abort_msg)
                  8000b840    00000060                 : imath64.obj (.text:__subcull)
                  8000b8a0    00000060                 : memccpy.obj (.text:_memccpy)
                  8000b900    00000060                 : trgmsg.obj (.text:_writemsg)
                  8000b960    00000040                 : isinf.obj (.text:___isinf)
                  8000b9a0    00000040                 : _printfi.obj (.text:___isnan)
                  8000b9e0    00000040                 : args_main.obj (.text:__args_main)
                  8000ba20    00000040                 : frcmpyd_div.obj (.text:__frcmpyd_div)
                  8000ba60    00000040                 : llshift.obj (.text:__llshru)
                  8000baa0    00000040                 : imath40.obj (.text:__remli)
                  8000bae0    00000040                 : strasg.obj (.text:__strasgi_64plus)
                  8000bb20    00000040                 : time.obj (.text:_time)
                  8000bb60    00000020                 : negll.obj (.text:__negll)
                  8000bb80    00000020                 : _lock.obj (.text:__nop)
                  8000bba0    00000020                 : fprintf.obj (.text:__outc)
                  8000bbc0    00000020                 : printf.obj (.text:__outc)
                  8000bbe0    00000020                 : fprintf.obj (.text:__outs)
                  8000bc00    00000020                 : printf.obj (.text:__outs)
                  8000bc20    00000020                 : exit.obj (.text:_abort)
                  8000bc40    00000020                 : remove.obj (.text:_remove)

.bss       0    80000000    00000000     UNINITIALIZED

.data      0    80000000    00000000     UNINITIALIZED

.sysmem    0    8000bc60    00004000     UNINITIALIZED
                  8000bc60    00000008     rts6740.lib : memory.obj (.sysmem)
                  8000bc68    00003ff8     --HOLE--

.stack     0    8000fc60    00002000     UNINITIALIZED
                  8000fc60    00000008     rts6740.lib : boot.obj (.stack)
                  8000fc68    00001ff8     --HOLE--

.const     0    80011c60    000006d4     
                  80011c60    00000101     rts6740.lib : ctype.obj (.const:.string:__ctypes_)
                  80011d61    00000003                 : assert.obj (.const:.string)
                  80011d64    00000002                 : fputs.obj (.const:.string)
                  80011d66    00000002     --HOLE-- [fill = 0]
                  80011d68    00000100     sha2.obj (.const:_K256)
                  80011e68    000000bc     sha2.obj (.const:.string)
                  80011f24    00000084     main.obj (.const:.string)
                  80011fa8    00000080     main.obj (.const:_$P$T2$3)
                  80012028    00000080     main.obj (.const:_$P$T3$4)
                  800120a8    00000080     main.obj (.const:_$P$T4$5)
                  80012128    00000080     main.obj (.const:_$P$T5$6)
                  800121a8    00000044     helpfulFunctions.obj (.const:.string)
                  800121ec    00000004     --HOLE-- [fill = 0]
                  800121f0    00000040     PRNG.obj (.const:.string:_$P$T0$2)
                  80012230    00000040     main.obj (.const:_$P$T1$2)
                  80012270    0000003c     additionalFunctions32.obj (.const:.string)
                  800122ac    00000004     --HOLE-- [fill = 0]
                  800122b0    0000003c     main.obj (.const:_$P$T0$1)
                  800122ec    00000023     rts6740.lib : _printfi.obj (.const:.string)
                  8001230f    00000001     --HOLE-- [fill = 0]
                  80012310    00000020     sha2.obj (.const:_sha256_initial_hash_value)
                  80012330    00000004     main.obj (.const:_$P$T6$7)

.far       0    80012338    00000490     UNINITIALIZED
                  80012338    00000324     rts6740.lib : defs.obj (.far)
                  8001265c    00000004                 : fopen.obj (.far)
                  80012660    0000011c                 : lowlev.obj (.far)
                  8001277c    00000004     --HOLE--
                  80012780    00000020     PRNG.obj (.far)
                  800127a0    0000000c     rts6740.lib : exit.obj (.far)
                  800127ac    00000008                 : _lock.obj (.far)
                  800127b4    00000008                 : memory.obj (.far)
                  800127bc    00000004     --HOLE--
                  800127c0    00000008                 : trgdrv.obj (.far)

.cinit     0    800127c8    00000164     
                  800127c8    0000005c     rts6740.lib : defs.obj (.cinit)
                  80012824    00000004     --HOLE-- [fill = 0]
                  80012828    0000005c                 : lowlev.obj (.cinit)
                  80012884    00000004     --HOLE-- [fill = 0]
                  80012888    0000002c                 : exit.obj (.cinit)
                  800128b4    00000004     --HOLE-- [fill = 0]
                  800128b8    0000002c                 : memory.obj (.cinit)
                  800128e4    00000004     --HOLE-- [fill = 0]
                  800128e8    0000001c                 : _lock.obj (.cinit)
                  80012904    00000004     --HOLE-- [fill = 0]
                  80012908    0000000c                 : fopen.obj (.cinit)
                  80012914    00000004     --HOLE-- [fill = 0]
                  80012918    00000009     PRNG.obj (.cinit)
                  80012921    00000007     --HOLE-- [fill = 0]
                  80012928    00000004     (.pad.cinit) [fill = 0]

.cio       0    80012930    00000120     UNINITIALIZED
                  80012930    00000120     rts6740.lib : trgmsg.obj (.cio)


GLOBAL SYMBOLS: SORTED ALPHABETICALLY BY Name 

address    name
--------   ----
80000000   $bss
80000000   .bss
80000000   .data
80000000   .text
8000bc20   C$$EXIT
8000b958   C$$IO$$
8000143c   _ADD
8000aba0   _HOSTclose
80009b00   _HOSTlseek
80009e00   _HOSTopen
8000a420   _HOSTread
80009220   _HOSTrename
8000ac40   _HOSTtime
8000a4e0   _HOSTunlink
8000a5a0   _HOSTwrite
80004540   _PRNG
80004320   _RNG
800026a8   _SHA256_Final
80001fc0   _SHA256_Init
80002024   _SHA256_Transform
800024ec   _SHA256_Update
800014c0   _SUB_COND
80002a64   _XOR
80012930   __CIOBUF_
80011c60   __STACK_END
00002000   __STACK_SIZE
00004000   __SYSMEM_SIZE
00000001   __TI_args_main
8000b780   ___TI_cpp_init
800127a8   ___TI_enable_exit_profile_output
ffffffff   ___TI_pprof_out_hndl
ffffffff   ___TI_prof_data_size
ffffffff   ___TI_prof_data_start
ffffffff   ___binit__
80000000   ___bss__
ffffffff   ___c_args__
800127c8   ___cinit__
80000000   ___data__
80000000   ___edata__
80000000   ___end__
8000bc60   ___etext__
8000b960   ___isinf
ffffffff   ___pinit__
80000000   ___text__
8000b7e0   __abort_msg
8000b9e0   __args_main
8000a660   __auto_init
80009ee0   __c6xabi_divi
8000a7e0   __c6xabi_divu
8000a960   __c6xabi_remi
8000bae0   __c6xabi_strasgi_64plus
8000ace0   __cleanup
800127a0   __cleanup_ptr
800097a0   __closefile
80011c60   __ctypes_
800048c0   __divd
80009ee0   __divi
8000ad80   __divli
8000a7e0   __divu
80008ee0   __divul
80007c00   __divull
8000a8a0   __doflush
800127a4   __dtors_ptr
8000af60   __fixdli
8000b500   __fltlid
8000ba20   __frcmpyd_div
80012658   __ft_end
80012338   __ftable
8000b580   __llshl
8000ba60   __llshru
800127ac   __lock
8000bb60   __negll
8000bb80   __nop
80005900   __printfi
8000a960   __remi
8000baa0   __remli
8000fc60   __stack
8000bae0   __strasgi_64plus
8000b840   __subcull
8000bc60   __sys_memory
80012518   __tmpnams
800127b0   __unlock
80009c00   __wrt_ok
8000bc20   _abort
800040a4   _addition
80009fc0   _atoi
8000b600   _c_int00
80005594   _calculateKey
8000a0a0   _close
80004708   _compareFSR
80005564   _computePartOfKey
800029c0   _concat
80002cac   _copyArray
80003e04   _copyArray32
80003e60   _copyArray8
80002d2c   _copyArrayFrom0
8000b0a0   _copy_in
800054cc   _createExponent
80005630   _createMessage
800056ec   _decryptAndUnsignMessage
80003f90   _divideByTwo
8000aa20   _exit
8000a180   _fflush
80004838   _findRandNum
80003eb8   _flipArray
80009d00   _fprintf
80008520   _fputc
80006180   _fputs
80007980   _free
80000000   _from2to32
80005830   _from32to8
80005764   _from8to32
800099e0   _fseek
80009138   _hashOfLength
800090b0   _hashWithTime
80002b08   _hexToString
80003ca8   _isBiggerThan
80003d28   _isBiggerThanOrEqual
8000b1e0   _lseek
8000aae0   _ltoa
80007180   _main
800093a0   _malloc
80008b40   _maskGenerationFunction
8000b8a0   _memccpy
8000b280   _memcpy
8000a260   _memset
80000220   _mod
80000940   _modFaster
80001030   _modMult
80000860   _modSquare
800032ec   _modularInverse
80001120   _mont
80001644   _montExp
80001b74   _montMultiplication
80000bb4   _multiplication
8000402c   _multiplyByTwo
80003da8   _numberIsZero
80000130   _positionMSB
80002da0   _printArray
80003ac0   _printArray32
80003b60   _printArray8
80002eac   _printArrayNoSpaces
80002f4c   _printArrayNoSpaces32
80002fec   _printChar
80003100   _printCharNoSpaces
8000a340   _printf
80008520   _putc
8000b680   _readmsg
8000bc40   _remove
800053e0   _repositionZeros
800031a0   _seeTheDifference
80008940   _setvbuf
80005680   _signAndEncryptMessage
80006be0   _signatureMessage
80003240   _signedSubtraction
80009080   _simpleHashWithLength
80000444   _squareProduct
80004148   _subtraction
800041ec   _subtractionWithSign
8000bb20   _time
80002af0   _timeData
8000b700   _unlink
80004638   _updateFSR
80006520   _verifySignature
8000b460   _write
8000b900   _writemsg
80003c00   _zerosArray
80003c50   _zerosArray16
ffffffff   binit
800127c8   cinit
80000000   edata
80000000   end
8000bc60   etext
ffffffff   pinit


GLOBAL SYMBOLS: SORTED BY Symbol Address 

address    name
--------   ----
00000001   __TI_args_main
00002000   __STACK_SIZE
00004000   __SYSMEM_SIZE
80000000   $bss
80000000   .bss
80000000   .data
80000000   .text
80000000   ___bss__
80000000   ___data__
80000000   ___edata__
80000000   ___end__
80000000   ___text__
80000000   _from2to32
80000000   edata
80000000   end
80000130   _positionMSB
80000220   _mod
80000444   _squareProduct
80000860   _modSquare
80000940   _modFaster
80000bb4   _multiplication
80001030   _modMult
80001120   _mont
8000143c   _ADD
800014c0   _SUB_COND
80001644   _montExp
80001b74   _montMultiplication
80001fc0   _SHA256_Init
80002024   _SHA256_Transform
800024ec   _SHA256_Update
800026a8   _SHA256_Final
800029c0   _concat
80002a64   _XOR
80002af0   _timeData
80002b08   _hexToString
80002cac   _copyArray
80002d2c   _copyArrayFrom0
80002da0   _printArray
80002eac   _printArrayNoSpaces
80002f4c   _printArrayNoSpaces32
80002fec   _printChar
80003100   _printCharNoSpaces
800031a0   _seeTheDifference
80003240   _signedSubtraction
800032ec   _modularInverse
80003ac0   _printArray32
80003b60   _printArray8
80003c00   _zerosArray
80003c50   _zerosArray16
80003ca8   _isBiggerThan
80003d28   _isBiggerThanOrEqual
80003da8   _numberIsZero
80003e04   _copyArray32
80003e60   _copyArray8
80003eb8   _flipArray
80003f90   _divideByTwo
8000402c   _multiplyByTwo
800040a4   _addition
80004148   _subtraction
800041ec   _subtractionWithSign
80004320   _RNG
80004540   _PRNG
80004638   _updateFSR
80004708   _compareFSR
80004838   _findRandNum
800048c0   __divd
800053e0   _repositionZeros
800054cc   _createExponent
80005564   _computePartOfKey
80005594   _calculateKey
80005630   _createMessage
80005680   _signAndEncryptMessage
800056ec   _decryptAndUnsignMessage
80005764   _from8to32
80005830   _from32to8
80005900   __printfi
80006180   _fputs
80006520   _verifySignature
80006be0   _signatureMessage
80007180   _main
80007980   _free
80007c00   __divull
80008520   _fputc
80008520   _putc
80008940   _setvbuf
80008b40   _maskGenerationFunction
80008ee0   __divul
80009080   _simpleHashWithLength
800090b0   _hashWithTime
80009138   _hashOfLength
80009220   _HOSTrename
800093a0   _malloc
800097a0   __closefile
800099e0   _fseek
80009b00   _HOSTlseek
80009c00   __wrt_ok
80009d00   _fprintf
80009e00   _HOSTopen
80009ee0   __c6xabi_divi
80009ee0   __divi
80009fc0   _atoi
8000a0a0   _close
8000a180   _fflush
8000a260   _memset
8000a340   _printf
8000a420   _HOSTread
8000a4e0   _HOSTunlink
8000a5a0   _HOSTwrite
8000a660   __auto_init
8000a7e0   __c6xabi_divu
8000a7e0   __divu
8000a8a0   __doflush
8000a960   __c6xabi_remi
8000a960   __remi
8000aa20   _exit
8000aae0   _ltoa
8000aba0   _HOSTclose
8000ac40   _HOSTtime
8000ace0   __cleanup
8000ad80   __divli
8000af60   __fixdli
8000b0a0   _copy_in
8000b1e0   _lseek
8000b280   _memcpy
8000b460   _write
8000b500   __fltlid
8000b580   __llshl
8000b600   _c_int00
8000b680   _readmsg
8000b700   _unlink
8000b780   ___TI_cpp_init
8000b7e0   __abort_msg
8000b840   __subcull
8000b8a0   _memccpy
8000b900   _writemsg
8000b958   C$$IO$$
8000b960   ___isinf
8000b9e0   __args_main
8000ba20   __frcmpyd_div
8000ba60   __llshru
8000baa0   __remli
8000bae0   __c6xabi_strasgi_64plus
8000bae0   __strasgi_64plus
8000bb20   _time
8000bb60   __negll
8000bb80   __nop
8000bc20   C$$EXIT
8000bc20   _abort
8000bc40   _remove
8000bc60   ___etext__
8000bc60   __sys_memory
8000bc60   etext
8000fc60   __stack
80011c60   __STACK_END
80011c60   __ctypes_
80012338   __ftable
80012518   __tmpnams
80012658   __ft_end
800127a0   __cleanup_ptr
800127a4   __dtors_ptr
800127a8   ___TI_enable_exit_profile_output
800127ac   __lock
800127b0   __unlock
800127c8   ___cinit__
800127c8   cinit
80012930   __CIOBUF_
ffffffff   ___TI_pprof_out_hndl
ffffffff   ___TI_prof_data_size
ffffffff   ___TI_prof_data_start
ffffffff   ___binit__
ffffffff   ___c_args__
ffffffff   ___pinit__
ffffffff   binit
ffffffff   pinit

[174 symbols]
