******************************************************************************
               TMS320C6x Linker PC v7.4.4                      
******************************************************************************
>> Linked Sun May 07 12:57:19 2017

OUTPUT FILE NAME:   <ccsProject.out>
ENTRY POINT SYMBOL: "_c_int00"  address: 8000ca20


MEMORY CONFIGURATION

         name            origin    length      used     unused   attr    fill
----------------------  --------  ---------  --------  --------  ----  --------
  DSPL2ROM              00700000   00010000  00000000  00010000  RWIX
  DSPL2RAM              00800000   00040000  00000000  00040000  RWIX
  DSPL1PRAM             00e00000   00008000  00000000  00008000  RWIX
  DSPL1DRAM             00f00000   00008000  00000000  00008000  RWIX
  SHDSPL2ROM            11700000   00010000  00000000  00010000  RWIX
  SHDSPL2RAM            11800000   00040000  00000000  00040000  RWIX
  SHDSPL1PRAM           11e00000   00008000  00000000  00008000  RWIX
  SHDSPL1DRAM           11f00000   00008000  00000000  00008000  RWIX
  EMIFACS0              40000000   20000000  00000000  20000000  RWIX
  EMIFACS2              60000000   02000000  00000000  02000000  RWIX
  EMIFACS3              62000000   02000000  00000000  02000000  RWIX
  EMIFACS4              64000000   02000000  00000000  02000000  RWIX
  EMIFACS5              66000000   02000000  00000000  02000000  RWIX
  SHRAM                 80000000   00020000  00016720  000098e0  RWIX
  DDR2                  c0000000   20000000  00000000  20000000  RWIX


SECTION ALLOCATION MAP

 output                                  attributes/
section   page    origin      length       input sections
--------  ----  ----------  ----------   ----------------
.pinit     0    80000000    00000000     UNINITIALIZED

.text      0    80000000    0000d080     
                  80000000    00001880     aes.obj (.text)
                  80001880    00000bc0     modFunctions32.obj (.text)
                  80002440    00000a60     montExponentiation32.obj (.text)
                  80002ea0    00000a00     sha2.obj (.text)
                  800038a0    00000880     helpfulFunctions.obj (.text)
                  80004120    00000880     modularInverse32.obj (.text)
                  800049a0    00000860     additionalFunctions32.obj (.text)
                  80005200    000005a0     PRNG.obj (.text)
                  800057a0    000005a0     rts6740.lib : divd.obj (.text:__divd)
                  80005d40    00000580                 : _printfi.obj (.text:__getarg_diouxp)
                  800062c0    00000580     keyEstablishmentFunctions32.obj (.text)
                  80006840    000004a0     useAES.obj (.text)
                  80006ce0    00000440     rts6740.lib : _printfi.obj (.text:__printfi)
                  80007120    00000440                 : _printfi.obj (.text:__setfield)
                  80007560    000003a0                 : fputs.obj (.text:_fputs)
                  80007900    000003a0     verifySignature.obj (.text)
                  80007ca0    00000320     rts6740.lib : _printfi.obj (.text:__pproc_fge)
                  80007fc0    00000300     main.obj (.text)
                  800082c0    000002e0     signatureMessage.obj (.text)
                  800085a0    000002c0     rts6740.lib : _printfi.obj (.text:__pproc_fwp)
                  80008860    000002a0                 : _printfi.obj (.text:_ecvt)
                  80008b00    000002a0                 : _printfi.obj (.text:_fcvt)
                  80008da0    00000280                 : memory.obj (.text:_free)
                  80009020    00000260                 : imath64.obj (.text:__divull)
                  80009280    00000260                 : _printfi.obj (.text:__pconv_e)
                  800094e0    00000240                 : _printfi.obj (.text:__pproc_diouxp)
                  80009720    00000220                 : _printfi.obj (.text:__pproc_str)
                  80009940    00000220                 : fputc.obj (.text:_fputc)
                  80009b60    00000200                 : _printfi.obj (.text:__pconv_g)
                  80009d60    00000200                 : setvbuf.obj (.text:_setvbuf)
                  80009f60    000001e0     maskGenerationFunction.obj (.text)
                  8000a140    000001c0     rts6740.lib : _printfi.obj (.text:__mcpy)
                  8000a300    000001a0                 : imath40.obj (.text:__divul)
                  8000a4a0    000001a0     useSHA256.obj (.text)
                  8000a640    00000180     rts6740.lib : trgdrv.obj (.text:_HOSTrename)
                  8000a7c0    00000180                 : memory.obj (.text:_malloc)
                  8000a940    00000140                 : _printfi.obj (.text:__pproc_fflags)
                  8000aa80    00000140                 : lowlev.obj (.text:_getdevice)
                  8000abc0    00000120                 : fclose.obj (.text:__closefile)
                  8000ace0    00000120                 : _printfi.obj (.text:__ltostr)
                  8000ae00    00000120                 : fseek.obj (.text:_fseek)
                  8000af20    00000100                 : trgdrv.obj (.text:_HOSTlseek)
                  8000b020    00000100                 : _io_perm.obj (.text:__wrt_ok)
                  8000b120    00000100                 : fprintf.obj (.text:_fprintf)
                  8000b220    000000e0                 : trgdrv.obj (.text:_HOSTopen)
                  8000b300    000000e0                 : divi.obj (.text:__divi)
                  8000b3e0    000000e0                 : atoi.obj (.text:_atoi)
                  8000b4c0    000000e0                 : lowlev.obj (.text:_close)
                  8000b5a0    000000e0                 : fflush.obj (.text:_fflush)
                  8000b680    000000e0                 : memset.obj (.text:_memset)
                  8000b760    000000e0                 : printf.obj (.text:_printf)
                  8000b840    000000c0                 : trgdrv.obj (.text:_HOSTread)
                  8000b900    000000c0                 : trgdrv.obj (.text:_HOSTunlink)
                  8000b9c0    000000c0                 : trgdrv.obj (.text:_HOSTwrite)
                  8000ba80    000000c0                 : autoinit.obj (.text:__auto_init)
                  8000bb40    000000c0                 : _printfi.obj (.text:__div)
                  8000bc00    000000c0                 : divu.obj (.text:__divu)
                  8000bcc0    000000c0                 : fflush.obj (.text:__doflush)
                  8000bd80    000000c0                 : remi.obj (.text:__remi)
                  8000be40    000000c0                 : exit.obj (.text:_exit)
                  8000bf00    000000c0                 : ltoa.obj (.text:_ltoa)
                  8000bfc0    000000a0                 : trgdrv.obj (.text:_HOSTclose)
                  8000c060    000000a0                 : trgdrv.obj (.text:_HOSTtime)
                  8000c100    000000a0                 : fopen.obj (.text:__cleanup)
                  8000c1a0    000000a0                 : imath40.obj (.text:__divli)
                  8000c240    000000a0                 : _printfi.obj (.text:__ecpy)
                  8000c2e0    000000a0                 : _printfi.obj (.text:__fcpy)
                  8000c380    000000a0                 : fixdli.obj (.text:__fixdli)
                  8000c420    000000a0                 : _printfi.obj (.text:__pconv_f)
                  8000c4c0    000000a0                 : cpy_tbl.obj (.text:_copy_in)
                  8000c560    000000a0                 : lowlev.obj (.text:_finddevice)
                  8000c600    000000a0                 : lowlev.obj (.text:_lseek)
                  8000c6a0    000000a0                 : memcpy64.obj (.text:_memcpy)
                  8000c740    000000a0                 : memory.obj (.text:_minsert)
                  8000c7e0    000000a0                 : memory.obj (.text:_mremove)
                  8000c880    000000a0                 : lowlev.obj (.text:_write)
                  8000c920    00000080                 : fltlid.obj (.text:__fltlid)
                  8000c9a0    00000080                 : llshift.obj (.text:__llshl)
                  8000ca20    00000080                 : boot.obj (.text:_c_int00)
                  8000caa0    00000080                 : trgmsg.obj (.text:_readmsg)
                  8000cb20    00000080                 : lowlev.obj (.text:_unlink)
                  8000cba0    00000060                 : cpp_init.obj (.text:___TI_cpp_init)
                  8000cc00    00000060                 : assert.obj (.text:__abort_msg)
                  8000cc60    00000060                 : imath64.obj (.text:__subcull)
                  8000ccc0    00000060                 : memccpy.obj (.text:_memccpy)
                  8000cd20    00000060                 : trgmsg.obj (.text:_writemsg)
                  8000cd80    00000040                 : isinf.obj (.text:___isinf)
                  8000cdc0    00000040                 : _printfi.obj (.text:___isnan)
                  8000ce00    00000040                 : args_main.obj (.text:__args_main)
                  8000ce40    00000040                 : frcmpyd_div.obj (.text:__frcmpyd_div)
                  8000ce80    00000040                 : llshift.obj (.text:__llshru)
                  8000cec0    00000040                 : imath40.obj (.text:__remli)
                  8000cf00    00000040                 : strasg.obj (.text:__strasgi_64plus)
                  8000cf40    00000040                 : time.obj (.text:_time)
                  8000cf80    00000020                 : negll.obj (.text:__negll)
                  8000cfa0    00000020                 : _lock.obj (.text:__nop)
                  8000cfc0    00000020                 : fprintf.obj (.text:__outc)
                  8000cfe0    00000020                 : printf.obj (.text:__outc)
                  8000d000    00000020                 : fprintf.obj (.text:__outs)
                  8000d020    00000020                 : printf.obj (.text:__outs)
                  8000d040    00000020                 : exit.obj (.text:_abort)
                  8000d060    00000020                 : remove.obj (.text:_remove)

.bss       0    80000000    00000000     UNINITIALIZED

.data      0    80000000    00000000     UNINITIALIZED

.sysmem    0    8000d080    00004000     UNINITIALIZED
                  8000d080    00000008     rts6740.lib : memory.obj (.sysmem)
                  8000d088    00003ff8     --HOLE--

.const     0    80011080    00002f8c     
                  80011080    00000400     aes.obj (.const:_Td0)
                  80011480    00000400     aes.obj (.const:_Td1)
                  80011880    00000400     aes.obj (.const:_Td2)
                  80011c80    00000400     aes.obj (.const:_Td3)
                  80012080    00000400     aes.obj (.const:_Td4)
                  80012480    00000400     aes.obj (.const:_Te0)
                  80012880    00000400     aes.obj (.const:_Te1)
                  80012c80    00000400     aes.obj (.const:_Te2)
                  80013080    00000400     aes.obj (.const:_Te3)
                  80013480    00000400     aes.obj (.const:_Te4)
                  80013880    00000108     main.obj (.const:.string)
                  80013988    00000101     rts6740.lib : ctype.obj (.const:.string:__ctypes_)
                  80013a89    00000003                 : assert.obj (.const:.string)
                  80013a8c    00000002                 : fputs.obj (.const:.string)
                  80013a8e    00000002     --HOLE-- [fill = 0]
                  80013a90    00000100     sha2.obj (.const:_K256)
                  80013b90    000000bc     sha2.obj (.const:.string)
                  80013c4c    00000004     --HOLE-- [fill = 0]
                  80013c50    00000080     main.obj (.const:_$P$T2$3)
                  80013cd0    00000080     main.obj (.const:_$P$T3$4)
                  80013d50    00000080     main.obj (.const:_$P$T4$5)
                  80013dd0    00000080     main.obj (.const:_$P$T5$6)
                  80013e50    00000044     helpfulFunctions.obj (.const:.string)
                  80013e94    00000004     --HOLE-- [fill = 0]
                  80013e98    00000040     PRNG.obj (.const:.string:_$P$T0$2)
                  80013ed8    00000040     main.obj (.const:_$P$T1$2)
                  80013f18    0000003c     additionalFunctions32.obj (.const:.string)
                  80013f54    00000004     --HOLE-- [fill = 0]
                  80013f58    0000003c     main.obj (.const:_$P$T0$1)
                  80013f94    00000004     --HOLE-- [fill = 0]
                  80013f98    00000028     aes.obj (.const:_rcon)
                  80013fc0    00000023     rts6740.lib : _printfi.obj (.const:.string)
                  80013fe3    00000005     --HOLE-- [fill = 0]
                  80013fe8    00000020     sha2.obj (.const:_sha256_initial_hash_value)
                  80014008    00000004     main.obj (.const:_$P$T6$7)

.stack     0    80014010    00002000     UNINITIALIZED
                  80014010    00000008     rts6740.lib : boot.obj (.stack)
                  80014018    00001ff8     --HOLE--

.far       0    80016010    00000490     UNINITIALIZED
                  80016010    00000324     rts6740.lib : defs.obj (.far)
                  80016334    00000004                 : fopen.obj (.far)
                  80016338    0000011c                 : lowlev.obj (.far)
                  80016454    00000004     --HOLE--
                  80016458    00000020     PRNG.obj (.far)
                  80016478    0000000c     rts6740.lib : exit.obj (.far)
                  80016484    00000008                 : _lock.obj (.far)
                  8001648c    00000008                 : memory.obj (.far)
                  80016494    00000004     --HOLE--
                  80016498    00000008                 : trgdrv.obj (.far)

.cinit     0    800164a0    00000164     
                  800164a0    0000005c     rts6740.lib : defs.obj (.cinit)
                  800164fc    00000004     --HOLE-- [fill = 0]
                  80016500    0000005c                 : lowlev.obj (.cinit)
                  8001655c    00000004     --HOLE-- [fill = 0]
                  80016560    0000002c                 : exit.obj (.cinit)
                  8001658c    00000004     --HOLE-- [fill = 0]
                  80016590    0000002c                 : memory.obj (.cinit)
                  800165bc    00000004     --HOLE-- [fill = 0]
                  800165c0    0000001c                 : _lock.obj (.cinit)
                  800165dc    00000004     --HOLE-- [fill = 0]
                  800165e0    0000000c                 : fopen.obj (.cinit)
                  800165ec    00000004     --HOLE-- [fill = 0]
                  800165f0    00000009     PRNG.obj (.cinit)
                  800165f9    00000007     --HOLE-- [fill = 0]
                  80016600    00000004     (.pad.cinit) [fill = 0]

.cio       0    80016608    00000120     UNINITIALIZED
                  80016608    00000120     rts6740.lib : trgmsg.obj (.cio)


GLOBAL SYMBOLS: SORTED ALPHABETICALLY BY Name 

address    name
--------   ----
80000000   $bss
80000000   .bss
80000000   .data
80000000   .text
8000d040   C$$EXIT
8000cd78   C$$IO$$
80002780   _ADD
8000bfc0   _HOSTclose
8000af20   _HOSTlseek
8000b220   _HOSTopen
8000b840   _HOSTread
8000a640   _HOSTrename
8000c060   _HOSTtime
8000b900   _HOSTunlink
8000b9c0   _HOSTwrite
80005420   _PRNG
80005200   _RNG
80003588   _SHA256_Final
80002ea0   _SHA256_Init
80002f04   _SHA256_Transform
800033cc   _SHA256_Update
800027d4   _SUB_COND
80003944   _XOR
80016608   __CIOBUF_
80016010   __STACK_END
00002000   __STACK_SIZE
00004000   __SYSMEM_SIZE
00000001   __TI_args_main
8000cba0   ___TI_cpp_init
80016480   ___TI_enable_exit_profile_output
ffffffff   ___TI_pprof_out_hndl
ffffffff   ___TI_prof_data_size
ffffffff   ___TI_prof_data_start
ffffffff   ___binit__
80000000   ___bss__
ffffffff   ___c_args__
800164a0   ___cinit__
80000000   ___data__
80000000   ___edata__
80000000   ___end__
8000d080   ___etext__
8000cd80   ___isinf
ffffffff   ___pinit__
80000000   ___text__
8000cc00   __abort_msg
8000ce00   __args_main
8000ba80   __auto_init
8000b300   __c6xabi_divi
8000bc00   __c6xabi_divu
8000bd80   __c6xabi_remi
8000cf00   __c6xabi_strasgi_64plus
8000c100   __cleanup
80016478   __cleanup_ptr
8000abc0   __closefile
80013988   __ctypes_
800057a0   __divd
8000b300   __divi
8000c1a0   __divli
8000bc00   __divu
8000a300   __divul
80009020   __divull
8000bcc0   __doflush
8001647c   __dtors_ptr
8000c380   __fixdli
8000c920   __fltlid
8000ce40   __frcmpyd_div
80016330   __ft_end
80016010   __ftable
8000c9a0   __llshl
8000ce80   __llshru
80016484   __lock
8000cf80   __negll
8000cfa0   __nop
80006ce0   __printfi
8000bd80   __remi
8000cec0   __remli
80014010   __stack
8000cf00   __strasgi_64plus
8000cc60   __subcull
8000d080   __sys_memory
800161f0   __tmpnams
80016488   __unlock
8000b020   __wrt_ok
8000d040   _abort
80004f84   _addition
800069ec   _aesCBCdecrypt
80006aec   _aesCBCencrypt
80006878   _aesEncrypt
800011a8   _aes_decrypt
800006d4   _aes_encrypt
80000d90   _aes_set_decrypt_key
80000000   _aes_set_encrypt_key
8000b3e0   _atoi
8000ca20   _c_int00
80006474   _calculateKey
8000b4c0   _close
800055e8   _compareFSR
80006444   _computePartOfKey
800038a0   _concat
80003b8c   _copyArray
80004ce4   _copyArray32
80004d40   _copyArray8
80003c0c   _copyArrayFrom0
8000c4c0   _copy_in
800063ac   _createExponent
80006510   _createMessage
800065f4   _decryptAndUnsignMessage
80004e70   _divideByTwo
8000be40   _exit
8000b5a0   _fflush
80005718   _findRandNum
80004d98   _flipArray
8000b120   _fprintf
80009940   _fputc
80007560   _fputs
80008da0   _free
80001880   _from2to32
80006760   _from32to8
80006690   _from8to32
8000ae00   _fseek
8000a558   _hashOfLength
8000a4d0   _hashWithTime
800039e8   _hexToString
80004b88   _isBiggerThan
80004c08   _isBiggerThanOrEqual
8000c600   _lseek
8000bf00   _ltoa
80007fc0   _main
8000a7c0   _malloc
80009f60   _maskGenerationFunction
8000ccc0   _memccpy
8000c6a0   _memcpy
8000b680   _memset
80001aa0   _mod
800021c4   _modFaster
800020e0   _modSquare
800041cc   _modularInverse
80002440   _mont
80002950   _montExp
80004f0c   _multiplyByTwo
80004c88   _numberIsZero
80006be4   _padding
800019b0   _positionMSB
80003c80   _printArray
800049a0   _printArray32
80004a40   _printArray8
80003d8c   _printArrayNoSpaces
80003e2c   _printArrayNoSpaces32
80003ecc   _printChar
80003fe0   _printCharNoSpaces
8000b760   _printf
80009940   _putc
8000caa0   _readmsg
8000d060   _remove
800062c0   _repositionZeros
80004080   _seeTheDifference
80009d60   _setvbuf
80006560   _signAndEncryptMessage
800082c0   _signatureMessage
80004120   _signedSubtraction
800068b4   _simpleDecrypt
80006950   _simpleEncrypt
8000a4a0   _simpleHashWithLength
80001cc4   _squareProduct
80005028   _subtraction
800050cc   _subtractionWithSign
8000cf40   _time
800039d0   _timeData
8000cb20   _unlink
80005518   _updateFSR
80007900   _verifySignature
8000c880   _write
8000cd20   _writemsg
80004ae0   _zerosArray
80004b30   _zerosArray16
ffffffff   binit
800164a0   cinit
80000000   edata
80000000   end
8000d080   etext
ffffffff   pinit


GLOBAL SYMBOLS: SORTED BY Symbol Address 

address    name
--------   ----
00000001   __TI_args_main
00002000   __STACK_SIZE
00004000   __SYSMEM_SIZE
80000000   $bss
80000000   .bss
80000000   .data
80000000   .text
80000000   ___bss__
80000000   ___data__
80000000   ___edata__
80000000   ___end__
80000000   ___text__
80000000   _aes_set_encrypt_key
80000000   edata
80000000   end
800006d4   _aes_encrypt
80000d90   _aes_set_decrypt_key
800011a8   _aes_decrypt
80001880   _from2to32
800019b0   _positionMSB
80001aa0   _mod
80001cc4   _squareProduct
800020e0   _modSquare
800021c4   _modFaster
80002440   _mont
80002780   _ADD
800027d4   _SUB_COND
80002950   _montExp
80002ea0   _SHA256_Init
80002f04   _SHA256_Transform
800033cc   _SHA256_Update
80003588   _SHA256_Final
800038a0   _concat
80003944   _XOR
800039d0   _timeData
800039e8   _hexToString
80003b8c   _copyArray
80003c0c   _copyArrayFrom0
80003c80   _printArray
80003d8c   _printArrayNoSpaces
80003e2c   _printArrayNoSpaces32
80003ecc   _printChar
80003fe0   _printCharNoSpaces
80004080   _seeTheDifference
80004120   _signedSubtraction
800041cc   _modularInverse
800049a0   _printArray32
80004a40   _printArray8
80004ae0   _zerosArray
80004b30   _zerosArray16
80004b88   _isBiggerThan
80004c08   _isBiggerThanOrEqual
80004c88   _numberIsZero
80004ce4   _copyArray32
80004d40   _copyArray8
80004d98   _flipArray
80004e70   _divideByTwo
80004f0c   _multiplyByTwo
80004f84   _addition
80005028   _subtraction
800050cc   _subtractionWithSign
80005200   _RNG
80005420   _PRNG
80005518   _updateFSR
800055e8   _compareFSR
80005718   _findRandNum
800057a0   __divd
800062c0   _repositionZeros
800063ac   _createExponent
80006444   _computePartOfKey
80006474   _calculateKey
80006510   _createMessage
80006560   _signAndEncryptMessage
800065f4   _decryptAndUnsignMessage
80006690   _from8to32
80006760   _from32to8
80006878   _aesEncrypt
800068b4   _simpleDecrypt
80006950   _simpleEncrypt
800069ec   _aesCBCdecrypt
80006aec   _aesCBCencrypt
80006be4   _padding
80006ce0   __printfi
80007560   _fputs
80007900   _verifySignature
80007fc0   _main
800082c0   _signatureMessage
80008da0   _free
80009020   __divull
80009940   _fputc
80009940   _putc
80009d60   _setvbuf
80009f60   _maskGenerationFunction
8000a300   __divul
8000a4a0   _simpleHashWithLength
8000a4d0   _hashWithTime
8000a558   _hashOfLength
8000a640   _HOSTrename
8000a7c0   _malloc
8000abc0   __closefile
8000ae00   _fseek
8000af20   _HOSTlseek
8000b020   __wrt_ok
8000b120   _fprintf
8000b220   _HOSTopen
8000b300   __c6xabi_divi
8000b300   __divi
8000b3e0   _atoi
8000b4c0   _close
8000b5a0   _fflush
8000b680   _memset
8000b760   _printf
8000b840   _HOSTread
8000b900   _HOSTunlink
8000b9c0   _HOSTwrite
8000ba80   __auto_init
8000bc00   __c6xabi_divu
8000bc00   __divu
8000bcc0   __doflush
8000bd80   __c6xabi_remi
8000bd80   __remi
8000be40   _exit
8000bf00   _ltoa
8000bfc0   _HOSTclose
8000c060   _HOSTtime
8000c100   __cleanup
8000c1a0   __divli
8000c380   __fixdli
8000c4c0   _copy_in
8000c600   _lseek
8000c6a0   _memcpy
8000c880   _write
8000c920   __fltlid
8000c9a0   __llshl
8000ca20   _c_int00
8000caa0   _readmsg
8000cb20   _unlink
8000cba0   ___TI_cpp_init
8000cc00   __abort_msg
8000cc60   __subcull
8000ccc0   _memccpy
8000cd20   _writemsg
8000cd78   C$$IO$$
8000cd80   ___isinf
8000ce00   __args_main
8000ce40   __frcmpyd_div
8000ce80   __llshru
8000cec0   __remli
8000cf00   __c6xabi_strasgi_64plus
8000cf00   __strasgi_64plus
8000cf40   _time
8000cf80   __negll
8000cfa0   __nop
8000d040   C$$EXIT
8000d040   _abort
8000d060   _remove
8000d080   ___etext__
8000d080   __sys_memory
8000d080   etext
80013988   __ctypes_
80014010   __stack
80016010   __STACK_END
80016010   __ftable
800161f0   __tmpnams
80016330   __ft_end
80016478   __cleanup_ptr
8001647c   __dtors_ptr
80016480   ___TI_enable_exit_profile_output
80016484   __lock
80016488   __unlock
800164a0   ___cinit__
800164a0   cinit
80016608   __CIOBUF_
ffffffff   ___TI_pprof_out_hndl
ffffffff   ___TI_prof_data_size
ffffffff   ___TI_prof_data_start
ffffffff   ___binit__
ffffffff   ___c_args__
ffffffff   ___pinit__
ffffffff   binit
ffffffff   pinit

[181 symbols]
