******************************************************************************
               TMS320C6x Linker PC v7.4.4                      
******************************************************************************
>> Linked Tue May 09 21:24:39 2017

OUTPUT FILE NAME:   <ccsProject.out>
ENTRY POINT SYMBOL: "_c_int00"  address: 8000b8a0


MEMORY CONFIGURATION

         name            origin    length      used     unused   attr    fill
----------------------  --------  ---------  --------  --------  ----  --------
  DSPL2ROM              00700000   00010000  00000000  00010000  RWIX
  DSPL2RAM              00800000   00040000  00000000  00040000  RWIX
  DSPL1PRAM             00e00000   00008000  00000000  00008000  RWIX
  DSPL1DRAM             00f00000   00008000  00000000  00008000  RWIX
  SHDSPL2ROM            11700000   00010000  00000000  00010000  RWIX
  SHDSPL2RAM            11800000   00040000  00000000  00040000  RWIX
  SHDSPL1PRAM           11e00000   00008000  00000000  00008000  RWIX
  SHDSPL1DRAM           11f00000   00008000  00000000  00008000  RWIX
  EMIFACS0              40000000   20000000  00000000  20000000  RWIX
  EMIFACS2              60000000   02000000  00000000  02000000  RWIX
  EMIFACS3              62000000   02000000  00000000  02000000  RWIX
  EMIFACS4              64000000   02000000  00000000  02000000  RWIX
  EMIFACS5              66000000   02000000  00000000  02000000  RWIX
  SHRAM                 80000000   00020000  00012d68  0000d298  RWIX
  DDR2                  c0000000   20000000  00000000  20000000  RWIX


SECTION ALLOCATION MAP

 output                                  attributes/
section   page    origin      length       input sections
--------  ----  ----------  ----------   ----------------
.pinit     0    80000000    00000000     UNINITIALIZED

.text      0    80000000    0000bf00     
                  80000000    00001120     modFunctions32.obj (.text)
                  80001120    00000e80     montExponentiation32.obj (.text)
                  80001fa0    00000a00     sha2.obj (.text)
                  800029a0    00000880     helpfulFunctions.obj (.text)
                  80003220    00000880     modularInverse32.obj (.text)
                  80003aa0    00000860     additionalFunctions32.obj (.text)
                  80004300    000005a0     PRNG.obj (.text)
                  800048a0    000005a0     rts6740.lib : divd.obj (.text:__divd)
                  80004e40    00000580                 : _printfi.obj (.text:__getarg_diouxp)
                  800053c0    00000580     main.obj (.text)
                  80005940    00000520     keyEstablishmentFunctions32.obj (.text)
                  80005e60    00000440     rts6740.lib : _printfi.obj (.text:__printfi)
                  800062a0    00000440                 : _printfi.obj (.text:__setfield)
                  800066e0    000003a0                 : fputs.obj (.text:_fputs)
                  80006a80    000003a0     verifySignature.obj (.text)
                  80006e20    00000320     rts6740.lib : _printfi.obj (.text:__pproc_fge)
                  80007140    000002e0     signatureMessage.obj (.text)
                  80007420    000002c0     rts6740.lib : _printfi.obj (.text:__pproc_fwp)
                  800076e0    000002a0                 : _printfi.obj (.text:_ecvt)
                  80007980    000002a0                 : _printfi.obj (.text:_fcvt)
                  80007c20    00000280                 : memory.obj (.text:_free)
                  80007ea0    00000260                 : imath64.obj (.text:__divull)
                  80008100    00000260                 : _printfi.obj (.text:__pconv_e)
                  80008360    00000240                 : _printfi.obj (.text:__pproc_diouxp)
                  800085a0    00000220                 : _printfi.obj (.text:__pproc_str)
                  800087c0    00000220                 : fputc.obj (.text:_fputc)
                  800089e0    00000200                 : _printfi.obj (.text:__pconv_g)
                  80008be0    00000200                 : setvbuf.obj (.text:_setvbuf)
                  80008de0    000001e0     maskGenerationFunction.obj (.text)
                  80008fc0    000001c0     rts6740.lib : _printfi.obj (.text:__mcpy)
                  80009180    000001a0                 : imath40.obj (.text:__divul)
                  80009320    000001a0     useSHA256.obj (.text)
                  800094c0    00000180     rts6740.lib : trgdrv.obj (.text:_HOSTrename)
                  80009640    00000180                 : memory.obj (.text:_malloc)
                  800097c0    00000140                 : _printfi.obj (.text:__pproc_fflags)
                  80009900    00000140                 : lowlev.obj (.text:_getdevice)
                  80009a40    00000120                 : fclose.obj (.text:__closefile)
                  80009b60    00000120                 : _printfi.obj (.text:__ltostr)
                  80009c80    00000120                 : fseek.obj (.text:_fseek)
                  80009da0    00000100                 : trgdrv.obj (.text:_HOSTlseek)
                  80009ea0    00000100                 : _io_perm.obj (.text:__wrt_ok)
                  80009fa0    00000100                 : fprintf.obj (.text:_fprintf)
                  8000a0a0    000000e0                 : trgdrv.obj (.text:_HOSTopen)
                  8000a180    000000e0                 : divi.obj (.text:__divi)
                  8000a260    000000e0                 : atoi.obj (.text:_atoi)
                  8000a340    000000e0                 : lowlev.obj (.text:_close)
                  8000a420    000000e0                 : fflush.obj (.text:_fflush)
                  8000a500    000000e0                 : memset.obj (.text:_memset)
                  8000a5e0    000000e0                 : printf.obj (.text:_printf)
                  8000a6c0    000000c0                 : trgdrv.obj (.text:_HOSTread)
                  8000a780    000000c0                 : trgdrv.obj (.text:_HOSTunlink)
                  8000a840    000000c0                 : trgdrv.obj (.text:_HOSTwrite)
                  8000a900    000000c0                 : autoinit.obj (.text:__auto_init)
                  8000a9c0    000000c0                 : _printfi.obj (.text:__div)
                  8000aa80    000000c0                 : divu.obj (.text:__divu)
                  8000ab40    000000c0                 : fflush.obj (.text:__doflush)
                  8000ac00    000000c0                 : remi.obj (.text:__remi)
                  8000acc0    000000c0                 : exit.obj (.text:_exit)
                  8000ad80    000000c0                 : ltoa.obj (.text:_ltoa)
                  8000ae40    000000a0                 : trgdrv.obj (.text:_HOSTclose)
                  8000aee0    000000a0                 : trgdrv.obj (.text:_HOSTtime)
                  8000af80    000000a0                 : fopen.obj (.text:__cleanup)
                  8000b020    000000a0                 : imath40.obj (.text:__divli)
                  8000b0c0    000000a0                 : _printfi.obj (.text:__ecpy)
                  8000b160    000000a0                 : _printfi.obj (.text:__fcpy)
                  8000b200    000000a0                 : fixdli.obj (.text:__fixdli)
                  8000b2a0    000000a0                 : _printfi.obj (.text:__pconv_f)
                  8000b340    000000a0                 : cpy_tbl.obj (.text:_copy_in)
                  8000b3e0    000000a0                 : lowlev.obj (.text:_finddevice)
                  8000b480    000000a0                 : lowlev.obj (.text:_lseek)
                  8000b520    000000a0                 : memcpy64.obj (.text:_memcpy)
                  8000b5c0    000000a0                 : memory.obj (.text:_minsert)
                  8000b660    000000a0                 : memory.obj (.text:_mremove)
                  8000b700    000000a0                 : lowlev.obj (.text:_write)
                  8000b7a0    00000080                 : fltlid.obj (.text:__fltlid)
                  8000b820    00000080                 : llshift.obj (.text:__llshl)
                  8000b8a0    00000080                 : boot.obj (.text:_c_int00)
                  8000b920    00000080                 : trgmsg.obj (.text:_readmsg)
                  8000b9a0    00000080                 : lowlev.obj (.text:_unlink)
                  8000ba20    00000060                 : cpp_init.obj (.text:___TI_cpp_init)
                  8000ba80    00000060                 : assert.obj (.text:__abort_msg)
                  8000bae0    00000060                 : imath64.obj (.text:__subcull)
                  8000bb40    00000060                 : memccpy.obj (.text:_memccpy)
                  8000bba0    00000060                 : trgmsg.obj (.text:_writemsg)
                  8000bc00    00000040                 : isinf.obj (.text:___isinf)
                  8000bc40    00000040                 : _printfi.obj (.text:___isnan)
                  8000bc80    00000040                 : args_main.obj (.text:__args_main)
                  8000bcc0    00000040                 : frcmpyd_div.obj (.text:__frcmpyd_div)
                  8000bd00    00000040                 : llshift.obj (.text:__llshru)
                  8000bd40    00000040                 : imath40.obj (.text:__remli)
                  8000bd80    00000040                 : strasg.obj (.text:__strasgi_64plus)
                  8000bdc0    00000040                 : time.obj (.text:_time)
                  8000be00    00000020                 : negll.obj (.text:__negll)
                  8000be20    00000020                 : _lock.obj (.text:__nop)
                  8000be40    00000020                 : fprintf.obj (.text:__outc)
                  8000be60    00000020                 : printf.obj (.text:__outc)
                  8000be80    00000020                 : fprintf.obj (.text:__outs)
                  8000bea0    00000020                 : printf.obj (.text:__outs)
                  8000bec0    00000020                 : exit.obj (.text:_abort)
                  8000bee0    00000020                 : remove.obj (.text:_remove)

.bss       0    80000000    00000000     UNINITIALIZED

.data      0    80000000    00000000     UNINITIALIZED

.sysmem    0    8000bf00    00004000     UNINITIALIZED
                  8000bf00    00000008     rts6740.lib : memory.obj (.sysmem)
                  8000bf08    00003ff8     --HOLE--

.stack     0    8000ff00    00002000     UNINITIALIZED
                  8000ff00    00000008     rts6740.lib : boot.obj (.stack)
                  8000ff08    00001ff8     --HOLE--

.const     0    80011f00    00000754     
                  80011f00    00000101     rts6740.lib : ctype.obj (.const:.string:__ctypes_)
                  80012001    00000003                 : assert.obj (.const:.string)
                  80012004    00000002                 : fputs.obj (.const:.string)
                  80012006    00000002     --HOLE-- [fill = 0]
                  80012008    00000100     sha2.obj (.const:_K256)
                  80012108    000000bc     sha2.obj (.const:.string)
                  800121c4    00000084     main.obj (.const:.string)
                  80012248    00000080     main.obj (.const:_$P$T2$3)
                  800122c8    00000080     main.obj (.const:_$P$T3$4)
                  80012348    00000080     main.obj (.const:_$P$T4$5)
                  800123c8    00000080     main.obj (.const:_$P$T5$6)
                  80012448    00000044     helpfulFunctions.obj (.const:.string)
                  8001248c    00000004     --HOLE-- [fill = 0]
                  80012490    00000040     PRNG.obj (.const:.string:_$P$T0$2)
                  800124d0    00000040     main.obj (.const:_$P$T1$2)
                  80012510    0000003c     additionalFunctions32.obj (.const:.string)
                  8001254c    00000004     --HOLE-- [fill = 0]
                  80012550    0000003c     main.obj (.const:_$P$T0$1)
                  8001258c    00000023     rts6740.lib : _printfi.obj (.const:.string)
                  800125af    00000001     --HOLE-- [fill = 0]
                  800125b0    00000020     sha2.obj (.const:_sha256_initial_hash_value)
                  800125d0    00000014     main.obj (.const:_$P$T7$8)
                  800125e4    00000004     --HOLE-- [fill = 0]
                  800125e8    00000014     main.obj (.const:_$P$T8$9)
                  800125fc    00000004     --HOLE-- [fill = 0]
                  80012600    00000014     main.obj (.const:_$P$T9$10)
                  80012614    00000004     --HOLE-- [fill = 0]
                  80012618    00000010     main.obj (.const:_$P$T10$11)
                  80012628    00000010     main.obj (.const:_$P$T11$12)
                  80012638    00000010     main.obj (.const:_$P$T12$13)
                  80012648    00000008     main.obj (.const:_$P$T13$14)
                  80012650    00000004     main.obj (.const:_$P$T6$7)

.far       0    80012658    00000490     UNINITIALIZED
                  80012658    00000324     rts6740.lib : defs.obj (.far)
                  8001297c    00000004                 : fopen.obj (.far)
                  80012980    0000011c                 : lowlev.obj (.far)
                  80012a9c    00000004     --HOLE--
                  80012aa0    00000020     PRNG.obj (.far)
                  80012ac0    0000000c     rts6740.lib : exit.obj (.far)
                  80012acc    00000008                 : _lock.obj (.far)
                  80012ad4    00000008                 : memory.obj (.far)
                  80012adc    00000004     --HOLE--
                  80012ae0    00000008                 : trgdrv.obj (.far)

.cinit     0    80012ae8    00000164     
                  80012ae8    0000005c     rts6740.lib : defs.obj (.cinit)
                  80012b44    00000004     --HOLE-- [fill = 0]
                  80012b48    0000005c                 : lowlev.obj (.cinit)
                  80012ba4    00000004     --HOLE-- [fill = 0]
                  80012ba8    0000002c                 : exit.obj (.cinit)
                  80012bd4    00000004     --HOLE-- [fill = 0]
                  80012bd8    0000002c                 : memory.obj (.cinit)
                  80012c04    00000004     --HOLE-- [fill = 0]
                  80012c08    0000001c                 : _lock.obj (.cinit)
                  80012c24    00000004     --HOLE-- [fill = 0]
                  80012c28    0000000c                 : fopen.obj (.cinit)
                  80012c34    00000004     --HOLE-- [fill = 0]
                  80012c38    00000009     PRNG.obj (.cinit)
                  80012c41    00000007     --HOLE-- [fill = 0]
                  80012c48    00000004     (.pad.cinit) [fill = 0]

.cio       0    80012c50    00000120     UNINITIALIZED
                  80012c50    00000120     rts6740.lib : trgmsg.obj (.cio)


GLOBAL SYMBOLS: SORTED ALPHABETICALLY BY Name 

address    name
--------   ----
80000000   $bss
80000000   .bss
80000000   .data
80000000   .text
8000bec0   C$$EXIT
8000bbf8   C$$IO$$
80001460   _ADD
8000ae40   _HOSTclose
80009da0   _HOSTlseek
8000a0a0   _HOSTopen
8000a6c0   _HOSTread
800094c0   _HOSTrename
8000aee0   _HOSTtime
8000a780   _HOSTunlink
8000a840   _HOSTwrite
80004520   _PRNG
80004300   _RNG
80002688   _SHA256_Final
80001fa0   _SHA256_Init
80002004   _SHA256_Transform
800024cc   _SHA256_Update
800014b4   _SUB_COND
80002a44   _XOR
80012c50   __CIOBUF_
80011f00   __STACK_END
00002000   __STACK_SIZE
00004000   __SYSMEM_SIZE
00000001   __TI_args_main
8000ba20   ___TI_cpp_init
80012ac8   ___TI_enable_exit_profile_output
ffffffff   ___TI_pprof_out_hndl
ffffffff   ___TI_prof_data_size
ffffffff   ___TI_prof_data_start
ffffffff   ___binit__
80000000   ___bss__
ffffffff   ___c_args__
80012ae8   ___cinit__
80000000   ___data__
80000000   ___edata__
80000000   ___end__
8000bf00   ___etext__
8000bc00   ___isinf
ffffffff   ___pinit__
80000000   ___text__
8000ba80   __abort_msg
8000bc80   __args_main
8000a900   __auto_init
8000a180   __c6xabi_divi
8000aa80   __c6xabi_divu
8000ac00   __c6xabi_remi
8000bd80   __c6xabi_strasgi_64plus
8000af80   __cleanup
80012ac0   __cleanup_ptr
80009a40   __closefile
80011f00   __ctypes_
800048a0   __divd
8000a180   __divi
8000b020   __divli
8000aa80   __divu
80009180   __divul
80007ea0   __divull
8000ab40   __doflush
80012ac4   __dtors_ptr
8000b200   __fixdli
8000b7a0   __fltlid
8000bcc0   __frcmpyd_div
80012978   __ft_end
80012658   __ftable
8000b820   __llshl
8000bd00   __llshru
80012acc   __lock
8000be00   __negll
8000be20   __nop
80005e60   __printfi
8000ac00   __remi
8000bd40   __remli
8000ff00   __stack
8000bd80   __strasgi_64plus
8000bae0   __subcull
8000bf00   __sys_memory
80012838   __tmpnams
80012ad0   __unlock
80009ea0   __wrt_ok
8000bec0   _abort
80004084   _addition
8000a260   _atoi
8000b8a0   _c_int00
80005af4   _calculateKey
8000a340   _close
800046e8   _compareFSR
80005ac4   _computePartOfKey
800029a0   _concat
80002c8c   _copyArray
80003de4   _copyArray32
80003e40   _copyArray8
80002d0c   _copyArrayFrom0
8000b340   _copy_in
80005a2c   _createExponent
80005b90   _createMessage
80005c4c   _decryptAndUnsignMessage
80003f70   _divideByTwo
8000acc0   _exit
8000a420   _fflush
80004818   _findRandNum
80003e98   _flipArray
80009fa0   _fprintf
800087c0   _fputc
800066e0   _fputs
80007c20   _free
80000000   _from2to32
80005d90   _from32to8
80005cc4   _from8to32
80009c80   _fseek
800093d8   _hashOfLength
80009350   _hashWithTime
80002ae8   _hexToString
80003c88   _isBiggerThan
80003d08   _isBiggerThanOrEqual
8000b480   _lseek
8000ad80   _ltoa
800053c0   _main
80009640   _malloc
80008de0   _maskGenerationFunction
8000bb40   _memccpy
8000b520   _memcpy
8000a500   _memset
80000220   _mod
80000940   _modFaster
80001030   _modMult
80000860   _modSquare
800032cc   _modularInverse
80001120   _mont
80001630   _montExp
80001b48   _montMultiplication
80000bb4   _multiplication
8000400c   _multiplyByTwo
80003d88   _numberIsZero
80000130   _positionMSB
80002d80   _printArray
80003aa0   _printArray32
80003b40   _printArray8
80002e8c   _printArrayNoSpaces
80002f2c   _printArrayNoSpaces32
80002fcc   _printChar
800030e0   _printCharNoSpaces
8000a5e0   _printf
800087c0   _putc
8000b920   _readmsg
8000bee0   _remove
80005940   _repositionZeros
80003180   _seeTheDifference
80008be0   _setvbuf
80005be0   _signAndEncryptMessage
80007140   _signatureMessage
80003220   _signedSubtraction
80009320   _simpleHashWithLength
80000444   _squareProduct
80004128   _subtraction
800041cc   _subtractionWithSign
8000bdc0   _time
80002ad0   _timeData
8000b9a0   _unlink
80004618   _updateFSR
80006a80   _verifySignature
8000b700   _write
8000bba0   _writemsg
80003be0   _zerosArray
80003c30   _zerosArray16
ffffffff   binit
80012ae8   cinit
80000000   edata
80000000   end
8000bf00   etext
ffffffff   pinit


GLOBAL SYMBOLS: SORTED BY Symbol Address 

address    name
--------   ----
00000001   __TI_args_main
00002000   __STACK_SIZE
00004000   __SYSMEM_SIZE
80000000   $bss
80000000   .bss
80000000   .data
80000000   .text
80000000   ___bss__
80000000   ___data__
80000000   ___edata__
80000000   ___end__
80000000   ___text__
80000000   _from2to32
80000000   edata
80000000   end
80000130   _positionMSB
80000220   _mod
80000444   _squareProduct
80000860   _modSquare
80000940   _modFaster
80000bb4   _multiplication
80001030   _modMult
80001120   _mont
80001460   _ADD
800014b4   _SUB_COND
80001630   _montExp
80001b48   _montMultiplication
80001fa0   _SHA256_Init
80002004   _SHA256_Transform
800024cc   _SHA256_Update
80002688   _SHA256_Final
800029a0   _concat
80002a44   _XOR
80002ad0   _timeData
80002ae8   _hexToString
80002c8c   _copyArray
80002d0c   _copyArrayFrom0
80002d80   _printArray
80002e8c   _printArrayNoSpaces
80002f2c   _printArrayNoSpaces32
80002fcc   _printChar
800030e0   _printCharNoSpaces
80003180   _seeTheDifference
80003220   _signedSubtraction
800032cc   _modularInverse
80003aa0   _printArray32
80003b40   _printArray8
80003be0   _zerosArray
80003c30   _zerosArray16
80003c88   _isBiggerThan
80003d08   _isBiggerThanOrEqual
80003d88   _numberIsZero
80003de4   _copyArray32
80003e40   _copyArray8
80003e98   _flipArray
80003f70   _divideByTwo
8000400c   _multiplyByTwo
80004084   _addition
80004128   _subtraction
800041cc   _subtractionWithSign
80004300   _RNG
80004520   _PRNG
80004618   _updateFSR
800046e8   _compareFSR
80004818   _findRandNum
800048a0   __divd
800053c0   _main
80005940   _repositionZeros
80005a2c   _createExponent
80005ac4   _computePartOfKey
80005af4   _calculateKey
80005b90   _createMessage
80005be0   _signAndEncryptMessage
80005c4c   _decryptAndUnsignMessage
80005cc4   _from8to32
80005d90   _from32to8
80005e60   __printfi
800066e0   _fputs
80006a80   _verifySignature
80007140   _signatureMessage
80007c20   _free
80007ea0   __divull
800087c0   _fputc
800087c0   _putc
80008be0   _setvbuf
80008de0   _maskGenerationFunction
80009180   __divul
80009320   _simpleHashWithLength
80009350   _hashWithTime
800093d8   _hashOfLength
800094c0   _HOSTrename
80009640   _malloc
80009a40   __closefile
80009c80   _fseek
80009da0   _HOSTlseek
80009ea0   __wrt_ok
80009fa0   _fprintf
8000a0a0   _HOSTopen
8000a180   __c6xabi_divi
8000a180   __divi
8000a260   _atoi
8000a340   _close
8000a420   _fflush
8000a500   _memset
8000a5e0   _printf
8000a6c0   _HOSTread
8000a780   _HOSTunlink
8000a840   _HOSTwrite
8000a900   __auto_init
8000aa80   __c6xabi_divu
8000aa80   __divu
8000ab40   __doflush
8000ac00   __c6xabi_remi
8000ac00   __remi
8000acc0   _exit
8000ad80   _ltoa
8000ae40   _HOSTclose
8000aee0   _HOSTtime
8000af80   __cleanup
8000b020   __divli
8000b200   __fixdli
8000b340   _copy_in
8000b480   _lseek
8000b520   _memcpy
8000b700   _write
8000b7a0   __fltlid
8000b820   __llshl
8000b8a0   _c_int00
8000b920   _readmsg
8000b9a0   _unlink
8000ba20   ___TI_cpp_init
8000ba80   __abort_msg
8000bae0   __subcull
8000bb40   _memccpy
8000bba0   _writemsg
8000bbf8   C$$IO$$
8000bc00   ___isinf
8000bc80   __args_main
8000bcc0   __frcmpyd_div
8000bd00   __llshru
8000bd40   __remli
8000bd80   __c6xabi_strasgi_64plus
8000bd80   __strasgi_64plus
8000bdc0   _time
8000be00   __negll
8000be20   __nop
8000bec0   C$$EXIT
8000bec0   _abort
8000bee0   _remove
8000bf00   ___etext__
8000bf00   __sys_memory
8000bf00   etext
8000ff00   __stack
80011f00   __STACK_END
80011f00   __ctypes_
80012658   __ftable
80012838   __tmpnams
80012978   __ft_end
80012ac0   __cleanup_ptr
80012ac4   __dtors_ptr
80012ac8   ___TI_enable_exit_profile_output
80012acc   __lock
80012ad0   __unlock
80012ae8   ___cinit__
80012ae8   cinit
80012c50   __CIOBUF_
ffffffff   ___TI_pprof_out_hndl
ffffffff   ___TI_prof_data_size
ffffffff   ___TI_prof_data_start
ffffffff   ___binit__
ffffffff   ___c_args__
ffffffff   ___pinit__
ffffffff   binit
ffffffff   pinit

[174 symbols]
