******************************************************************************
               TMS320C6x Linker PC v7.4.4                      
******************************************************************************
>> Linked Wed May 10 00:29:38 2017

OUTPUT FILE NAME:   <ccsProject.out>
ENTRY POINT SYMBOL: "_c_int00"  address: 8000c380


MEMORY CONFIGURATION

         name            origin    length      used     unused   attr    fill
----------------------  --------  ---------  --------  --------  ----  --------
  DSPL2ROM              00700000   00010000  00000000  00010000  RWIX
  DSPL2RAM              00800000   00040000  00000000  00040000  RWIX
  DSPL1PRAM             00e00000   00008000  00000000  00008000  RWIX
  DSPL1DRAM             00f00000   00008000  00000000  00008000  RWIX
  SHDSPL2ROM            11700000   00010000  00000000  00010000  RWIX
  SHDSPL2RAM            11800000   00040000  00000000  00040000  RWIX
  SHDSPL1PRAM           11e00000   00008000  00000000  00008000  RWIX
  SHDSPL1DRAM           11f00000   00008000  00000000  00008000  RWIX
  EMIFACS0              40000000   20000000  00000000  20000000  RWIX
  EMIFACS2              60000000   02000000  00000000  02000000  RWIX
  EMIFACS3              62000000   02000000  00000000  02000000  RWIX
  EMIFACS4              64000000   02000000  00000000  02000000  RWIX
  EMIFACS5              66000000   02000000  00000000  02000000  RWIX
  SHRAM                 80000000   00020000  00016078  00009f88  RWIX
  DDR2                  c0000000   20000000  00000000  20000000  RWIX


SECTION ALLOCATION MAP

 output                                  attributes/
section   page    origin      length       input sections
--------  ----  ----------  ----------   ----------------
.pinit     0    80000000    00000000     UNINITIALIZED

.text      0    80000000    0000c9e0     
                  80000000    000010e0     aes.obj (.text)
                  800010e0    00000e20     modFunctions32.obj (.text)
                  80001f00    00000ae0     montExponentiation32.obj (.text)
                  800029e0    00000900     modularInverse32.obj (.text)
                  800032e0    000008a0     helpfulFunctions.obj (.text)
                  80003b80    00000820     additionalFunctions32.obj (.text)
                  800043a0    00000800     sha2.obj (.text)
                  80004ba0    000005e0     signatureMessage.obj (.text)
                  80005180    000005a0     rts6740.lib : divd.obj (.text:__divd)
                  80005720    00000580                 : _printfi.obj (.text:__getarg_diouxp)
                  80005ca0    00000580     keyEstablishmentFunctions32.obj (.text)
                  80006220    000004a0     PRNG.obj (.text)
                  800066c0    00000480     verifySignature.obj (.text)
                  80006b40    00000440     rts6740.lib : _printfi.obj (.text:__printfi)
                  80006f80    00000440                 : _printfi.obj (.text:__setfield)
                  800073c0    000003a0                 : fputs.obj (.text:_fputs)
                  80007760    00000360     useAES.obj (.text)
                  80007ac0    00000320     rts6740.lib : _printfi.obj (.text:__pproc_fge)
                  80007de0    00000320     main.obj (.text)
                  80008100    000002c0     rts6740.lib : _printfi.obj (.text:__pproc_fwp)
                  800083c0    000002a0                 : _printfi.obj (.text:_ecvt)
                  80008660    000002a0                 : _printfi.obj (.text:_fcvt)
                  80008900    00000280                 : memory.obj (.text:_free)
                  80008b80    00000260                 : imath64.obj (.text:__divull)
                  80008de0    00000260                 : _printfi.obj (.text:__pconv_e)
                  80009040    00000240                 : _printfi.obj (.text:__pproc_diouxp)
                  80009280    00000220                 : _printfi.obj (.text:__pproc_str)
                  800094a0    00000220                 : fputc.obj (.text:_fputc)
                  800096c0    00000200                 : _printfi.obj (.text:__pconv_g)
                  800098c0    00000200                 : setvbuf.obj (.text:_setvbuf)
                  80009ac0    000001c0                 : _printfi.obj (.text:__mcpy)
                  80009c80    000001c0     useSHA256.obj (.text)
                  80009e40    000001a0     rts6740.lib : imath40.obj (.text:__divul)
                  80009fe0    00000180                 : trgdrv.obj (.text:_HOSTrename)
                  8000a160    00000180                 : memory.obj (.text:_malloc)
                  8000a2e0    00000160     maskGenerationFunction.obj (.text)
                  8000a440    00000140     rts6740.lib : _printfi.obj (.text:__pproc_fflags)
                  8000a580    00000140                 : lowlev.obj (.text:_getdevice)
                  8000a6c0    00000120                 : fclose.obj (.text:__closefile)
                  8000a7e0    00000120                 : _printfi.obj (.text:__ltostr)
                  8000a900    00000120                 : fseek.obj (.text:_fseek)
                  8000aa20    00000100                 : trgdrv.obj (.text:_HOSTlseek)
                  8000ab20    00000100                 : _io_perm.obj (.text:__wrt_ok)
                  8000ac20    00000100                 : fprintf.obj (.text:_fprintf)
                  8000ad20    000000e0                 : trgdrv.obj (.text:_HOSTopen)
                  8000ae00    000000e0                 : atoi.obj (.text:_atoi)
                  8000aee0    000000e0                 : lowlev.obj (.text:_close)
                  8000afc0    000000e0                 : fflush.obj (.text:_fflush)
                  8000b0a0    000000e0                 : memset.obj (.text:_memset)
                  8000b180    000000e0                 : printf.obj (.text:_printf)
                  8000b260    000000c0                 : trgdrv.obj (.text:_HOSTread)
                  8000b320    000000c0                 : trgdrv.obj (.text:_HOSTunlink)
                  8000b3e0    000000c0                 : trgdrv.obj (.text:_HOSTwrite)
                  8000b4a0    000000c0                 : autoinit.obj (.text:__auto_init)
                  8000b560    000000c0                 : _printfi.obj (.text:__div)
                  8000b620    000000c0                 : divu.obj (.text:__divu)
                  8000b6e0    000000c0                 : fflush.obj (.text:__doflush)
                  8000b7a0    000000c0                 : exit.obj (.text:_exit)
                  8000b860    000000c0                 : ltoa.obj (.text:_ltoa)
                  8000b920    000000a0                 : trgdrv.obj (.text:_HOSTclose)
                  8000b9c0    000000a0                 : trgdrv.obj (.text:_HOSTtime)
                  8000ba60    000000a0                 : fopen.obj (.text:__cleanup)
                  8000bb00    000000a0                 : imath40.obj (.text:__divli)
                  8000bba0    000000a0                 : _printfi.obj (.text:__ecpy)
                  8000bc40    000000a0                 : _printfi.obj (.text:__fcpy)
                  8000bce0    000000a0                 : fixdli.obj (.text:__fixdli)
                  8000bd80    000000a0                 : _printfi.obj (.text:__pconv_f)
                  8000be20    000000a0                 : cpy_tbl.obj (.text:_copy_in)
                  8000bec0    000000a0                 : lowlev.obj (.text:_finddevice)
                  8000bf60    000000a0                 : lowlev.obj (.text:_lseek)
                  8000c000    000000a0                 : memcpy64.obj (.text:_memcpy)
                  8000c0a0    000000a0                 : memory.obj (.text:_minsert)
                  8000c140    000000a0                 : memory.obj (.text:_mremove)
                  8000c1e0    000000a0                 : lowlev.obj (.text:_write)
                  8000c280    00000080                 : fltlid.obj (.text:__fltlid)
                  8000c300    00000080                 : llshift.obj (.text:__llshl)
                  8000c380    00000080                 : boot.obj (.text:_c_int00)
                  8000c400    00000080                 : trgmsg.obj (.text:_readmsg)
                  8000c480    00000080                 : lowlev.obj (.text:_unlink)
                  8000c500    00000060                 : cpp_init.obj (.text:___TI_cpp_init)
                  8000c560    00000060                 : assert.obj (.text:__abort_msg)
                  8000c5c0    00000060                 : imath64.obj (.text:__subcull)
                  8000c620    00000060                 : memccpy.obj (.text:_memccpy)
                  8000c680    00000060                 : trgmsg.obj (.text:_writemsg)
                  8000c6e0    00000040                 : isinf.obj (.text:___isinf)
                  8000c720    00000040                 : _printfi.obj (.text:___isnan)
                  8000c760    00000040                 : args_main.obj (.text:__args_main)
                  8000c7a0    00000040                 : frcmpyd_div.obj (.text:__frcmpyd_div)
                  8000c7e0    00000040                 : llshift.obj (.text:__llshru)
                  8000c820    00000040                 : imath40.obj (.text:__remli)
                  8000c860    00000040                 : strasg.obj (.text:__strasgi_64plus)
                  8000c8a0    00000040                 : time.obj (.text:_time)
                  8000c8e0    00000020                 : negll.obj (.text:__negll)
                  8000c900    00000020                 : _lock.obj (.text:__nop)
                  8000c920    00000020                 : fprintf.obj (.text:__outc)
                  8000c940    00000020                 : printf.obj (.text:__outc)
                  8000c960    00000020                 : fprintf.obj (.text:__outs)
                  8000c980    00000020                 : printf.obj (.text:__outs)
                  8000c9a0    00000020                 : exit.obj (.text:_abort)
                  8000c9c0    00000020                 : remove.obj (.text:_remove)

.bss       0    80000000    00000000     UNINITIALIZED

.data      0    80000000    00000000     UNINITIALIZED

.sysmem    0    8000c9e0    00004000     UNINITIALIZED
                  8000c9e0    00000008     rts6740.lib : memory.obj (.sysmem)
                  8000c9e8    00003ff8     --HOLE--

.const     0    800109e0    00002f84     
                  800109e0    00000400     aes.obj (.const:_Td0)
                  80010de0    00000400     aes.obj (.const:_Td1)
                  800111e0    00000400     aes.obj (.const:_Td2)
                  800115e0    00000400     aes.obj (.const:_Td3)
                  800119e0    00000400     aes.obj (.const:_Td4)
                  80011de0    00000400     aes.obj (.const:_Te0)
                  800121e0    00000400     aes.obj (.const:_Te1)
                  800125e0    00000400     aes.obj (.const:_Te2)
                  800129e0    00000400     aes.obj (.const:_Te3)
                  80012de0    00000400     aes.obj (.const:_Te4)
                  800131e0    00000107     main.obj (.const:.string)
                  800132e7    00000001     --HOLE-- [fill = 0]
                  800132e8    00000101     rts6740.lib : ctype.obj (.const:.string:__ctypes_)
                  800133e9    00000003                 : assert.obj (.const:.string)
                  800133ec    00000002                 : fputs.obj (.const:.string)
                  800133ee    00000002     --HOLE-- [fill = 0]
                  800133f0    00000100     sha2.obj (.const:_K256)
                  800134f0    000000bb     sha2.obj (.const:.string)
                  800135ab    00000005     --HOLE-- [fill = 0]
                  800135b0    00000080     main.obj (.const:_$P$T2$3)
                  80013630    00000080     main.obj (.const:_$P$T3$4)
                  800136b0    00000080     main.obj (.const:_$P$T4$5)
                  80013730    00000080     main.obj (.const:_$P$T5$6)
                  800137b0    00000043     helpfulFunctions.obj (.const:.string)
                  800137f3    00000005     --HOLE-- [fill = 0]
                  800137f8    00000040     PRNG.obj (.const:.string:_$P$T0$2)
                  80013838    00000040     main.obj (.const:_$P$T1$2)
                  80013878    0000003c     main.obj (.const:_$P$T0$1)
                  800138b4    00000039     additionalFunctions32.obj (.const:.string)
                  800138ed    00000003     --HOLE-- [fill = 0]
                  800138f0    00000028     aes.obj (.const:_rcon)
                  80013918    00000023     rts6740.lib : _printfi.obj (.const:.string)
                  8001393b    00000005     --HOLE-- [fill = 0]
                  80013940    00000020     sha2.obj (.const:_sha256_initial_hash_value)
                  80013960    00000004     main.obj (.const:_$P$T6$7)

.stack     0    80013968    00002000     UNINITIALIZED
                  80013968    00000008     rts6740.lib : boot.obj (.stack)
                  80013970    00001ff8     --HOLE--

.far       0    80015968    00000490     UNINITIALIZED
                  80015968    00000324     rts6740.lib : defs.obj (.far)
                  80015c8c    00000004                 : fopen.obj (.far)
                  80015c90    0000011c                 : lowlev.obj (.far)
                  80015dac    00000004     --HOLE--
                  80015db0    00000020     PRNG.obj (.far)
                  80015dd0    0000000c     rts6740.lib : exit.obj (.far)
                  80015ddc    00000008                 : _lock.obj (.far)
                  80015de4    00000008                 : memory.obj (.far)
                  80015dec    00000004     --HOLE--
                  80015df0    00000008                 : trgdrv.obj (.far)

.cinit     0    80015df8    00000164     
                  80015df8    0000005c     rts6740.lib : defs.obj (.cinit)
                  80015e54    00000004     --HOLE-- [fill = 0]
                  80015e58    0000005c                 : lowlev.obj (.cinit)
                  80015eb4    00000004     --HOLE-- [fill = 0]
                  80015eb8    0000002c                 : exit.obj (.cinit)
                  80015ee4    00000004     --HOLE-- [fill = 0]
                  80015ee8    0000002c                 : memory.obj (.cinit)
                  80015f14    00000004     --HOLE-- [fill = 0]
                  80015f18    0000001c                 : _lock.obj (.cinit)
                  80015f34    00000004     --HOLE-- [fill = 0]
                  80015f38    0000000c                 : fopen.obj (.cinit)
                  80015f44    00000004     --HOLE-- [fill = 0]
                  80015f48    00000009     PRNG.obj (.cinit)
                  80015f51    00000007     --HOLE-- [fill = 0]
                  80015f58    00000004     (.pad.cinit) [fill = 0]

.cio       0    80015f60    00000120     UNINITIALIZED
                  80015f60    00000120     rts6740.lib : trgmsg.obj (.cio)


GLOBAL SYMBOLS: SORTED ALPHABETICALLY BY Name 

address    name
--------   ----
80000000   $bss
80000000   .bss
80000000   .data
80000000   .text
8000c9a0   C$$EXIT
8000c6d8   C$$IO$$
80002264   _ADD
8000b920   _HOSTclose
8000aa20   _HOSTlseek
8000ad20   _HOSTopen
8000b260   _HOSTread
80009fe0   _HOSTrename
8000b9c0   _HOSTtime
8000b320   _HOSTunlink
8000b3e0   _HOSTwrite
800065d8   _PRNG
80006274   _RNG
80004910   _SHA256_Final
800048a4   _SHA256_Init
800043a0   _SHA256_Transform
8000466c   _SHA256_Update
800022cc   _SUB_COND
80003af4   _XOR
80015f60   __CIOBUF_
80015968   __STACK_END
00002000   __STACK_SIZE
00004000   __SYSMEM_SIZE
00000001   __TI_args_main
8000c500   ___TI_cpp_init
80015dd8   ___TI_enable_exit_profile_output
ffffffff   ___TI_pprof_out_hndl
ffffffff   ___TI_prof_data_size
ffffffff   ___TI_prof_data_start
ffffffff   ___binit__
80000000   ___bss__
ffffffff   ___c_args__
80015df8   ___cinit__
80000000   ___data__
80000000   ___edata__
80000000   ___end__
8000c9e0   ___etext__
8000c6e0   ___isinf
ffffffff   ___pinit__
80000000   ___text__
8000c560   __abort_msg
8000c760   __args_main
8000b4a0   __auto_init
8000b620   __c6xabi_divu
8000c860   __c6xabi_strasgi_64plus
8000ba60   __cleanup
80015dd0   __cleanup_ptr
8000a6c0   __closefile
800132e8   __ctypes_
80005180   __divd
8000bb00   __divli
8000b620   __divu
80009e40   __divul
80008b80   __divull
8000b6e0   __doflush
80015dd4   __dtors_ptr
8000bce0   __fixdli
8000c280   __fltlid
8000c7a0   __frcmpyd_div
80015c88   __ft_end
80015968   __ftable
8000c300   __llshl
8000c7e0   __llshru
80015ddc   __lock
8000c8e0   __negll
8000c900   __nop
80006b40   __printfi
8000c820   __remli
80013968   __stack
8000c860   __strasgi_64plus
8000c5c0   __subcull
8000c9e0   __sys_memory
80015b48   __tmpnams
80015de0   __unlock
8000ab20   __wrt_ok
8000c9a0   _abort
800042a4   _addition
800079f8   _aesCBCdecrypt
80007918   _aesCBCencrypt
800077f0   _aesDecrypt
80007760   _aesEncrypt
80000c2c   _aes_decrypt
80000790   _aes_encrypt
800004ec   _aes_set_decrypt_key
80000000   _aes_set_encrypt_key
8000ae00   _atoi
8000c380   _c_int00
8000616c   _calculateKey
8000aee0   _close
80006478   _compareFSR
80006144   _computePartOfKey
80003a94   _concat
80003a30   _copyArray
80004230   _copyArray32
800041cc   _copyArray8
800039cc   _copyArrayFrom0
8000be20   _copy_in
80006098   _createExponent
8000602c   _createMessage
80005f94   _decryptAndUnsignMessage
80004190   _divideByTwo
8000b7a0   _exit
8000afc0   _fflush
800063f8   _findRandNum
80004118   _flipArray
8000ac20   _fprintf
800094a0   _fputc
800073c0   _fputs
80008900   _free
80001180   _from2to32
80005d6c   _from32to8
80005ca0   _from8to32
8000a900   _fseek
80009d54   _hashOfLength
80009cc8   _hashWithTime
800038c0   _hexToString
800040a4   _isBiggerThan
80003bac   _isBiggerThanOrEqual
8000bf60   _lseek
8000b860   _ltoa
80007de0   _main
8000a160   _malloc
8000a2e0   _maskGenerationFunction
8000c620   _memccpy
8000c000   _memcpy
8000b0a0   _memset
80001a44   _mod
80001bb0   _modFaster
80001e38   _modMult
80001d84   _modSquare
80002a80   _modularInverse
800023e8   _mont
80002658   _montExp
80001f00   _montMultiplication
800017ec   _multiplication
80004060   _multiplyByTwo
80004000   _numberIsZero
80007884   _padding
800010e0   _positionMSB
800036f8   _printArray
80003f6c   _printArray32
80003ed8   _printArray8
8000366c   _printArrayNoSpaces
800035e0   _printArrayNoSpaces32
80003420   _printChar
80003390   _printCharNoSpaces
8000b180   _printf
800094a0   _putc
8000c400   _readmsg
8000c9c0   _remove
80005ed0   _repositionZeros
80003300   _seeTheDifference
800098c0   _setvbuf
80005e38   _signAndEncryptMessage
80004ba0   _signatureMessage
800029e0   _signedSubtraction
8000782c   _simpleDecrypt
80007798   _simpleEncrypt
80009c80   _simpleHashWithLength
80001554   _squareProduct
80003e00   _subtraction
80003c2c   _subtractionWithSign
8000c8a0   _time
800032e0   _timeData
8000c480   _unlink
80006220   _updateFSR
800066c0   _verifySignature
8000c1e0   _write
8000c680   _writemsg
80003b94   _zerosArray
80003b80   _zerosArray16
ffffffff   binit
80015df8   cinit
80000000   edata
80000000   end
8000c9e0   etext
ffffffff   pinit


GLOBAL SYMBOLS: SORTED BY Symbol Address 

address    name
--------   ----
00000001   __TI_args_main
00002000   __STACK_SIZE
00004000   __SYSMEM_SIZE
80000000   $bss
80000000   .bss
80000000   .data
80000000   .text
80000000   ___bss__
80000000   ___data__
80000000   ___edata__
80000000   ___end__
80000000   ___text__
80000000   _aes_set_encrypt_key
80000000   edata
80000000   end
800004ec   _aes_set_decrypt_key
80000790   _aes_encrypt
80000c2c   _aes_decrypt
800010e0   _positionMSB
80001180   _from2to32
80001554   _squareProduct
800017ec   _multiplication
80001a44   _mod
80001bb0   _modFaster
80001d84   _modSquare
80001e38   _modMult
80001f00   _montMultiplication
80002264   _ADD
800022cc   _SUB_COND
800023e8   _mont
80002658   _montExp
800029e0   _signedSubtraction
80002a80   _modularInverse
800032e0   _timeData
80003300   _seeTheDifference
80003390   _printCharNoSpaces
80003420   _printChar
800035e0   _printArrayNoSpaces32
8000366c   _printArrayNoSpaces
800036f8   _printArray
800038c0   _hexToString
800039cc   _copyArrayFrom0
80003a30   _copyArray
80003a94   _concat
80003af4   _XOR
80003b80   _zerosArray16
80003b94   _zerosArray
80003bac   _isBiggerThanOrEqual
80003c2c   _subtractionWithSign
80003e00   _subtraction
80003ed8   _printArray8
80003f6c   _printArray32
80004000   _numberIsZero
80004060   _multiplyByTwo
800040a4   _isBiggerThan
80004118   _flipArray
80004190   _divideByTwo
800041cc   _copyArray8
80004230   _copyArray32
800042a4   _addition
800043a0   _SHA256_Transform
8000466c   _SHA256_Update
800048a4   _SHA256_Init
80004910   _SHA256_Final
80004ba0   _signatureMessage
80005180   __divd
80005ca0   _from8to32
80005d6c   _from32to8
80005e38   _signAndEncryptMessage
80005ed0   _repositionZeros
80005f94   _decryptAndUnsignMessage
8000602c   _createMessage
80006098   _createExponent
80006144   _computePartOfKey
8000616c   _calculateKey
80006220   _updateFSR
80006274   _RNG
800063f8   _findRandNum
80006478   _compareFSR
800065d8   _PRNG
800066c0   _verifySignature
80006b40   __printfi
800073c0   _fputs
80007760   _aesEncrypt
80007798   _simpleEncrypt
800077f0   _aesDecrypt
8000782c   _simpleDecrypt
80007884   _padding
80007918   _aesCBCencrypt
800079f8   _aesCBCdecrypt
80007de0   _main
80008900   _free
80008b80   __divull
800094a0   _fputc
800094a0   _putc
800098c0   _setvbuf
80009c80   _simpleHashWithLength
80009cc8   _hashWithTime
80009d54   _hashOfLength
80009e40   __divul
80009fe0   _HOSTrename
8000a160   _malloc
8000a2e0   _maskGenerationFunction
8000a6c0   __closefile
8000a900   _fseek
8000aa20   _HOSTlseek
8000ab20   __wrt_ok
8000ac20   _fprintf
8000ad20   _HOSTopen
8000ae00   _atoi
8000aee0   _close
8000afc0   _fflush
8000b0a0   _memset
8000b180   _printf
8000b260   _HOSTread
8000b320   _HOSTunlink
8000b3e0   _HOSTwrite
8000b4a0   __auto_init
8000b620   __c6xabi_divu
8000b620   __divu
8000b6e0   __doflush
8000b7a0   _exit
8000b860   _ltoa
8000b920   _HOSTclose
8000b9c0   _HOSTtime
8000ba60   __cleanup
8000bb00   __divli
8000bce0   __fixdli
8000be20   _copy_in
8000bf60   _lseek
8000c000   _memcpy
8000c1e0   _write
8000c280   __fltlid
8000c300   __llshl
8000c380   _c_int00
8000c400   _readmsg
8000c480   _unlink
8000c500   ___TI_cpp_init
8000c560   __abort_msg
8000c5c0   __subcull
8000c620   _memccpy
8000c680   _writemsg
8000c6d8   C$$IO$$
8000c6e0   ___isinf
8000c760   __args_main
8000c7a0   __frcmpyd_div
8000c7e0   __llshru
8000c820   __remli
8000c860   __c6xabi_strasgi_64plus
8000c860   __strasgi_64plus
8000c8a0   _time
8000c8e0   __negll
8000c900   __nop
8000c9a0   C$$EXIT
8000c9a0   _abort
8000c9c0   _remove
8000c9e0   ___etext__
8000c9e0   __sys_memory
8000c9e0   etext
800132e8   __ctypes_
80013968   __stack
80015968   __STACK_END
80015968   __ftable
80015b48   __tmpnams
80015c88   __ft_end
80015dd0   __cleanup_ptr
80015dd4   __dtors_ptr
80015dd8   ___TI_enable_exit_profile_output
80015ddc   __lock
80015de0   __unlock
80015df8   ___cinit__
80015df8   cinit
80015f60   __CIOBUF_
ffffffff   ___TI_pprof_out_hndl
ffffffff   ___TI_prof_data_size
ffffffff   ___TI_prof_data_start
ffffffff   ___binit__
ffffffff   ___c_args__
ffffffff   ___pinit__
ffffffff   binit
ffffffff   pinit

[181 symbols]
