******************************************************************************
               TMS320C6x Linker PC v7.3.1                      
******************************************************************************
>> Linked Wed May 17 16:13:19 2017

OUTPUT FILE NAME:   <ccsProject.out>
ENTRY POINT SYMBOL: "_c_int00"  address: 8000bec0


MEMORY CONFIGURATION

         name            origin    length      used     unused   attr    fill
----------------------  --------  ---------  --------  --------  ----  --------
  DSPL2ROM              00700000   00010000  00000000  00010000  RWIX
  DSPL2RAM              00800000   00040000  00000000  00040000  RWIX
  DSPL1PRAM             00e00000   00008000  00000000  00008000  RWIX
  DSPL1DRAM             00f00000   00008000  00000000  00008000  RWIX
  SHDSPL2ROM            11700000   00010000  00000000  00010000  RWIX
  SHDSPL2RAM            11800000   00040000  00000000  00040000  RWIX
  SHDSPL1PRAM           11e00000   00008000  00000000  00008000  RWIX
  SHDSPL1DRAM           11f00000   00008000  00000000  00008000  RWIX
  EMIFACS0              40000000   20000000  00000000  20000000  RWIX
  EMIFACS2              60000000   02000000  00000000  02000000  RWIX
  EMIFACS3              62000000   02000000  00000000  02000000  RWIX
  EMIFACS4              64000000   02000000  00000000  02000000  RWIX
  EMIFACS5              66000000   02000000  00000000  02000000  RWIX
  SHRAM                 80000000   00020000  00015cbc  0000a344  RWIX
  DDR2                  c0000000   20000000  00000000  20000000  RWIX


SECTION ALLOCATION MAP

 output                                  attributes/
section   page    origin      length       input sections
--------  ----  ----------  ----------   ----------------
.pinit     0    80000000    00000000     UNINITIALIZED

.text      0    80000000    0000c5c0     
                  80000000    000010e0     aes.obj (.text)
                  800010e0    00000e00     modFunctions32.obj (.text)
                  80001ee0    00000aa0     montExponentiation32.obj (.text)
                  80002980    000008a0     helpfulFunctions.obj (.text)
                  80003220    00000820     additionalFunctions32.obj (.text)
                  80003a40    00000820     sha2.obj (.text)
                  80004260    000007e0     modularInverse32.obj (.text)
                  80004a40    000006a0     keyEstablishmentFunctions32.obj (.text)
                  800050e0    000005a0     rts6740.lib : divd.obj (.text:__divd)
                  80005680    00000580                 : _printfi.obj (.text:__getarg_diouxp)
                  80005c00    00000520     signatureMessage.obj (.text)
                  80006120    000004a0     PRNG.obj (.text)
                  800065c0    00000480     rts6740.lib : _printfi.obj (.text:__setfield)
                  80006a40    00000480     verifySignature.obj (.text)
                  80006ec0    00000440     rts6740.lib : _printfi.obj (.text:__printfi)
                  80007300    00000340     useAES.obj (.text)
                  80007640    00000320     main.obj (.text)
                  80007960    00000300     rts6740.lib : fputs.obj (.text:_fputs)
                  80007c60    000002c0                 : _printfi.obj (.text:__pproc_fge)
                  80007f20    000002c0                 : _printfi.obj (.text:__pproc_fwp)
                  800081e0    000002a0                 : _printfi.obj (.text:_ecvt)
                  80008480    000002a0                 : _printfi.obj (.text:_fcvt)
                  80008720    00000280                 : memory.obj (.text:_free)
                  800089a0    00000260                 : imath64.obj (.text:__divull)
                  80008c00    00000260                 : _printfi.obj (.text:__pconv_e)
                  80008e60    00000240                 : _printfi.obj (.text:__pproc_diouxp)
                  800090a0    00000220                 : _printfi.obj (.text:__pproc_str)
                  800092c0    00000200                 : _printfi.obj (.text:__pconv_g)
                  800094c0    000001c0                 : _printfi.obj (.text:__mcpy)
                  80009680    000001c0     useSHA256.obj (.text)
                  80009840    000001a0     rts6740.lib : imath40.obj (.text:__divul)
                  800099e0    00000180                 : trgdrv.obj (.text:_HOSTrename)
                  80009b60    00000180                 : memory.obj (.text:_malloc)
                  80009ce0    00000180                 : setvbuf.obj (.text:_setvbuf)
                  80009e60    00000160     maskGenerationFunction.obj (.text)
                  80009fc0    00000140     rts6740.lib : _printfi.obj (.text:__pproc_fflags)
                  8000a100    00000140                 : fputc.obj (.text:_fputc)
                  8000a240    00000140                 : lowlev.obj (.text:_getdevice)
                  8000a380    00000120                 : fclose.obj (.text:_fclose)
                  8000a4a0    00000100                 : trgdrv.obj (.text:_HOSTlseek)
                  8000a5a0    00000100                 : autoinit.obj (.text:__auto_init)
                  8000a6a0    00000100                 : _printfi.obj (.text:__ltostr)
                  8000a7a0    00000100                 : _io_perm.obj (.text:__wrt_ok)
                  8000a8a0    00000100                 : fflush.obj (.text:_fflush)
                  8000a9a0    000000e0                 : trgdrv.obj (.text:_HOSTopen)
                  8000aa80    000000e0                 : atoi.obj (.text:_atoi)
                  8000ab60    000000e0                 : lowlev.obj (.text:_close)
                  8000ac40    000000e0                 : exit.obj (.text:_exit)
                  8000ad20    000000e0                 : memset.obj (.text:_memset)
                  8000ae00    000000c0                 : trgdrv.obj (.text:_HOSTread)
                  8000aec0    000000c0                 : trgdrv.obj (.text:_HOSTunlink)
                  8000af80    000000c0                 : trgdrv.obj (.text:_HOSTwrite)
                  8000b040    000000c0                 : fopen.obj (.text:__cleanup)
                  8000b100    000000c0                 : _printfi.obj (.text:__div)
                  8000b1c0    000000c0                 : divu.obj (.text:__divu)
                  8000b280    000000c0                 : fflush.obj (.text:__doflush)
                  8000b340    000000c0                 : fseek.obj (.text:_fseek)
                  8000b400    000000c0                 : lowlev.obj (.text:_lseek)
                  8000b4c0    000000c0                 : ltoa.obj (.text:_ltoa)
                  8000b580    000000c0                 : lowlev.obj (.text:_write)
                  8000b640    000000a0                 : trgdrv.obj (.text:_HOSTclose)
                  8000b6e0    000000a0                 : trgdrv.obj (.text:_HOSTtime)
                  8000b780    000000a0                 : imath40.obj (.text:__divli)
                  8000b820    000000a0                 : _printfi.obj (.text:__ecpy)
                  8000b8c0    000000a0                 : _printfi.obj (.text:__fcpy)
                  8000b960    000000a0                 : fixdli.obj (.text:__fixdli)
                  8000ba00    000000a0                 : _printfi.obj (.text:__pconv_f)
                  8000baa0    000000a0                 : cpy_tbl.obj (.text:_copy_in)
                  8000bb40    000000a0                 : lowlev.obj (.text:_finddevice)
                  8000bbe0    000000a0                 : memcpy64.obj (.text:_memcpy)
                  8000bc80    000000a0                 : memory.obj (.text:_minsert)
                  8000bd20    000000a0                 : memory.obj (.text:_mremove)
                  8000bdc0    00000080                 : fltlid.obj (.text:__fltlid)
                  8000be40    00000080                 : llshift.obj (.text:__llshl)
                  8000bec0    00000080                 : boot.obj (.text:_c_int00)
                  8000bf40    00000080                 : fprintf.obj (.text:_fprintf)
                  8000bfc0    00000080                 : printf.obj (.text:_printf)
                  8000c040    00000080                 : trgmsg.obj (.text:_readmsg)
                  8000c0c0    00000080                 : lowlev.obj (.text:_unlink)
                  8000c140    00000060                 : assert.obj (.text:__abort_msg)
                  8000c1a0    00000060                 : imath64.obj (.text:__subcull)
                  8000c200    00000060                 : memccpy.obj (.text:_memccpy)
                  8000c260    00000060                 : trgmsg.obj (.text:_writemsg)
                  8000c2c0    00000040                 : isinf.obj (.text:___isinf)
                  8000c300    00000040                 : _printfi.obj (.text:___isnan)
                  8000c340    00000040                 : args_main.obj (.text:__args_main)
                  8000c380    00000040                 : frcmpyd_div.obj (.text:__frcmpyd_div)
                  8000c3c0    00000040                 : llshift.obj (.text:__llshru)
                  8000c400    00000040                 : imath40.obj (.text:__remli)
                  8000c440    00000040                 : strasg.obj (.text:__strasgi_64plus)
                  8000c480    00000040                 : time.obj (.text:_time)
                  8000c4c0    00000020                 : negll.obj (.text:__negll)
                  8000c4e0    00000020                 : _lock.obj (.text:__nop)
                  8000c500    00000020                 : fprintf.obj (.text:__outc)
                  8000c520    00000020                 : printf.obj (.text:__outc)
                  8000c540    00000020                 : fprintf.obj (.text:__outs)
                  8000c560    00000020                 : printf.obj (.text:__outs)
                  8000c580    00000020                 : exit.obj (.text:_abort)
                  8000c5a0    00000020                 : remove.obj (.text:_remove)

.bss       0    80000000    00000000     UNINITIALIZED

.data      0    80000000    00000000     UNINITIALIZED

.sysmem    0    8000c5c0    00004000     UNINITIALIZED
                  8000c5c0    00000008     rts6740.lib : memory.obj (.sysmem)
                  8000c5c8    00003ff8     --HOLE--

.const     0    800105c0    00002f24     
                  800105c0    00000400     aes.obj (.const:_Td0)
                  800109c0    00000400     aes.obj (.const:_Td1)
                  80010dc0    00000400     aes.obj (.const:_Td2)
                  800111c0    00000400     aes.obj (.const:_Td3)
                  800115c0    00000400     aes.obj (.const:_Td4)
                  800119c0    00000400     aes.obj (.const:_Te0)
                  80011dc0    00000400     aes.obj (.const:_Te1)
                  800121c0    00000400     aes.obj (.const:_Te2)
                  800125c0    00000400     aes.obj (.const:_Te3)
                  800129c0    00000400     aes.obj (.const:_Te4)
                  80012dc0    00000107     main.obj (.const)
                  80012ec7    00000001     --HOLE-- [fill = 0]
                  80012ec8    00000101     rts6740.lib : ctype.obj (.const:__ctypes_)
                  80012fc9    00000003                 : assert.obj (.const)
                  80012fcc    00000002                 : fputs.obj (.const)
                  80012fce    00000002     --HOLE-- [fill = 0]
                  80012fd0    00000100     sha2.obj (.const:_K256)
                  800130d0    00000080     main.obj (.const:_$P$T2$3)
                  80013150    00000080     main.obj (.const:_$P$T3$4)
                  800131d0    00000080     main.obj (.const:_$P$T4$5)
                  80013250    00000080     main.obj (.const:_$P$T5$6)
                  800132d0    0000006a     sha2.obj (.const)
                  8001333a    00000043     helpfulFunctions.obj (.const)
                  8001337d    00000003     --HOLE-- [fill = 0]
                  80013380    00000040     PRNG.obj (.const:_$P$T0$2)
                  800133c0    0000003c     main.obj (.const:_$P$T1$2)
                  800133fc    00000039     additionalFunctions32.obj (.const)
                  80013435    00000003     --HOLE-- [fill = 0]
                  80013438    00000038     main.obj (.const:_$P$T0$1)
                  80013470    00000028     aes.obj (.const:_rcon)
                  80013498    00000023     rts6740.lib : _printfi.obj (.const)
                  800134bb    00000005     --HOLE-- [fill = 0]
                  800134c0    00000020     sha2.obj (.const:_sha256_initial_hash_value)
                  800134e0    00000004     main.obj (.const:_$P$T6$7)

.stack     0    800134e8    00002000     UNINITIALIZED
                  800134e8    00000008     rts6740.lib : boot.obj (.stack)
                  800134f0    00001ff8     --HOLE--

.far       0    800154e8    00000554     UNINITIALIZED
                  800154e8    00000324     rts6740.lib : defs.obj (.far)
                  8001580c    00000004                 : fopen.obj (.far)
                  80015810    0000011c                 : lowlev.obj (.far)
                  8001592c    00000004     --HOLE--
                  80015930    000000d0                 : trgdrv.obj (.far)
                  80015a00    00000020     PRNG.obj (.far)
                  80015a20    0000000c     rts6740.lib : exit.obj (.far)
                  80015a2c    00000008                 : _lock.obj (.far)
                  80015a34    00000008                 : memory.obj (.far)

.cinit     0    80015a40    00000164     
                  80015a40    0000005c     rts6740.lib : defs.obj (.cinit)
                  80015a9c    00000004     --HOLE-- [fill = 0]
                  80015aa0    0000005c                 : lowlev.obj (.cinit)
                  80015afc    00000004     --HOLE-- [fill = 0]
                  80015b00    0000002c                 : exit.obj (.cinit)
                  80015b2c    00000004     --HOLE-- [fill = 0]
                  80015b30    0000002c                 : memory.obj (.cinit)
                  80015b5c    00000004     --HOLE-- [fill = 0]
                  80015b60    0000001c                 : _lock.obj (.cinit)
                  80015b7c    00000004     --HOLE-- [fill = 0]
                  80015b80    0000000c                 : fopen.obj (.cinit)
                  80015b8c    00000004     --HOLE-- [fill = 0]
                  80015b90    00000009     PRNG.obj (.cinit)
                  80015b99    00000007     --HOLE-- [fill = 0]
                  80015ba0    00000004     (.pad.cinit) [fill = 0]

.cio       0    80015ba4    00000120     UNINITIALIZED
                  80015ba4    00000120     rts6740.lib : trgmsg.obj (.cio)


GLOBAL SYMBOLS: SORTED ALPHABETICALLY BY Name 

address    name
--------   ----
80000000   $bss
80000000   .bss
80000000   .data
80000000   .text
8000c580   C$$EXIT
8000c2b8   C$$IO$$
80002200   _ADD
8000b640   _HOSTclose
8000a4a0   _HOSTlseek
8000a9a0   _HOSTopen
8000ae00   _HOSTread
800099e0   _HOSTrename
8000b6e0   _HOSTtime
8000aec0   _HOSTunlink
8000af80   _HOSTwrite
800064d8   _PRNG
80006174   _RNG
80003fb0   _SHA256_Final
80003f44   _SHA256_Init
80003a40   _SHA256_Transform
80003d0c   _SHA256_Update
80002268   _SUB_COND
80003194   _XOR
80015ba4   __CIOBUF_
800154e8   __STACK_END
00002000   __STACK_SIZE
00004000   __SYSMEM_SIZE
00000001   __TI_args_main
80015a28   ___TI_enable_exit_profile_output
ffffffff   ___TI_pprof_out_hndl
ffffffff   ___TI_prof_data_size
ffffffff   ___TI_prof_data_start
ffffffff   ___binit__
80000000   ___bss__
ffffffff   ___c_args__
80015a40   ___cinit__
80000000   ___data__
80000000   ___edata__
80000000   ___end__
8000c5c0   ___etext__
8000c2c0   ___isinf
ffffffff   ___pinit__
80000000   ___text__
8000c140   __abort_msg
8000c340   __args_main
8000a5a0   __auto_init
8000b1c0   __c6xabi_divu
8000c440   __c6xabi_strasgi_64plus
8000b040   __cleanup
80015a20   __cleanup_ptr
80012ec8   __ctypes_
800050e0   __divd
8000b780   __divli
8000b1c0   __divu
80009840   __divul
800089a0   __divull
8000b280   __doflush
80015a24   __dtors_ptr
8000b960   __fixdli
8000bdc0   __fltlid
8000c380   __frcmpyd_div
80015808   __ft_end
800154e8   __ftable
8000be40   __llshl
8000c3c0   __llshru
80015a2c   __lock
8000c4c0   __negll
8000c4e0   __nop
80006ec0   __printfi
8000c400   __remli
800134e8   __stack
8000c440   __strasgi_64plus
8000c1a0   __subcull
8000c5c0   __sys_memory
800156c8   __tmpnams
80015a30   __unlock
8000a7a0   __wrt_ok
8000c580   _abort
80003944   _addition
80007580   _aesCBCdecrypt
800074b8   _aesCBCencrypt
80007390   _aesDecrypt
80007300   _aesEncrypt
80000c2c   _aes_decrypt
80000790   _aes_encrypt
800004ec   _aes_set_decrypt_key
80000000   _aes_set_encrypt_key
8000aa80   _atoi
8000bec0   _c_int00
80005044   _calculateKey
8000ab60   _close
80006378   _compareFSR
80005018   _computePartOfKey
80003134   _concat
800030d0   _copyArray
800038d0   _copyArray32
8000386c   _copyArray8
8000306c   _copyArrayFrom0
8000baa0   _copy_in
80004f80   _createExponent
80004f10   _createMessage
80004e4c   _decryptAndUnsignMessage
80003830   _divideByTwo
8000ac40   _exit
8000a380   _fclose
8000a8a0   _fflush
800062f8   _findRandNum
800037b8   _flipArray
8000bf40   _fprintf
8000a100   _fputc
80007960   _fputs
80008720   _free
80004db0   _from16to8
80001180   _from2to32
80004b08   _from32to8
80004d28   _from8to16
80004a40   _from8to32
8000b340   _fseek
80009754   _hashOfLength
800096c8   _hashWithTime
80002f50   _hexToString
80003744   _isBiggerThan
8000324c   _isBiggerThanOrEqual
8000b400   _lseek
8000b4c0   _ltoa
80007640   _main
80009b60   _malloc
80009e60   _maskGenerationFunction
8000c200   _memccpy
8000bbe0   _memcpy
8000ad20   _memset
80001a44   _mod
80001b94   _modFaster
80001e18   _modMult
80001d64   _modSquare
80004300   _modularInverse
80002384   _mont
800025f4   _montExp
80001ee0   _montMultiplication
800017ec   _multiplication
80003700   _multiplyByTwo
800036a0   _numberIsZero
80007424   _padding
800010e0   _positionMSB
80002d8c   _printArray
8000360c   _printArray32
80003578   _printArray8
80002d00   _printArrayNoSpaces
80002c70   _printArrayNoSpaces32
80002ac0   _printChar
80002a30   _printCharNoSpaces
8000bfc0   _printf
8000a100   _putc
8000c040   _readmsg
8000c5a0   _remove
80004c64   _repositionZeros
800029a0   _seeTheDifference
80009ce0   _setvbuf
80004bcc   _signAndEncryptMessage
80005c00   _signatureMessage
80004260   _signedSubtraction
800073cc   _simpleDecrypt
80007338   _simpleEncrypt
80009680   _simpleHashWithLength
80001550   _squareProduct
800034a0   _subtraction
800032cc   _subtractionWithSign
8000c480   _time
80002980   _timeData
8000c0c0   _unlink
80006120   _updateFSR
80006a40   _verifySignature
8000b580   _write
8000c260   _writemsg
80003234   _zerosArray
80003220   _zerosArray16
ffffffff   binit
80015a40   cinit
80000000   edata
80000000   end
8000c5c0   etext
ffffffff   pinit


GLOBAL SYMBOLS: SORTED BY Symbol Address 

address    name
--------   ----
00000001   __TI_args_main
00002000   __STACK_SIZE
00004000   __SYSMEM_SIZE
80000000   $bss
80000000   .bss
80000000   .data
80000000   .text
80000000   ___bss__
80000000   ___data__
80000000   ___edata__
80000000   ___end__
80000000   ___text__
80000000   _aes_set_encrypt_key
80000000   edata
80000000   end
800004ec   _aes_set_decrypt_key
80000790   _aes_encrypt
80000c2c   _aes_decrypt
800010e0   _positionMSB
80001180   _from2to32
80001550   _squareProduct
800017ec   _multiplication
80001a44   _mod
80001b94   _modFaster
80001d64   _modSquare
80001e18   _modMult
80001ee0   _montMultiplication
80002200   _ADD
80002268   _SUB_COND
80002384   _mont
800025f4   _montExp
80002980   _timeData
800029a0   _seeTheDifference
80002a30   _printCharNoSpaces
80002ac0   _printChar
80002c70   _printArrayNoSpaces32
80002d00   _printArrayNoSpaces
80002d8c   _printArray
80002f50   _hexToString
8000306c   _copyArrayFrom0
800030d0   _copyArray
80003134   _concat
80003194   _XOR
80003220   _zerosArray16
80003234   _zerosArray
8000324c   _isBiggerThanOrEqual
800032cc   _subtractionWithSign
800034a0   _subtraction
80003578   _printArray8
8000360c   _printArray32
800036a0   _numberIsZero
80003700   _multiplyByTwo
80003744   _isBiggerThan
800037b8   _flipArray
80003830   _divideByTwo
8000386c   _copyArray8
800038d0   _copyArray32
80003944   _addition
80003a40   _SHA256_Transform
80003d0c   _SHA256_Update
80003f44   _SHA256_Init
80003fb0   _SHA256_Final
80004260   _signedSubtraction
80004300   _modularInverse
80004a40   _from8to32
80004b08   _from32to8
80004bcc   _signAndEncryptMessage
80004c64   _repositionZeros
80004d28   _from8to16
80004db0   _from16to8
80004e4c   _decryptAndUnsignMessage
80004f10   _createMessage
80004f80   _createExponent
80005018   _computePartOfKey
80005044   _calculateKey
800050e0   __divd
80005c00   _signatureMessage
80006120   _updateFSR
80006174   _RNG
800062f8   _findRandNum
80006378   _compareFSR
800064d8   _PRNG
80006a40   _verifySignature
80006ec0   __printfi
80007300   _aesEncrypt
80007338   _simpleEncrypt
80007390   _aesDecrypt
800073cc   _simpleDecrypt
80007424   _padding
800074b8   _aesCBCencrypt
80007580   _aesCBCdecrypt
80007640   _main
80007960   _fputs
80008720   _free
800089a0   __divull
80009680   _simpleHashWithLength
800096c8   _hashWithTime
80009754   _hashOfLength
80009840   __divul
800099e0   _HOSTrename
80009b60   _malloc
80009ce0   _setvbuf
80009e60   _maskGenerationFunction
8000a100   _fputc
8000a100   _putc
8000a380   _fclose
8000a4a0   _HOSTlseek
8000a5a0   __auto_init
8000a7a0   __wrt_ok
8000a8a0   _fflush
8000a9a0   _HOSTopen
8000aa80   _atoi
8000ab60   _close
8000ac40   _exit
8000ad20   _memset
8000ae00   _HOSTread
8000aec0   _HOSTunlink
8000af80   _HOSTwrite
8000b040   __cleanup
8000b1c0   __c6xabi_divu
8000b1c0   __divu
8000b280   __doflush
8000b340   _fseek
8000b400   _lseek
8000b4c0   _ltoa
8000b580   _write
8000b640   _HOSTclose
8000b6e0   _HOSTtime
8000b780   __divli
8000b960   __fixdli
8000baa0   _copy_in
8000bbe0   _memcpy
8000bdc0   __fltlid
8000be40   __llshl
8000bec0   _c_int00
8000bf40   _fprintf
8000bfc0   _printf
8000c040   _readmsg
8000c0c0   _unlink
8000c140   __abort_msg
8000c1a0   __subcull
8000c200   _memccpy
8000c260   _writemsg
8000c2b8   C$$IO$$
8000c2c0   ___isinf
8000c340   __args_main
8000c380   __frcmpyd_div
8000c3c0   __llshru
8000c400   __remli
8000c440   __c6xabi_strasgi_64plus
8000c440   __strasgi_64plus
8000c480   _time
8000c4c0   __negll
8000c4e0   __nop
8000c580   C$$EXIT
8000c580   _abort
8000c5a0   _remove
8000c5c0   ___etext__
8000c5c0   __sys_memory
8000c5c0   etext
80012ec8   __ctypes_
800134e8   __stack
800154e8   __STACK_END
800154e8   __ftable
800156c8   __tmpnams
80015808   __ft_end
80015a20   __cleanup_ptr
80015a24   __dtors_ptr
80015a28   ___TI_enable_exit_profile_output
80015a2c   __lock
80015a30   __unlock
80015a40   ___cinit__
80015a40   cinit
80015ba4   __CIOBUF_
ffffffff   ___TI_pprof_out_hndl
ffffffff   ___TI_prof_data_size
ffffffff   ___TI_prof_data_start
ffffffff   ___binit__
ffffffff   ___c_args__
ffffffff   ___pinit__
ffffffff   binit
ffffffff   pinit

[182 symbols]
