<?xml version="1.0"?>
<link_info>
   <banner>TMS320C6x Linker PC v7.4.4</banner>
   <copyright>Copyright (c) 1996-2013 Texas Instruments Incorporated</copyright>
   <link_time>0x5912241c</link_time>
   <output_file>ccsProject.out</output_file>
   <entry_point>
      <name>_c_int00</name>
      <address>0x80008d40</address>
   </entry_point>
   <input_file_list>
      <input_file id="fl-2">
         <path>.\Key_Establishment\Source\</path>
         <kind>object</kind>
         <file>verifySignature.obj</file>
         <name>verifySignature.obj</name>
      </input_file>
      <input_file id="fl-3">
         <path>.\Key_Establishment\Source\</path>
         <kind>object</kind>
         <file>signatureMessage.obj</file>
         <name>signatureMessage.obj</name>
      </input_file>
      <input_file id="fl-4">
         <path>.\Key_Establishment\Source\</path>
         <kind>object</kind>
         <file>montExponentiation32.obj</file>
         <name>montExponentiation32.obj</name>
      </input_file>
      <input_file id="fl-5">
         <path>.\Key_Establishment\Source\</path>
         <kind>object</kind>
         <file>modularInverse32.obj</file>
         <name>modularInverse32.obj</name>
      </input_file>
      <input_file id="fl-6">
         <path>.\Key_Establishment\Source\</path>
         <kind>object</kind>
         <file>modFunctions32.obj</file>
         <name>modFunctions32.obj</name>
      </input_file>
      <input_file id="fl-7">
         <path>.\Key_Establishment\Source\</path>
         <kind>object</kind>
         <file>maskGenerationFunction.obj</file>
         <name>maskGenerationFunction.obj</name>
      </input_file>
      <input_file id="fl-8">
         <path>.\Key_Establishment\Source\</path>
         <kind>object</kind>
         <file>keyEstablishmentFunctions32.obj</file>
         <name>keyEstablishmentFunctions32.obj</name>
      </input_file>
      <input_file id="fl-9">
         <path>.\Key_Establishment\Source\</path>
         <kind>object</kind>
         <file>additionalFunctions32.obj</file>
         <name>additionalFunctions32.obj</name>
      </input_file>
      <input_file id="fl-a">
         <path>.\library\</path>
         <kind>object</kind>
         <file>useSHA256.obj</file>
         <name>useSHA256.obj</name>
      </input_file>
      <input_file id="fl-b">
         <path>.\library\</path>
         <kind>object</kind>
         <file>useAES.obj</file>
         <name>useAES.obj</name>
      </input_file>
      <input_file id="fl-c">
         <path>.\library\</path>
         <kind>object</kind>
         <file>sha2.obj</file>
         <name>sha2.obj</name>
      </input_file>
      <input_file id="fl-d">
         <path>.\library\</path>
         <kind>object</kind>
         <file>hmac.obj</file>
         <name>hmac.obj</name>
      </input_file>
      <input_file id="fl-e">
         <path>.\library\</path>
         <kind>object</kind>
         <file>helpfulFunctions.obj</file>
         <name>helpfulFunctions.obj</name>
      </input_file>
      <input_file id="fl-f">
         <path>.\library\</path>
         <kind>object</kind>
         <file>encryptDecrypt.obj</file>
         <name>encryptDecrypt.obj</name>
      </input_file>
      <input_file id="fl-10">
         <path>.\library\</path>
         <kind>object</kind>
         <file>aes.obj</file>
         <name>aes.obj</name>
      </input_file>
      <input_file id="fl-11">
         <path>.\library\</path>
         <kind>object</kind>
         <file>PRNG.obj</file>
         <name>PRNG.obj</name>
      </input_file>
      <input_file id="fl-12">
         <path>.\</path>
         <kind>object</kind>
         <file>main.obj</file>
         <name>main.obj</name>
      </input_file>
      <input_file id="fl-8d">
         <path>C:\ti\ccsv5\tools\compiler\c6000_7.4.4\lib\</path>
         <kind>archive</kind>
         <file>rts6740.lib</file>
         <name>assert.obj</name>
      </input_file>
      <input_file id="fl-8e">
         <path>C:\ti\ccsv5\tools\compiler\c6000_7.4.4\lib\</path>
         <kind>archive</kind>
         <file>rts6740.lib</file>
         <name>boot.obj</name>
      </input_file>
      <input_file id="fl-8f">
         <path>C:\ti\ccsv5\tools\compiler\c6000_7.4.4\lib\</path>
         <kind>archive</kind>
         <file>rts6740.lib</file>
         <name>defs.obj</name>
      </input_file>
      <input_file id="fl-90">
         <path>C:\ti\ccsv5\tools\compiler\c6000_7.4.4\lib\</path>
         <kind>archive</kind>
         <file>rts6740.lib</file>
         <name>exit.obj</name>
      </input_file>
      <input_file id="fl-91">
         <path>C:\ti\ccsv5\tools\compiler\c6000_7.4.4\lib\</path>
         <kind>archive</kind>
         <file>rts6740.lib</file>
         <name>fflush.obj</name>
      </input_file>
      <input_file id="fl-92">
         <path>C:\ti\ccsv5\tools\compiler\c6000_7.4.4\lib\</path>
         <kind>archive</kind>
         <file>rts6740.lib</file>
         <name>fprintf.obj</name>
      </input_file>
      <input_file id="fl-93">
         <path>C:\ti\ccsv5\tools\compiler\c6000_7.4.4\lib\</path>
         <kind>archive</kind>
         <file>rts6740.lib</file>
         <name>fputc.obj</name>
      </input_file>
      <input_file id="fl-94">
         <path>C:\ti\ccsv5\tools\compiler\c6000_7.4.4\lib\</path>
         <kind>archive</kind>
         <file>rts6740.lib</file>
         <name>fputs.obj</name>
      </input_file>
      <input_file id="fl-95">
         <path>C:\ti\ccsv5\tools\compiler\c6000_7.4.4\lib\</path>
         <kind>archive</kind>
         <file>rts6740.lib</file>
         <name>lowlev.obj</name>
      </input_file>
      <input_file id="fl-96">
         <path>C:\ti\ccsv5\tools\compiler\c6000_7.4.4\lib\</path>
         <kind>archive</kind>
         <file>rts6740.lib</file>
         <name>memcpy64.obj</name>
      </input_file>
      <input_file id="fl-97">
         <path>C:\ti\ccsv5\tools\compiler\c6000_7.4.4\lib\</path>
         <kind>archive</kind>
         <file>rts6740.lib</file>
         <name>memset.obj</name>
      </input_file>
      <input_file id="fl-98">
         <path>C:\ti\ccsv5\tools\compiler\c6000_7.4.4\lib\</path>
         <kind>archive</kind>
         <file>rts6740.lib</file>
         <name>negll.obj</name>
      </input_file>
      <input_file id="fl-99">
         <path>C:\ti\ccsv5\tools\compiler\c6000_7.4.4\lib\</path>
         <kind>archive</kind>
         <file>rts6740.lib</file>
         <name>printf.obj</name>
      </input_file>
      <input_file id="fl-9a">
         <path>C:\ti\ccsv5\tools\compiler\c6000_7.4.4\lib\</path>
         <kind>archive</kind>
         <file>rts6740.lib</file>
         <name>time.obj</name>
      </input_file>
      <input_file id="fl-9b">
         <path>C:\ti\ccsv5\tools\compiler\c6000_7.4.4\lib\</path>
         <kind>archive</kind>
         <file>rts6740.lib</file>
         <name>trgdrv.obj</name>
      </input_file>
      <input_file id="fl-9c">
         <path>C:\ti\ccsv5\tools\compiler\c6000_7.4.4\lib\</path>
         <kind>archive</kind>
         <file>rts6740.lib</file>
         <name>trgmsg.obj</name>
      </input_file>
      <input_file id="fl-9d">
         <path>C:\ti\ccsv5\tools\compiler\c6000_7.4.4\lib\</path>
         <kind>archive</kind>
         <file>rts6740.lib</file>
         <name>_io_perm.obj</name>
      </input_file>
      <input_file id="fl-9e">
         <path>C:\ti\ccsv5\tools\compiler\c6000_7.4.4\lib\</path>
         <kind>archive</kind>
         <file>rts6740.lib</file>
         <name>_lock.obj</name>
      </input_file>
      <input_file id="fl-9f">
         <path>C:\ti\ccsv5\tools\compiler\c6000_7.4.4\lib\</path>
         <kind>archive</kind>
         <file>rts6740.lib</file>
         <name>_printfi.obj</name>
      </input_file>
      <input_file id="fl-a0">
         <path>C:\ti\ccsv5\tools\compiler\c6000_7.4.4\lib\</path>
         <kind>archive</kind>
         <file>rts6740.lib</file>
         <name>args_main.obj</name>
      </input_file>
      <input_file id="fl-a1">
         <path>C:\ti\ccsv5\tools\compiler\c6000_7.4.4\lib\</path>
         <kind>archive</kind>
         <file>rts6740.lib</file>
         <name>atoi.obj</name>
      </input_file>
      <input_file id="fl-a2">
         <path>C:\ti\ccsv5\tools\compiler\c6000_7.4.4\lib\</path>
         <kind>archive</kind>
         <file>rts6740.lib</file>
         <name>autoinit.obj</name>
      </input_file>
      <input_file id="fl-a3">
         <path>C:\ti\ccsv5\tools\compiler\c6000_7.4.4\lib\</path>
         <kind>archive</kind>
         <file>rts6740.lib</file>
         <name>cpp_init.obj</name>
      </input_file>
      <input_file id="fl-a4">
         <path>C:\ti\ccsv5\tools\compiler\c6000_7.4.4\lib\</path>
         <kind>archive</kind>
         <file>rts6740.lib</file>
         <name>cpy_tbl.obj</name>
      </input_file>
      <input_file id="fl-a5">
         <path>C:\ti\ccsv5\tools\compiler\c6000_7.4.4\lib\</path>
         <kind>archive</kind>
         <file>rts6740.lib</file>
         <name>ctype.obj</name>
      </input_file>
      <input_file id="fl-a6">
         <path>C:\ti\ccsv5\tools\compiler\c6000_7.4.4\lib\</path>
         <kind>archive</kind>
         <file>rts6740.lib</file>
         <name>divd.obj</name>
      </input_file>
      <input_file id="fl-a7">
         <path>C:\ti\ccsv5\tools\compiler\c6000_7.4.4\lib\</path>
         <kind>archive</kind>
         <file>rts6740.lib</file>
         <name>divu.obj</name>
      </input_file>
      <input_file id="fl-a8">
         <path>C:\ti\ccsv5\tools\compiler\c6000_7.4.4\lib\</path>
         <kind>archive</kind>
         <file>rts6740.lib</file>
         <name>fixdli.obj</name>
      </input_file>
      <input_file id="fl-a9">
         <path>C:\ti\ccsv5\tools\compiler\c6000_7.4.4\lib\</path>
         <kind>archive</kind>
         <file>rts6740.lib</file>
         <name>fltlid.obj</name>
      </input_file>
      <input_file id="fl-aa">
         <path>C:\ti\ccsv5\tools\compiler\c6000_7.4.4\lib\</path>
         <kind>archive</kind>
         <file>rts6740.lib</file>
         <name>frcmpyd_div.obj</name>
      </input_file>
      <input_file id="fl-ab">
         <path>C:\ti\ccsv5\tools\compiler\c6000_7.4.4\lib\</path>
         <kind>archive</kind>
         <file>rts6740.lib</file>
         <name>fseek.obj</name>
      </input_file>
      <input_file id="fl-ac">
         <path>C:\ti\ccsv5\tools\compiler\c6000_7.4.4\lib\</path>
         <kind>archive</kind>
         <file>rts6740.lib</file>
         <name>imath40.obj</name>
      </input_file>
      <input_file id="fl-ad">
         <path>C:\ti\ccsv5\tools\compiler\c6000_7.4.4\lib\</path>
         <kind>archive</kind>
         <file>rts6740.lib</file>
         <name>imath64.obj</name>
      </input_file>
      <input_file id="fl-ae">
         <path>C:\ti\ccsv5\tools\compiler\c6000_7.4.4\lib\</path>
         <kind>archive</kind>
         <file>rts6740.lib</file>
         <name>isinf.obj</name>
      </input_file>
      <input_file id="fl-af">
         <path>C:\ti\ccsv5\tools\compiler\c6000_7.4.4\lib\</path>
         <kind>archive</kind>
         <file>rts6740.lib</file>
         <name>llshift.obj</name>
      </input_file>
      <input_file id="fl-b0">
         <path>C:\ti\ccsv5\tools\compiler\c6000_7.4.4\lib\</path>
         <kind>archive</kind>
         <file>rts6740.lib</file>
         <name>ltoa.obj</name>
      </input_file>
      <input_file id="fl-b1">
         <path>C:\ti\ccsv5\tools\compiler\c6000_7.4.4\lib\</path>
         <kind>archive</kind>
         <file>rts6740.lib</file>
         <name>memccpy.obj</name>
      </input_file>
      <input_file id="fl-b2">
         <path>C:\ti\ccsv5\tools\compiler\c6000_7.4.4\lib\</path>
         <kind>archive</kind>
         <file>rts6740.lib</file>
         <name>setvbuf.obj</name>
      </input_file>
      <input_file id="fl-b3">
         <path>C:\ti\ccsv5\tools\compiler\c6000_7.4.4\lib\</path>
         <kind>archive</kind>
         <file>rts6740.lib</file>
         <name>abs.obj</name>
      </input_file>
      <input_file id="fl-b4">
         <path>C:\ti\ccsv5\tools\compiler\c6000_7.4.4\lib\</path>
         <kind>archive</kind>
         <file>rts6740.lib</file>
         <name>fopen.obj</name>
      </input_file>
      <input_file id="fl-b5">
         <path>C:\ti\ccsv5\tools\compiler\c6000_7.4.4\lib\</path>
         <kind>archive</kind>
         <file>rts6740.lib</file>
         <name>memory.obj</name>
      </input_file>
      <input_file id="fl-b6">
         <path>C:\ti\ccsv5\tools\compiler\c6000_7.4.4\lib\</path>
         <kind>archive</kind>
         <file>rts6740.lib</file>
         <name>fclose.obj</name>
      </input_file>
      <input_file id="fl-b7">
         <path>C:\ti\ccsv5\tools\compiler\c6000_7.4.4\lib\</path>
         <kind>archive</kind>
         <file>rts6740.lib</file>
         <name>remove.obj</name>
      </input_file>
   </input_file_list>
   <object_component_list>
      <object_component id="oc-103">
         <name>.text</name>
         <load_address>0x80000000</load_address>
         <run_address>0x80000000</run_address>
         <size>0xe20</size>
         <input_file_ref idref="fl-6"/>
      </object_component>
      <object_component id="oc-fe">
         <name>.text</name>
         <load_address>0x80000e20</load_address>
         <run_address>0x80000e20</run_address>
         <size>0xae0</size>
         <input_file_ref idref="fl-4"/>
      </object_component>
      <object_component id="oc-fc">
         <name>.text</name>
         <load_address>0x80001900</load_address>
         <run_address>0x80001900</run_address>
         <size>0x900</size>
         <input_file_ref idref="fl-5"/>
      </object_component>
      <object_component id="oc-fd">
         <name>.text</name>
         <load_address>0x80002200</load_address>
         <run_address>0x80002200</run_address>
         <size>0x8a0</size>
         <input_file_ref idref="fl-e"/>
      </object_component>
      <object_component id="oc-ff">
         <name>.text</name>
         <load_address>0x80002aa0</load_address>
         <run_address>0x80002aa0</run_address>
         <size>0x820</size>
         <input_file_ref idref="fl-9"/>
      </object_component>
      <object_component id="oc-128">
         <name>.text:__divd</name>
         <load_address>0x800032c0</load_address>
         <run_address>0x800032c0</run_address>
         <size>0x5a0</size>
         <input_file_ref idref="fl-a6"/>
      </object_component>
      <object_component id="oc-11d">
         <name>.text:__getarg_diouxp</name>
         <load_address>0x80003860</load_address>
         <run_address>0x80003860</run_address>
         <size>0x580</size>
         <input_file_ref idref="fl-9f"/>
      </object_component>
      <object_component id="oc-106">
         <name>.text:__printfi</name>
         <load_address>0x80003de0</load_address>
         <run_address>0x80003de0</run_address>
         <size>0x440</size>
         <input_file_ref idref="fl-9f"/>
      </object_component>
      <object_component id="oc-10b">
         <name>.text:__setfield</name>
         <load_address>0x80004220</load_address>
         <run_address>0x80004220</run_address>
         <size>0x440</size>
         <input_file_ref idref="fl-9f"/>
      </object_component>
      <object_component id="oc-108">
         <name>.text:_fputs</name>
         <load_address>0x80004660</load_address>
         <run_address>0x80004660</run_address>
         <size>0x3a0</size>
         <input_file_ref idref="fl-94"/>
      </object_component>
      <object_component id="oc-112">
         <name>.text:__pproc_fge</name>
         <load_address>0x80004a00</load_address>
         <run_address>0x80004a00</run_address>
         <size>0x320</size>
         <input_file_ref idref="fl-9f"/>
      </object_component>
      <object_component id="oc-10a">
         <name>.text:__pproc_fwp</name>
         <load_address>0x80004d20</load_address>
         <run_address>0x80004d20</run_address>
         <size>0x2c0</size>
         <input_file_ref idref="fl-9f"/>
      </object_component>
      <object_component id="oc-123">
         <name>.text:_ecvt</name>
         <load_address>0x80004fe0</load_address>
         <run_address>0x80004fe0</run_address>
         <size>0x2a0</size>
         <input_file_ref idref="fl-9f"/>
      </object_component>
      <object_component id="oc-126">
         <name>.text:_fcvt</name>
         <load_address>0x80005280</load_address>
         <run_address>0x80005280</run_address>
         <size>0x2a0</size>
         <input_file_ref idref="fl-9f"/>
      </object_component>
      <object_component id="oc-f0">
         <name>.text</name>
         <load_address>0x80005520</load_address>
         <run_address>0x80005520</run_address>
         <size>0x2a0</size>
         <input_file_ref idref="fl-12"/>
      </object_component>
      <object_component id="oc-120">
         <name>.text:_free</name>
         <load_address>0x800057c0</load_address>
         <run_address>0x800057c0</run_address>
         <size>0x280</size>
         <input_file_ref idref="fl-b5"/>
      </object_component>
      <object_component id="oc-134">
         <name>.text:__divull</name>
         <load_address>0x80005a40</load_address>
         <run_address>0x80005a40</run_address>
         <size>0x260</size>
         <input_file_ref idref="fl-ad"/>
      </object_component>
      <object_component id="oc-11c">
         <name>.text:__pconv_e</name>
         <load_address>0x80005ca0</load_address>
         <run_address>0x80005ca0</run_address>
         <size>0x260</size>
         <input_file_ref idref="fl-9f"/>
      </object_component>
      <object_component id="oc-113">
         <name>.text:__pproc_diouxp</name>
         <load_address>0x80005f00</load_address>
         <run_address>0x80005f00</run_address>
         <size>0x240</size>
         <input_file_ref idref="fl-9f"/>
      </object_component>
      <object_component id="oc-10c">
         <name>.text:__pproc_str</name>
         <load_address>0x80006140</load_address>
         <run_address>0x80006140</run_address>
         <size>0x220</size>
         <input_file_ref idref="fl-9f"/>
      </object_component>
      <object_component id="oc-10d">
         <name>.text:_fputc</name>
         <load_address>0x80006360</load_address>
         <run_address>0x80006360</run_address>
         <size>0x220</size>
         <input_file_ref idref="fl-93"/>
      </object_component>
      <object_component id="oc-11a">
         <name>.text:__pconv_g</name>
         <load_address>0x80006580</load_address>
         <run_address>0x80006580</run_address>
         <size>0x200</size>
         <input_file_ref idref="fl-9f"/>
      </object_component>
      <object_component id="oc-116">
         <name>.text:_setvbuf</name>
         <load_address>0x80006780</load_address>
         <run_address>0x80006780</run_address>
         <size>0x200</size>
         <input_file_ref idref="fl-b2"/>
      </object_component>
      <object_component id="oc-125">
         <name>.text:__mcpy</name>
         <load_address>0x80006980</load_address>
         <run_address>0x80006980</run_address>
         <size>0x1c0</size>
         <input_file_ref idref="fl-9f"/>
      </object_component>
      <object_component id="oc-133">
         <name>.text:__divul</name>
         <load_address>0x80006b40</load_address>
         <run_address>0x80006b40</run_address>
         <size>0x1a0</size>
         <input_file_ref idref="fl-ac"/>
      </object_component>
      <object_component id="oc-eb">
         <name>.text:_HOSTrename</name>
         <load_address>0x80006ce0</load_address>
         <run_address>0x80006ce0</run_address>
         <size>0x180</size>
         <input_file_ref idref="fl-9b"/>
      </object_component>
      <object_component id="oc-121">
         <name>.text:_malloc</name>
         <load_address>0x80006e60</load_address>
         <run_address>0x80006e60</run_address>
         <size>0x180</size>
         <input_file_ref idref="fl-b5"/>
      </object_component>
      <object_component id="oc-109">
         <name>.text:__pproc_fflags</name>
         <load_address>0x80006fe0</load_address>
         <run_address>0x80006fe0</run_address>
         <size>0x140</size>
         <input_file_ref idref="fl-9f"/>
      </object_component>
      <object_component id="oc-13c">
         <name>.text:_getdevice</name>
         <load_address>0x80007120</load_address>
         <run_address>0x80007120</run_address>
         <size>0x140</size>
         <input_file_ref idref="fl-95"/>
      </object_component>
      <object_component id="oc-12c">
         <name>.text:__closefile</name>
         <load_address>0x80007260</load_address>
         <run_address>0x80007260</run_address>
         <size>0x120</size>
         <input_file_ref idref="fl-b6"/>
      </object_component>
      <object_component id="oc-11e">
         <name>.text:__ltostr</name>
         <load_address>0x80007380</load_address>
         <run_address>0x80007380</run_address>
         <size>0x120</size>
         <input_file_ref idref="fl-9f"/>
      </object_component>
      <object_component id="oc-115">
         <name>.text:_fseek</name>
         <load_address>0x800074a0</load_address>
         <run_address>0x800074a0</run_address>
         <size>0x120</size>
         <input_file_ref idref="fl-ab"/>
      </object_component>
      <object_component id="oc-e9">
         <name>.text:_HOSTlseek</name>
         <load_address>0x800075c0</load_address>
         <run_address>0x800075c0</run_address>
         <size>0x100</size>
         <input_file_ref idref="fl-9b"/>
      </object_component>
      <object_component id="oc-10e">
         <name>.text:__wrt_ok</name>
         <load_address>0x800076c0</load_address>
         <run_address>0x800076c0</run_address>
         <size>0x100</size>
         <input_file_ref idref="fl-9d"/>
      </object_component>
      <object_component id="oc-e5">
         <name>.text:_HOSTopen</name>
         <load_address>0x800077c0</load_address>
         <run_address>0x800077c0</run_address>
         <size>0xe0</size>
         <input_file_ref idref="fl-9b"/>
      </object_component>
      <object_component id="oc-111">
         <name>.text:_atoi</name>
         <load_address>0x800078a0</load_address>
         <run_address>0x800078a0</run_address>
         <size>0xe0</size>
         <input_file_ref idref="fl-a1"/>
      </object_component>
      <object_component id="oc-135">
         <name>.text:_close</name>
         <load_address>0x80007980</load_address>
         <run_address>0x80007980</run_address>
         <size>0xe0</size>
         <input_file_ref idref="fl-95"/>
      </object_component>
      <object_component id="oc-f4">
         <name>.text:_memset</name>
         <load_address>0x80007a60</load_address>
         <run_address>0x80007a60</run_address>
         <size>0xe0</size>
         <input_file_ref idref="fl-97"/>
      </object_component>
      <object_component id="oc-101">
         <name>.text:_printf</name>
         <load_address>0x80007b40</load_address>
         <run_address>0x80007b40</run_address>
         <size>0xe0</size>
         <input_file_ref idref="fl-99"/>
      </object_component>
      <object_component id="oc-e7">
         <name>.text:_HOSTread</name>
         <load_address>0x80007c20</load_address>
         <run_address>0x80007c20</run_address>
         <size>0xc0</size>
         <input_file_ref idref="fl-9b"/>
      </object_component>
      <object_component id="oc-ea">
         <name>.text:_HOSTunlink</name>
         <load_address>0x80007ce0</load_address>
         <run_address>0x80007ce0</run_address>
         <size>0xc0</size>
         <input_file_ref idref="fl-9b"/>
      </object_component>
      <object_component id="oc-e8">
         <name>.text:_HOSTwrite</name>
         <load_address>0x80007da0</load_address>
         <run_address>0x80007da0</run_address>
         <size>0xc0</size>
         <input_file_ref idref="fl-9b"/>
      </object_component>
      <object_component id="oc-e2">
         <name>.text:__auto_init</name>
         <load_address>0x80007e60</load_address>
         <run_address>0x80007e60</run_address>
         <size>0xc0</size>
         <input_file_ref idref="fl-a2"/>
      </object_component>
      <object_component id="oc-129">
         <name>.text:__div</name>
         <load_address>0x80007f20</load_address>
         <run_address>0x80007f20</run_address>
         <size>0xc0</size>
         <input_file_ref idref="fl-9f"/>
      </object_component>
      <object_component id="oc-132">
         <name>.text:__divu</name>
         <load_address>0x80007fe0</load_address>
         <run_address>0x80007fe0</run_address>
         <size>0xc0</size>
         <input_file_ref idref="fl-a7"/>
      </object_component>
      <object_component id="oc-10f">
         <name>.text:__doflush</name>
         <load_address>0x800080a0</load_address>
         <run_address>0x800080a0</run_address>
         <size>0xc0</size>
         <input_file_ref idref="fl-91"/>
      </object_component>
      <object_component id="oc-e4">
         <name>.text:_exit</name>
         <load_address>0x80008160</load_address>
         <run_address>0x80008160</run_address>
         <size>0xc0</size>
         <input_file_ref idref="fl-90"/>
      </object_component>
      <object_component id="oc-12e">
         <name>.text:_ltoa</name>
         <load_address>0x80008220</load_address>
         <run_address>0x80008220</run_address>
         <size>0xc0</size>
         <input_file_ref idref="fl-b0"/>
      </object_component>
      <object_component id="oc-e6">
         <name>.text:_HOSTclose</name>
         <load_address>0x800082e0</load_address>
         <run_address>0x800082e0</run_address>
         <size>0xa0</size>
         <input_file_ref idref="fl-9b"/>
      </object_component>
      <object_component id="oc-104">
         <name>.text:_HOSTtime</name>
         <load_address>0x80008380</load_address>
         <run_address>0x80008380</run_address>
         <size>0xa0</size>
         <input_file_ref idref="fl-9b"/>
      </object_component>
      <object_component id="oc-122">
         <name>.text:__cleanup</name>
         <load_address>0x80008420</load_address>
         <run_address>0x80008420</run_address>
         <size>0xa0</size>
         <input_file_ref idref="fl-b4"/>
      </object_component>
      <object_component id="oc-138">
         <name>.text:__divli</name>
         <load_address>0x800084c0</load_address>
         <run_address>0x800084c0</run_address>
         <size>0xa0</size>
         <input_file_ref idref="fl-ac"/>
      </object_component>
      <object_component id="oc-124">
         <name>.text:__ecpy</name>
         <load_address>0x80008560</load_address>
         <run_address>0x80008560</run_address>
         <size>0xa0</size>
         <input_file_ref idref="fl-9f"/>
      </object_component>
      <object_component id="oc-127">
         <name>.text:__fcpy</name>
         <load_address>0x80008600</load_address>
         <run_address>0x80008600</run_address>
         <size>0xa0</size>
         <input_file_ref idref="fl-9f"/>
      </object_component>
      <object_component id="oc-12d">
         <name>.text:__fixdli</name>
         <load_address>0x800086a0</load_address>
         <run_address>0x800086a0</run_address>
         <size>0xa0</size>
         <input_file_ref idref="fl-a8"/>
      </object_component>
      <object_component id="oc-11b">
         <name>.text:__pconv_f</name>
         <load_address>0x80008740</load_address>
         <run_address>0x80008740</run_address>
         <size>0xa0</size>
         <input_file_ref idref="fl-9f"/>
      </object_component>
      <object_component id="oc-ed">
         <name>.text:_copy_in</name>
         <load_address>0x800087e0</load_address>
         <run_address>0x800087e0</run_address>
         <size>0xa0</size>
         <input_file_ref idref="fl-a4"/>
      </object_component>
      <object_component id="oc-13d">
         <name>.text:_finddevice</name>
         <load_address>0x80008880</load_address>
         <run_address>0x80008880</run_address>
         <size>0xa0</size>
         <input_file_ref idref="fl-95"/>
      </object_component>
      <object_component id="oc-11f">
         <name>.text:_lseek</name>
         <load_address>0x80008920</load_address>
         <run_address>0x80008920</run_address>
         <size>0xa0</size>
         <input_file_ref idref="fl-95"/>
      </object_component>
      <object_component id="oc-ee">
         <name>.text:_memcpy</name>
         <load_address>0x800089c0</load_address>
         <run_address>0x800089c0</run_address>
         <size>0xa0</size>
         <input_file_ref idref="fl-96"/>
      </object_component>
      <object_component id="oc-12b">
         <name>.text:_minsert</name>
         <load_address>0x80008a60</load_address>
         <run_address>0x80008a60</run_address>
         <size>0xa0</size>
         <input_file_ref idref="fl-b5"/>
      </object_component>
      <object_component id="oc-12a">
         <name>.text:_mremove</name>
         <load_address>0x80008b00</load_address>
         <run_address>0x80008b00</run_address>
         <size>0xa0</size>
         <input_file_ref idref="fl-b5"/>
      </object_component>
      <object_component id="oc-110">
         <name>.text:_write</name>
         <load_address>0x80008ba0</load_address>
         <run_address>0x80008ba0</run_address>
         <size>0xa0</size>
         <input_file_ref idref="fl-95"/>
      </object_component>
      <object_component id="oc-12f">
         <name>.text:__fltlid</name>
         <load_address>0x80008c40</load_address>
         <run_address>0x80008c40</run_address>
         <size>0x80</size>
         <input_file_ref idref="fl-a9"/>
      </object_component>
      <object_component id="oc-139">
         <name>.text:__llshl</name>
         <load_address>0x80008cc0</load_address>
         <run_address>0x80008cc0</run_address>
         <size>0x80</size>
         <input_file_ref idref="fl-af"/>
      </object_component>
      <object_component id="oc-17">
         <name>.text:_c_int00</name>
         <load_address>0x80008d40</load_address>
         <run_address>0x80008d40</run_address>
         <size>0x80</size>
         <input_file_ref idref="fl-8e"/>
      </object_component>
      <object_component id="oc-f3">
         <name>.text:_readmsg</name>
         <load_address>0x80008dc0</load_address>
         <run_address>0x80008dc0</run_address>
         <size>0x80</size>
         <input_file_ref idref="fl-9c"/>
      </object_component>
      <object_component id="oc-13b">
         <name>.text:_unlink</name>
         <load_address>0x80008e40</load_address>
         <run_address>0x80008e40</run_address>
         <size>0x80</size>
         <input_file_ref idref="fl-95"/>
      </object_component>
      <object_component id="oc-ef">
         <name>.text:___TI_cpp_init</name>
         <load_address>0x80008ec0</load_address>
         <run_address>0x80008ec0</run_address>
         <size>0x60</size>
         <input_file_ref idref="fl-a3"/>
      </object_component>
      <object_component id="oc-13a">
         <name>.text:__subcull</name>
         <load_address>0x80008f20</load_address>
         <run_address>0x80008f20</run_address>
         <size>0x60</size>
         <input_file_ref idref="fl-ad"/>
      </object_component>
      <object_component id="oc-114">
         <name>.text:_memccpy</name>
         <load_address>0x80008f80</load_address>
         <run_address>0x80008f80</run_address>
         <size>0x60</size>
         <input_file_ref idref="fl-b1"/>
      </object_component>
      <object_component id="oc-f2">
         <name>.text:_writemsg</name>
         <load_address>0x80008fe0</load_address>
         <run_address>0x80008fe0</run_address>
         <size>0x60</size>
         <input_file_ref idref="fl-9c"/>
      </object_component>
      <object_component id="oc-119">
         <name>.text:___isinf</name>
         <load_address>0x80009040</load_address>
         <run_address>0x80009040</run_address>
         <size>0x40</size>
         <input_file_ref idref="fl-ae"/>
      </object_component>
      <object_component id="oc-118">
         <name>.text:___isnan</name>
         <load_address>0x80009080</load_address>
         <run_address>0x80009080</run_address>
         <size>0x40</size>
         <input_file_ref idref="fl-9f"/>
      </object_component>
      <object_component id="oc-e3">
         <name>.text:__args_main</name>
         <load_address>0x800090c0</load_address>
         <run_address>0x800090c0</run_address>
         <size>0x40</size>
         <input_file_ref idref="fl-a0"/>
      </object_component>
      <object_component id="oc-131">
         <name>.text:__frcmpyd_div</name>
         <load_address>0x80009100</load_address>
         <run_address>0x80009100</run_address>
         <size>0x40</size>
         <input_file_ref idref="fl-aa"/>
      </object_component>
      <object_component id="oc-130">
         <name>.text:__llshru</name>
         <load_address>0x80009140</load_address>
         <run_address>0x80009140</run_address>
         <size>0x40</size>
         <input_file_ref idref="fl-af"/>
      </object_component>
      <object_component id="oc-137">
         <name>.text:__remli</name>
         <load_address>0x80009180</load_address>
         <run_address>0x80009180</run_address>
         <size>0x40</size>
         <input_file_ref idref="fl-ac"/>
      </object_component>
      <object_component id="oc-100">
         <name>.text:_time</name>
         <load_address>0x800091c0</load_address>
         <run_address>0x800091c0</run_address>
         <size>0x40</size>
         <input_file_ref idref="fl-9a"/>
      </object_component>
      <object_component id="oc-102">
         <name>.text:__negll</name>
         <load_address>0x80009200</load_address>
         <run_address>0x80009200</run_address>
         <size>0x20</size>
         <input_file_ref idref="fl-98"/>
      </object_component>
      <object_component id="oc-ec">
         <name>.text:__nop</name>
         <load_address>0x80009220</load_address>
         <run_address>0x80009220</run_address>
         <size>0x20</size>
         <input_file_ref idref="fl-9e"/>
      </object_component>
      <object_component id="oc-107">
         <name>.text:__outc</name>
         <load_address>0x80009240</load_address>
         <run_address>0x80009240</run_address>
         <size>0x20</size>
         <input_file_ref idref="fl-99"/>
      </object_component>
      <object_component id="oc-105">
         <name>.text:__outs</name>
         <load_address>0x80009260</load_address>
         <run_address>0x80009260</run_address>
         <size>0x20</size>
         <input_file_ref idref="fl-99"/>
      </object_component>
      <object_component id="oc-f1">
         <name>.text:_abort</name>
         <load_address>0x80009280</load_address>
         <run_address>0x80009280</run_address>
         <size>0x20</size>
         <input_file_ref idref="fl-90"/>
      </object_component>
      <object_component id="oc-136">
         <name>.text:_remove</name>
         <load_address>0x800092a0</load_address>
         <run_address>0x800092a0</run_address>
         <size>0x20</size>
         <input_file_ref idref="fl-b7"/>
      </object_component>
      <object_component id="oc-55">
         <name>.stack</name>
         <uninitialized>true</uninitialized>
         <run_address>0x8000d2c0</run_address>
         <size>0x8</size>
         <input_file_ref idref="fl-8e"/>
      </object_component>
      <object_component id="oc-15a">
         <name>.stack</name>
         <uninitialized>true</uninitialized>
         <run_address>0x8000d2c0</run_address>
         <size>0x0</size>
      </object_component>
      <object_component id="oc-87">
         <name>.cio</name>
         <uninitialized>true</uninitialized>
         <run_address>0x8000fb98</run_address>
         <size>0x120</size>
         <input_file_ref idref="fl-9c"/>
      </object_component>
      <object_component id="oc-117">
         <name>.const:.string:__ctypes_</name>
         <load_address>0x8000f750</load_address>
         <run_address>0x8000f750</run_address>
         <size>0x101</size>
         <input_file_ref idref="fl-a5"/>
      </object_component>
      <object_component id="oc-38">
         <name>.const:.string</name>
         <load_address>0x8000f851</load_address>
         <run_address>0x8000f851</run_address>
         <size>0xbb</size>
         <input_file_ref idref="fl-c"/>
      </object_component>
      <object_component id="oc-3f">
         <name>.const:.string</name>
         <load_address>0x8000f90c</load_address>
         <run_address>0x8000f90c</run_address>
         <size>0x43</size>
         <input_file_ref idref="fl-e"/>
      </object_component>
      <object_component id="oc-2e">
         <name>.const:.string</name>
         <load_address>0x8000f94f</load_address>
         <run_address>0x8000f94f</run_address>
         <size>0x39</size>
         <input_file_ref idref="fl-9"/>
      </object_component>
      <object_component id="oc-93">
         <name>.const:.string</name>
         <load_address>0x8000f988</load_address>
         <run_address>0x8000f988</run_address>
         <size>0x23</size>
         <input_file_ref idref="fl-9f"/>
      </object_component>
      <object_component id="oc-51">
         <name>.const:.string</name>
         <load_address>0x8000f9ab</load_address>
         <run_address>0x8000f9ab</run_address>
         <size>0x3</size>
         <input_file_ref idref="fl-8d"/>
      </object_component>
      <object_component id="oc-6b">
         <name>.const:.string</name>
         <load_address>0x8000f9ae</load_address>
         <run_address>0x8000f9ae</run_address>
         <size>0x2</size>
         <input_file_ref idref="fl-94"/>
      </object_component>
      <object_component id="oc-f5">
         <name>.const:_$P$T0$1</name>
         <load_address>0x8000f9b0</load_address>
         <run_address>0x8000f9b0</run_address>
         <size>0x14</size>
         <input_file_ref idref="fl-12"/>
      </object_component>
      <object_component id="oc-f6">
         <name>.const:_$P$T1$2</name>
         <load_address>0x8000f9c8</load_address>
         <run_address>0x8000f9c8</run_address>
         <size>0x14</size>
         <input_file_ref idref="fl-12"/>
      </object_component>
      <object_component id="oc-f7">
         <name>.const:_$P$T2$3</name>
         <load_address>0x8000f9e0</load_address>
         <run_address>0x8000f9e0</run_address>
         <size>0x14</size>
         <input_file_ref idref="fl-12"/>
      </object_component>
      <object_component id="oc-f8">
         <name>.const:_$P$T3$4</name>
         <load_address>0x8000f9f8</load_address>
         <run_address>0x8000f9f8</run_address>
         <size>0x10</size>
         <input_file_ref idref="fl-12"/>
      </object_component>
      <object_component id="oc-f9">
         <name>.const:_$P$T4$5</name>
         <load_address>0x8000fa08</load_address>
         <run_address>0x8000fa08</run_address>
         <size>0x10</size>
         <input_file_ref idref="fl-12"/>
      </object_component>
      <object_component id="oc-fa">
         <name>.const:_$P$T5$6</name>
         <load_address>0x8000fa18</load_address>
         <run_address>0x8000fa18</run_address>
         <size>0x10</size>
         <input_file_ref idref="fl-12"/>
      </object_component>
      <object_component id="oc-fb">
         <name>.const:_$P$T6$7</name>
         <load_address>0x8000fa28</load_address>
         <run_address>0x8000fa28</run_address>
         <size>0x8</size>
         <input_file_ref idref="fl-12"/>
      </object_component>
      <object_component id="oc-d9">
         <name>.sysmem</name>
         <uninitialized>true</uninitialized>
         <run_address>0x800092c0</run_address>
         <size>0x8</size>
         <input_file_ref idref="fl-b5"/>
      </object_component>
      <object_component id="oc-15b">
         <name>.sysmem</name>
         <uninitialized>true</uninitialized>
         <run_address>0x800092c0</run_address>
         <size>0x0</size>
      </object_component>
      <object_component id="oc-4a">
         <name>.far</name>
         <uninitialized>true</uninitialized>
         <run_address>0x8000f708</run_address>
         <size>0x20</size>
         <input_file_ref idref="fl-11"/>
      </object_component>
      <object_component id="oc-5a">
         <name>.far</name>
         <uninitialized>true</uninitialized>
         <run_address>0x8000f2c0</run_address>
         <size>0x324</size>
         <input_file_ref idref="fl-8f"/>
      </object_component>
      <object_component id="oc-5e">
         <name>.far</name>
         <uninitialized>true</uninitialized>
         <run_address>0x8000f728</run_address>
         <size>0xc</size>
         <input_file_ref idref="fl-90"/>
      </object_component>
      <object_component id="oc-70">
         <name>.far</name>
         <uninitialized>true</uninitialized>
         <run_address>0x8000f5e8</run_address>
         <size>0x11c</size>
         <input_file_ref idref="fl-95"/>
      </object_component>
      <object_component id="oc-83">
         <name>.far</name>
         <uninitialized>true</uninitialized>
         <run_address>0x8000f748</run_address>
         <size>0x8</size>
         <input_file_ref idref="fl-9b"/>
      </object_component>
      <object_component id="oc-8f">
         <name>.far</name>
         <uninitialized>true</uninitialized>
         <run_address>0x8000f734</run_address>
         <size>0x8</size>
         <input_file_ref idref="fl-9e"/>
      </object_component>
      <object_component id="oc-d3">
         <name>.far</name>
         <uninitialized>true</uninitialized>
         <run_address>0x8000f5e4</run_address>
         <size>0x4</size>
         <input_file_ref idref="fl-b4"/>
      </object_component>
      <object_component id="oc-d8">
         <name>.far</name>
         <uninitialized>true</uninitialized>
         <run_address>0x8000f73c</run_address>
         <size>0x8</size>
         <input_file_ref idref="fl-b5"/>
      </object_component>
      <object_component id="oc-59">
         <name>.cinit</name>
         <load_address>0x8000fa30</load_address>
         <run_address>0x8000fa30</run_address>
         <size>0x5c</size>
         <input_file_ref idref="fl-8f"/>
      </object_component>
      <object_component id="oc-6f">
         <name>.cinit</name>
         <load_address>0x8000fa90</load_address>
         <run_address>0x8000fa90</run_address>
         <size>0x5c</size>
         <input_file_ref idref="fl-95"/>
      </object_component>
      <object_component id="oc-5d">
         <name>.cinit</name>
         <load_address>0x8000faf0</load_address>
         <run_address>0x8000faf0</run_address>
         <size>0x2c</size>
         <input_file_ref idref="fl-90"/>
      </object_component>
      <object_component id="oc-d7">
         <name>.cinit</name>
         <load_address>0x8000fb20</load_address>
         <run_address>0x8000fb20</run_address>
         <size>0x2c</size>
         <input_file_ref idref="fl-b5"/>
      </object_component>
      <object_component id="oc-8e">
         <name>.cinit</name>
         <load_address>0x8000fb50</load_address>
         <run_address>0x8000fb50</run_address>
         <size>0x1c</size>
         <input_file_ref idref="fl-9e"/>
      </object_component>
      <object_component id="oc-d2">
         <name>.cinit</name>
         <load_address>0x8000fb70</load_address>
         <run_address>0x8000fb70</run_address>
         <size>0xc</size>
         <input_file_ref idref="fl-b4"/>
      </object_component>
      <object_component id="oc-49">
         <name>.cinit</name>
         <load_address>0x8000fb80</load_address>
         <run_address>0x8000fb80</run_address>
         <size>0x9</size>
         <input_file_ref idref="fl-11"/>
      </object_component>
      <object_component id="oc-18">
         <name>.debug_info</name>
         <load_address>0x0</load_address>
         <run_address>0x0</run_address>
         <size>0x6c5</size>
         <input_file_ref idref="fl-2"/>
      </object_component>
      <object_component id="oc-1b">
         <name>.debug_info</name>
         <load_address>0x6c5</load_address>
         <run_address>0x6c5</run_address>
         <size>0x6dd</size>
         <input_file_ref idref="fl-3"/>
      </object_component>
      <object_component id="oc-1e">
         <name>.debug_info</name>
         <load_address>0xda2</load_address>
         <run_address>0xda2</run_address>
         <size>0x1ac1</size>
         <input_file_ref idref="fl-4"/>
      </object_component>
      <object_component id="oc-21">
         <name>.debug_info</name>
         <load_address>0x2863</load_address>
         <run_address>0x2863</run_address>
         <size>0x14f3</size>
         <input_file_ref idref="fl-5"/>
      </object_component>
      <object_component id="oc-24">
         <name>.debug_info</name>
         <load_address>0x3d56</load_address>
         <run_address>0x3d56</run_address>
         <size>0x1c3b</size>
         <input_file_ref idref="fl-6"/>
      </object_component>
      <object_component id="oc-27">
         <name>.debug_info</name>
         <load_address>0x5991</load_address>
         <run_address>0x5991</run_address>
         <size>0x680</size>
         <input_file_ref idref="fl-7"/>
      </object_component>
      <object_component id="oc-2a">
         <name>.debug_info</name>
         <load_address>0x6011</load_address>
         <run_address>0x6011</run_address>
         <size>0x79a</size>
         <input_file_ref idref="fl-8"/>
      </object_component>
      <object_component id="oc-2d">
         <name>.debug_info</name>
         <load_address>0x67ab</load_address>
         <run_address>0x67ab</run_address>
         <size>0x20b3</size>
         <input_file_ref idref="fl-9"/>
      </object_component>
      <object_component id="oc-31">
         <name>.debug_info</name>
         <load_address>0x885e</load_address>
         <run_address>0x885e</run_address>
         <size>0x7a2</size>
         <input_file_ref idref="fl-a"/>
      </object_component>
      <object_component id="oc-34">
         <name>.debug_info</name>
         <load_address>0x9000</load_address>
         <run_address>0x9000</run_address>
         <size>0x7dc</size>
         <input_file_ref idref="fl-b"/>
      </object_component>
      <object_component id="oc-37">
         <name>.debug_info</name>
         <load_address>0x97dc</load_address>
         <run_address>0x97dc</run_address>
         <size>0x796</size>
         <input_file_ref idref="fl-c"/>
      </object_component>
      <object_component id="oc-3b">
         <name>.debug_info</name>
         <load_address>0x9f72</load_address>
         <run_address>0x9f72</run_address>
         <size>0x6b4</size>
         <input_file_ref idref="fl-d"/>
      </object_component>
      <object_component id="oc-3e">
         <name>.debug_info</name>
         <load_address>0xa626</load_address>
         <run_address>0xa626</run_address>
         <size>0x1818</size>
         <input_file_ref idref="fl-e"/>
      </object_component>
      <object_component id="oc-42">
         <name>.debug_info</name>
         <load_address>0xbe3e</load_address>
         <run_address>0xbe3e</run_address>
         <size>0x80f</size>
         <input_file_ref idref="fl-f"/>
      </object_component>
      <object_component id="oc-45">
         <name>.debug_info</name>
         <load_address>0xc64d</load_address>
         <run_address>0xc64d</run_address>
         <size>0x6a8</size>
         <input_file_ref idref="fl-10"/>
      </object_component>
      <object_component id="oc-48">
         <name>.debug_info</name>
         <load_address>0xccf5</load_address>
         <run_address>0xccf5</run_address>
         <size>0x6b2</size>
         <input_file_ref idref="fl-11"/>
      </object_component>
      <object_component id="oc-4d">
         <name>.debug_info</name>
         <load_address>0xd3a7</load_address>
         <run_address>0xd3a7</run_address>
         <size>0x9d8</size>
         <input_file_ref idref="fl-12"/>
      </object_component>
      <object_component id="oc-50">
         <name>.debug_info</name>
         <load_address>0xdd7f</load_address>
         <run_address>0xdd7f</run_address>
         <size>0x6dd</size>
         <input_file_ref idref="fl-8d"/>
      </object_component>
      <object_component id="oc-54">
         <name>.debug_info</name>
         <load_address>0xe45c</load_address>
         <run_address>0xe45c</run_address>
         <size>0x6f2</size>
         <input_file_ref idref="fl-8e"/>
      </object_component>
      <object_component id="oc-58">
         <name>.debug_info</name>
         <load_address>0xeb4e</load_address>
         <run_address>0xeb4e</run_address>
         <size>0x6ce</size>
         <input_file_ref idref="fl-8f"/>
      </object_component>
      <object_component id="oc-5c">
         <name>.debug_info</name>
         <load_address>0xf21c</load_address>
         <run_address>0xf21c</run_address>
         <size>0x7bf</size>
         <input_file_ref idref="fl-90"/>
      </object_component>
      <object_component id="oc-61">
         <name>.debug_info</name>
         <load_address>0xf9db</load_address>
         <run_address>0xf9db</run_address>
         <size>0x768</size>
         <input_file_ref idref="fl-91"/>
      </object_component>
      <object_component id="oc-64">
         <name>.debug_info</name>
         <load_address>0x10143</load_address>
         <run_address>0x10143</run_address>
         <size>0x760</size>
         <input_file_ref idref="fl-92"/>
      </object_component>
      <object_component id="oc-67">
         <name>.debug_info</name>
         <load_address>0x108a3</load_address>
         <run_address>0x108a3</run_address>
         <size>0x811</size>
         <input_file_ref idref="fl-93"/>
      </object_component>
      <object_component id="oc-6a">
         <name>.debug_info</name>
         <load_address>0x110b4</load_address>
         <run_address>0x110b4</run_address>
         <size>0xa9d</size>
         <input_file_ref idref="fl-94"/>
      </object_component>
      <object_component id="oc-6e">
         <name>.debug_info</name>
         <load_address>0x11b51</load_address>
         <run_address>0x11b51</run_address>
         <size>0xe70</size>
         <input_file_ref idref="fl-95"/>
      </object_component>
      <object_component id="oc-73">
         <name>.debug_info</name>
         <load_address>0x129c1</load_address>
         <run_address>0x129c1</run_address>
         <size>0xcc</size>
         <input_file_ref idref="fl-96"/>
      </object_component>
      <object_component id="oc-76">
         <name>.debug_info</name>
         <load_address>0x12a8d</load_address>
         <run_address>0x12a8d</run_address>
         <size>0x79d</size>
         <input_file_ref idref="fl-97"/>
      </object_component>
      <object_component id="oc-79">
         <name>.debug_info</name>
         <load_address>0x1322a</load_address>
         <run_address>0x1322a</run_address>
         <size>0x5ff</size>
         <input_file_ref idref="fl-98"/>
      </object_component>
      <object_component id="oc-7c">
         <name>.debug_info</name>
         <load_address>0x13829</load_address>
         <run_address>0x13829</run_address>
         <size>0x8e9</size>
         <input_file_ref idref="fl-99"/>
      </object_component>
      <object_component id="oc-7f">
         <name>.debug_info</name>
         <load_address>0x14112</load_address>
         <run_address>0x14112</run_address>
         <size>0x647</size>
         <input_file_ref idref="fl-9a"/>
      </object_component>
      <object_component id="oc-82">
         <name>.debug_info</name>
         <load_address>0x14759</load_address>
         <run_address>0x14759</run_address>
         <size>0xe40</size>
         <input_file_ref idref="fl-9b"/>
      </object_component>
      <object_component id="oc-86">
         <name>.debug_info</name>
         <load_address>0x15599</load_address>
         <run_address>0x15599</run_address>
         <size>0x850</size>
         <input_file_ref idref="fl-9c"/>
      </object_component>
      <object_component id="oc-8a">
         <name>.debug_info</name>
         <load_address>0x15de9</load_address>
         <run_address>0x15de9</run_address>
         <size>0x741</size>
         <input_file_ref idref="fl-9d"/>
      </object_component>
      <object_component id="oc-8d">
         <name>.debug_info</name>
         <load_address>0x1652a</load_address>
         <run_address>0x1652a</run_address>
         <size>0x633</size>
         <input_file_ref idref="fl-9e"/>
      </object_component>
      <object_component id="oc-92">
         <name>.debug_info</name>
         <load_address>0x16b5d</load_address>
         <run_address>0x16b5d</run_address>
         <size>0x2674</size>
         <input_file_ref idref="fl-9f"/>
      </object_component>
      <object_component id="oc-96">
         <name>.debug_info</name>
         <load_address>0x191d1</load_address>
         <run_address>0x191d1</run_address>
         <size>0x6c8</size>
         <input_file_ref idref="fl-a0"/>
      </object_component>
      <object_component id="oc-99">
         <name>.debug_info</name>
         <load_address>0x19899</load_address>
         <run_address>0x19899</run_address>
         <size>0x6d5</size>
         <input_file_ref idref="fl-a1"/>
      </object_component>
      <object_component id="oc-9c">
         <name>.debug_info</name>
         <load_address>0x19f6e</load_address>
         <run_address>0x19f6e</run_address>
         <size>0x83e</size>
         <input_file_ref idref="fl-a2"/>
      </object_component>
      <object_component id="oc-9f">
         <name>.debug_info</name>
         <load_address>0x1a7ac</load_address>
         <run_address>0x1a7ac</run_address>
         <size>0x6b6</size>
         <input_file_ref idref="fl-a3"/>
      </object_component>
      <object_component id="oc-a2">
         <name>.debug_info</name>
         <load_address>0x1ae62</load_address>
         <run_address>0x1ae62</run_address>
         <size>0x7ac</size>
         <input_file_ref idref="fl-a4"/>
      </object_component>
      <object_component id="oc-a5">
         <name>.debug_info</name>
         <load_address>0x1b60e</load_address>
         <run_address>0x1b60e</run_address>
         <size>0x5e1</size>
         <input_file_ref idref="fl-a5"/>
      </object_component>
      <object_component id="oc-a7">
         <name>.debug_info</name>
         <load_address>0x1bbef</load_address>
         <run_address>0x1bbef</run_address>
         <size>0x96a</size>
         <input_file_ref idref="fl-a6"/>
      </object_component>
      <object_component id="oc-aa">
         <name>.debug_info</name>
         <load_address>0x1c559</load_address>
         <run_address>0x1c559</run_address>
         <size>0xbd</size>
         <input_file_ref idref="fl-a7"/>
      </object_component>
      <object_component id="oc-ad">
         <name>.debug_info</name>
         <load_address>0x1c616</load_address>
         <run_address>0x1c616</run_address>
         <size>0x67e</size>
         <input_file_ref idref="fl-a8"/>
      </object_component>
      <object_component id="oc-b0">
         <name>.debug_info</name>
         <load_address>0x1cc94</load_address>
         <run_address>0x1cc94</run_address>
         <size>0x697</size>
         <input_file_ref idref="fl-a9"/>
      </object_component>
      <object_component id="oc-b3">
         <name>.debug_info</name>
         <load_address>0x1d32b</load_address>
         <run_address>0x1d32b</run_address>
         <size>0x653</size>
         <input_file_ref idref="fl-aa"/>
      </object_component>
      <object_component id="oc-b6">
         <name>.debug_info</name>
         <load_address>0x1d97e</load_address>
         <run_address>0x1d97e</run_address>
         <size>0x7a0</size>
         <input_file_ref idref="fl-ab"/>
      </object_component>
      <object_component id="oc-b9">
         <name>.debug_info</name>
         <load_address>0x1e11e</load_address>
         <run_address>0x1e11e</run_address>
         <size>0x78a</size>
         <input_file_ref idref="fl-ac"/>
      </object_component>
      <object_component id="oc-bc">
         <name>.debug_info</name>
         <load_address>0x1e8a8</load_address>
         <run_address>0x1e8a8</run_address>
         <size>0x785</size>
         <input_file_ref idref="fl-ad"/>
      </object_component>
      <object_component id="oc-bf">
         <name>.debug_info</name>
         <load_address>0x1f02d</load_address>
         <run_address>0x1f02d</run_address>
         <size>0x7fd</size>
         <input_file_ref idref="fl-ae"/>
      </object_component>
      <object_component id="oc-c2">
         <name>.debug_info</name>
         <load_address>0x1f82a</load_address>
         <run_address>0x1f82a</run_address>
         <size>0x6e8</size>
         <input_file_ref idref="fl-af"/>
      </object_component>
      <object_component id="oc-c5">
         <name>.debug_info</name>
         <load_address>0x1ff12</load_address>
         <run_address>0x1ff12</run_address>
         <size>0x716</size>
         <input_file_ref idref="fl-b0"/>
      </object_component>
      <object_component id="oc-c8">
         <name>.debug_info</name>
         <load_address>0x20628</load_address>
         <run_address>0x20628</run_address>
         <size>0x6b9</size>
         <input_file_ref idref="fl-b1"/>
      </object_component>
      <object_component id="oc-cb">
         <name>.debug_info</name>
         <load_address>0x20ce1</load_address>
         <run_address>0x20ce1</run_address>
         <size>0x7f3</size>
         <input_file_ref idref="fl-b2"/>
      </object_component>
      <object_component id="oc-ce">
         <name>.debug_info</name>
         <load_address>0x214d4</load_address>
         <run_address>0x214d4</run_address>
         <size>0x5b3</size>
         <input_file_ref idref="fl-b3"/>
      </object_component>
      <object_component id="oc-d1">
         <name>.debug_info</name>
         <load_address>0x21a87</load_address>
         <run_address>0x21a87</run_address>
         <size>0x852</size>
         <input_file_ref idref="fl-b4"/>
      </object_component>
      <object_component id="oc-d6">
         <name>.debug_info</name>
         <load_address>0x222d9</load_address>
         <run_address>0x222d9</run_address>
         <size>0xabf</size>
         <input_file_ref idref="fl-b5"/>
      </object_component>
      <object_component id="oc-dc">
         <name>.debug_info</name>
         <load_address>0x22d98</load_address>
         <run_address>0x22d98</run_address>
         <size>0x7ed</size>
         <input_file_ref idref="fl-b6"/>
      </object_component>
      <object_component id="oc-df">
         <name>.debug_info</name>
         <load_address>0x23585</load_address>
         <run_address>0x23585</run_address>
         <size>0x64b</size>
         <input_file_ref idref="fl-b7"/>
      </object_component>
      <object_component id="oc-15c">
         <name>.debug_info</name>
         <load_address>0x23bd0</load_address>
         <run_address>0x23bd0</run_address>
         <size>0x6d</size>
      </object_component>
      <object_component id="oc-19">
         <name>.debug_line</name>
         <load_address>0x0</load_address>
         <run_address>0x0</run_address>
         <size>0x4b</size>
         <input_file_ref idref="fl-2"/>
      </object_component>
      <object_component id="oc-1c">
         <name>.debug_line</name>
         <load_address>0x4b</load_address>
         <run_address>0x4b</run_address>
         <size>0x4c</size>
         <input_file_ref idref="fl-3"/>
      </object_component>
      <object_component id="oc-1f">
         <name>.debug_line</name>
         <load_address>0x97</load_address>
         <run_address>0x97</run_address>
         <size>0x11d</size>
         <input_file_ref idref="fl-4"/>
      </object_component>
      <object_component id="oc-22">
         <name>.debug_line</name>
         <load_address>0x1b4</load_address>
         <run_address>0x1b4</run_address>
         <size>0xa7</size>
         <input_file_ref idref="fl-5"/>
      </object_component>
      <object_component id="oc-25">
         <name>.debug_line</name>
         <load_address>0x25b</load_address>
         <run_address>0x25b</run_address>
         <size>0x18a</size>
         <input_file_ref idref="fl-6"/>
      </object_component>
      <object_component id="oc-28">
         <name>.debug_line</name>
         <load_address>0x3e5</load_address>
         <run_address>0x3e5</run_address>
         <size>0x52</size>
         <input_file_ref idref="fl-7"/>
      </object_component>
      <object_component id="oc-2b">
         <name>.debug_line</name>
         <load_address>0x437</load_address>
         <run_address>0x437</run_address>
         <size>0x57</size>
         <input_file_ref idref="fl-8"/>
      </object_component>
      <object_component id="oc-2f">
         <name>.debug_line</name>
         <load_address>0x48e</load_address>
         <run_address>0x48e</run_address>
         <size>0x21c</size>
         <input_file_ref idref="fl-9"/>
      </object_component>
      <object_component id="oc-32">
         <name>.debug_line</name>
         <load_address>0x6aa</load_address>
         <run_address>0x6aa</run_address>
         <size>0x34</size>
         <input_file_ref idref="fl-a"/>
      </object_component>
      <object_component id="oc-35">
         <name>.debug_line</name>
         <load_address>0x6de</load_address>
         <run_address>0x6de</run_address>
         <size>0x31</size>
         <input_file_ref idref="fl-b"/>
      </object_component>
      <object_component id="oc-39">
         <name>.debug_line</name>
         <load_address>0x70f</load_address>
         <run_address>0x70f</run_address>
         <size>0x2f</size>
         <input_file_ref idref="fl-c"/>
      </object_component>
      <object_component id="oc-3c">
         <name>.debug_line</name>
         <load_address>0x73e</load_address>
         <run_address>0x73e</run_address>
         <size>0x2f</size>
         <input_file_ref idref="fl-d"/>
      </object_component>
      <object_component id="oc-40">
         <name>.debug_line</name>
         <load_address>0x76d</load_address>
         <run_address>0x76d</run_address>
         <size>0x188</size>
         <input_file_ref idref="fl-e"/>
      </object_component>
      <object_component id="oc-43">
         <name>.debug_line</name>
         <load_address>0x8f5</load_address>
         <run_address>0x8f5</run_address>
         <size>0x39</size>
         <input_file_ref idref="fl-f"/>
      </object_component>
      <object_component id="oc-46">
         <name>.debug_line</name>
         <load_address>0x92e</load_address>
         <run_address>0x92e</run_address>
         <size>0x2e</size>
         <input_file_ref idref="fl-10"/>
      </object_component>
      <object_component id="oc-4b">
         <name>.debug_line</name>
         <load_address>0x95c</load_address>
         <run_address>0x95c</run_address>
         <size>0x2f</size>
         <input_file_ref idref="fl-11"/>
      </object_component>
      <object_component id="oc-4e">
         <name>.debug_line</name>
         <load_address>0x98b</load_address>
         <run_address>0x98b</run_address>
         <size>0x3f</size>
         <input_file_ref idref="fl-12"/>
      </object_component>
      <object_component id="oc-52">
         <name>.debug_line</name>
         <load_address>0x9ca</load_address>
         <run_address>0x9ca</run_address>
         <size>0x26</size>
         <input_file_ref idref="fl-8d"/>
      </object_component>
      <object_component id="oc-56">
         <name>.debug_line</name>
         <load_address>0x9f0</load_address>
         <run_address>0x9f0</run_address>
         <size>0x3d</size>
         <input_file_ref idref="fl-8e"/>
      </object_component>
      <object_component id="oc-5f">
         <name>.debug_line</name>
         <load_address>0xa2d</load_address>
         <run_address>0xa2d</run_address>
         <size>0x4f</size>
         <input_file_ref idref="fl-90"/>
      </object_component>
      <object_component id="oc-62">
         <name>.debug_line</name>
         <load_address>0xa7c</load_address>
         <run_address>0xa7c</run_address>
         <size>0x3e</size>
         <input_file_ref idref="fl-91"/>
      </object_component>
      <object_component id="oc-65">
         <name>.debug_line</name>
         <load_address>0xaba</load_address>
         <run_address>0xaba</run_address>
         <size>0x27</size>
         <input_file_ref idref="fl-92"/>
      </object_component>
      <object_component id="oc-68">
         <name>.debug_line</name>
         <load_address>0xae1</load_address>
         <run_address>0xae1</run_address>
         <size>0x3f</size>
         <input_file_ref idref="fl-93"/>
      </object_component>
      <object_component id="oc-6c">
         <name>.debug_line</name>
         <load_address>0xb20</load_address>
         <run_address>0xb20</run_address>
         <size>0x93</size>
         <input_file_ref idref="fl-94"/>
      </object_component>
      <object_component id="oc-71">
         <name>.debug_line</name>
         <load_address>0xbb3</load_address>
         <run_address>0xbb3</run_address>
         <size>0xf5</size>
         <input_file_ref idref="fl-95"/>
      </object_component>
      <object_component id="oc-74">
         <name>.debug_line</name>
         <load_address>0xca8</load_address>
         <run_address>0xca8</run_address>
         <size>0x4a</size>
         <input_file_ref idref="fl-96"/>
      </object_component>
      <object_component id="oc-77">
         <name>.debug_line</name>
         <load_address>0xcf2</load_address>
         <run_address>0xcf2</run_address>
         <size>0x46</size>
         <input_file_ref idref="fl-97"/>
      </object_component>
      <object_component id="oc-7a">
         <name>.debug_line</name>
         <load_address>0xd38</load_address>
         <run_address>0xd38</run_address>
         <size>0x39</size>
         <input_file_ref idref="fl-98"/>
      </object_component>
      <object_component id="oc-7d">
         <name>.debug_line</name>
         <load_address>0xd71</load_address>
         <run_address>0xd71</run_address>
         <size>0x6a</size>
         <input_file_ref idref="fl-99"/>
      </object_component>
      <object_component id="oc-80">
         <name>.debug_line</name>
         <load_address>0xddb</load_address>
         <run_address>0xddb</run_address>
         <size>0x37</size>
         <input_file_ref idref="fl-9a"/>
      </object_component>
      <object_component id="oc-84">
         <name>.debug_line</name>
         <load_address>0xe12</load_address>
         <run_address>0xe12</run_address>
         <size>0x13c</size>
         <input_file_ref idref="fl-9b"/>
      </object_component>
      <object_component id="oc-88">
         <name>.debug_line</name>
         <load_address>0xf4e</load_address>
         <run_address>0xf4e</run_address>
         <size>0x66</size>
         <input_file_ref idref="fl-9c"/>
      </object_component>
      <object_component id="oc-8b">
         <name>.debug_line</name>
         <load_address>0xfb4</load_address>
         <run_address>0xfb4</run_address>
         <size>0x40</size>
         <input_file_ref idref="fl-9d"/>
      </object_component>
      <object_component id="oc-90">
         <name>.debug_line</name>
         <load_address>0xff4</load_address>
         <run_address>0xff4</run_address>
         <size>0x35</size>
         <input_file_ref idref="fl-9e"/>
      </object_component>
      <object_component id="oc-94">
         <name>.debug_line</name>
         <load_address>0x1029</load_address>
         <run_address>0x1029</run_address>
         <size>0x31a</size>
         <input_file_ref idref="fl-9f"/>
      </object_component>
      <object_component id="oc-97">
         <name>.debug_line</name>
         <load_address>0x1343</load_address>
         <run_address>0x1343</run_address>
         <size>0x3f</size>
         <input_file_ref idref="fl-a0"/>
      </object_component>
      <object_component id="oc-9a">
         <name>.debug_line</name>
         <load_address>0x1382</load_address>
         <run_address>0x1382</run_address>
         <size>0x45</size>
         <input_file_ref idref="fl-a1"/>
      </object_component>
      <object_component id="oc-9d">
         <name>.debug_line</name>
         <load_address>0x13c7</load_address>
         <run_address>0x13c7</run_address>
         <size>0x49</size>
         <input_file_ref idref="fl-a2"/>
      </object_component>
      <object_component id="oc-a0">
         <name>.debug_line</name>
         <load_address>0x1410</load_address>
         <run_address>0x1410</run_address>
         <size>0x45</size>
         <input_file_ref idref="fl-a3"/>
      </object_component>
      <object_component id="oc-a3">
         <name>.debug_line</name>
         <load_address>0x1455</load_address>
         <run_address>0x1455</run_address>
         <size>0x44</size>
         <input_file_ref idref="fl-a4"/>
      </object_component>
      <object_component id="oc-a8">
         <name>.debug_line</name>
         <load_address>0x1499</load_address>
         <run_address>0x1499</run_address>
         <size>0x3c</size>
         <input_file_ref idref="fl-a6"/>
      </object_component>
      <object_component id="oc-ab">
         <name>.debug_line</name>
         <load_address>0x14d5</load_address>
         <run_address>0x14d5</run_address>
         <size>0x44</size>
         <input_file_ref idref="fl-a7"/>
      </object_component>
      <object_component id="oc-ae">
         <name>.debug_line</name>
         <load_address>0x1519</load_address>
         <run_address>0x1519</run_address>
         <size>0x3d</size>
         <input_file_ref idref="fl-a8"/>
      </object_component>
      <object_component id="oc-b1">
         <name>.debug_line</name>
         <load_address>0x1556</load_address>
         <run_address>0x1556</run_address>
         <size>0x3d</size>
         <input_file_ref idref="fl-a9"/>
      </object_component>
      <object_component id="oc-b4">
         <name>.debug_line</name>
         <load_address>0x1593</load_address>
         <run_address>0x1593</run_address>
         <size>0x3e</size>
         <input_file_ref idref="fl-aa"/>
      </object_component>
      <object_component id="oc-b7">
         <name>.debug_line</name>
         <load_address>0x15d1</load_address>
         <run_address>0x15d1</run_address>
         <size>0x3c</size>
         <input_file_ref idref="fl-ab"/>
      </object_component>
      <object_component id="oc-ba">
         <name>.debug_line</name>
         <load_address>0x160d</load_address>
         <run_address>0x160d</run_address>
         <size>0x73</size>
         <input_file_ref idref="fl-ac"/>
      </object_component>
      <object_component id="oc-bd">
         <name>.debug_line</name>
         <load_address>0x1680</load_address>
         <run_address>0x1680</run_address>
         <size>0x61</size>
         <input_file_ref idref="fl-ad"/>
      </object_component>
      <object_component id="oc-c0">
         <name>.debug_line</name>
         <load_address>0x16e1</load_address>
         <run_address>0x16e1</run_address>
         <size>0x38</size>
         <input_file_ref idref="fl-ae"/>
      </object_component>
      <object_component id="oc-c3">
         <name>.debug_line</name>
         <load_address>0x1719</load_address>
         <run_address>0x1719</run_address>
         <size>0x56</size>
         <input_file_ref idref="fl-af"/>
      </object_component>
      <object_component id="oc-c6">
         <name>.debug_line</name>
         <load_address>0x176f</load_address>
         <run_address>0x176f</run_address>
         <size>0x40</size>
         <input_file_ref idref="fl-b0"/>
      </object_component>
      <object_component id="oc-c9">
         <name>.debug_line</name>
         <load_address>0x17af</load_address>
         <run_address>0x17af</run_address>
         <size>0x3f</size>
         <input_file_ref idref="fl-b1"/>
      </object_component>
      <object_component id="oc-cc">
         <name>.debug_line</name>
         <load_address>0x17ee</load_address>
         <run_address>0x17ee</run_address>
         <size>0x3f</size>
         <input_file_ref idref="fl-b2"/>
      </object_component>
      <object_component id="oc-cf">
         <name>.debug_line</name>
         <load_address>0x182d</load_address>
         <run_address>0x182d</run_address>
         <size>0x23</size>
         <input_file_ref idref="fl-b3"/>
      </object_component>
      <object_component id="oc-d4">
         <name>.debug_line</name>
         <load_address>0x1850</load_address>
         <run_address>0x1850</run_address>
         <size>0x42</size>
         <input_file_ref idref="fl-b4"/>
      </object_component>
      <object_component id="oc-da">
         <name>.debug_line</name>
         <load_address>0x1892</load_address>
         <run_address>0x1892</run_address>
         <size>0xa7</size>
         <input_file_ref idref="fl-b5"/>
      </object_component>
      <object_component id="oc-dd">
         <name>.debug_line</name>
         <load_address>0x1939</load_address>
         <run_address>0x1939</run_address>
         <size>0x3e</size>
         <input_file_ref idref="fl-b6"/>
      </object_component>
      <object_component id="oc-e0">
         <name>.debug_line</name>
         <load_address>0x1977</load_address>
         <run_address>0x1977</run_address>
         <size>0x39</size>
         <input_file_ref idref="fl-b7"/>
      </object_component>
      <object_component id="oc-1a">
         <name>.debug_abbrev</name>
         <load_address>0x0</load_address>
         <run_address>0x0</run_address>
         <size>0xe9</size>
         <input_file_ref idref="fl-2"/>
      </object_component>
      <object_component id="oc-1d">
         <name>.debug_abbrev</name>
         <load_address>0xe9</load_address>
         <run_address>0xe9</run_address>
         <size>0xe7</size>
         <input_file_ref idref="fl-3"/>
      </object_component>
      <object_component id="oc-20">
         <name>.debug_abbrev</name>
         <load_address>0x1d0</load_address>
         <run_address>0x1d0</run_address>
         <size>0x16f</size>
         <input_file_ref idref="fl-4"/>
      </object_component>
      <object_component id="oc-23">
         <name>.debug_abbrev</name>
         <load_address>0x33f</load_address>
         <run_address>0x33f</run_address>
         <size>0x123</size>
         <input_file_ref idref="fl-5"/>
      </object_component>
      <object_component id="oc-26">
         <name>.debug_abbrev</name>
         <load_address>0x462</load_address>
         <run_address>0x462</run_address>
         <size>0x1b3</size>
         <input_file_ref idref="fl-6"/>
      </object_component>
      <object_component id="oc-29">
         <name>.debug_abbrev</name>
         <load_address>0x615</load_address>
         <run_address>0x615</run_address>
         <size>0xe7</size>
         <input_file_ref idref="fl-7"/>
      </object_component>
      <object_component id="oc-2c">
         <name>.debug_abbrev</name>
         <load_address>0x6fc</load_address>
         <run_address>0x6fc</run_address>
         <size>0x111</size>
         <input_file_ref idref="fl-8"/>
      </object_component>
      <object_component id="oc-30">
         <name>.debug_abbrev</name>
         <load_address>0x80d</load_address>
         <run_address>0x80d</run_address>
         <size>0x14b</size>
         <input_file_ref idref="fl-9"/>
      </object_component>
      <object_component id="oc-33">
         <name>.debug_abbrev</name>
         <load_address>0x958</load_address>
         <run_address>0x958</run_address>
         <size>0x119</size>
         <input_file_ref idref="fl-a"/>
      </object_component>
      <object_component id="oc-36">
         <name>.debug_abbrev</name>
         <load_address>0xa71</load_address>
         <run_address>0xa71</run_address>
         <size>0x153</size>
         <input_file_ref idref="fl-b"/>
      </object_component>
      <object_component id="oc-3a">
         <name>.debug_abbrev</name>
         <load_address>0xbc4</load_address>
         <run_address>0xbc4</run_address>
         <size>0x137</size>
         <input_file_ref idref="fl-c"/>
      </object_component>
      <object_component id="oc-3d">
         <name>.debug_abbrev</name>
         <load_address>0xcfb</load_address>
         <run_address>0xcfb</run_address>
         <size>0xe7</size>
         <input_file_ref idref="fl-d"/>
      </object_component>
      <object_component id="oc-41">
         <name>.debug_abbrev</name>
         <load_address>0xde2</load_address>
         <run_address>0xde2</run_address>
         <size>0x118</size>
         <input_file_ref idref="fl-e"/>
      </object_component>
      <object_component id="oc-44">
         <name>.debug_abbrev</name>
         <load_address>0xefa</load_address>
         <run_address>0xefa</run_address>
         <size>0xca</size>
         <input_file_ref idref="fl-f"/>
      </object_component>
      <object_component id="oc-47">
         <name>.debug_abbrev</name>
         <load_address>0xfc4</load_address>
         <run_address>0xfc4</run_address>
         <size>0x132</size>
         <input_file_ref idref="fl-10"/>
      </object_component>
      <object_component id="oc-4c">
         <name>.debug_abbrev</name>
         <load_address>0x10f6</load_address>
         <run_address>0x10f6</run_address>
         <size>0x13a</size>
         <input_file_ref idref="fl-11"/>
      </object_component>
      <object_component id="oc-4f">
         <name>.debug_abbrev</name>
         <load_address>0x1230</load_address>
         <run_address>0x1230</run_address>
         <size>0xe5</size>
         <input_file_ref idref="fl-12"/>
      </object_component>
      <object_component id="oc-53">
         <name>.debug_abbrev</name>
         <load_address>0x1315</load_address>
         <run_address>0x1315</run_address>
         <size>0x11a</size>
         <input_file_ref idref="fl-8d"/>
      </object_component>
      <object_component id="oc-57">
         <name>.debug_abbrev</name>
         <load_address>0x142f</load_address>
         <run_address>0x142f</run_address>
         <size>0xfe</size>
         <input_file_ref idref="fl-8e"/>
      </object_component>
      <object_component id="oc-5b">
         <name>.debug_abbrev</name>
         <load_address>0x152d</load_address>
         <run_address>0x152d</run_address>
         <size>0x8e</size>
         <input_file_ref idref="fl-8f"/>
      </object_component>
      <object_component id="oc-60">
         <name>.debug_abbrev</name>
         <load_address>0x15bb</load_address>
         <run_address>0x15bb</run_address>
         <size>0x119</size>
         <input_file_ref idref="fl-90"/>
      </object_component>
      <object_component id="oc-63">
         <name>.debug_abbrev</name>
         <load_address>0x16d4</load_address>
         <run_address>0x16d4</run_address>
         <size>0x12d</size>
         <input_file_ref idref="fl-91"/>
      </object_component>
      <object_component id="oc-66">
         <name>.debug_abbrev</name>
         <load_address>0x1801</load_address>
         <run_address>0x1801</run_address>
         <size>0x14f</size>
         <input_file_ref idref="fl-92"/>
      </object_component>
      <object_component id="oc-69">
         <name>.debug_abbrev</name>
         <load_address>0x1950</load_address>
         <run_address>0x1950</run_address>
         <size>0x11f</size>
         <input_file_ref idref="fl-93"/>
[...]
         <name>___c_args__</name>
         <value>0xffffffff</value>
      </symbol>
      <symbol id="sm-a">
         <name>.text</name>
         <value>0x80000000</value>
      </symbol>
      <symbol id="sm-b">
         <name>___text__</name>
         <value>0x80000000</value>
      </symbol>
      <symbol id="sm-c">
         <name>etext</name>
         <value>0x800092c0</value>
      </symbol>
      <symbol id="sm-d">
         <name>___etext__</name>
         <value>0x800092c0</value>
      </symbol>
      <symbol id="sm-e">
         <name>.data</name>
         <value>0x80000000</value>
      </symbol>
      <symbol id="sm-f">
         <name>___data__</name>
         <value>0x80000000</value>
      </symbol>
      <symbol id="sm-10">
         <name>edata</name>
         <value>0x80000000</value>
      </symbol>
      <symbol id="sm-11">
         <name>___edata__</name>
         <value>0x80000000</value>
      </symbol>
      <symbol id="sm-12">
         <name>.bss</name>
         <value>0x80000000</value>
      </symbol>
      <symbol id="sm-13">
         <name>___bss__</name>
         <value>0x80000000</value>
      </symbol>
      <symbol id="sm-14">
         <name>end</name>
         <value>0x80000000</value>
      </symbol>
      <symbol id="sm-15">
         <name>___end__</name>
         <value>0x80000000</value>
      </symbol>
      <symbol id="sm-16">
         <name>___TI_pprof_out_hndl</name>
         <value>0xffffffff</value>
      </symbol>
      <symbol id="sm-17">
         <name>___TI_prof_data_start</name>
         <value>0xffffffff</value>
      </symbol>
      <symbol id="sm-18">
         <name>___TI_prof_data_size</name>
         <value>0xffffffff</value>
      </symbol>
      <symbol id="sm-19">
         <name>$bss</name>
         <value>0x80000000</value>
      </symbol>
      <symbol id="sm-87">
         <name>_mont</name>
         <value>0x80001308</value>
         <object_component_ref idref="oc-fe"/>
      </symbol>
      <symbol id="sm-88">
         <name>_SUB_COND</name>
         <value>0x800011ec</value>
         <object_component_ref idref="oc-fe"/>
      </symbol>
      <symbol id="sm-89">
         <name>_montMultiplication</name>
         <value>0x80000e20</value>
         <object_component_ref idref="oc-fe"/>
      </symbol>
      <symbol id="sm-8a">
         <name>_ADD</name>
         <value>0x80001184</value>
         <object_component_ref idref="oc-fe"/>
      </symbol>
      <symbol id="sm-8b">
         <name>_montExp</name>
         <value>0x80001580</value>
         <object_component_ref idref="oc-fe"/>
      </symbol>
      <symbol id="sm-d1">
         <name>_modularInverse</name>
         <value>0x800019a0</value>
         <object_component_ref idref="oc-fc"/>
      </symbol>
      <symbol id="sm-d2">
         <name>_signedSubtraction</name>
         <value>0x80001900</value>
         <object_component_ref idref="oc-fc"/>
      </symbol>
      <symbol id="sm-fd">
         <name>_modFaster</name>
         <value>0x80000ad0</value>
         <object_component_ref idref="oc-103"/>
      </symbol>
      <symbol id="sm-fe">
         <name>_modSquare</name>
         <value>0x80000ca4</value>
         <object_component_ref idref="oc-103"/>
      </symbol>
      <symbol id="sm-ff">
         <name>_from2to32</name>
         <value>0x800000a0</value>
         <object_component_ref idref="oc-103"/>
      </symbol>
      <symbol id="sm-100">
         <name>_squareProduct</name>
         <value>0x80000474</value>
         <object_component_ref idref="oc-103"/>
      </symbol>
      <symbol id="sm-101">
         <name>_mod</name>
         <value>0x80000964</value>
         <object_component_ref idref="oc-103"/>
      </symbol>
      <symbol id="sm-102">
         <name>_positionMSB</name>
         <value>0x80000000</value>
         <object_component_ref idref="oc-103"/>
      </symbol>
      <symbol id="sm-103">
         <name>_modMult</name>
         <value>0x80000d58</value>
         <object_component_ref idref="oc-103"/>
      </symbol>
      <symbol id="sm-104">
         <name>_multiplication</name>
         <value>0x8000070c</value>
         <object_component_ref idref="oc-103"/>
      </symbol>
      <symbol id="sm-143">
         <name>_flipArray</name>
         <value>0x80003038</value>
         <object_component_ref idref="oc-ff"/>
      </symbol>
      <symbol id="sm-144">
         <name>_divideByTwo</name>
         <value>0x800030b0</value>
         <object_component_ref idref="oc-ff"/>
      </symbol>
      <symbol id="sm-145">
         <name>_zerosArray16</name>
         <value>0x80002aa0</value>
         <object_component_ref idref="oc-ff"/>
      </symbol>
      <symbol id="sm-146">
         <name>_printArray32</name>
         <value>0x80002e8c</value>
         <object_component_ref idref="oc-ff"/>
      </symbol>
      <symbol id="sm-147">
         <name>_copyArray32</name>
         <value>0x80003150</value>
         <object_component_ref idref="oc-ff"/>
      </symbol>
      <symbol id="sm-148">
         <name>_subtraction</name>
         <value>0x80002d20</value>
         <object_component_ref idref="oc-ff"/>
      </symbol>
      <symbol id="sm-149">
         <name>_isBiggerThanOrEqual</name>
         <value>0x80002acc</value>
         <object_component_ref idref="oc-ff"/>
      </symbol>
      <symbol id="sm-14a">
         <name>_printArray8</name>
         <value>0x80002df8</value>
         <object_component_ref idref="oc-ff"/>
      </symbol>
      <symbol id="sm-14b">
         <name>_multiplyByTwo</name>
         <value>0x80002f80</value>
         <object_component_ref idref="oc-ff"/>
      </symbol>
      <symbol id="sm-14c">
         <name>_copyArray8</name>
         <value>0x800030ec</value>
         <object_component_ref idref="oc-ff"/>
      </symbol>
      <symbol id="sm-14d">
         <name>_subtractionWithSign</name>
         <value>0x80002b4c</value>
         <object_component_ref idref="oc-ff"/>
      </symbol>
      <symbol id="sm-14e">
         <name>_addition</name>
         <value>0x800031c4</value>
         <object_component_ref idref="oc-ff"/>
      </symbol>
      <symbol id="sm-14f">
         <name>_zerosArray</name>
         <value>0x80002ab4</value>
         <object_component_ref idref="oc-ff"/>
      </symbol>
      <symbol id="sm-150">
         <name>_numberIsZero</name>
         <value>0x80002f20</value>
         <object_component_ref idref="oc-ff"/>
      </symbol>
      <symbol id="sm-151">
         <name>_isBiggerThan</name>
         <value>0x80002fc4</value>
         <object_component_ref idref="oc-ff"/>
      </symbol>
      <symbol id="sm-1af">
         <name>_printCharNoSpaces</name>
         <value>0x800022b0</value>
         <object_component_ref idref="oc-fd"/>
      </symbol>
      <symbol id="sm-1b0">
         <name>_printArray</name>
         <value>0x80002618</value>
         <object_component_ref idref="oc-fd"/>
      </symbol>
      <symbol id="sm-1b1">
         <name>_XOR</name>
         <value>0x80002a14</value>
         <object_component_ref idref="oc-fd"/>
      </symbol>
      <symbol id="sm-1b2">
         <name>_copyArrayFrom0</name>
         <value>0x800028ec</value>
         <object_component_ref idref="oc-fd"/>
      </symbol>
      <symbol id="sm-1b3">
         <name>_concat</name>
         <value>0x800029b4</value>
         <object_component_ref idref="oc-fd"/>
      </symbol>
      <symbol id="sm-1b4">
         <name>_copyArray</name>
         <value>0x80002950</value>
         <object_component_ref idref="oc-fd"/>
      </symbol>
      <symbol id="sm-1b5">
         <name>_printChar</name>
         <value>0x80002340</value>
         <object_component_ref idref="oc-fd"/>
      </symbol>
      <symbol id="sm-1b6">
         <name>_printArrayNoSpaces</name>
         <value>0x8000258c</value>
         <object_component_ref idref="oc-fd"/>
      </symbol>
      <symbol id="sm-1b7">
         <name>_printArrayNoSpaces32</name>
         <value>0x80002500</value>
         <object_component_ref idref="oc-fd"/>
      </symbol>
      <symbol id="sm-1b8">
         <name>_hexToString</name>
         <value>0x800027e0</value>
         <object_component_ref idref="oc-fd"/>
      </symbol>
      <symbol id="sm-1b9">
         <name>_seeTheDifference</name>
         <value>0x80002220</value>
         <object_component_ref idref="oc-fd"/>
      </symbol>
      <symbol id="sm-1ba">
         <name>_timeData</name>
         <value>0x80002200</value>
         <object_component_ref idref="oc-fd"/>
      </symbol>
      <symbol id="sm-1f3">
         <name>_main</name>
         <value>0x80005520</value>
         <object_component_ref idref="oc-f0"/>
      </symbol>
      <symbol id="sm-20c">
         <name>_c_int00</name>
         <value>0x80008d40</value>
         <object_component_ref idref="oc-17"/>
      </symbol>
      <symbol id="sm-20d">
         <name>__stack</name>
         <value>0x8000d2c0</value>
         <object_component_ref idref="oc-55"/>
      </symbol>
      <symbol id="sm-217">
         <name>__tmpnams</name>
         <value>0x8000f4a0</value>
         <object_component_ref idref="oc-5a"/>
      </symbol>
      <symbol id="sm-218">
         <name>__ft_end</name>
         <value>0x8000f5e0</value>
         <object_component_ref idref="oc-5a"/>
      </symbol>
      <symbol id="sm-219">
         <name>__ftable</name>
         <value>0x8000f2c0</value>
         <object_component_ref idref="oc-5a"/>
      </symbol>
      <symbol id="sm-230">
         <name>C$$EXIT</name>
         <value>0x80009280</value>
         <object_component_ref idref="oc-f1"/>
      </symbol>
      <symbol id="sm-231">
         <name>_exit</name>
         <value>0x80008160</value>
         <object_component_ref idref="oc-e4"/>
      </symbol>
      <symbol id="sm-232">
         <name>___TI_enable_exit_profile_output</name>
         <value>0x8000f730</value>
         <object_component_ref idref="oc-5e"/>
      </symbol>
      <symbol id="sm-233">
         <name>_abort</name>
         <value>0x80009280</value>
         <object_component_ref idref="oc-f1"/>
      </symbol>
      <symbol id="sm-234">
         <name>__cleanup_ptr</name>
         <value>0x8000f728</value>
         <object_component_ref idref="oc-5e"/>
      </symbol>
      <symbol id="sm-235">
         <name>__dtors_ptr</name>
         <value>0x8000f72c</value>
         <object_component_ref idref="oc-5e"/>
      </symbol>
      <symbol id="sm-242">
         <name>__doflush</name>
         <value>0x800080a0</value>
         <object_component_ref idref="oc-10f"/>
      </symbol>
      <symbol id="sm-264">
         <name>_putc</name>
         <value>0x80006360</value>
         <object_component_ref idref="oc-10d"/>
      </symbol>
      <symbol id="sm-265">
         <name>_fputc</name>
         <value>0x80006360</value>
         <object_component_ref idref="oc-10d"/>
      </symbol>
      <symbol id="sm-287">
         <name>_fputs</name>
         <value>0x80004660</value>
         <object_component_ref idref="oc-108"/>
      </symbol>
      <symbol id="sm-2c4">
         <name>_unlink</name>
         <value>0x80008e40</value>
         <object_component_ref idref="oc-13b"/>
      </symbol>
      <symbol id="sm-2c5">
         <name>_lseek</name>
         <value>0x80008920</value>
         <object_component_ref idref="oc-11f"/>
      </symbol>
      <symbol id="sm-2c6">
         <name>_close</name>
         <value>0x80007980</value>
         <object_component_ref idref="oc-135"/>
      </symbol>
      <symbol id="sm-2c7">
         <name>_write</name>
         <value>0x80008ba0</value>
         <object_component_ref idref="oc-110"/>
      </symbol>
      <symbol id="sm-2cf">
         <name>_memcpy</name>
         <value>0x800089c0</value>
         <object_component_ref idref="oc-ee"/>
      </symbol>
      <symbol id="sm-2da">
         <name>_memset</name>
         <value>0x80007a60</value>
         <object_component_ref idref="oc-f4"/>
      </symbol>
      <symbol id="sm-2e4">
         <name>__negll</name>
         <value>0x80009200</value>
         <object_component_ref idref="oc-102"/>
      </symbol>
      <symbol id="sm-2f9">
         <name>_printf</name>
         <value>0x80007b40</value>
         <object_component_ref idref="oc-101"/>
      </symbol>
      <symbol id="sm-303">
         <name>_time</name>
         <value>0x800091c0</value>
         <object_component_ref idref="oc-100"/>
      </symbol>
      <symbol id="sm-330">
         <name>_HOSTopen</name>
         <value>0x800077c0</value>
         <object_component_ref idref="oc-e5"/>
      </symbol>
      <symbol id="sm-331">
         <name>_HOSTread</name>
         <value>0x80007c20</value>
         <object_component_ref idref="oc-e7"/>
      </symbol>
      <symbol id="sm-332">
         <name>_HOSTtime</name>
         <value>0x80008380</value>
         <object_component_ref idref="oc-104"/>
      </symbol>
      <symbol id="sm-333">
         <name>_HOSTrename</name>
         <value>0x80006ce0</value>
         <object_component_ref idref="oc-eb"/>
      </symbol>
      <symbol id="sm-334">
         <name>_HOSTwrite</name>
         <value>0x80007da0</value>
         <object_component_ref idref="oc-e8"/>
      </symbol>
      <symbol id="sm-335">
         <name>_HOSTlseek</name>
         <value>0x800075c0</value>
         <object_component_ref idref="oc-e9"/>
      </symbol>
      <symbol id="sm-336">
         <name>_HOSTunlink</name>
         <value>0x80007ce0</value>
         <object_component_ref idref="oc-ea"/>
      </symbol>
      <symbol id="sm-337">
         <name>_HOSTclose</name>
         <value>0x800082e0</value>
         <object_component_ref idref="oc-e6"/>
      </symbol>
      <symbol id="sm-347">
         <name>C$$IO$$</name>
         <value>0x80009038</value>
         <object_component_ref idref="oc-f2"/>
      </symbol>
      <symbol id="sm-348">
         <name>__CIOBUF_</name>
         <value>0x8000fb98</value>
         <object_component_ref idref="oc-87"/>
      </symbol>
      <symbol id="sm-349">
         <name>_readmsg</name>
         <value>0x80008dc0</value>
         <object_component_ref idref="oc-f3"/>
      </symbol>
      <symbol id="sm-34a">
         <name>_writemsg</name>
         <value>0x80008fe0</value>
         <object_component_ref idref="oc-f2"/>
      </symbol>
      <symbol id="sm-359">
         <name>__wrt_ok</name>
         <value>0x800076c0</value>
         <object_component_ref idref="oc-10e"/>
      </symbol>
      <symbol id="sm-367">
         <name>__unlock</name>
         <value>0x8000f738</value>
         <object_component_ref idref="oc-8f"/>
      </symbol>
      <symbol id="sm-368">
         <name>__lock</name>
         <value>0x8000f734</value>
         <object_component_ref idref="oc-8f"/>
      </symbol>
      <symbol id="sm-369">
         <name>__nop</name>
         <value>0x80009220</value>
         <object_component_ref idref="oc-ec"/>
      </symbol>
      <symbol id="sm-473">
         <name>__printfi</name>
         <value>0x80003de0</value>
         <object_component_ref idref="oc-106"/>
      </symbol>
      <symbol id="sm-47d">
         <name>__args_main</name>
         <value>0x800090c0</value>
         <object_component_ref idref="oc-e3"/>
      </symbol>
      <symbol id="sm-47e">
         <name>__TI_args_main</name>
         <value>0x1</value>
      </symbol>
      <symbol id="sm-48c">
         <name>_atoi</name>
         <value>0x800078a0</value>
         <object_component_ref idref="oc-111"/>
      </symbol>
      <symbol id="sm-49b">
         <name>__auto_init</name>
         <value>0x80007e60</value>
         <object_component_ref idref="oc-e2"/>
      </symbol>
      <symbol id="sm-4a8">
         <name>___TI_cpp_init</name>
         <value>0x80008ec0</value>
         <object_component_ref idref="oc-ef"/>
      </symbol>
      <symbol id="sm-4b6">
         <name>_copy_in</name>
         <value>0x800087e0</value>
         <object_component_ref idref="oc-ed"/>
      </symbol>
      <symbol id="sm-4be">
         <name>__ctypes_</name>
         <value>0x8000f750</value>
         <object_component_ref idref="oc-117"/>
      </symbol>
      <symbol id="sm-4d0">
         <name>__divd</name>
         <value>0x800032c0</value>
         <object_component_ref idref="oc-128"/>
      </symbol>
      <symbol id="sm-4d9">
         <name>__c6xabi_divu</name>
         <value>0x80007fe0</value>
         <object_component_ref idref="oc-132"/>
      </symbol>
      <symbol id="sm-4da">
         <name>__divu</name>
         <value>0x80007fe0</value>
         <object_component_ref idref="oc-132"/>
      </symbol>
      <symbol id="sm-4e7">
         <name>__fixdli</name>
         <value>0x800086a0</value>
         <object_component_ref idref="oc-12d"/>
      </symbol>
      <symbol id="sm-4f2">
         <name>__fltlid</name>
         <value>0x80008c40</value>
         <object_component_ref idref="oc-12f"/>
      </symbol>
      <symbol id="sm-4fc">
         <name>__frcmpyd_div</name>
         <value>0x80009100</value>
         <object_component_ref idref="oc-131"/>
      </symbol>
      <symbol id="sm-50d">
         <name>_fseek</name>
         <value>0x800074a0</value>
         <object_component_ref idref="oc-115"/>
      </symbol>
      <symbol id="sm-51d">
         <name>__divul</name>
         <value>0x80006b40</value>
         <object_component_ref idref="oc-133"/>
      </symbol>
      <symbol id="sm-51e">
         <name>__remli</name>
         <value>0x80009180</value>
         <object_component_ref idref="oc-137"/>
      </symbol>
      <symbol id="sm-51f">
         <name>__divli</name>
         <value>0x800084c0</value>
         <object_component_ref idref="oc-138"/>
      </symbol>
      <symbol id="sm-533">
         <name>__subcull</name>
         <value>0x80008f20</value>
         <object_component_ref idref="oc-13a"/>
      </symbol>
      <symbol id="sm-534">
         <name>__divull</name>
         <value>0x80005a40</value>
         <object_component_ref idref="oc-134"/>
      </symbol>
      <symbol id="sm-53e">
         <name>___isinf</name>
         <value>0x80009040</value>
         <object_component_ref idref="oc-119"/>
      </symbol>
      <symbol id="sm-54c">
         <name>__llshl</name>
         <value>0x80008cc0</value>
         <object_component_ref idref="oc-139"/>
      </symbol>
      <symbol id="sm-54d">
         <name>__llshru</name>
         <value>0x80009140</value>
         <object_component_ref idref="oc-130"/>
      </symbol>
      <symbol id="sm-55a">
         <name>_ltoa</name>
         <value>0x80008220</value>
         <object_component_ref idref="oc-12e"/>
      </symbol>
      <symbol id="sm-567">
         <name>_memccpy</name>
         <value>0x80008f80</value>
         <object_component_ref idref="oc-114"/>
      </symbol>
      <symbol id="sm-57d">
         <name>_setvbuf</name>
         <value>0x80006780</value>
         <object_component_ref idref="oc-116"/>
      </symbol>
      <symbol id="sm-597">
         <name>__cleanup</name>
         <value>0x80008420</value>
         <object_component_ref idref="oc-122"/>
      </symbol>
      <symbol id="sm-5d0">
         <name>__sys_memory</name>
         <value>0x800092c0</value>
         <object_component_ref idref="oc-d9"/>
      </symbol>
      <symbol id="sm-5d1">
         <name>_free</name>
         <value>0x800057c0</value>
         <object_component_ref idref="oc-120"/>
      </symbol>
      <symbol id="sm-5d2">
         <name>_malloc</name>
         <value>0x80006e60</value>
         <object_component_ref idref="oc-121"/>
      </symbol>
      <symbol id="sm-5e4">
         <name>__closefile</name>
         <value>0x80007260</value>
         <object_component_ref idref="oc-12c"/>
      </symbol>
      <symbol id="sm-5ee">
         <name>_remove</name>
         <value>0x800092a0</value>
         <object_component_ref idref="oc-136"/>
      </symbol>
   </symbol_table>
</link_info>
