******************************************************************************
               TMS320C6x Linker PC v7.4.4                      
******************************************************************************
>> Linked Tue May 09 22:18:36 2017

OUTPUT FILE NAME:   <ccsProject.out>
ENTRY POINT SYMBOL: "_c_int00"  address: 80008d40


MEMORY CONFIGURATION

         name            origin    length      used     unused   attr    fill
----------------------  --------  ---------  --------  --------  ----  --------
  DSPL2ROM              00700000   00010000  00000000  00010000  RWIX
  DSPL2RAM              00800000   00040000  00000000  00040000  RWIX
  DSPL1PRAM             00e00000   00008000  00000000  00008000  RWIX
  DSPL1DRAM             00f00000   00008000  00000000  00008000  RWIX
  SHDSPL2ROM            11700000   00010000  00000000  00010000  RWIX
  SHDSPL2RAM            11800000   00040000  00000000  00040000  RWIX
  SHDSPL1PRAM           11e00000   00008000  00000000  00008000  RWIX
  SHDSPL1DRAM           11f00000   00008000  00000000  00008000  RWIX
  EMIFACS0              40000000   20000000  00000000  20000000  RWIX
  EMIFACS2              60000000   02000000  00000000  02000000  RWIX
  EMIFACS3              62000000   02000000  00000000  02000000  RWIX
  EMIFACS4              64000000   02000000  00000000  02000000  RWIX
  EMIFACS5              66000000   02000000  00000000  02000000  RWIX
  SHRAM                 80000000   00020000  0000fcb4  0001034c  RWIX
  DDR2                  c0000000   20000000  00000000  20000000  RWIX


SECTION ALLOCATION MAP

 output                                  attributes/
section   page    origin      length       input sections
--------  ----  ----------  ----------   ----------------
.pinit     0    80000000    00000000     UNINITIALIZED

.text      0    80000000    000092c0     
                  80000000    00000e20     modFunctions32.obj (.text)
                  80000e20    00000ae0     montExponentiation32.obj (.text)
                  80001900    00000900     modularInverse32.obj (.text)
                  80002200    000008a0     helpfulFunctions.obj (.text)
                  80002aa0    00000820     additionalFunctions32.obj (.text)
                  800032c0    000005a0     rts6740.lib : divd.obj (.text:__divd)
                  80003860    00000580                 : _printfi.obj (.text:__getarg_diouxp)
                  80003de0    00000440                 : _printfi.obj (.text:__printfi)
                  80004220    00000440                 : _printfi.obj (.text:__setfield)
                  80004660    000003a0                 : fputs.obj (.text:_fputs)
                  80004a00    00000320                 : _printfi.obj (.text:__pproc_fge)
                  80004d20    000002c0                 : _printfi.obj (.text:__pproc_fwp)
                  80004fe0    000002a0                 : _printfi.obj (.text:_ecvt)
                  80005280    000002a0                 : _printfi.obj (.text:_fcvt)
                  80005520    000002a0     main.obj (.text)
                  800057c0    00000280     rts6740.lib : memory.obj (.text:_free)
                  80005a40    00000260                 : imath64.obj (.text:__divull)
                  80005ca0    00000260                 : _printfi.obj (.text:__pconv_e)
                  80005f00    00000240                 : _printfi.obj (.text:__pproc_diouxp)
                  80006140    00000220                 : _printfi.obj (.text:__pproc_str)
                  80006360    00000220                 : fputc.obj (.text:_fputc)
                  80006580    00000200                 : _printfi.obj (.text:__pconv_g)
                  80006780    00000200                 : setvbuf.obj (.text:_setvbuf)
                  80006980    000001c0                 : _printfi.obj (.text:__mcpy)
                  80006b40    000001a0                 : imath40.obj (.text:__divul)
                  80006ce0    00000180                 : trgdrv.obj (.text:_HOSTrename)
                  80006e60    00000180                 : memory.obj (.text:_malloc)
                  80006fe0    00000140                 : _printfi.obj (.text:__pproc_fflags)
                  80007120    00000140                 : lowlev.obj (.text:_getdevice)
                  80007260    00000120                 : fclose.obj (.text:__closefile)
                  80007380    00000120                 : _printfi.obj (.text:__ltostr)
                  800074a0    00000120                 : fseek.obj (.text:_fseek)
                  800075c0    00000100                 : trgdrv.obj (.text:_HOSTlseek)
                  800076c0    00000100                 : _io_perm.obj (.text:__wrt_ok)
                  800077c0    000000e0                 : trgdrv.obj (.text:_HOSTopen)
                  800078a0    000000e0                 : atoi.obj (.text:_atoi)
                  80007980    000000e0                 : lowlev.obj (.text:_close)
                  80007a60    000000e0                 : memset.obj (.text:_memset)
                  80007b40    000000e0                 : printf.obj (.text:_printf)
                  80007c20    000000c0                 : trgdrv.obj (.text:_HOSTread)
                  80007ce0    000000c0                 : trgdrv.obj (.text:_HOSTunlink)
                  80007da0    000000c0                 : trgdrv.obj (.text:_HOSTwrite)
                  80007e60    000000c0                 : autoinit.obj (.text:__auto_init)
                  80007f20    000000c0                 : _printfi.obj (.text:__div)
                  80007fe0    000000c0                 : divu.obj (.text:__divu)
                  800080a0    000000c0                 : fflush.obj (.text:__doflush)
                  80008160    000000c0                 : exit.obj (.text:_exit)
                  80008220    000000c0                 : ltoa.obj (.text:_ltoa)
                  800082e0    000000a0                 : trgdrv.obj (.text:_HOSTclose)
                  80008380    000000a0                 : trgdrv.obj (.text:_HOSTtime)
                  80008420    000000a0                 : fopen.obj (.text:__cleanup)
                  800084c0    000000a0                 : imath40.obj (.text:__divli)
                  80008560    000000a0                 : _printfi.obj (.text:__ecpy)
                  80008600    000000a0                 : _printfi.obj (.text:__fcpy)
                  800086a0    000000a0                 : fixdli.obj (.text:__fixdli)
                  80008740    000000a0                 : _printfi.obj (.text:__pconv_f)
                  800087e0    000000a0                 : cpy_tbl.obj (.text:_copy_in)
                  80008880    000000a0                 : lowlev.obj (.text:_finddevice)
                  80008920    000000a0                 : lowlev.obj (.text:_lseek)
                  800089c0    000000a0                 : memcpy64.obj (.text:_memcpy)
                  80008a60    000000a0                 : memory.obj (.text:_minsert)
                  80008b00    000000a0                 : memory.obj (.text:_mremove)
                  80008ba0    000000a0                 : lowlev.obj (.text:_write)
                  80008c40    00000080                 : fltlid.obj (.text:__fltlid)
                  80008cc0    00000080                 : llshift.obj (.text:__llshl)
                  80008d40    00000080                 : boot.obj (.text:_c_int00)
                  80008dc0    00000080                 : trgmsg.obj (.text:_readmsg)
                  80008e40    00000080                 : lowlev.obj (.text:_unlink)
                  80008ec0    00000060                 : cpp_init.obj (.text:___TI_cpp_init)
                  80008f20    00000060                 : imath64.obj (.text:__subcull)
                  80008f80    00000060                 : memccpy.obj (.text:_memccpy)
                  80008fe0    00000060                 : trgmsg.obj (.text:_writemsg)
                  80009040    00000040                 : isinf.obj (.text:___isinf)
                  80009080    00000040                 : _printfi.obj (.text:___isnan)
                  800090c0    00000040                 : args_main.obj (.text:__args_main)
                  80009100    00000040                 : frcmpyd_div.obj (.text:__frcmpyd_div)
                  80009140    00000040                 : llshift.obj (.text:__llshru)
                  80009180    00000040                 : imath40.obj (.text:__remli)
                  800091c0    00000040                 : time.obj (.text:_time)
                  80009200    00000020                 : negll.obj (.text:__negll)
                  80009220    00000020                 : _lock.obj (.text:__nop)
                  80009240    00000020                 : printf.obj (.text:__outc)
                  80009260    00000020                 : printf.obj (.text:__outs)
                  80009280    00000020                 : exit.obj (.text:_abort)
                  800092a0    00000020                 : remove.obj (.text:_remove)

.bss       0    80000000    00000000     UNINITIALIZED

.data      0    80000000    00000000     UNINITIALIZED

.sysmem    0    800092c0    00004000     UNINITIALIZED
                  800092c0    00000008     rts6740.lib : memory.obj (.sysmem)
                  800092c8    00003ff8     --HOLE--

.stack     0    8000d2c0    00002000     UNINITIALIZED
                  8000d2c0    00000008     rts6740.lib : boot.obj (.stack)
                  8000d2c8    00001ff8     --HOLE--

.far       0    8000f2c0    00000490     UNINITIALIZED
                  8000f2c0    00000324     rts6740.lib : defs.obj (.far)
                  8000f5e4    00000004                 : fopen.obj (.far)
                  8000f5e8    0000011c                 : lowlev.obj (.far)
                  8000f704    00000004     --HOLE--
                  8000f708    00000020     PRNG.obj (.far)
                  8000f728    0000000c     rts6740.lib : exit.obj (.far)
                  8000f734    00000008                 : _lock.obj (.far)
                  8000f73c    00000008                 : memory.obj (.far)
                  8000f744    00000004     --HOLE--
                  8000f748    00000008                 : trgdrv.obj (.far)

.const     0    8000f750    000002e0     
                  8000f750    00000101     rts6740.lib : ctype.obj (.const:.string:__ctypes_)
                  8000f851    000000bb     sha2.obj (.const:.string)
                  8000f90c    00000043     helpfulFunctions.obj (.const:.string)
                  8000f94f    00000039     additionalFunctions32.obj (.const:.string)
                  8000f988    00000023     rts6740.lib : _printfi.obj (.const:.string)
                  8000f9ab    00000003                 : assert.obj (.const:.string)
                  8000f9ae    00000002                 : fputs.obj (.const:.string)
                  8000f9b0    00000014     main.obj (.const:_$P$T0$1)
                  8000f9c4    00000004     --HOLE-- [fill = 0]
                  8000f9c8    00000014     main.obj (.const:_$P$T1$2)
                  8000f9dc    00000004     --HOLE-- [fill = 0]
                  8000f9e0    00000014     main.obj (.const:_$P$T2$3)
                  8000f9f4    00000004     --HOLE-- [fill = 0]
                  8000f9f8    00000010     main.obj (.const:_$P$T3$4)
                  8000fa08    00000010     main.obj (.const:_$P$T4$5)
                  8000fa18    00000010     main.obj (.const:_$P$T5$6)
                  8000fa28    00000008     main.obj (.const:_$P$T6$7)

.cinit     0    8000fa30    00000164     
                  8000fa30    0000005c     rts6740.lib : defs.obj (.cinit)
                  8000fa8c    00000004     --HOLE-- [fill = 0]
                  8000fa90    0000005c                 : lowlev.obj (.cinit)
                  8000faec    00000004     --HOLE-- [fill = 0]
                  8000faf0    0000002c                 : exit.obj (.cinit)
                  8000fb1c    00000004     --HOLE-- [fill = 0]
                  8000fb20    0000002c                 : memory.obj (.cinit)
                  8000fb4c    00000004     --HOLE-- [fill = 0]
                  8000fb50    0000001c                 : _lock.obj (.cinit)
                  8000fb6c    00000004     --HOLE-- [fill = 0]
                  8000fb70    0000000c                 : fopen.obj (.cinit)
                  8000fb7c    00000004     --HOLE-- [fill = 0]
                  8000fb80    00000009     PRNG.obj (.cinit)
                  8000fb89    00000007     --HOLE-- [fill = 0]
                  8000fb90    00000004     (.pad.cinit) [fill = 0]

.cio       0    8000fb98    00000120     UNINITIALIZED
                  8000fb98    00000120     rts6740.lib : trgmsg.obj (.cio)


GLOBAL SYMBOLS: SORTED ALPHABETICALLY BY Name 

address    name
--------   ----
80000000   $bss
80000000   .bss
80000000   .data
80000000   .text
80009280   C$$EXIT
80009038   C$$IO$$
80001184   _ADD
800082e0   _HOSTclose
800075c0   _HOSTlseek
800077c0   _HOSTopen
80007c20   _HOSTread
80006ce0   _HOSTrename
80008380   _HOSTtime
80007ce0   _HOSTunlink
80007da0   _HOSTwrite
800011ec   _SUB_COND
80002a14   _XOR
8000fb98   __CIOBUF_
8000f2c0   __STACK_END
00002000   __STACK_SIZE
00004000   __SYSMEM_SIZE
00000001   __TI_args_main
80008ec0   ___TI_cpp_init
8000f730   ___TI_enable_exit_profile_output
ffffffff   ___TI_pprof_out_hndl
ffffffff   ___TI_prof_data_size
ffffffff   ___TI_prof_data_start
ffffffff   ___binit__
80000000   ___bss__
ffffffff   ___c_args__
8000fa30   ___cinit__
80000000   ___data__
80000000   ___edata__
80000000   ___end__
800092c0   ___etext__
80009040   ___isinf
ffffffff   ___pinit__
80000000   ___text__
800090c0   __args_main
80007e60   __auto_init
80007fe0   __c6xabi_divu
80008420   __cleanup
8000f728   __cleanup_ptr
80007260   __closefile
8000f750   __ctypes_
800032c0   __divd
800084c0   __divli
80007fe0   __divu
80006b40   __divul
80005a40   __divull
800080a0   __doflush
8000f72c   __dtors_ptr
800086a0   __fixdli
80008c40   __fltlid
80009100   __frcmpyd_div
8000f5e0   __ft_end
8000f2c0   __ftable
80008cc0   __llshl
80009140   __llshru
8000f734   __lock
80009200   __negll
80009220   __nop
80003de0   __printfi
80009180   __remli
8000d2c0   __stack
80008f20   __subcull
800092c0   __sys_memory
8000f4a0   __tmpnams
8000f738   __unlock
800076c0   __wrt_ok
80009280   _abort
800031c4   _addition
800078a0   _atoi
80008d40   _c_int00
80007980   _close
800029b4   _concat
80002950   _copyArray
80003150   _copyArray32
800030ec   _copyArray8
800028ec   _copyArrayFrom0
800087e0   _copy_in
800030b0   _divideByTwo
80008160   _exit
80003038   _flipArray
80006360   _fputc
80004660   _fputs
800057c0   _free
800000a0   _from2to32
800074a0   _fseek
800027e0   _hexToString
80002fc4   _isBiggerThan
80002acc   _isBiggerThanOrEqual
80008920   _lseek
80008220   _ltoa
80005520   _main
80006e60   _malloc
80008f80   _memccpy
800089c0   _memcpy
80007a60   _memset
80000964   _mod
80000ad0   _modFaster
80000d58   _modMult
80000ca4   _modSquare
800019a0   _modularInverse
80001308   _mont
80001580   _montExp
80000e20   _montMultiplication
8000070c   _multiplication
80002f80   _multiplyByTwo
80002f20   _numberIsZero
80000000   _positionMSB
80002618   _printArray
80002e8c   _printArray32
80002df8   _printArray8
8000258c   _printArrayNoSpaces
80002500   _printArrayNoSpaces32
80002340   _printChar
800022b0   _printCharNoSpaces
80007b40   _printf
80006360   _putc
80008dc0   _readmsg
800092a0   _remove
80002220   _seeTheDifference
80006780   _setvbuf
80001900   _signedSubtraction
80000474   _squareProduct
80002d20   _subtraction
80002b4c   _subtractionWithSign
800091c0   _time
80002200   _timeData
80008e40   _unlink
80008ba0   _write
80008fe0   _writemsg
80002ab4   _zerosArray
80002aa0   _zerosArray16
ffffffff   binit
8000fa30   cinit
80000000   edata
80000000   end
800092c0   etext
ffffffff   pinit


GLOBAL SYMBOLS: SORTED BY Symbol Address 

address    name
--------   ----
00000001   __TI_args_main
00002000   __STACK_SIZE
00004000   __SYSMEM_SIZE
80000000   $bss
80000000   .bss
80000000   .data
80000000   .text
80000000   ___bss__
80000000   ___data__
80000000   ___edata__
80000000   ___end__
80000000   ___text__
80000000   _positionMSB
80000000   edata
80000000   end
800000a0   _from2to32
80000474   _squareProduct
8000070c   _multiplication
80000964   _mod
80000ad0   _modFaster
80000ca4   _modSquare
80000d58   _modMult
80000e20   _montMultiplication
80001184   _ADD
800011ec   _SUB_COND
80001308   _mont
80001580   _montExp
80001900   _signedSubtraction
800019a0   _modularInverse
80002200   _timeData
80002220   _seeTheDifference
800022b0   _printCharNoSpaces
80002340   _printChar
80002500   _printArrayNoSpaces32
8000258c   _printArrayNoSpaces
80002618   _printArray
800027e0   _hexToString
800028ec   _copyArrayFrom0
80002950   _copyArray
800029b4   _concat
80002a14   _XOR
80002aa0   _zerosArray16
80002ab4   _zerosArray
80002acc   _isBiggerThanOrEqual
80002b4c   _subtractionWithSign
80002d20   _subtraction
80002df8   _printArray8
80002e8c   _printArray32
80002f20   _numberIsZero
80002f80   _multiplyByTwo
80002fc4   _isBiggerThan
80003038   _flipArray
800030b0   _divideByTwo
800030ec   _copyArray8
80003150   _copyArray32
800031c4   _addition
800032c0   __divd
80003de0   __printfi
80004660   _fputs
80005520   _main
800057c0   _free
80005a40   __divull
80006360   _fputc
80006360   _putc
80006780   _setvbuf
80006b40   __divul
80006ce0   _HOSTrename
80006e60   _malloc
80007260   __closefile
800074a0   _fseek
800075c0   _HOSTlseek
800076c0   __wrt_ok
800077c0   _HOSTopen
800078a0   _atoi
80007980   _close
80007a60   _memset
80007b40   _printf
80007c20   _HOSTread
80007ce0   _HOSTunlink
80007da0   _HOSTwrite
80007e60   __auto_init
80007fe0   __c6xabi_divu
80007fe0   __divu
800080a0   __doflush
80008160   _exit
80008220   _ltoa
800082e0   _HOSTclose
80008380   _HOSTtime
80008420   __cleanup
800084c0   __divli
800086a0   __fixdli
800087e0   _copy_in
80008920   _lseek
800089c0   _memcpy
80008ba0   _write
80008c40   __fltlid
80008cc0   __llshl
80008d40   _c_int00
80008dc0   _readmsg
80008e40   _unlink
80008ec0   ___TI_cpp_init
80008f20   __subcull
80008f80   _memccpy
80008fe0   _writemsg
80009038   C$$IO$$
80009040   ___isinf
800090c0   __args_main
80009100   __frcmpyd_div
80009140   __llshru
80009180   __remli
800091c0   _time
80009200   __negll
80009220   __nop
80009280   C$$EXIT
80009280   _abort
800092a0   _remove
800092c0   ___etext__
800092c0   __sys_memory
800092c0   etext
8000d2c0   __stack
8000f2c0   __STACK_END
8000f2c0   __ftable
8000f4a0   __tmpnams
8000f5e0   __ft_end
8000f728   __cleanup_ptr
8000f72c   __dtors_ptr
8000f730   ___TI_enable_exit_profile_output
8000f734   __lock
8000f738   __unlock
8000f750   __ctypes_
8000fa30   ___cinit__
8000fa30   cinit
8000fb98   __CIOBUF_
ffffffff   ___TI_pprof_out_hndl
ffffffff   ___TI_prof_data_size
ffffffff   ___TI_prof_data_start
ffffffff   ___binit__
ffffffff   ___c_args__
ffffffff   ___pinit__
ffffffff   binit
ffffffff   pinit

[141 symbols]
