******************************************************************************
               TMS320C6x Linker PC v7.3.1                      
******************************************************************************
>> Linked Sat May 06 11:07:07 2017

OUTPUT FILE NAME:   <ccsProject.out>
ENTRY POINT SYMBOL: "_c_int00"  address: 80008840


MEMORY CONFIGURATION

         name            origin    length      used     unused   attr    fill
----------------------  --------  ---------  --------  --------  ----  --------
  DSPL2ROM              00700000   00010000  00000000  00010000  RWIX
  DSPL2RAM              00800000   00040000  00000000  00040000  RWIX
  DSPL1PRAM             00e00000   00008000  00000000  00008000  RWIX
  DSPL1DRAM             00f00000   00008000  00000000  00008000  RWIX
  SHDSPL2ROM            11700000   00010000  00000000  00010000  RWIX
  SHDSPL2RAM            11800000   00040000  00000000  00040000  RWIX
  SHDSPL1PRAM           11e00000   00008000  00000000  00008000  RWIX
  SHDSPL1DRAM           11f00000   00008000  00000000  00008000  RWIX
  EMIFACS0              40000000   20000000  00000000  20000000  RWIX
  EMIFACS2              60000000   02000000  00000000  02000000  RWIX
  EMIFACS3              62000000   02000000  00000000  02000000  RWIX
  EMIFACS4              64000000   02000000  00000000  02000000  RWIX
  EMIFACS5              66000000   02000000  00000000  02000000  RWIX
  SHRAM                 80000000   00020000  00012538  0000dac8  RWIX
  DDR2                  c0000000   20000000  00000000  20000000  RWIX


SECTION ALLOCATION MAP

 output                                  attributes/
section   page    origin      length       input sections
--------  ----  ----------  ----------   ----------------
.pinit     0    80000000    00000000     UNINITIALIZED

.text      0    80000000    00008f40     
                  80000000    000010e0     aes.obj (.text)
                  800010e0    00000820     sha2.obj (.text)
                  80001900    00000800     helpfulFunctions.obj (.text)
                  80002100    000005a0     rts6740.lib : divd.obj (.text:__divd)
                  800026a0    00000580                 : _printfi.obj (.text:__getarg_diouxp)
                  80002c20    000004a0     PRNG.obj (.text)
                  800030c0    00000480     rts6740.lib : _printfi.obj (.text:__setfield)
                  80003540    00000440                 : _printfi.obj (.text:__printfi)
                  80003980    00000400     encryptDecrypt.obj (.text)
                  80003d80    00000380     useAES.obj (.text)
                  80004100    00000300     rts6740.lib : fputs.obj (.text:_fputs)
                  80004400    000002c0                 : _printfi.obj (.text:__pproc_fge)
                  800046c0    000002c0                 : _printfi.obj (.text:__pproc_fwp)
                  80004980    000002a0                 : _printfi.obj (.text:_ecvt)
                  80004c20    000002a0                 : _printfi.obj (.text:_fcvt)
                  80004ec0    00000280                 : memory.obj (.text:_free)
                  80005140    00000260                 : imath64.obj (.text:__divull)
                  800053a0    00000260                 : _printfi.obj (.text:__pconv_e)
                  80005600    00000240                 : _printfi.obj (.text:__pproc_diouxp)
                  80005840    00000220                 : _printfi.obj (.text:__pproc_str)
                  80005a60    00000200                 : _printfi.obj (.text:__pconv_g)
                  80005c60    000001c0                 : _printfi.obj (.text:__mcpy)
                  80005e20    000001c0     main.obj (.text)
                  80005fe0    000001c0     useSHA256.obj (.text)
                  800061a0    000001a0     rts6740.lib : imath40.obj (.text:__divul)
                  80006340    00000180                 : trgdrv.obj (.text:_HOSTrename)
                  800064c0    00000180                 : memory.obj (.text:_malloc)
                  80006640    00000180                 : setvbuf.obj (.text:_setvbuf)
                  800067c0    00000180     hmac.obj (.text)
                  80006940    00000140     rts6740.lib : _printfi.obj (.text:__pproc_fflags)
                  80006a80    00000140                 : fputc.obj (.text:_fputc)
                  80006bc0    00000140                 : lowlev.obj (.text:_getdevice)
                  80006d00    00000120                 : fclose.obj (.text:_fclose)
                  80006e20    00000100                 : trgdrv.obj (.text:_HOSTlseek)
                  80006f20    00000100                 : autoinit.obj (.text:__auto_init)
                  80007020    00000100                 : _printfi.obj (.text:__ltostr)
                  80007120    00000100                 : _io_perm.obj (.text:__wrt_ok)
                  80007220    00000100                 : fflush.obj (.text:_fflush)
                  80007320    000000e0                 : trgdrv.obj (.text:_HOSTopen)
                  80007400    000000e0                 : atoi.obj (.text:_atoi)
                  800074e0    000000e0                 : lowlev.obj (.text:_close)
                  800075c0    000000e0                 : exit.obj (.text:_exit)
                  800076a0    000000e0                 : memset.obj (.text:_memset)
                  80007780    000000c0                 : trgdrv.obj (.text:_HOSTread)
                  80007840    000000c0                 : trgdrv.obj (.text:_HOSTunlink)
                  80007900    000000c0                 : trgdrv.obj (.text:_HOSTwrite)
                  800079c0    000000c0                 : fopen.obj (.text:__cleanup)
                  80007a80    000000c0                 : _printfi.obj (.text:__div)
                  80007b40    000000c0                 : divu.obj (.text:__divu)
                  80007c00    000000c0                 : fflush.obj (.text:__doflush)
                  80007cc0    000000c0                 : fseek.obj (.text:_fseek)
                  80007d80    000000c0                 : lowlev.obj (.text:_lseek)
                  80007e40    000000c0                 : ltoa.obj (.text:_ltoa)
                  80007f00    000000c0                 : lowlev.obj (.text:_write)
                  80007fc0    000000a0                 : trgdrv.obj (.text:_HOSTclose)
                  80008060    000000a0                 : trgdrv.obj (.text:_HOSTtime)
                  80008100    000000a0                 : imath40.obj (.text:__divli)
                  800081a0    000000a0                 : _printfi.obj (.text:__ecpy)
                  80008240    000000a0                 : _printfi.obj (.text:__fcpy)
                  800082e0    000000a0                 : fixdli.obj (.text:__fixdli)
                  80008380    000000a0                 : _printfi.obj (.text:__pconv_f)
                  80008420    000000a0                 : cpy_tbl.obj (.text:_copy_in)
                  800084c0    000000a0                 : lowlev.obj (.text:_finddevice)
                  80008560    000000a0                 : memcpy64.obj (.text:_memcpy)
                  80008600    000000a0                 : memory.obj (.text:_minsert)
                  800086a0    000000a0                 : memory.obj (.text:_mremove)
                  80008740    00000080                 : fltlid.obj (.text:__fltlid)
                  800087c0    00000080                 : llshift.obj (.text:__llshl)
                  80008840    00000080                 : boot.obj (.text:_c_int00)
                  800088c0    00000080                 : fprintf.obj (.text:_fprintf)
                  80008940    00000080                 : printf.obj (.text:_printf)
                  800089c0    00000080                 : trgmsg.obj (.text:_readmsg)
                  80008a40    00000080                 : lowlev.obj (.text:_unlink)
                  80008ac0    00000060                 : assert.obj (.text:__abort_msg)
                  80008b20    00000060                 : imath64.obj (.text:__subcull)
                  80008b80    00000060                 : memccpy.obj (.text:_memccpy)
                  80008be0    00000060                 : trgmsg.obj (.text:_writemsg)
                  80008c40    00000040                 : isinf.obj (.text:___isinf)
                  80008c80    00000040                 : _printfi.obj (.text:___isnan)
                  80008cc0    00000040                 : args_main.obj (.text:__args_main)
                  80008d00    00000040                 : frcmpyd_div.obj (.text:__frcmpyd_div)
                  80008d40    00000040                 : llshift.obj (.text:__llshru)
                  80008d80    00000040                 : imath40.obj (.text:__remli)
                  80008dc0    00000040                 : strasg.obj (.text:__strasgi_64plus)
                  80008e00    00000040                 : time.obj (.text:_time)
                  80008e40    00000020                 : negll.obj (.text:__negll)
                  80008e60    00000020                 : _lock.obj (.text:__nop)
                  80008e80    00000020                 : fprintf.obj (.text:__outc)
                  80008ea0    00000020                 : printf.obj (.text:__outc)
                  80008ec0    00000020                 : fprintf.obj (.text:__outs)
                  80008ee0    00000020                 : printf.obj (.text:__outs)
                  80008f00    00000020                 : exit.obj (.text:_abort)
                  80008f20    00000020                 : remove.obj (.text:_remove)

.bss       0    80000000    00000000     UNINITIALIZED

.data      0    80000000    00000000     UNINITIALIZED

.sysmem    0    80008f40    00004000     UNINITIALIZED
                  80008f40    00000008     rts6740.lib : memory.obj (.sysmem)
                  80008f48    00003ff8     --HOLE--

.const     0    8000cf40    00002e20     
                  8000cf40    00000400     aes.obj (.const:_Td0)
                  8000d340    00000400     aes.obj (.const:_Td1)
                  8000d740    00000400     aes.obj (.const:_Td2)
                  8000db40    00000400     aes.obj (.const:_Td3)
                  8000df40    00000400     aes.obj (.const:_Td4)
                  8000e340    00000400     aes.obj (.const:_Te0)
                  8000e740    00000400     aes.obj (.const:_Te1)
                  8000eb40    00000400     aes.obj (.const:_Te2)
                  8000ef40    00000400     aes.obj (.const:_Te3)
                  8000f340    00000400     aes.obj (.const:_Te4)
                  8000f740    000001f4     main.obj (.const:_$P$T1$2)
                  8000f934    00000003     rts6740.lib : assert.obj (.const)
                  8000f937    00000001     --HOLE-- [fill = 0]
                  8000f938    00000101                 : ctype.obj (.const:__ctypes_)
                  8000fa39    00000002                 : fputs.obj (.const)
                  8000fa3b    00000005     --HOLE-- [fill = 0]
                  8000fa40    00000100     sha2.obj (.const:_K256)
                  8000fb40    0000007e     main.obj (.const)
                  8000fbbe    0000006a     sha2.obj (.const)
                  8000fc28    00000040     PRNG.obj (.const:_$P$T0$2)
                  8000fc68    0000003e     helpfulFunctions.obj (.const)
                  8000fca6    00000039     additionalFunctions32.obj (.const)
                  8000fcdf    00000001     --HOLE-- [fill = 0]
                  8000fce0    00000028     aes.obj (.const:_rcon)
                  8000fd08    00000023     rts6740.lib : _printfi.obj (.const)
                  8000fd2b    00000005     --HOLE-- [fill = 0]
                  8000fd30    00000020     sha2.obj (.const:_sha256_initial_hash_value)
                  8000fd50    00000010     main.obj (.const:_$P$T0$1)

.stack     0    8000fd60    00002000     UNINITIALIZED
                  8000fd60    00000008     rts6740.lib : boot.obj (.stack)
                  8000fd68    00001ff8     --HOLE--

.far       0    80011d60    00000554     UNINITIALIZED
                  80011d60    00000324     rts6740.lib : defs.obj (.far)
                  80012084    00000004                 : fopen.obj (.far)
                  80012088    0000011c                 : lowlev.obj (.far)
                  800121a4    00000004     --HOLE--
                  800121a8    000000d0                 : trgdrv.obj (.far)
                  80012278    00000020     PRNG.obj (.far)
                  80012298    0000000c     rts6740.lib : exit.obj (.far)
                  800122a4    00000008                 : _lock.obj (.far)
                  800122ac    00000008                 : memory.obj (.far)

.cinit     0    800122b8    00000164     
                  800122b8    0000005c     rts6740.lib : defs.obj (.cinit)
                  80012314    00000004     --HOLE-- [fill = 0]
                  80012318    0000005c                 : lowlev.obj (.cinit)
                  80012374    00000004     --HOLE-- [fill = 0]
                  80012378    0000002c                 : exit.obj (.cinit)
                  800123a4    00000004     --HOLE-- [fill = 0]
                  800123a8    0000002c                 : memory.obj (.cinit)
                  800123d4    00000004     --HOLE-- [fill = 0]
                  800123d8    0000001c                 : _lock.obj (.cinit)
                  800123f4    00000004     --HOLE-- [fill = 0]
                  800123f8    0000000c                 : fopen.obj (.cinit)
                  80012404    00000004     --HOLE-- [fill = 0]
                  80012408    00000009     PRNG.obj (.cinit)
                  80012411    00000007     --HOLE-- [fill = 0]
                  80012418    00000004     (.pad.cinit) [fill = 0]

.cio       0    8001241c    00000120     UNINITIALIZED
                  8001241c    00000120     rts6740.lib : trgmsg.obj (.cio)


GLOBAL SYMBOLS: SORTED ALPHABETICALLY BY Name 

address    name
--------   ----
80000000   $bss
80000000   .bss
80000000   .data
80000000   .text
80008f00   C$$EXIT
80008c38   C$$IO$$
80007fc0   _HOSTclose
80006e20   _HOSTlseek
80007320   _HOSTopen
80007780   _HOSTread
80006340   _HOSTrename
80008060   _HOSTtime
80007840   _HOSTunlink
80007900   _HOSTwrite
80002fd8   _PRNG
80002c74   _RNG
80001650   _SHA256_Final
800015e4   _SHA256_Init
800010e0   _SHA256_Transform
800013ac   _SHA256_Update
80002074   _XOR
8001241c   __CIOBUF_
80011d60   __STACK_END
00002000   __STACK_SIZE
00004000   __SYSMEM_SIZE
00000001   __TI_args_main
800122a0   ___TI_enable_exit_profile_output
ffffffff   ___TI_pprof_out_hndl
ffffffff   ___TI_prof_data_size
ffffffff   ___TI_prof_data_start
ffffffff   ___binit__
80000000   ___bss__
ffffffff   ___c_args__
800122b8   ___cinit__
80000000   ___data__
80000000   ___edata__
80000000   ___end__
80008f40   ___etext__
80008c40   ___isinf
ffffffff   ___pinit__
80000000   ___text__
80008ac0   __abort_msg
80008cc0   __args_main
80006f20   __auto_init
80007b40   __c6xabi_divu
80008dc0   __c6xabi_strasgi_64plus
800079c0   __cleanup
80012298   __cleanup_ptr
8000f938   __ctypes_
80002100   __divd
80008100   __divli
80007b40   __divu
800061a0   __divul
80005140   __divull
80007c00   __doflush
8001229c   __dtors_ptr
800082e0   __fixdli
80008740   __fltlid
80008d00   __frcmpyd_div
80012080   __ft_end
80011d60   __ftable
800087c0   __llshl
80008d40   __llshru
800122a4   __lock
80008e40   __negll
80008e60   __nop
80003540   __printfi
80008d80   __remli
8000fd60   __stack
80008dc0   __strasgi_64plus
80008b20   __subcull
80008f40   __sys_memory
80011f40   __tmpnams
800122a8   __unlock
80007120   __wrt_ok
80008f00   _abort
80004024   _aesCBCdecrypt
80003f4c   _aesCBCencrypt
80000c2c   _aes_decrypt
80000790   _aes_encrypt
800004ec   _aes_set_decrypt_key
80000000   _aes_set_encrypt_key
80007400   _atoi
80008840   _c_int00
800074e0   _close
80002e78   _compareFSR
80002014   _concat
80001fb0   _copyArray
80001f4c   _copyArrayFrom0
80008420   _copy_in
80003cb4   _decrypt
80003bb8   _decryptHMAC
80003ab8   _encrypt
80003980   _encryptHMAC
800075c0   _exit
80006d00   _fclose
80007220   _fflush
80002df8   _findRandNum
800088c0   _fprintf
80006a80   _fputc
80004100   _fputs
80004ec0   _free
80007cc0   _fseek
800060b4   _hashOfLength
80006028   _hashWithTime
80001e30   _hexToString
800067c0   _hmac
80007d80   _lseek
80007e40   _ltoa
80005e20   _main
800064c0   _malloc
80008b80   _memccpy
80008560   _memcpy
800076a0   _memset
80003eb4   _padding
80001c80   _printArray
80001bf0   _printArrayNoSpaces
80001a40   _printChar
800019b0   _printCharNoSpaces
80008940   _printf
80006a80   _putc
800089c0   _readmsg
80008f20   _remove
80001920   _seeTheDifference
80006640   _setvbuf
80003e20   _simpleDecrypt
80003d80   _simpleEncrypt
80005fe0   _simpleHashWithLength
80008e00   _time
80001900   _timeData
80008a40   _unlink
80002c20   _updateFSR
80007f00   _write
80008be0   _writemsg
ffffffff   binit
800122b8   cinit
80000000   edata
80000000   end
80008f40   etext
ffffffff   pinit


GLOBAL SYMBOLS: SORTED BY Symbol Address 

address    name
--------   ----
00000001   __TI_args_main
00002000   __STACK_SIZE
00004000   __SYSMEM_SIZE
80000000   $bss
80000000   .bss
80000000   .data
80000000   .text
80000000   ___bss__
80000000   ___data__
80000000   ___edata__
80000000   ___end__
80000000   ___text__
80000000   _aes_set_encrypt_key
80000000   edata
80000000   end
800004ec   _aes_set_decrypt_key
80000790   _aes_encrypt
80000c2c   _aes_decrypt
800010e0   _SHA256_Transform
800013ac   _SHA256_Update
800015e4   _SHA256_Init
80001650   _SHA256_Final
80001900   _timeData
80001920   _seeTheDifference
800019b0   _printCharNoSpaces
80001a40   _printChar
80001bf0   _printArrayNoSpaces
80001c80   _printArray
80001e30   _hexToString
80001f4c   _copyArrayFrom0
80001fb0   _copyArray
80002014   _concat
80002074   _XOR
80002100   __divd
80002c20   _updateFSR
80002c74   _RNG
80002df8   _findRandNum
80002e78   _compareFSR
80002fd8   _PRNG
80003540   __printfi
80003980   _encryptHMAC
80003ab8   _encrypt
80003bb8   _decryptHMAC
80003cb4   _decrypt
80003d80   _simpleEncrypt
80003e20   _simpleDecrypt
80003eb4   _padding
80003f4c   _aesCBCencrypt
80004024   _aesCBCdecrypt
80004100   _fputs
80004ec0   _free
80005140   __divull
80005e20   _main
80005fe0   _simpleHashWithLength
80006028   _hashWithTime
800060b4   _hashOfLength
800061a0   __divul
80006340   _HOSTrename
800064c0   _malloc
80006640   _setvbuf
800067c0   _hmac
80006a80   _fputc
80006a80   _putc
80006d00   _fclose
80006e20   _HOSTlseek
80006f20   __auto_init
80007120   __wrt_ok
80007220   _fflush
80007320   _HOSTopen
80007400   _atoi
800074e0   _close
800075c0   _exit
800076a0   _memset
80007780   _HOSTread
80007840   _HOSTunlink
80007900   _HOSTwrite
800079c0   __cleanup
80007b40   __c6xabi_divu
80007b40   __divu
80007c00   __doflush
80007cc0   _fseek
80007d80   _lseek
80007e40   _ltoa
80007f00   _write
80007fc0   _HOSTclose
80008060   _HOSTtime
80008100   __divli
800082e0   __fixdli
80008420   _copy_in
80008560   _memcpy
80008740   __fltlid
800087c0   __llshl
80008840   _c_int00
800088c0   _fprintf
80008940   _printf
800089c0   _readmsg
80008a40   _unlink
80008ac0   __abort_msg
80008b20   __subcull
80008b80   _memccpy
80008be0   _writemsg
80008c38   C$$IO$$
80008c40   ___isinf
80008cc0   __args_main
80008d00   __frcmpyd_div
80008d40   __llshru
80008d80   __remli
80008dc0   __c6xabi_strasgi_64plus
80008dc0   __strasgi_64plus
80008e00   _time
80008e40   __negll
80008e60   __nop
80008f00   C$$EXIT
80008f00   _abort
80008f20   _remove
80008f40   ___etext__
80008f40   __sys_memory
80008f40   etext
8000f938   __ctypes_
8000fd60   __stack
80011d60   __STACK_END
80011d60   __ftable
80011f40   __tmpnams
80012080   __ft_end
80012298   __cleanup_ptr
8001229c   __dtors_ptr
800122a0   ___TI_enable_exit_profile_output
800122a4   __lock
800122a8   __unlock
800122b8   ___cinit__
800122b8   cinit
8001241c   __CIOBUF_
ffffffff   ___TI_pprof_out_hndl
ffffffff   ___TI_prof_data_size
ffffffff   ___TI_prof_data_start
ffffffff   ___binit__
ffffffff   ___c_args__
ffffffff   ___pinit__
ffffffff   binit
ffffffff   pinit

[140 symbols]
