******************************************************************************
               TMS320C6x Linker PC v7.4.4                      
******************************************************************************
>> Linked Wed May 10 23:43:17 2017

OUTPUT FILE NAME:   <ccsProject.out>
ENTRY POINT SYMBOL: "_c_int00"  address: 8000c300


MEMORY CONFIGURATION

         name            origin    length      used     unused   attr    fill
----------------------  --------  ---------  --------  --------  ----  --------
  DSPL2ROM              00700000   00010000  00000000  00010000  RWIX
  DSPL2RAM              00800000   00040000  00000000  00040000  RWIX
  DSPL1PRAM             00e00000   00008000  00000000  00008000  RWIX
  DSPL1DRAM             00f00000   00008000  00000000  00008000  RWIX
  SHDSPL2ROM            11700000   00010000  00000000  00010000  RWIX
  SHDSPL2RAM            11800000   00040000  00000000  00040000  RWIX
  SHDSPL1PRAM           11e00000   00008000  00000000  00008000  RWIX
  SHDSPL1DRAM           11f00000   00008000  00000000  00008000  RWIX
  EMIFACS0              40000000   20000000  00000000  20000000  RWIX
  EMIFACS2              60000000   02000000  00000000  02000000  RWIX
  EMIFACS3              62000000   02000000  00000000  02000000  RWIX
  EMIFACS4              64000000   02000000  00000000  02000000  RWIX
  EMIFACS5              66000000   02000000  00000000  02000000  RWIX
  SHRAM                 80000000   00020000  00015ff0  0000a010  RWIX
  DDR2                  c0000000   20000000  00000000  20000000  RWIX


SECTION ALLOCATION MAP

 output                                  attributes/
section   page    origin      length       input sections
--------  ----  ----------  ----------   ----------------
.pinit     0    80000000    00000000     UNINITIALIZED

.text      0    80000000    0000c960     
                  80000000    000010e0     aes.obj (.text)
                  800010e0    00000e20     modFunctions32.obj (.text)
                  80001f00    00000ae0     montExponentiation32.obj (.text)
                  800029e0    00000900     modularInverse32.obj (.text)
                  800032e0    000008a0     helpfulFunctions.obj (.text)
                  80003b80    00000820     additionalFunctions32.obj (.text)
                  800043a0    00000800     sha2.obj (.text)
                  80004ba0    000005a0     rts6740.lib : divd.obj (.text:__divd)
                  80005140    000005a0     keyEstablishmentFunctions32.obj (.text)
                  800056e0    00000580     rts6740.lib : _printfi.obj (.text:__getarg_diouxp)
                  80005c60    00000540     signatureMessage.obj (.text)
                  800061a0    000004a0     PRNG.obj (.text)
                  80006640    00000480     verifySignature.obj (.text)
                  80006ac0    00000440     rts6740.lib : _printfi.obj (.text:__printfi)
                  80006f00    00000440                 : _printfi.obj (.text:__setfield)
                  80007340    000003a0                 : fputs.obj (.text:_fputs)
                  800076e0    00000360     useAES.obj (.text)
                  80007a40    00000320     rts6740.lib : _printfi.obj (.text:__pproc_fge)
                  80007d60    00000320     main.obj (.text)
                  80008080    000002c0     rts6740.lib : _printfi.obj (.text:__pproc_fwp)
                  80008340    000002a0                 : _printfi.obj (.text:_ecvt)
                  800085e0    000002a0                 : _printfi.obj (.text:_fcvt)
                  80008880    00000280                 : memory.obj (.text:_free)
                  80008b00    00000260                 : imath64.obj (.text:__divull)
                  80008d60    00000260                 : _printfi.obj (.text:__pconv_e)
                  80008fc0    00000240                 : _printfi.obj (.text:__pproc_diouxp)
                  80009200    00000220                 : _printfi.obj (.text:__pproc_str)
                  80009420    00000220                 : fputc.obj (.text:_fputc)
                  80009640    00000200                 : _printfi.obj (.text:__pconv_g)
                  80009840    00000200                 : setvbuf.obj (.text:_setvbuf)
                  80009a40    000001c0                 : _printfi.obj (.text:__mcpy)
                  80009c00    000001c0     useSHA256.obj (.text)
                  80009dc0    000001a0     rts6740.lib : imath40.obj (.text:__divul)
                  80009f60    00000180                 : trgdrv.obj (.text:_HOSTrename)
                  8000a0e0    00000180                 : memory.obj (.text:_malloc)
                  8000a260    00000160     maskGenerationFunction.obj (.text)
                  8000a3c0    00000140     rts6740.lib : _printfi.obj (.text:__pproc_fflags)
                  8000a500    00000140                 : lowlev.obj (.text:_getdevice)
                  8000a640    00000120                 : fclose.obj (.text:__closefile)
                  8000a760    00000120                 : _printfi.obj (.text:__ltostr)
                  8000a880    00000120                 : fseek.obj (.text:_fseek)
                  8000a9a0    00000100                 : trgdrv.obj (.text:_HOSTlseek)
                  8000aaa0    00000100                 : _io_perm.obj (.text:__wrt_ok)
                  8000aba0    00000100                 : fprintf.obj (.text:_fprintf)
                  8000aca0    000000e0                 : trgdrv.obj (.text:_HOSTopen)
                  8000ad80    000000e0                 : atoi.obj (.text:_atoi)
                  8000ae60    000000e0                 : lowlev.obj (.text:_close)
                  8000af40    000000e0                 : fflush.obj (.text:_fflush)
                  8000b020    000000e0                 : memset.obj (.text:_memset)
                  8000b100    000000e0                 : printf.obj (.text:_printf)
                  8000b1e0    000000c0                 : trgdrv.obj (.text:_HOSTread)
                  8000b2a0    000000c0                 : trgdrv.obj (.text:_HOSTunlink)
                  8000b360    000000c0                 : trgdrv.obj (.text:_HOSTwrite)
                  8000b420    000000c0                 : autoinit.obj (.text:__auto_init)
                  8000b4e0    000000c0                 : _printfi.obj (.text:__div)
                  8000b5a0    000000c0                 : divu.obj (.text:__divu)
                  8000b660    000000c0                 : fflush.obj (.text:__doflush)
                  8000b720    000000c0                 : exit.obj (.text:_exit)
                  8000b7e0    000000c0                 : ltoa.obj (.text:_ltoa)
                  8000b8a0    000000a0                 : trgdrv.obj (.text:_HOSTclose)
                  8000b940    000000a0                 : trgdrv.obj (.text:_HOSTtime)
                  8000b9e0    000000a0                 : fopen.obj (.text:__cleanup)
                  8000ba80    000000a0                 : imath40.obj (.text:__divli)
                  8000bb20    000000a0                 : _printfi.obj (.text:__ecpy)
                  8000bbc0    000000a0                 : _printfi.obj (.text:__fcpy)
                  8000bc60    000000a0                 : fixdli.obj (.text:__fixdli)
                  8000bd00    000000a0                 : _printfi.obj (.text:__pconv_f)
                  8000bda0    000000a0                 : cpy_tbl.obj (.text:_copy_in)
                  8000be40    000000a0                 : lowlev.obj (.text:_finddevice)
                  8000bee0    000000a0                 : lowlev.obj (.text:_lseek)
                  8000bf80    000000a0                 : memcpy64.obj (.text:_memcpy)
                  8000c020    000000a0                 : memory.obj (.text:_minsert)
                  8000c0c0    000000a0                 : memory.obj (.text:_mremove)
                  8000c160    000000a0                 : lowlev.obj (.text:_write)
                  8000c200    00000080                 : fltlid.obj (.text:__fltlid)
                  8000c280    00000080                 : llshift.obj (.text:__llshl)
                  8000c300    00000080                 : boot.obj (.text:_c_int00)
                  8000c380    00000080                 : trgmsg.obj (.text:_readmsg)
                  8000c400    00000080                 : lowlev.obj (.text:_unlink)
                  8000c480    00000060                 : cpp_init.obj (.text:___TI_cpp_init)
                  8000c4e0    00000060                 : assert.obj (.text:__abort_msg)
                  8000c540    00000060                 : imath64.obj (.text:__subcull)
                  8000c5a0    00000060                 : memccpy.obj (.text:_memccpy)
                  8000c600    00000060                 : trgmsg.obj (.text:_writemsg)
                  8000c660    00000040                 : isinf.obj (.text:___isinf)
                  8000c6a0    00000040                 : _printfi.obj (.text:___isnan)
                  8000c6e0    00000040                 : args_main.obj (.text:__args_main)
                  8000c720    00000040                 : frcmpyd_div.obj (.text:__frcmpyd_div)
                  8000c760    00000040                 : llshift.obj (.text:__llshru)
                  8000c7a0    00000040                 : imath40.obj (.text:__remli)
                  8000c7e0    00000040                 : strasg.obj (.text:__strasgi_64plus)
                  8000c820    00000040                 : time.obj (.text:_time)
                  8000c860    00000020                 : negll.obj (.text:__negll)
                  8000c880    00000020                 : _lock.obj (.text:__nop)
                  8000c8a0    00000020                 : fprintf.obj (.text:__outc)
                  8000c8c0    00000020                 : printf.obj (.text:__outc)
                  8000c8e0    00000020                 : fprintf.obj (.text:__outs)
                  8000c900    00000020                 : printf.obj (.text:__outs)
                  8000c920    00000020                 : exit.obj (.text:_abort)
                  8000c940    00000020                 : remove.obj (.text:_remove)

.bss       0    80000000    00000000     UNINITIALIZED

.data      0    80000000    00000000     UNINITIALIZED

.sysmem    0    8000c960    00004000     UNINITIALIZED
                  8000c960    00000008     rts6740.lib : memory.obj (.sysmem)
                  8000c968    00003ff8     --HOLE--

.const     0    80010960    00002f7c     
                  80010960    00000400     aes.obj (.const:_Td0)
                  80010d60    00000400     aes.obj (.const:_Td1)
                  80011160    00000400     aes.obj (.const:_Td2)
                  80011560    00000400     aes.obj (.const:_Td3)
                  80011960    00000400     aes.obj (.const:_Td4)
                  80011d60    00000400     aes.obj (.const:_Te0)
                  80012160    00000400     aes.obj (.const:_Te1)
                  80012560    00000400     aes.obj (.const:_Te2)
                  80012960    00000400     aes.obj (.const:_Te3)
                  80012d60    00000400     aes.obj (.const:_Te4)
                  80013160    00000107     main.obj (.const:.string)
                  80013267    00000001     --HOLE-- [fill = 0]
                  80013268    00000101     rts6740.lib : ctype.obj (.const:.string:__ctypes_)
                  80013369    00000003                 : assert.obj (.const:.string)
                  8001336c    00000002                 : fputs.obj (.const:.string)
                  8001336e    00000002     --HOLE-- [fill = 0]
                  80013370    00000100     sha2.obj (.const:_K256)
                  80013470    000000bb     sha2.obj (.const:.string)
                  8001352b    00000005     --HOLE-- [fill = 0]
                  80013530    00000080     main.obj (.const:_$P$T2$3)
                  800135b0    00000080     main.obj (.const:_$P$T3$4)
                  80013630    00000080     main.obj (.const:_$P$T4$5)
                  800136b0    00000080     main.obj (.const:_$P$T5$6)
                  80013730    00000043     helpfulFunctions.obj (.const:.string)
                  80013773    00000005     --HOLE-- [fill = 0]
                  80013778    00000040     PRNG.obj (.const:.string:_$P$T0$2)
                  800137b8    0000003c     main.obj (.const:_$P$T1$2)
                  800137f4    00000039     additionalFunctions32.obj (.const:.string)
                  8001382d    00000003     --HOLE-- [fill = 0]
                  80013830    00000038     main.obj (.const:_$P$T0$1)
                  80013868    00000028     aes.obj (.const:_rcon)
                  80013890    00000023     rts6740.lib : _printfi.obj (.const:.string)
                  800138b3    00000005     --HOLE-- [fill = 0]
                  800138b8    00000020     sha2.obj (.const:_sha256_initial_hash_value)
                  800138d8    00000004     main.obj (.const:_$P$T6$7)

.stack     0    800138e0    00002000     UNINITIALIZED
                  800138e0    00000008     rts6740.lib : boot.obj (.stack)
                  800138e8    00001ff8     --HOLE--

.far       0    800158e0    00000490     UNINITIALIZED
                  800158e0    00000324     rts6740.lib : defs.obj (.far)
                  80015c04    00000004                 : fopen.obj (.far)
                  80015c08    0000011c                 : lowlev.obj (.far)
                  80015d24    00000004     --HOLE--
                  80015d28    00000020     PRNG.obj (.far)
                  80015d48    0000000c     rts6740.lib : exit.obj (.far)
                  80015d54    00000008                 : _lock.obj (.far)
                  80015d5c    00000008                 : memory.obj (.far)
                  80015d64    00000004     --HOLE--
                  80015d68    00000008                 : trgdrv.obj (.far)

.cinit     0    80015d70    00000164     
                  80015d70    0000005c     rts6740.lib : defs.obj (.cinit)
                  80015dcc    00000004     --HOLE-- [fill = 0]
                  80015dd0    0000005c                 : lowlev.obj (.cinit)
                  80015e2c    00000004     --HOLE-- [fill = 0]
                  80015e30    0000002c                 : exit.obj (.cinit)
                  80015e5c    00000004     --HOLE-- [fill = 0]
                  80015e60    0000002c                 : memory.obj (.cinit)
                  80015e8c    00000004     --HOLE-- [fill = 0]
                  80015e90    0000001c                 : _lock.obj (.cinit)
                  80015eac    00000004     --HOLE-- [fill = 0]
                  80015eb0    0000000c                 : fopen.obj (.cinit)
                  80015ebc    00000004     --HOLE-- [fill = 0]
                  80015ec0    00000009     PRNG.obj (.cinit)
                  80015ec9    00000007     --HOLE-- [fill = 0]
                  80015ed0    00000004     (.pad.cinit) [fill = 0]

.cio       0    80015ed8    00000120     UNINITIALIZED
                  80015ed8    00000120     rts6740.lib : trgmsg.obj (.cio)


GLOBAL SYMBOLS: SORTED ALPHABETICALLY BY Name 

address    name
--------   ----
80000000   $bss
80000000   .bss
80000000   .data
80000000   .text
8000c920   C$$EXIT
8000c658   C$$IO$$
80002264   _ADD
8000b8a0   _HOSTclose
8000a9a0   _HOSTlseek
8000aca0   _HOSTopen
8000b1e0   _HOSTread
80009f60   _HOSTrename
8000b940   _HOSTtime
8000b2a0   _HOSTunlink
8000b360   _HOSTwrite
80006558   _PRNG
800061f4   _RNG
80004910   _SHA256_Final
800048a4   _SHA256_Init
800043a0   _SHA256_Transform
8000466c   _SHA256_Update
800022cc   _SUB_COND
80003af4   _XOR
80015ed8   __CIOBUF_
800158e0   __STACK_END
00002000   __STACK_SIZE
00004000   __SYSMEM_SIZE
00000001   __TI_args_main
8000c480   ___TI_cpp_init
80015d50   ___TI_enable_exit_profile_output
ffffffff   ___TI_pprof_out_hndl
ffffffff   ___TI_prof_data_size
ffffffff   ___TI_prof_data_start
ffffffff   ___binit__
80000000   ___bss__
ffffffff   ___c_args__
80015d70   ___cinit__
80000000   ___data__
80000000   ___edata__
80000000   ___end__
8000c960   ___etext__
8000c660   ___isinf
ffffffff   ___pinit__
80000000   ___text__
8000c4e0   __abort_msg
8000c6e0   __args_main
8000b420   __auto_init
8000b5a0   __c6xabi_divu
8000c7e0   __c6xabi_strasgi_64plus
8000b9e0   __cleanup
80015d48   __cleanup_ptr
8000a640   __closefile
80013268   __ctypes_
80004ba0   __divd
8000ba80   __divli
8000b5a0   __divu
80009dc0   __divul
80008b00   __divull
8000b660   __doflush
80015d4c   __dtors_ptr
8000bc60   __fixdli
8000c200   __fltlid
8000c720   __frcmpyd_div
80015c00   __ft_end
800158e0   __ftable
8000c280   __llshl
8000c760   __llshru
80015d54   __lock
8000c860   __negll
8000c880   __nop
80006ac0   __printfi
8000c7a0   __remli
800138e0   __stack
8000c7e0   __strasgi_64plus
8000c540   __subcull
8000c960   __sys_memory
80015ac0   __tmpnams
80015d58   __unlock
8000aaa0   __wrt_ok
8000c920   _abort
800042a4   _addition
80007978   _aesCBCdecrypt
80007898   _aesCBCencrypt
80007770   _aesDecrypt
800076e0   _aesEncrypt
80000c2c   _aes_decrypt
80000790   _aes_encrypt
800004ec   _aes_set_decrypt_key
80000000   _aes_set_encrypt_key
8000ad80   _atoi
8000c300   _c_int00
80005638   _calculateKey
8000ae60   _close
800063f8   _compareFSR
80005610   _computePartOfKey
80003a94   _concat
80003a30   _copyArray
80004230   _copyArray32
800041cc   _copyArray8
800039cc   _copyArrayFrom0
8000bda0   _copy_in
80005568   _createExponent
800054f8   _createMessage
80005434   _decryptAndUnsignMessage
80004190   _divideByTwo
8000b720   _exit
8000af40   _fflush
80006378   _findRandNum
80004118   _flipArray
8000aba0   _fprintf
80009420   _fputc
80007340   _fputs
80008880   _free
80001180   _from2to32
8000520c   _from32to8
80005140   _from8to32
8000a880   _fseek
80009cd4   _hashOfLength
80009c48   _hashWithTime
800038c0   _hexToString
800040a4   _isBiggerThan
80003bac   _isBiggerThanOrEqual
8000bee0   _lseek
8000b7e0   _ltoa
80007d60   _main
8000a0e0   _malloc
8000a260   _maskGenerationFunction
8000c5a0   _memccpy
8000bf80   _memcpy
8000b020   _memset
80001a44   _mod
80001bb0   _modFaster
80001e38   _modMult
80001d84   _modSquare
80002a80   _modularInverse
800023e8   _mont
80002658   _montExp
80001f00   _montMultiplication
800017ec   _multiplication
80004060   _multiplyByTwo
80004000   _numberIsZero
80007804   _padding
800010e0   _positionMSB
800036f8   _printArray
80003f6c   _printArray32
80003ed8   _printArray8
8000366c   _printArrayNoSpaces
800035e0   _printArrayNoSpaces32
80003420   _printChar
80003390   _printCharNoSpaces
8000b100   _printf
80009420   _putc
8000c380   _readmsg
8000c940   _remove
80005370   _repositionZeros
80003300   _seeTheDifference
80009840   _setvbuf
800052d8   _signAndEncryptMessage
80005c60   _signatureMessage
800029e0   _signedSubtraction
800077ac   _simpleDecrypt
80007718   _simpleEncrypt
80009c00   _simpleHashWithLength
80001554   _squareProduct
80003e00   _subtraction
80003c2c   _subtractionWithSign
8000c820   _time
800032e0   _timeData
8000c400   _unlink
800061a0   _updateFSR
80006640   _verifySignature
8000c160   _write
8000c600   _writemsg
80003b94   _zerosArray
80003b80   _zerosArray16
ffffffff   binit
80015d70   cinit
80000000   edata
80000000   end
8000c960   etext
ffffffff   pinit


GLOBAL SYMBOLS: SORTED BY Symbol Address 

address    name
--------   ----
00000001   __TI_args_main
00002000   __STACK_SIZE
00004000   __SYSMEM_SIZE
80000000   $bss
80000000   .bss
80000000   .data
80000000   .text
80000000   ___bss__
80000000   ___data__
80000000   ___edata__
80000000   ___end__
80000000   ___text__
80000000   _aes_set_encrypt_key
80000000   edata
80000000   end
800004ec   _aes_set_decrypt_key
80000790   _aes_encrypt
80000c2c   _aes_decrypt
800010e0   _positionMSB
80001180   _from2to32
80001554   _squareProduct
800017ec   _multiplication
80001a44   _mod
80001bb0   _modFaster
80001d84   _modSquare
80001e38   _modMult
80001f00   _montMultiplication
80002264   _ADD
800022cc   _SUB_COND
800023e8   _mont
80002658   _montExp
800029e0   _signedSubtraction
80002a80   _modularInverse
800032e0   _timeData
80003300   _seeTheDifference
80003390   _printCharNoSpaces
80003420   _printChar
800035e0   _printArrayNoSpaces32
8000366c   _printArrayNoSpaces
800036f8   _printArray
800038c0   _hexToString
800039cc   _copyArrayFrom0
80003a30   _copyArray
80003a94   _concat
80003af4   _XOR
80003b80   _zerosArray16
80003b94   _zerosArray
80003bac   _isBiggerThanOrEqual
80003c2c   _subtractionWithSign
80003e00   _subtraction
80003ed8   _printArray8
80003f6c   _printArray32
80004000   _numberIsZero
80004060   _multiplyByTwo
800040a4   _isBiggerThan
80004118   _flipArray
80004190   _divideByTwo
800041cc   _copyArray8
80004230   _copyArray32
800042a4   _addition
800043a0   _SHA256_Transform
8000466c   _SHA256_Update
800048a4   _SHA256_Init
80004910   _SHA256_Final
80004ba0   __divd
80005140   _from8to32
8000520c   _from32to8
800052d8   _signAndEncryptMessage
80005370   _repositionZeros
80005434   _decryptAndUnsignMessage
800054f8   _createMessage
80005568   _createExponent
80005610   _computePartOfKey
80005638   _calculateKey
80005c60   _signatureMessage
800061a0   _updateFSR
800061f4   _RNG
80006378   _findRandNum
800063f8   _compareFSR
80006558   _PRNG
80006640   _verifySignature
80006ac0   __printfi
80007340   _fputs
800076e0   _aesEncrypt
80007718   _simpleEncrypt
80007770   _aesDecrypt
800077ac   _simpleDecrypt
80007804   _padding
80007898   _aesCBCencrypt
80007978   _aesCBCdecrypt
80007d60   _main
80008880   _free
80008b00   __divull
80009420   _fputc
80009420   _putc
80009840   _setvbuf
80009c00   _simpleHashWithLength
80009c48   _hashWithTime
80009cd4   _hashOfLength
80009dc0   __divul
80009f60   _HOSTrename
8000a0e0   _malloc
8000a260   _maskGenerationFunction
8000a640   __closefile
8000a880   _fseek
8000a9a0   _HOSTlseek
8000aaa0   __wrt_ok
8000aba0   _fprintf
8000aca0   _HOSTopen
8000ad80   _atoi
8000ae60   _close
8000af40   _fflush
8000b020   _memset
8000b100   _printf
8000b1e0   _HOSTread
8000b2a0   _HOSTunlink
8000b360   _HOSTwrite
8000b420   __auto_init
8000b5a0   __c6xabi_divu
8000b5a0   __divu
8000b660   __doflush
8000b720   _exit
8000b7e0   _ltoa
8000b8a0   _HOSTclose
8000b940   _HOSTtime
8000b9e0   __cleanup
8000ba80   __divli
8000bc60   __fixdli
8000bda0   _copy_in
8000bee0   _lseek
8000bf80   _memcpy
8000c160   _write
8000c200   __fltlid
8000c280   __llshl
8000c300   _c_int00
8000c380   _readmsg
8000c400   _unlink
8000c480   ___TI_cpp_init
8000c4e0   __abort_msg
8000c540   __subcull
8000c5a0   _memccpy
8000c600   _writemsg
8000c658   C$$IO$$
8000c660   ___isinf
8000c6e0   __args_main
8000c720   __frcmpyd_div
8000c760   __llshru
8000c7a0   __remli
8000c7e0   __c6xabi_strasgi_64plus
8000c7e0   __strasgi_64plus
8000c820   _time
8000c860   __negll
8000c880   __nop
8000c920   C$$EXIT
8000c920   _abort
8000c940   _remove
8000c960   ___etext__
8000c960   __sys_memory
8000c960   etext
80013268   __ctypes_
800138e0   __stack
800158e0   __STACK_END
800158e0   __ftable
80015ac0   __tmpnams
80015c00   __ft_end
80015d48   __cleanup_ptr
80015d4c   __dtors_ptr
80015d50   ___TI_enable_exit_profile_output
80015d54   __lock
80015d58   __unlock
80015d70   ___cinit__
80015d70   cinit
80015ed8   __CIOBUF_
ffffffff   ___TI_pprof_out_hndl
ffffffff   ___TI_prof_data_size
ffffffff   ___TI_prof_data_start
ffffffff   ___binit__
ffffffff   ___c_args__
ffffffff   ___pinit__
ffffffff   binit
ffffffff   pinit

[181 symbols]
