<?xml version="1.0"?>
<link_info>
   <banner>TMS320C6x Linker PC v7.3.1</banner>
   <copyright>Copyright (c) 1996-2011 Texas Instruments Incorporated</copyright>
   <link_time>0x59157f50</link_time>
   <output_file>ccsProject.out</output_file>
   <entry_point>
      <name>_c_int00</name>
      <address>0x8000bde0</address>
   </entry_point>
   <input_file_list>
      <input_file id="fl-2">
         <path>.\Key_Establishment\Source\</path>
         <kind>object</kind>
         <file>verifySignature.obj</file>
         <name>verifySignature.obj</name>
      </input_file>
      <input_file id="fl-3">
         <path>.\Key_Establishment\Source\</path>
         <kind>object</kind>
         <file>signatureMessage.obj</file>
         <name>signatureMessage.obj</name>
      </input_file>
      <input_file id="fl-4">
         <path>.\Key_Establishment\Source\</path>
         <kind>object</kind>
         <file>montExponentiation32.obj</file>
         <name>montExponentiation32.obj</name>
      </input_file>
      <input_file id="fl-5">
         <path>.\Key_Establishment\Source\</path>
         <kind>object</kind>
         <file>modularInverse32.obj</file>
         <name>modularInverse32.obj</name>
      </input_file>
      <input_file id="fl-6">
         <path>.\Key_Establishment\Source\</path>
         <kind>object</kind>
         <file>modFunctions32.obj</file>
         <name>modFunctions32.obj</name>
      </input_file>
      <input_file id="fl-7">
         <path>.\Key_Establishment\Source\</path>
         <kind>object</kind>
         <file>maskGenerationFunction.obj</file>
         <name>maskGenerationFunction.obj</name>
      </input_file>
      <input_file id="fl-8">
         <path>.\Key_Establishment\Source\</path>
         <kind>object</kind>
         <file>keyEstablishmentFunctions32.obj</file>
         <name>keyEstablishmentFunctions32.obj</name>
      </input_file>
      <input_file id="fl-9">
         <path>.\Key_Establishment\Source\</path>
         <kind>object</kind>
         <file>additionalFunctions32.obj</file>
         <name>additionalFunctions32.obj</name>
      </input_file>
      <input_file id="fl-a">
         <path>.\library\</path>
         <kind>object</kind>
         <file>useSHA256.obj</file>
         <name>useSHA256.obj</name>
      </input_file>
      <input_file id="fl-b">
         <path>.\library\</path>
         <kind>object</kind>
         <file>useAES.obj</file>
         <name>useAES.obj</name>
      </input_file>
      <input_file id="fl-c">
         <path>.\library\</path>
         <kind>object</kind>
         <file>sha2.obj</file>
         <name>sha2.obj</name>
      </input_file>
      <input_file id="fl-d">
         <path>.\library\</path>
         <kind>object</kind>
         <file>hmac.obj</file>
         <name>hmac.obj</name>
      </input_file>
      <input_file id="fl-e">
         <path>.\library\</path>
         <kind>object</kind>
         <file>helpfulFunctions.obj</file>
         <name>helpfulFunctions.obj</name>
      </input_file>
      <input_file id="fl-f">
         <path>.\library\</path>
         <kind>object</kind>
         <file>encryptDecrypt.obj</file>
         <name>encryptDecrypt.obj</name>
      </input_file>
      <input_file id="fl-10">
         <path>.\library\</path>
         <kind>object</kind>
         <file>aes.obj</file>
         <name>aes.obj</name>
      </input_file>
      <input_file id="fl-11">
         <path>.\library\</path>
         <kind>object</kind>
         <file>PRNG.obj</file>
         <name>PRNG.obj</name>
      </input_file>
      <input_file id="fl-12">
         <path>.\</path>
         <kind>object</kind>
         <file>main.obj</file>
         <name>main.obj</name>
      </input_file>
      <input_file id="fl-81">
         <path>C:\ti\ccsv5\tools\compiler\c6000\lib\</path>
         <kind>archive</kind>
         <file>rts6740.lib</file>
         <name>boot.obj</name>
      </input_file>
      <input_file id="fl-82">
         <path>C:\ti\ccsv5\tools\compiler\c6000\lib\</path>
         <kind>archive</kind>
         <file>rts6740.lib</file>
         <name>memset.obj</name>
      </input_file>
      <input_file id="fl-83">
         <path>C:\ti\ccsv5\tools\compiler\c6000\lib\</path>
         <kind>archive</kind>
         <file>rts6740.lib</file>
         <name>exit.obj</name>
      </input_file>
      <input_file id="fl-84">
         <path>C:\ti\ccsv5\tools\compiler\c6000\lib\</path>
         <kind>archive</kind>
         <file>rts6740.lib</file>
         <name>_lock.obj</name>
      </input_file>
      <input_file id="fl-85">
         <path>C:\ti\ccsv5\tools\compiler\c6000\lib\</path>
         <kind>archive</kind>
         <file>rts6740.lib</file>
         <name>args_main.obj</name>
      </input_file>
      <input_file id="fl-86">
         <path>C:\ti\ccsv5\tools\compiler\c6000\lib\</path>
         <kind>archive</kind>
         <file>rts6740.lib</file>
         <name>assert.obj</name>
      </input_file>
      <input_file id="fl-87">
         <path>C:\ti\ccsv5\tools\compiler\c6000\lib\</path>
         <kind>archive</kind>
         <file>rts6740.lib</file>
         <name>defs.obj</name>
      </input_file>
      <input_file id="fl-88">
         <path>C:\ti\ccsv5\tools\compiler\c6000\lib\</path>
         <kind>archive</kind>
         <file>rts6740.lib</file>
         <name>fflush.obj</name>
      </input_file>
      <input_file id="fl-89">
         <path>C:\ti\ccsv5\tools\compiler\c6000\lib\</path>
         <kind>archive</kind>
         <file>rts6740.lib</file>
         <name>fprintf.obj</name>
      </input_file>
      <input_file id="fl-8a">
         <path>C:\ti\ccsv5\tools\compiler\c6000\lib\</path>
         <kind>archive</kind>
         <file>rts6740.lib</file>
         <name>fputc.obj</name>
      </input_file>
      <input_file id="fl-8b">
         <path>C:\ti\ccsv5\tools\compiler\c6000\lib\</path>
         <kind>archive</kind>
         <file>rts6740.lib</file>
         <name>fputs.obj</name>
      </input_file>
      <input_file id="fl-8c">
         <path>C:\ti\ccsv5\tools\compiler\c6000\lib\</path>
         <kind>archive</kind>
         <file>rts6740.lib</file>
         <name>lowlev.obj</name>
      </input_file>
      <input_file id="fl-8d">
         <path>C:\ti\ccsv5\tools\compiler\c6000\lib\</path>
         <kind>archive</kind>
         <file>rts6740.lib</file>
         <name>printf.obj</name>
      </input_file>
      <input_file id="fl-8e">
         <path>C:\ti\ccsv5\tools\compiler\c6000\lib\</path>
         <kind>archive</kind>
         <file>rts6740.lib</file>
         <name>time.obj</name>
      </input_file>
      <input_file id="fl-8f">
         <path>C:\ti\ccsv5\tools\compiler\c6000\lib\</path>
         <kind>archive</kind>
         <file>rts6740.lib</file>
         <name>trgdrv.obj</name>
      </input_file>
      <input_file id="fl-90">
         <path>C:\ti\ccsv5\tools\compiler\c6000\lib\</path>
         <kind>archive</kind>
         <file>rts6740.lib</file>
         <name>memcpy64.obj</name>
      </input_file>
      <input_file id="fl-91">
         <path>C:\ti\ccsv5\tools\compiler\c6000\lib\</path>
         <kind>archive</kind>
         <file>rts6740.lib</file>
         <name>strasg.obj</name>
      </input_file>
      <input_file id="fl-92">
         <path>C:\ti\ccsv5\tools\compiler\c6000\lib\</path>
         <kind>archive</kind>
         <file>rts6740.lib</file>
         <name>autoinit.obj</name>
      </input_file>
      <input_file id="fl-93">
         <path>C:\ti\ccsv5\tools\compiler\c6000\lib\</path>
         <kind>archive</kind>
         <file>rts6740.lib</file>
         <name>trgmsg.obj</name>
      </input_file>
      <input_file id="fl-94">
         <path>C:\ti\ccsv5\tools\compiler\c6000\lib\</path>
         <kind>archive</kind>
         <file>rts6740.lib</file>
         <name>cpy_tbl.obj</name>
      </input_file>
      <input_file id="fl-95">
         <path>C:\ti\ccsv5\tools\compiler\c6000\lib\</path>
         <kind>archive</kind>
         <file>rts6740.lib</file>
         <name>_io_perm.obj</name>
      </input_file>
      <input_file id="fl-96">
         <path>C:\ti\ccsv5\tools\compiler\c6000\lib\</path>
         <kind>archive</kind>
         <file>rts6740.lib</file>
         <name>_printfi.obj</name>
      </input_file>
      <input_file id="fl-97">
         <path>C:\ti\ccsv5\tools\compiler\c6000\lib\</path>
         <kind>archive</kind>
         <file>rts6740.lib</file>
         <name>atoi.obj</name>
      </input_file>
      <input_file id="fl-98">
         <path>C:\ti\ccsv5\tools\compiler\c6000\lib\</path>
         <kind>archive</kind>
         <file>rts6740.lib</file>
         <name>ctype.obj</name>
      </input_file>
      <input_file id="fl-99">
         <path>C:\ti\ccsv5\tools\compiler\c6000\lib\</path>
         <kind>archive</kind>
         <file>rts6740.lib</file>
         <name>fseek.obj</name>
      </input_file>
      <input_file id="fl-9a">
         <path>C:\ti\ccsv5\tools\compiler\c6000\lib\</path>
         <kind>archive</kind>
         <file>rts6740.lib</file>
         <name>ltoa.obj</name>
      </input_file>
      <input_file id="fl-9b">
         <path>C:\ti\ccsv5\tools\compiler\c6000\lib\</path>
         <kind>archive</kind>
         <file>rts6740.lib</file>
         <name>memccpy.obj</name>
      </input_file>
      <input_file id="fl-9c">
         <path>C:\ti\ccsv5\tools\compiler\c6000\lib\</path>
         <kind>archive</kind>
         <file>rts6740.lib</file>
         <name>setvbuf.obj</name>
      </input_file>
      <input_file id="fl-9d">
         <path>C:\ti\ccsv5\tools\compiler\c6000\lib\</path>
         <kind>archive</kind>
         <file>rts6740.lib</file>
         <name>divd.obj</name>
      </input_file>
      <input_file id="fl-9e">
         <path>C:\ti\ccsv5\tools\compiler\c6000\lib\</path>
         <kind>archive</kind>
         <file>rts6740.lib</file>
         <name>fixdli.obj</name>
      </input_file>
      <input_file id="fl-9f">
         <path>C:\ti\ccsv5\tools\compiler\c6000\lib\</path>
         <kind>archive</kind>
         <file>rts6740.lib</file>
         <name>fltlid.obj</name>
      </input_file>
      <input_file id="fl-a0">
         <path>C:\ti\ccsv5\tools\compiler\c6000\lib\</path>
         <kind>archive</kind>
         <file>rts6740.lib</file>
         <name>frcmpyd_div.obj</name>
      </input_file>
      <input_file id="fl-a1">
         <path>C:\ti\ccsv5\tools\compiler\c6000\lib\</path>
         <kind>archive</kind>
         <file>rts6740.lib</file>
         <name>isinf.obj</name>
      </input_file>
      <input_file id="fl-a2">
         <path>C:\ti\ccsv5\tools\compiler\c6000\lib\</path>
         <kind>archive</kind>
         <file>rts6740.lib</file>
         <name>divu.obj</name>
      </input_file>
      <input_file id="fl-a3">
         <path>C:\ti\ccsv5\tools\compiler\c6000\lib\</path>
         <kind>archive</kind>
         <file>rts6740.lib</file>
         <name>negll.obj</name>
      </input_file>
      <input_file id="fl-a4">
         <path>C:\ti\ccsv5\tools\compiler\c6000\lib\</path>
         <kind>archive</kind>
         <file>rts6740.lib</file>
         <name>imath40.obj</name>
      </input_file>
      <input_file id="fl-a5">
         <path>C:\ti\ccsv5\tools\compiler\c6000\lib\</path>
         <kind>archive</kind>
         <file>rts6740.lib</file>
         <name>imath64.obj</name>
      </input_file>
      <input_file id="fl-a6">
         <path>C:\ti\ccsv5\tools\compiler\c6000\lib\</path>
         <kind>archive</kind>
         <file>rts6740.lib</file>
         <name>llshift.obj</name>
      </input_file>
      <input_file id="fl-a7">
         <path>C:\ti\ccsv5\tools\compiler\c6000\lib\</path>
         <kind>archive</kind>
         <file>rts6740.lib</file>
         <name>memory.obj</name>
      </input_file>
      <input_file id="fl-a8">
         <path>C:\ti\ccsv5\tools\compiler\c6000\lib\</path>
         <kind>archive</kind>
         <file>rts6740.lib</file>
         <name>abs.obj</name>
      </input_file>
      <input_file id="fl-a9">
         <path>C:\ti\ccsv5\tools\compiler\c6000\lib\</path>
         <kind>archive</kind>
         <file>rts6740.lib</file>
         <name>fopen.obj</name>
      </input_file>
      <input_file id="fl-aa">
         <path>C:\ti\ccsv5\tools\compiler\c6000\lib\</path>
         <kind>archive</kind>
         <file>rts6740.lib</file>
         <name>fclose.obj</name>
      </input_file>
      <input_file id="fl-ab">
         <path>C:\ti\ccsv5\tools\compiler\c6000\lib\</path>
         <kind>archive</kind>
         <file>rts6740.lib</file>
         <name>remove.obj</name>
      </input_file>
   </input_file_list>
   <object_component_list>
      <object_component id="oc-10e">
         <name>.text</name>
         <load_address>0x80000000</load_address>
         <run_address>0x80000000</run_address>
         <size>0x10e0</size>
         <input_file_ref idref="fl-10"/>
      </object_component>
      <object_component id="oc-10c">
         <name>.text</name>
         <load_address>0x800010e0</load_address>
         <run_address>0x800010e0</run_address>
         <size>0xe20</size>
         <input_file_ref idref="fl-6"/>
      </object_component>
      <object_component id="oc-102">
         <name>.text</name>
         <load_address>0x80001f00</load_address>
         <run_address>0x80001f00</run_address>
         <size>0xaa0</size>
         <input_file_ref idref="fl-4"/>
      </object_component>
      <object_component id="oc-ff">
         <name>.text</name>
         <load_address>0x800029a0</load_address>
         <run_address>0x800029a0</run_address>
         <size>0x8a0</size>
         <input_file_ref idref="fl-e"/>
      </object_component>
      <object_component id="oc-104">
         <name>.text</name>
         <load_address>0x80003240</load_address>
         <run_address>0x80003240</run_address>
         <size>0x820</size>
         <input_file_ref idref="fl-9"/>
      </object_component>
      <object_component id="oc-110">
         <name>.text</name>
         <load_address>0x80003a60</load_address>
         <run_address>0x80003a60</run_address>
         <size>0x820</size>
         <input_file_ref idref="fl-c"/>
      </object_component>
      <object_component id="oc-10d">
         <name>.text</name>
         <load_address>0x80004280</load_address>
         <run_address>0x80004280</run_address>
         <size>0x800</size>
         <input_file_ref idref="fl-5"/>
      </object_component>
      <object_component id="oc-145">
         <name>.text:__divd</name>
         <load_address>0x80004a80</load_address>
         <run_address>0x80004a80</run_address>
         <size>0x5a0</size>
         <input_file_ref idref="fl-9d"/>
      </object_component>
      <object_component id="oc-137">
         <name>.text:__getarg_diouxp</name>
         <load_address>0x80005020</load_address>
         <run_address>0x80005020</run_address>
         <size>0x580</size>
         <input_file_ref idref="fl-96"/>
      </object_component>
      <object_component id="oc-fd">
         <name>.text</name>
         <load_address>0x800055a0</load_address>
         <run_address>0x800055a0</run_address>
         <size>0x580</size>
         <input_file_ref idref="fl-8"/>
      </object_component>
      <object_component id="oc-100">
         <name>.text</name>
         <load_address>0x80005b20</load_address>
         <run_address>0x80005b20</run_address>
         <size>0x520</size>
         <input_file_ref idref="fl-3"/>
      </object_component>
      <object_component id="oc-105">
         <name>.text</name>
         <load_address>0x80006040</load_address>
         <run_address>0x80006040</run_address>
         <size>0x4a0</size>
         <input_file_ref idref="fl-11"/>
      </object_component>
      <object_component id="oc-115">
         <name>.text:__setfield</name>
         <load_address>0x800064e0</load_address>
         <run_address>0x800064e0</run_address>
         <size>0x480</size>
         <input_file_ref idref="fl-96"/>
      </object_component>
      <object_component id="oc-101">
         <name>.text</name>
         <load_address>0x80006960</load_address>
         <run_address>0x80006960</run_address>
         <size>0x480</size>
         <input_file_ref idref="fl-2"/>
      </object_component>
      <object_component id="oc-109">
         <name>.text:__printfi</name>
         <load_address>0x80006de0</load_address>
         <run_address>0x80006de0</run_address>
         <size>0x440</size>
         <input_file_ref idref="fl-96"/>
      </object_component>
      <object_component id="oc-103">
         <name>.text</name>
         <load_address>0x80007220</load_address>
         <run_address>0x80007220</run_address>
         <size>0x340</size>
         <input_file_ref idref="fl-b"/>
      </object_component>
      <object_component id="oc-f0">
         <name>.text</name>
         <load_address>0x80007560</load_address>
         <run_address>0x80007560</run_address>
         <size>0x320</size>
         <input_file_ref idref="fl-12"/>
      </object_component>
      <object_component id="oc-111">
         <name>.text:_fputs</name>
         <load_address>0x80007880</load_address>
         <run_address>0x80007880</run_address>
         <size>0x300</size>
         <input_file_ref idref="fl-8b"/>
      </object_component>
      <object_component id="oc-12a">
         <name>.text:__pproc_fge</name>
         <load_address>0x80007b80</load_address>
         <run_address>0x80007b80</run_address>
         <size>0x2c0</size>
         <input_file_ref idref="fl-96"/>
      </object_component>
      <object_component id="oc-114">
         <name>.text:__pproc_fwp</name>
         <load_address>0x80007e40</load_address>
         <run_address>0x80007e40</run_address>
         <size>0x2c0</size>
         <input_file_ref idref="fl-96"/>
      </object_component>
      <object_component id="oc-140">
         <name>.text:_ecvt</name>
         <load_address>0x80008100</load_address>
         <run_address>0x80008100</run_address>
         <size>0x2a0</size>
         <input_file_ref idref="fl-96"/>
      </object_component>
      <object_component id="oc-143">
         <name>.text:_fcvt</name>
         <load_address>0x800083a0</load_address>
         <run_address>0x800083a0</run_address>
         <size>0x2a0</size>
         <input_file_ref idref="fl-96"/>
      </object_component>
      <object_component id="oc-13d">
         <name>.text:_free</name>
         <load_address>0x80008640</load_address>
         <run_address>0x80008640</run_address>
         <size>0x280</size>
         <input_file_ref idref="fl-a7"/>
      </object_component>
      <object_component id="oc-151">
         <name>.text:__divull</name>
         <load_address>0x800088c0</load_address>
         <run_address>0x800088c0</run_address>
         <size>0x260</size>
         <input_file_ref idref="fl-a5"/>
      </object_component>
      <object_component id="oc-136">
         <name>.text:__pconv_e</name>
         <load_address>0x80008b20</load_address>
         <run_address>0x80008b20</run_address>
         <size>0x260</size>
         <input_file_ref idref="fl-96"/>
      </object_component>
      <object_component id="oc-12b">
         <name>.text:__pproc_diouxp</name>
         <load_address>0x80008d80</load_address>
         <run_address>0x80008d80</run_address>
         <size>0x240</size>
         <input_file_ref idref="fl-96"/>
      </object_component>
      <object_component id="oc-116">
         <name>.text:__pproc_str</name>
         <load_address>0x80008fc0</load_address>
         <run_address>0x80008fc0</run_address>
         <size>0x220</size>
         <input_file_ref idref="fl-96"/>
      </object_component>
      <object_component id="oc-134">
         <name>.text:__pconv_g</name>
         <load_address>0x800091e0</load_address>
         <run_address>0x800091e0</run_address>
         <size>0x200</size>
         <input_file_ref idref="fl-96"/>
      </object_component>
      <object_component id="oc-142">
         <name>.text:__mcpy</name>
         <load_address>0x800093e0</load_address>
         <run_address>0x800093e0</run_address>
         <size>0x1c0</size>
         <input_file_ref idref="fl-96"/>
      </object_component>
      <object_component id="oc-106">
         <name>.text</name>
         <load_address>0x800095a0</load_address>
         <run_address>0x800095a0</run_address>
         <size>0x1c0</size>
         <input_file_ref idref="fl-a"/>
      </object_component>
      <object_component id="oc-150">
         <name>.text:__divul</name>
         <load_address>0x80009760</load_address>
         <run_address>0x80009760</run_address>
         <size>0x1a0</size>
         <input_file_ref idref="fl-a4"/>
      </object_component>
      <object_component id="oc-ed">
         <name>.text:_HOSTrename</name>
         <load_address>0x80009900</load_address>
         <run_address>0x80009900</run_address>
         <size>0x180</size>
         <input_file_ref idref="fl-8f"/>
      </object_component>
      <object_component id="oc-13e">
         <name>.text:_malloc</name>
         <load_address>0x80009a80</load_address>
         <run_address>0x80009a80</run_address>
         <size>0x180</size>
         <input_file_ref idref="fl-a7"/>
      </object_component>
      <object_component id="oc-130">
         <name>.text:_setvbuf</name>
         <load_address>0x80009c00</load_address>
         <run_address>0x80009c00</run_address>
         <size>0x180</size>
         <input_file_ref idref="fl-9c"/>
      </object_component>
      <object_component id="oc-10b">
         <name>.text</name>
         <load_address>0x80009d80</load_address>
         <run_address>0x80009d80</run_address>
         <size>0x160</size>
         <input_file_ref idref="fl-7"/>
      </object_component>
      <object_component id="oc-113">
         <name>.text:__pproc_fflags</name>
         <load_address>0x80009ee0</load_address>
         <run_address>0x80009ee0</run_address>
         <size>0x140</size>
         <input_file_ref idref="fl-96"/>
      </object_component>
      <object_component id="oc-112">
         <name>.text:_fputc</name>
         <load_address>0x8000a020</load_address>
         <run_address>0x8000a020</run_address>
         <size>0x140</size>
         <input_file_ref idref="fl-8a"/>
      </object_component>
      <object_component id="oc-159">
         <name>.text:_getdevice</name>
         <load_address>0x8000a160</load_address>
         <run_address>0x8000a160</run_address>
         <size>0x140</size>
         <input_file_ref idref="fl-8c"/>
      </object_component>
      <object_component id="oc-149">
         <name>.text:_fclose</name>
         <load_address>0x8000a2a0</load_address>
         <run_address>0x8000a2a0</run_address>
         <size>0x120</size>
         <input_file_ref idref="fl-aa"/>
      </object_component>
      <object_component id="oc-eb">
         <name>.text:_HOSTlseek</name>
         <load_address>0x8000a3c0</load_address>
         <run_address>0x8000a3c0</run_address>
         <size>0x100</size>
         <input_file_ref idref="fl-8f"/>
      </object_component>
      <object_component id="oc-e3">
         <name>.text:__auto_init</name>
         <load_address>0x8000a4c0</load_address>
         <run_address>0x8000a4c0</run_address>
         <size>0x100</size>
         <input_file_ref idref="fl-92"/>
      </object_component>
      <object_component id="oc-139">
         <name>.text:__ltostr</name>
         <load_address>0x8000a5c0</load_address>
         <run_address>0x8000a5c0</run_address>
         <size>0x100</size>
         <input_file_ref idref="fl-96"/>
      </object_component>
      <object_component id="oc-126">
         <name>.text:__wrt_ok</name>
         <load_address>0x8000a6c0</load_address>
         <run_address>0x8000a6c0</run_address>
         <size>0x100</size>
         <input_file_ref idref="fl-95"/>
      </object_component>
      <object_component id="oc-12e">
         <name>.text:_fflush</name>
         <load_address>0x8000a7c0</load_address>
         <run_address>0x8000a7c0</run_address>
         <size>0x100</size>
         <input_file_ref idref="fl-88"/>
      </object_component>
      <object_component id="oc-e7">
         <name>.text:_HOSTopen</name>
         <load_address>0x8000a8c0</load_address>
         <run_address>0x8000a8c0</run_address>
         <size>0xe0</size>
         <input_file_ref idref="fl-8f"/>
      </object_component>
      <object_component id="oc-129">
         <name>.text:_atoi</name>
         <load_address>0x8000a9a0</load_address>
         <run_address>0x8000a9a0</run_address>
         <size>0xe0</size>
         <input_file_ref idref="fl-97"/>
      </object_component>
      <object_component id="oc-152">
         <name>.text:_close</name>
         <load_address>0x8000aa80</load_address>
         <run_address>0x8000aa80</run_address>
         <size>0xe0</size>
         <input_file_ref idref="fl-8c"/>
      </object_component>
      <object_component id="oc-e5">
         <name>.text:_exit</name>
         <load_address>0x8000ab60</load_address>
         <run_address>0x8000ab60</run_address>
         <size>0xe0</size>
         <input_file_ref idref="fl-83"/>
      </object_component>
      <object_component id="oc-fc">
         <name>.text:_memset</name>
         <load_address>0x8000ac40</load_address>
         <run_address>0x8000ac40</run_address>
         <size>0xe0</size>
         <input_file_ref idref="fl-82"/>
      </object_component>
      <object_component id="oc-e9">
         <name>.text:_HOSTread</name>
         <load_address>0x8000ad20</load_address>
         <run_address>0x8000ad20</run_address>
         <size>0xc0</size>
         <input_file_ref idref="fl-8f"/>
      </object_component>
      <object_component id="oc-ec">
         <name>.text:_HOSTunlink</name>
         <load_address>0x8000ade0</load_address>
         <run_address>0x8000ade0</run_address>
         <size>0xc0</size>
         <input_file_ref idref="fl-8f"/>
      </object_component>
      <object_component id="oc-ea">
         <name>.text:_HOSTwrite</name>
         <load_address>0x8000aea0</load_address>
         <run_address>0x8000aea0</run_address>
         <size>0xc0</size>
         <input_file_ref idref="fl-8f"/>
      </object_component>
      <object_component id="oc-13f">
         <name>.text:__cleanup</name>
         <load_address>0x8000af60</load_address>
         <run_address>0x8000af60</run_address>
         <size>0xc0</size>
         <input_file_ref idref="fl-a9"/>
      </object_component>
      <object_component id="oc-146">
         <name>.text:__div</name>
         <load_address>0x8000b020</load_address>
         <run_address>0x8000b020</run_address>
         <size>0xc0</size>
         <input_file_ref idref="fl-96"/>
      </object_component>
      <object_component id="oc-14f">
         <name>.text:__divu</name>
         <load_address>0x8000b0e0</load_address>
         <run_address>0x8000b0e0</run_address>
         <size>0xc0</size>
         <input_file_ref idref="fl-a2"/>
      </object_component>
      <object_component id="oc-127">
         <name>.text:__doflush</name>
         <load_address>0x8000b1a0</load_address>
         <run_address>0x8000b1a0</run_address>
         <size>0xc0</size>
         <input_file_ref idref="fl-88"/>
      </object_component>
      <object_component id="oc-12f">
         <name>.text:_fseek</name>
         <load_address>0x8000b260</load_address>
         <run_address>0x8000b260</run_address>
         <size>0xc0</size>
         <input_file_ref idref="fl-99"/>
      </object_component>
      <object_component id="oc-13c">
         <name>.text:_lseek</name>
         <load_address>0x8000b320</load_address>
         <run_address>0x8000b320</run_address>
         <size>0xc0</size>
         <input_file_ref idref="fl-8c"/>
      </object_component>
      <object_component id="oc-14b">
         <name>.text:_ltoa</name>
         <load_address>0x8000b3e0</load_address>
         <run_address>0x8000b3e0</run_address>
         <size>0xc0</size>
         <input_file_ref idref="fl-9a"/>
      </object_component>
      <object_component id="oc-128">
         <name>.text:_write</name>
         <load_address>0x8000b4a0</load_address>
         <run_address>0x8000b4a0</run_address>
         <size>0xc0</size>
         <input_file_ref idref="fl-8c"/>
      </object_component>
      <object_component id="oc-e8">
         <name>.text:_HOSTclose</name>
         <load_address>0x8000b560</load_address>
         <run_address>0x8000b560</run_address>
         <size>0xa0</size>
         <input_file_ref idref="fl-8f"/>
      </object_component>
      <object_component id="oc-117">
         <name>.text:_HOSTtime</name>
         <load_address>0x8000b600</load_address>
         <run_address>0x8000b600</run_address>
         <size>0xa0</size>
         <input_file_ref idref="fl-8f"/>
      </object_component>
      <object_component id="oc-155">
         <name>.text:__divli</name>
         <load_address>0x8000b6a0</load_address>
         <run_address>0x8000b6a0</run_address>
         <size>0xa0</size>
         <input_file_ref idref="fl-a4"/>
      </object_component>
      <object_component id="oc-141">
         <name>.text:__ecpy</name>
         <load_address>0x8000b740</load_address>
         <run_address>0x8000b740</run_address>
         <size>0xa0</size>
         <input_file_ref idref="fl-96"/>
      </object_component>
      <object_component id="oc-144">
         <name>.text:__fcpy</name>
         <load_address>0x8000b7e0</load_address>
         <run_address>0x8000b7e0</run_address>
         <size>0xa0</size>
         <input_file_ref idref="fl-96"/>
      </object_component>
      <object_component id="oc-14a">
         <name>.text:__fixdli</name>
         <load_address>0x8000b880</load_address>
         <run_address>0x8000b880</run_address>
         <size>0xa0</size>
         <input_file_ref idref="fl-9e"/>
      </object_component>
      <object_component id="oc-135">
         <name>.text:__pconv_f</name>
         <load_address>0x8000b920</load_address>
         <run_address>0x8000b920</run_address>
         <size>0xa0</size>
         <input_file_ref idref="fl-96"/>
      </object_component>
      <object_component id="oc-ee">
         <name>.text:_copy_in</name>
         <load_address>0x8000b9c0</load_address>
         <run_address>0x8000b9c0</run_address>
         <size>0xa0</size>
         <input_file_ref idref="fl-94"/>
      </object_component>
      <object_component id="oc-15a">
         <name>.text:_finddevice</name>
         <load_address>0x8000ba60</load_address>
         <run_address>0x8000ba60</run_address>
         <size>0xa0</size>
         <input_file_ref idref="fl-8c"/>
      </object_component>
      <object_component id="oc-ef">
         <name>.text:_memcpy</name>
         <load_address>0x8000bb00</load_address>
         <run_address>0x8000bb00</run_address>
         <size>0xa0</size>
         <input_file_ref idref="fl-90"/>
      </object_component>
      <object_component id="oc-148">
         <name>.text:_minsert</name>
         <load_address>0x8000bba0</load_address>
         <run_address>0x8000bba0</run_address>
         <size>0xa0</size>
         <input_file_ref idref="fl-a7"/>
      </object_component>
      <object_component id="oc-147">
         <name>.text:_mremove</name>
         <load_address>0x8000bc40</load_address>
         <run_address>0x8000bc40</run_address>
         <size>0xa0</size>
         <input_file_ref idref="fl-a7"/>
      </object_component>
      <object_component id="oc-14c">
         <name>.text:__fltlid</name>
         <load_address>0x8000bce0</load_address>
         <run_address>0x8000bce0</run_address>
         <size>0x80</size>
         <input_file_ref idref="fl-9f"/>
      </object_component>
      <object_component id="oc-156">
         <name>.text:__llshl</name>
         <load_address>0x8000bd60</load_address>
         <run_address>0x8000bd60</run_address>
         <size>0x80</size>
         <input_file_ref idref="fl-a6"/>
      </object_component>
      <object_component id="oc-17">
         <name>.text:_c_int00</name>
         <load_address>0x8000bde0</load_address>
         <run_address>0x8000bde0</run_address>
         <size>0x80</size>
         <input_file_ref idref="fl-81"/>
      </object_component>
      <object_component id="oc-12d">
         <name>.text:_fprintf</name>
         <load_address>0x8000be60</load_address>
         <run_address>0x8000be60</run_address>
         <size>0x80</size>
         <input_file_ref idref="fl-89"/>
      </object_component>
      <object_component id="oc-fe">
         <name>.text:_printf</name>
         <load_address>0x8000bee0</load_address>
         <run_address>0x8000bee0</run_address>
         <size>0x80</size>
         <input_file_ref idref="fl-8d"/>
      </object_component>
      <object_component id="oc-f3">
         <name>.text:_readmsg</name>
         <load_address>0x8000bf60</load_address>
         <run_address>0x8000bf60</run_address>
         <size>0x80</size>
         <input_file_ref idref="fl-93"/>
      </object_component>
      <object_component id="oc-158">
         <name>.text:_unlink</name>
         <load_address>0x8000bfe0</load_address>
         <run_address>0x8000bfe0</run_address>
         <size>0x80</size>
         <input_file_ref idref="fl-8c"/>
      </object_component>
      <object_component id="oc-124">
         <name>.text:__abort_msg</name>
         <load_address>0x8000c060</load_address>
         <run_address>0x8000c060</run_address>
         <size>0x60</size>
         <input_file_ref idref="fl-86"/>
      </object_component>
      <object_component id="oc-157">
         <name>.text:__subcull</name>
         <load_address>0x8000c0c0</load_address>
         <run_address>0x8000c0c0</run_address>
         <size>0x60</size>
         <input_file_ref idref="fl-a5"/>
      </object_component>
      <object_component id="oc-12c">
         <name>.text:_memccpy</name>
         <load_address>0x8000c120</load_address>
         <run_address>0x8000c120</run_address>
         <size>0x60</size>
         <input_file_ref idref="fl-9b"/>
      </object_component>
      <object_component id="oc-f2">
         <name>.text:_writemsg</name>
         <load_address>0x8000c180</load_address>
         <run_address>0x8000c180</run_address>
         <size>0x60</size>
         <input_file_ref idref="fl-93"/>
      </object_component>
      <object_component id="oc-133">
         <name>.text:___isinf</name>
         <load_address>0x8000c1e0</load_address>
         <run_address>0x8000c1e0</run_address>
         <size>0x40</size>
         <input_file_ref idref="fl-a1"/>
      </object_component>
      <object_component id="oc-132">
         <name>.text:___isnan</name>
         <load_address>0x8000c220</load_address>
         <run_address>0x8000c220</run_address>
         <size>0x40</size>
         <input_file_ref idref="fl-96"/>
      </object_component>
      <object_component id="oc-e4">
         <name>.text:__args_main</name>
         <load_address>0x8000c260</load_address>
         <run_address>0x8000c260</run_address>
         <size>0x40</size>
         <input_file_ref idref="fl-85"/>
      </object_component>
      <object_component id="oc-14e">
         <name>.text:__frcmpyd_div</name>
         <load_address>0x8000c2a0</load_address>
         <run_address>0x8000c2a0</run_address>
         <size>0x40</size>
         <input_file_ref idref="fl-a0"/>
      </object_component>
      <object_component id="oc-14d">
         <name>.text:__llshru</name>
         <load_address>0x8000c2e0</load_address>
         <run_address>0x8000c2e0</run_address>
         <size>0x40</size>
         <input_file_ref idref="fl-a6"/>
      </object_component>
      <object_component id="oc-154">
         <name>.text:__remli</name>
         <load_address>0x8000c320</load_address>
         <run_address>0x8000c320</run_address>
         <size>0x40</size>
         <input_file_ref idref="fl-a4"/>
      </object_component>
      <object_component id="oc-f6">
         <name>.text:__strasgi_64plus</name>
         <load_address>0x8000c360</load_address>
         <run_address>0x8000c360</run_address>
         <size>0x40</size>
         <input_file_ref idref="fl-91"/>
      </object_component>
      <object_component id="oc-10a">
         <name>.text:_time</name>
         <load_address>0x8000c3a0</load_address>
         <run_address>0x8000c3a0</run_address>
         <size>0x40</size>
         <input_file_ref idref="fl-8e"/>
      </object_component>
      <object_component id="oc-138">
         <name>.text:__negll</name>
         <load_address>0x8000c3e0</load_address>
         <run_address>0x8000c3e0</run_address>
         <size>0x20</size>
         <input_file_ref idref="fl-a3"/>
      </object_component>
      <object_component id="oc-e6">
         <name>.text:__nop</name>
         <load_address>0x8000c400</load_address>
         <run_address>0x8000c400</run_address>
         <size>0x20</size>
         <input_file_ref idref="fl-84"/>
      </object_component>
      <object_component id="oc-13a">
         <name>.text:__outc</name>
         <load_address>0x8000c420</load_address>
         <run_address>0x8000c420</run_address>
         <size>0x20</size>
         <input_file_ref idref="fl-89"/>
      </object_component>
      <object_component id="oc-108">
         <name>.text:__outc</name>
         <load_address>0x8000c440</load_address>
         <run_address>0x8000c440</run_address>
         <size>0x20</size>
         <input_file_ref idref="fl-8d"/>
      </object_component>
      <object_component id="oc-13b">
         <name>.text:__outs</name>
         <load_address>0x8000c460</load_address>
         <run_address>0x8000c460</run_address>
         <size>0x20</size>
         <input_file_ref idref="fl-89"/>
      </object_component>
      <object_component id="oc-107">
         <name>.text:__outs</name>
         <load_address>0x8000c480</load_address>
         <run_address>0x8000c480</run_address>
         <size>0x20</size>
         <input_file_ref idref="fl-8d"/>
      </object_component>
      <object_component id="oc-f1">
         <name>.text:_abort</name>
         <load_address>0x8000c4a0</load_address>
         <run_address>0x8000c4a0</run_address>
         <size>0x20</size>
         <input_file_ref idref="fl-83"/>
      </object_component>
      <object_component id="oc-153">
         <name>.text:_remove</name>
         <load_address>0x8000c4c0</load_address>
         <run_address>0x8000c4c0</run_address>
         <size>0x20</size>
         <input_file_ref idref="fl-ab"/>
      </object_component>
      <object_component id="oc-52">
         <name>.stack</name>
         <uninitialized>true</uninitialized>
         <run_address>0x80013408</run_address>
         <size>0x8</size>
         <input_file_ref idref="fl-81"/>
      </object_component>
      <object_component id="oc-177">
         <name>.stack</name>
         <uninitialized>true</uninitialized>
         <run_address>0x80013408</run_address>
         <size>0x0</size>
      </object_component>
      <object_component id="oc-93">
         <name>.cio</name>
         <uninitialized>true</uninitialized>
         <run_address>0x80015ac4</run_address>
         <size>0x120</size>
         <input_file_ref idref="fl-93"/>
      </object_component>
      <object_component id="oc-11c">
         <name>.const:_Td0</name>
         <load_address>0x800104e0</load_address>
         <run_address>0x800104e0</run_address>
         <size>0x400</size>
         <input_file_ref idref="fl-10"/>
      </object_component>
      <object_component id="oc-11d">
         <name>.const:_Td1</name>
         <load_address>0x800108e0</load_address>
         <run_address>0x800108e0</run_address>
         <size>0x400</size>
         <input_file_ref idref="fl-10"/>
      </object_component>
      <object_component id="oc-11a">
         <name>.const:_Td2</name>
         <load_address>0x80010ce0</load_address>
         <run_address>0x80010ce0</run_address>
         <size>0x400</size>
         <input_file_ref idref="fl-10"/>
      </object_component>
      <object_component id="oc-11b">
         <name>.const:_Td3</name>
         <load_address>0x800110e0</load_address>
         <run_address>0x800110e0</run_address>
         <size>0x400</size>
         <input_file_ref idref="fl-10"/>
      </object_component>
      <object_component id="oc-122">
         <name>.const:_Td4</name>
         <load_address>0x800114e0</load_address>
         <run_address>0x800114e0</run_address>
         <size>0x400</size>
         <input_file_ref idref="fl-10"/>
      </object_component>
      <object_component id="oc-121">
         <name>.const:_Te0</name>
         <load_address>0x800118e0</load_address>
         <run_address>0x800118e0</run_address>
         <size>0x400</size>
         <input_file_ref idref="fl-10"/>
      </object_component>
      <object_component id="oc-11f">
         <name>.const:_Te1</name>
         <load_address>0x80011ce0</load_address>
         <run_address>0x80011ce0</run_address>
         <size>0x400</size>
         <input_file_ref idref="fl-10"/>
      </object_component>
      <object_component id="oc-11e">
         <name>.const:_Te2</name>
         <load_address>0x800120e0</load_address>
         <run_address>0x800120e0</run_address>
         <size>0x400</size>
         <input_file_ref idref="fl-10"/>
      </object_component>
      <object_component id="oc-120">
         <name>.const:_Te3</name>
         <load_address>0x800124e0</load_address>
         <run_address>0x800124e0</run_address>
         <size>0x400</size>
         <input_file_ref idref="fl-10"/>
      </object_component>
      <object_component id="oc-119">
         <name>.const:_Te4</name>
         <load_address>0x800128e0</load_address>
         <run_address>0x800128e0</run_address>
         <size>0x400</size>
         <input_file_ref idref="fl-10"/>
      </object_component>
      <object_component id="oc-4e">
         <name>.const</name>
         <load_address>0x80012ce0</load_address>
         <run_address>0x80012ce0</run_address>
         <size>0x107</size>
         <input_file_ref idref="fl-12"/>
      </object_component>
      <object_component id="oc-131">
         <name>.const:__ctypes_</name>
         <load_address>0x80012de8</load_address>
         <run_address>0x80012de8</run_address>
         <size>0x101</size>
         <input_file_ref idref="fl-98"/>
      </object_component>
      <object_component id="oc-66">
         <name>.const</name>
         <load_address>0x80012ee9</load_address>
         <run_address>0x80012ee9</run_address>
         <size>0x3</size>
         <input_file_ref idref="fl-86"/>
      </object_component>
      <object_component id="oc-77">
         <name>.const</name>
         <load_address>0x80012eec</load_address>
         <run_address>0x80012eec</run_address>
         <size>0x2</size>
         <input_file_ref idref="fl-8b"/>
      </object_component>
      <object_component id="oc-123">
         <name>.const:_K256</name>
         <load_address>0x80012ef0</load_address>
         <run_address>0x80012ef0</run_address>
         <size>0x100</size>
         <input_file_ref idref="fl-c"/>
      </object_component>
      <object_component id="oc-f7">
         <name>.const:_$P$T2$3</name>
         <load_address>0x80012ff0</load_address>
         <run_address>0x80012ff0</run_address>
         <size>0x80</size>
         <input_file_ref idref="fl-12"/>
      </object_component>
      <object_component id="oc-f8">
         <name>.const:_$P$T3$4</name>
         <load_address>0x80013070</load_address>
         <run_address>0x80013070</run_address>
         <size>0x80</size>
         <input_file_ref idref="fl-12"/>
      </object_component>
      <object_component id="oc-f9">
         <name>.const:_$P$T4$5</name>
         <load_address>0x800130f0</load_address>
         <run_address>0x800130f0</run_address>
         <size>0x80</size>
         <input_file_ref idref="fl-12"/>
      </object_component>
      <object_component id="oc-fa">
         <name>.const:_$P$T5$6</name>
         <load_address>0x80013170</load_address>
         <run_address>0x80013170</run_address>
         <size>0x80</size>
         <input_file_ref idref="fl-12"/>
      </object_component>
      <object_component id="oc-38">
         <name>.const</name>
         <load_address>0x800131f0</load_address>
         <run_address>0x800131f0</run_address>
         <size>0x6a</size>
         <input_file_ref idref="fl-c"/>
      </object_component>
      <object_component id="oc-3f">
         <name>.const</name>
         <load_address>0x8001325a</load_address>
         <run_address>0x8001325a</run_address>
         <size>0x43</size>
         <input_file_ref idref="fl-e"/>
      </object_component>
      <object_component id="oc-10f">
         <name>.const:_$P$T0$2</name>
         <load_address>0x800132a0</load_address>
         <run_address>0x800132a0</run_address>
         <size>0x40</size>
         <input_file_ref idref="fl-11"/>
      </object_component>
      <object_component id="oc-f5">
         <name>.const:_$P$T1$2</name>
         <load_address>0x800132e0</load_address>
         <run_address>0x800132e0</run_address>
         <size>0x3c</size>
         <input_file_ref idref="fl-12"/>
      </object_component>
      <object_component id="oc-2e">
         <name>.const</name>
         <load_address>0x8001331c</load_address>
         <run_address>0x8001331c</run_address>
         <size>0x39</size>
         <input_file_ref idref="fl-9"/>
      </object_component>
      <object_component id="oc-f4">
         <name>.const:_$P$T0$1</name>
         <load_address>0x80013358</load_address>
         <run_address>0x80013358</run_address>
         <size>0x38</size>
         <input_file_ref idref="fl-12"/>
      </object_component>
      <object_component id="oc-118">
         <name>.const:_rcon</name>
         <load_address>0x80013390</load_address>
         <run_address>0x80013390</run_address>
         <size>0x28</size>
         <input_file_ref idref="fl-10"/>
      </object_component>
      <object_component id="oc-9d">
         <name>.const</name>
         <load_address>0x800133b8</load_address>
         <run_address>0x800133b8</run_address>
         <size>0x23</size>
         <input_file_ref idref="fl-96"/>
      </object_component>
      <object_component id="oc-125">
         <name>.const:_sha256_initial_hash_value</name>
         <load_address>0x800133e0</load_address>
         <run_address>0x800133e0</run_address>
         <size>0x20</size>
         <input_file_ref idref="fl-c"/>
      </object_component>
      <object_component id="oc-fb">
         <name>.const:_$P$T6$7</name>
         <load_address>0x80013400</load_address>
         <run_address>0x80013400</run_address>
         <size>0x4</size>
         <input_file_ref idref="fl-12"/>
      </object_component>
      <object_component id="oc-d2">
         <name>.sysmem</name>
         <uninitialized>true</uninitialized>
         <run_address>0x8000c4e0</run_address>
         <size>0x8</size>
         <input_file_ref idref="fl-a7"/>
      </object_component>
      <object_component id="oc-178">
         <name>.sysmem</name>
         <uninitialized>true</uninitialized>
         <run_address>0x8000c4e0</run_address>
         <size>0x0</size>
      </object_component>
      <object_component id="oc-4a">
         <name>.far</name>
         <uninitialized>true</uninitialized>
         <run_address>0x80015920</run_address>
         <size>0x20</size>
         <input_file_ref idref="fl-11"/>
      </object_component>
      <object_component id="oc-5a">
         <name>.far</name>
         <uninitialized>true</uninitialized>
         <run_address>0x80015940</run_address>
         <size>0xc</size>
         <input_file_ref idref="fl-83"/>
      </object_component>
      <object_component id="oc-5f">
         <name>.far</name>
         <uninitialized>true</uninitialized>
         <run_address>0x8001594c</run_address>
         <size>0x8</size>
         <input_file_ref idref="fl-84"/>
      </object_component>
      <object_component id="oc-6b">
         <name>.far</name>
         <uninitialized>true</uninitialized>
         <run_address>0x80015408</run_address>
         <size>0x324</size>
         <input_file_ref idref="fl-87"/>
      </object_component>
      <object_component id="oc-7c">
         <name>.far</name>
         <uninitialized>true</uninitialized>
         <run_address>0x80015730</run_address>
         <size>0x11c</size>
         <input_file_ref idref="fl-8c"/>
      </object_component>
      <object_component id="oc-86">
         <name>.far</name>
         <uninitialized>true</uninitialized>
         <run_address>0x80015850</run_address>
         <size>0xd0</size>
         <input_file_ref idref="fl-8f"/>
      </object_component>
      <object_component id="oc-d1">
         <name>.far</name>
         <uninitialized>true</uninitialized>
         <run_address>0x80015954</run_address>
         <size>0x8</size>
         <input_file_ref idref="fl-a7"/>
      </object_component>
      <object_component id="oc-da">
         <name>.far</name>
         <uninitialized>true</uninitialized>
         <run_address>0x8001572c</run_address>
         <size>0x4</size>
         <input_file_ref idref="fl-a9"/>
      </object_component>
      <object_component id="oc-6a">
         <name>.cinit</name>
         <load_address>0x80015960</load_address>
         <run_address>0x80015960</run_address>
         <size>0x5c</size>
         <input_file_ref idref="fl-87"/>
      </object_component>
      <object_component id="oc-7b">
         <name>.cinit</name>
         <load_address>0x800159c0</load_address>
         <run_address>0x800159c0</run_address>
         <size>0x5c</size>
         <input_file_ref idref="fl-8c"/>
      </object_component>
      <object_component id="oc-59">
         <name>.cinit</name>
         <load_address>0x80015a20</load_address>
         <run_address>0x80015a20</run_address>
         <size>0x2c</size>
         <input_file_ref idref="fl-83"/>
      </object_component>
      <object_component id="oc-d0">
         <name>.cinit</name>
         <load_address>0x80015a50</load_address>
         <run_address>0x80015a50</run_address>
         <size>0x2c</size>
         <input_file_ref idref="fl-a7"/>
      </object_component>
      <object_component id="oc-5e">
         <name>.cinit</name>
         <load_address>0x80015a80</load_address>
         <run_address>0x80015a80</run_address>
         <size>0x1c</size>
         <input_file_ref idref="fl-84"/>
      </object_component>
      <object_component id="oc-d9">
         <name>.cinit</name>
         <load_address>0x80015aa0</load_address>
         <run_address>0x80015aa0</run_address>
         <size>0xc</size>
         <input_file_ref idref="fl-a9"/>
      </object_component>
      <object_component id="oc-49">
         <name>.cinit</name>
         <load_address>0x80015ab0</load_address>
         <run_address>0x80015ab0</run_address>
         <size>0x9</size>
         <input_file_ref idref="fl-11"/>
      </object_component>
      <object_component id="oc-18">
         <name>.debug_info</name>
         <load_address>0x0</load_address>
         <run_address>0x0</run_address>
         <size>0xd76</size>
         <input_file_ref idref="fl-2"/>
      </object_component>
      <object_component id="oc-1b">
         <name>.debug_info</name>
         <load_address>0xd76</load_address>
         <run_address>0xd76</run_address>
         <size>0xc8d</size>
         <input_file_ref idref="fl-3"/>
      </object_component>
      <object_component id="oc-1e">
         <name>.debug_info</name>
         <load_address>0x1a03</load_address>
         <run_address>0x1a03</run_address>
         <size>0x1bde</size>
         <input_file_ref idref="fl-4"/>
      </object_component>
      <object_component id="oc-21">
         <name>.debug_info</name>
         <load_address>0x35e1</load_address>
         <run_address>0x35e1</run_address>
         <size>0x15a7</size>
         <input_file_ref idref="fl-5"/>
      </object_component>
      <object_component id="oc-24">
         <name>.debug_info</name>
         <load_address>0x4b88</load_address>
         <run_address>0x4b88</run_address>
         <size>0x1d52</size>
         <input_file_ref idref="fl-6"/>
      </object_component>
      <object_component id="oc-27">
         <name>.debug_info</name>
         <load_address>0x68da</load_address>
         <run_address>0x68da</run_address>
         <size>0xa35</size>
         <input_file_ref idref="fl-7"/>
      </object_component>
      <object_component id="oc-2a">
         <name>.debug_info</name>
         <load_address>0x730f</load_address>
         <run_address>0x730f</run_address>
         <size>0x1863</size>
         <input_file_ref idref="fl-8"/>
      </object_component>
      <object_component id="oc-2d">
         <name>.debug_info</name>
         <load_address>0x8b72</load_address>
         <run_address>0x8b72</run_address>
         <size>0x20f4</size>
         <input_file_ref idref="fl-9"/>
      </object_component>
      <object_component id="oc-31">
         <name>.debug_info</name>
         <load_address>0xac66</load_address>
         <run_address>0xac66</run_address>
         <size>0xb97</size>
         <input_file_ref idref="fl-a"/>
      </object_component>
      <object_component id="oc-34">
         <name>.debug_info</name>
         <load_address>0xb7fd</load_address>
         <run_address>0xb7fd</run_address>
         <size>0x10ce</size>
         <input_file_ref idref="fl-b"/>
      </object_component>
      <object_component id="oc-37">
         <name>.debug_info</name>
         <load_address>0xc8cb</load_address>
         <run_address>0xc8cb</run_address>
         <size>0xd79</size>
         <input_file_ref idref="fl-c"/>
      </object_component>
      <object_component id="oc-3b">
         <name>.debug_info</name>
         <load_address>0xd644</load_address>
         <run_address>0xd644</run_address>
         <size>0x708</size>
         <input_file_ref idref="fl-d"/>
      </object_component>
      <object_component id="oc-3e">
         <name>.debug_info</name>
         <load_address>0xdd4c</load_address>
         <run_address>0xdd4c</run_address>
         <size>0x1828</size>
         <input_file_ref idref="fl-e"/>
      </object_component>
      <object_component id="oc-42">
         <name>.debug_info</name>
         <load_address>0xf574</load_address>
         <run_address>0xf574</run_address>
         <size>0x981</size>
         <input_file_ref idref="fl-f"/>
      </object_component>
      <object_component id="oc-45">
         <name>.debug_info</name>
         <load_address>0xfef5</load_address>
         <run_address>0xfef5</run_address>
         <size>0xcf1</size>
         <input_file_ref idref="fl-10"/>
      </object_component>
      <object_component id="oc-48">
         <name>.debug_info</name>
         <load_address>0x10be6</load_address>
         <run_address>0x10be6</run_address>
         <size>0xf87</size>
         <input_file_ref idref="fl-11"/>
      </object_component>
      <object_component id="oc-4d">
         <name>.debug_info</name>
         <load_address>0x11b6d</load_address>
         <run_address>0x11b6d</run_address>
         <size>0xd30</size>
         <input_file_ref idref="fl-12"/>
      </object_component>
      <object_component id="oc-51">
         <name>.debug_info</name>
         <load_address>0x1289d</load_address>
         <run_address>0x1289d</run_address>
         <size>0x6d2</size>
         <input_file_ref idref="fl-81"/>
      </object_component>
      <object_component id="oc-55">
         <name>.debug_info</name>
         <load_address>0x12f6f</load_address>
         <run_address>0x12f6f</run_address>
         <size>0x79d</size>
         <input_file_ref idref="fl-82"/>
      </object_component>
      <object_component id="oc-58">
         <name>.debug_info</name>
         <load_address>0x1370c</load_address>
         <run_address>0x1370c</run_address>
         <size>0x7f9</size>
         <input_file_ref idref="fl-83"/>
      </object_component>
      <object_component id="oc-5d">
         <name>.debug_info</name>
         <load_address>0x13f05</load_address>
         <run_address>0x13f05</run_address>
         <size>0x633</size>
         <input_file_ref idref="fl-84"/>
      </object_component>
      <object_component id="oc-62">
         <name>.debug_info</name>
         <load_address>0x14538</load_address>
         <run_address>0x14538</run_address>
         <size>0x6c8</size>
         <input_file_ref idref="fl-85"/>
      </object_component>
      <object_component id="oc-65">
         <name>.debug_info</name>
         <load_address>0x14c00</load_address>
         <run_address>0x14c00</run_address>
         <size>0x76b</size>
         <input_file_ref idref="fl-86"/>
      </object_component>
      <object_component id="oc-69">
         <name>.debug_info</name>
         <load_address>0x1536b</load_address>
         <run_address>0x1536b</run_address>
         <size>0x6ce</size>
         <input_file_ref idref="fl-87"/>
      </object_component>
      <object_component id="oc-6d">
         <name>.debug_info</name>
         <load_address>0x15a39</load_address>
         <run_address>0x15a39</run_address>
         <size>0x85d</size>
         <input_file_ref idref="fl-88"/>
      </object_component>
      <object_component id="oc-70">
         <name>.debug_info</name>
         <load_address>0x16296</load_address>
         <run_address>0x16296</run_address>
         <size>0x896</size>
         <input_file_ref idref="fl-89"/>
      </object_component>
      <object_component id="oc-73">
         <name>.debug_info</name>
         <load_address>0x16b2c</load_address>
         <run_address>0x16b2c</run_address>
         <size>0x794</size>
         <input_file_ref idref="fl-8a"/>
      </object_component>
      <object_component id="oc-76">
         <name>.debug_info</name>
         <load_address>0x172c0</load_address>
         <run_address>0x172c0</run_address>
         <size>0xa27</size>
         <input_file_ref idref="fl-8b"/>
      </object_component>
      <object_component id="oc-7a">
         <name>.debug_info</name>
         <load_address>0x17ce7</load_address>
         <run_address>0x17ce7</run_address>
         <size>0xe8c</size>
         <input_file_ref idref="fl-8c"/>
      </object_component>
      <object_component id="oc-7f">
         <name>.debug_info</name>
         <load_address>0x18b73</load_address>
         <run_address>0x18b73</run_address>
         <size>0x8a0</size>
         <input_file_ref idref="fl-8d"/>
      </object_component>
      <object_component id="oc-82">
         <name>.debug_info</name>
         <load_address>0x19413</load_address>
         <run_address>0x19413</run_address>
         <size>0x647</size>
         <input_file_ref idref="fl-8e"/>
      </object_component>
      <object_component id="oc-85">
         <name>.debug_info</name>
         <load_address>0x19a5a</load_address>
         <run_address>0x19a5a</run_address>
         <size>0xe3d</size>
         <input_file_ref idref="fl-8f"/>
      </object_component>
      <object_component id="oc-89">
         <name>.debug_info</name>
         <load_address>0x1a897</load_address>
         <run_address>0x1a897</run_address>
         <size>0xcc</size>
         <input_file_ref idref="fl-90"/>
      </object_component>
      <object_component id="oc-8c">
         <name>.debug_info</name>
         <load_address>0x1a963</load_address>
         <run_address>0x1a963</run_address>
         <size>0xd3</size>
         <input_file_ref idref="fl-91"/>
      </object_component>
      <object_component id="oc-8f">
         <name>.debug_info</name>
         <load_address>0x1aa36</load_address>
         <run_address>0x1aa36</run_address>
         <size>0x8af</size>
         <input_file_ref idref="fl-92"/>
      </object_component>
      <object_component id="oc-92">
         <name>.debug_info</name>
         <load_address>0x1b2e5</load_address>
         <run_address>0x1b2e5</run_address>
         <size>0x850</size>
         <input_file_ref idref="fl-93"/>
      </object_component>
      <object_component id="oc-96">
         <name>.debug_info</name>
         <load_address>0x1bb35</load_address>
         <run_address>0x1bb35</run_address>
         <size>0x7ac</size>
         <input_file_ref idref="fl-94"/>
      </object_component>
      <object_component id="oc-99">
         <name>.debug_info</name>
         <load_address>0x1c2e1</load_address>
         <run_address>0x1c2e1</run_address>
         <size>0x741</size>
         <input_file_ref idref="fl-95"/>
      </object_component>
      <object_component id="oc-9c">
         <name>.debug_info</name>
         <load_address>0x1ca22</load_address>
         <run_address>0x1ca22</run_address>
         <size>0x264b</size>
         <input_file_ref idref="fl-96"/>
      </object_component>
      <object_component id="oc-a0">
         <name>.debug_info</name>
         <load_address>0x1f06d</load_address>
         <run_address>0x1f06d</run_address>
         <size>0x6d5</size>
         <input_file_ref idref="fl-97"/>
      </object_component>
      <object_component id="oc-a3">
         <name>.debug_info</name>
         <load_address>0x1f742</load_address>
         <run_address>0x1f742</run_address>
         <size>0x5e1</size>
         <input_file_ref idref="fl-98"/>
      </object_component>
      <object_component id="oc-a5">
         <name>.debug_info</name>
         <load_address>0x1fd23</load_address>
         <run_address>0x1fd23</run_address>
         <size>0x74a</size>
         <input_file_ref idref="fl-99"/>
      </object_component>
      <object_component id="oc-a8">
         <name>.debug_info</name>
         <load_address>0x2046d</load_address>
         <run_address>0x2046d</run_address>
         <size>0x716</size>
         <input_file_ref idref="fl-9a"/>
      </object_component>
      <object_component id="oc-ab">
         <name>.debug_info</name>
         <load_address>0x20b83</load_address>
         <run_address>0x20b83</run_address>
         <size>0x6b9</size>
         <input_file_ref idref="fl-9b"/>
      </object_component>
      <object_component id="oc-ae">
         <name>.debug_info</name>
         <load_address>0x2123c</load_address>
         <run_address>0x2123c</run_address>
         <size>0x797</size>
         <input_file_ref idref="fl-9c"/>
      </object_component>
      <object_component id="oc-b1">
         <name>.debug_info</name>
         <load_address>0x219d3</load_address>
         <run_address>0x219d3</run_address>
         <size>0x96a</size>
         <input_file_ref idref="fl-9d"/>
      </object_component>
      <object_component id="oc-b4">
         <name>.debug_info</name>
         <load_address>0x2233d</load_address>
         <run_address>0x2233d</run_address>
         <size>0x678</size>
         <input_file_ref idref="fl-9e"/>
      </object_component>
      <object_component id="oc-b7">
         <name>.debug_info</name>
         <load_address>0x229b5</load_address>
         <run_address>0x229b5</run_address>
         <size>0x697</size>
         <input_file_ref idref="fl-9f"/>
      </object_component>
      <object_component id="oc-ba">
         <name>.debug_info</name>
         <load_address>0x2304c</load_address>
         <run_address>0x2304c</run_address>
         <size>0x653</size>
         <input_file_ref idref="fl-a0"/>
      </object_component>
      <object_component id="oc-bd">
         <name>.debug_info</name>
         <load_address>0x2369f</load_address>
         <run_address>0x2369f</run_address>
         <size>0x7fd</size>
         <input_file_ref idref="fl-a1"/>
      </object_component>
      <object_component id="oc-c0">
         <name>.debug_info</name>
         <load_address>0x23e9c</load_address>
         <run_address>0x23e9c</run_address>
         <size>0xbd</size>
         <input_file_ref idref="fl-a2"/>
      </object_component>
      <object_component id="oc-c3">
         <name>.debug_info</name>
         <load_address>0x23f59</load_address>
         <run_address>0x23f59</run_address>
         <size>0x5ff</size>
         <input_file_ref idref="fl-a3"/>
      </object_component>
      <object_component id="oc-c6">
         <name>.debug_info</name>
         <load_address>0x24558</load_address>
         <run_address>0x24558</run_address>
         <size>0x78a</size>
         <input_file_ref idref="fl-a4"/>
      </object_component>
      <object_component id="oc-c9">
         <name>.debug_info</name>
         <load_address>0x24ce2</load_address>
         <run_address>0x24ce2</run_address>
         <size>0x785</size>
         <input_file_ref idref="fl-a5"/>
      </object_component>
      <object_component id="oc-cc">
         <name>.debug_info</name>
         <load_address>0x25467</load_address>
         <run_address>0x25467</run_address>
         <size>0x6e8</size>
         <input_file_ref idref="fl-a6"/>
      </object_component>
      <object_component id="oc-cf">
         <name>.debug_info</name>
         <load_address>0x25b4f</load_address>
         <run_address>0x25b4f</run_address>
         <size>0xabe</size>
         <input_file_ref idref="fl-a7"/>
      </object_component>
      <object_component id="oc-d5">
         <name>.debug_info</name>
         <load_address>0x2660d</load_address>
         <run_address>0x2660d</run_address>
         <size>0x5b3</size>
         <input_file_ref idref="fl-a8"/>
      </object_component>
      <object_component id="oc-d8">
         <name>.debug_info</name>
         <load_address>0x26bc0</load_address>
         <run_address>0x26bc0</run_address>
         <size>0x84f</size>
         <input_file_ref idref="fl-a9"/>
      </object_component>
      <object_component id="oc-dd">
         <name>.debug_info</name>
         <load_address>0x2740f</load_address>
         <run_address>0x2740f</run_address>
         <size>0x7b1</size>
         <input_file_ref idref="fl-aa"/>
      </object_component>
      <object_component id="oc-e0">
         <name>.debug_info</name>
         <load_address>0x27bc0</load_address>
         <run_address>0x27bc0</run_address>
         <size>0x64b</size>
         <input_file_ref idref="fl-ab"/>
      </object_component>
      <object_component id="oc-179">
         <name>.debug_info</name>
         <load_address>0x2820b</load_address>
         <run_address>0x2820b</run_address>
         <size>0x6d</size>
      </object_component>
      <object_component id="oc-19">
         <name>.debug_line</name>
         <load_address>0x0</load_address>
         <run_address>0x0</run_address>
         <size>0x89</size>
         <input_file_ref idref="fl-2"/>
      </object_component>
      <object_component id="oc-1c">
         <name>.debug_line</name>
         <load_address>0x89</load_address>
         <run_address>0x89</run_address>
         <size>0x86</size>
         <input_file_ref idref="fl-3"/>
      </object_component>
      <object_component id="oc-1f">
         <name>.debug_line</name>
         <load_address>0x10f</load_address>
         <run_address>0x10f</run_address>
         <size>0x119</size>
         <input_file_ref idref="fl-4"/>
      </object_component>
      <object_component id="oc-22">
         <name>.debug_line</name>
         <load_address>0x228</load_address>
         <run_address>0x228</run_address>
         <size>0xa7</size>
         <input_file_ref idref="fl-5"/>
      </object_component>
      <object_component id="oc-25">
         <name>.debug_line</name>
         <load_address>0x2cf</load_address>
         <run_address>0x2cf</run_address>
         <size>0x18a</size>
         <input_file_ref idref="fl-6"/>
      </object_component>
      <object_component id="oc-28">
         <name>.debug_line</name>
         <load_address>0x459</load_address>
         <run_address>0x459</run_address>
         <size>0x77</size>
         <input_file_ref idref="fl-7"/>
      </object_component>
      <object_component id="oc-2b">
         <name>.debug_line</name>
         <load_address>0x4d0</load_address>
         <run_address>0x4d0</run_address>
         <size>0x157</size>
         <input_file_ref idref="fl-8"/>
      </object_component>
      <object_component id="oc-2f">
         <name>.debug_line</name>
         <load_address>0x627</load_address>
         <run_address>0x627</run_address>
         <size>0x21c</size>
         <input_file_ref idref="fl-9"/>
      </object_component>
      <object_component id="oc-32">
         <name>.debug_line</name>
         <load_address>0x843</load_address>
         <run_address>0x843</run_address>
         <size>0x89</size>
         <input_file_ref idref="fl-a"/>
      </object_component>
      <object_component id="oc-35">
         <name>.debug_line</name>
         <load_address>0x8cc</load_address>
         <run_address>0x8cc</run_address>
         <size>0xe9</size>
         <input_file_ref idref="fl-b"/>
      </object_component>
      <object_component id="oc-39">
         <name>.debug_line</name>
         <load_address>0x9b5</load_address>
         <run_address>0x9b5</run_address>
         <size>0xbc</size>
         <input_file_ref idref="fl-c"/>
      </object_component>
      <object_component id="oc-3c">
         <name>.debug_line</name>
         <load_address>0xa71</load_address>
         <run_address>0xa71</run_address>
         <size>0x2f</size>
         <input_file_ref idref="fl-d"/>
      </object_component>
      <object_component id="oc-40">
         <name>.debug_line</name>
         <load_address>0xaa0</load_address>
         <run_address>0xaa0</run_address>
         <size>0x188</size>
         <input_file_ref idref="fl-e"/>
      </object_component>
      <object_component id="oc-43">
         <name>.debug_line</name>
         <load_address>0xc28</load_address>
         <run_address>0xc28</run_address>
         <size>0x39</size>
         <input_file_ref idref="fl-f"/>
      </object_component>
      <object_component id="oc-46">
         <name>.debug_line</name>
         <load_address>0xc61</load_address>
         <run_address>0xc61</run_address>
         <size>0xbe</size>
         <input_file_ref idref="fl-10"/>
      </object_component>
      <object_component id="oc-4b">
         <name>.debug_line</name>
         <load_address>0xd1f</load_address>
         <run_address>0xd1f</run_address>
         <size>0xc7</size>
         <input_file_ref idref="fl-11"/>
      </object_component>
      <object_component id="oc-4f">
         <name>.debug_line</name>
         <load_address>0xde6</load_address>
         <run_address>0xde6</run_address>
         <size>0x3f</size>
         <input_file_ref idref="fl-12"/>
      </object_component>
      <object_component id="oc-53">
         <name>.debug_line</name>
         <load_address>0xe25</load_address>
         <run_address>0xe25</run_address>
         <size>0x3d</size>
         <input_file_ref idref="fl-81"/>
      </object_component>
      <object_component id="oc-56">
         <name>.debug_line</name>
         <load_address>0xe62</load_address>
         <run_address>0xe62</run_address>
         <size>0x46</size>
         <input_file_ref idref="fl-82"/>
      </object_component>
      <object_component id="oc-5b">
         <name>.debug_line</name>
         <load_address>0xea8</load_address>
         <run_address>0xea8</run_address>
         <size>0x4f</size>
         <input_file_ref idref="fl-83"/>
      </object_component>
      <object_component id="oc-60">
         <name>.debug_line</name>
         <load_address>0xef7</load_address>
         <run_address>0xef7</run_address>
         <size>0x35</size>
         <input_file_ref idref="fl-84"/>
      </object_component>
      <object_component id="oc-63">
         <name>.debug_line</name>
         <load_address>0xf2c</load_address>
         <run_address>0xf2c</run_address>
         <size>0x3f</size>
         <input_file_ref idref="fl-85"/>
      </object_component>
      <object_component id="oc-67">
         <name>.debug_line</name>
         <load_address>0xf6b</load_address>
         <run_address>0xf6b</run_address>
         <size>0x3a</size>
         <input_file_ref idref="fl-86"/>
      </object_component>
      <object_component id="oc-6e">
         <name>.debug_line</name>
         <load_address>0xfa5</load_address>
         <run_address>0xfa5</run_address>
         <size>0x5a</size>
         <input_file_ref idref="fl-88"/>
      </object_component>
      <object_component id="oc-71">
         <name>.debug_line</name>
         <load_address>0xfff</load_address>
         <run_address>0xfff</run_address>
         <size>0x6a</size>
         <input_file_ref idref="fl-89"/>
      </object_component>
      <object_component id="oc-74">
         <name>.debug_line</name>
         <load_address>0x1069</load_address>
         <run_address>0x1069</run_address>
         <size>0x3d</size>
         <input_file_ref idref="fl-8a"/>
      </object_component>
      <object_component id="oc-78">
         <name>.debug_line</name>
         <load_address>0x10a6</load_address>
         <run_address>0x10a6</run_address>
         <size>0x91</size>
         <input_file_ref idref="fl-8b"/>
      </object_component>
      <object_component id="oc-7d">
         <name>.debug_line</name>
         <load_address>0x1137</load_address>
         <run_address>0x1137</run_address>
         <size>0xf4</size>
         <input_file_ref idref="fl-8c"/>
      </object_component>
      <object_component id="oc-80">
         <name>.debug_line</name>
         <load_address>0x122b</load_address>
         <run_address>0x122b</run_address>
         <size>0x69</size>
         <input_file_ref idref="fl-8d"/>
      </object_component>
      <object_component id="oc-83">
         <name>.debug_line</name>
         <load_address>0x1294</load_address>
         <run_address>0x1294</run_address>
         <size>0x37</size>
         <input_file_ref idref="fl-8e"/>
      </object_component>
      <object_component id="oc-87">
         <name>.debug_line</name>
         <load_address>0x12cb</load_address>
         <run_address>0x12cb</run_address>
         <size>0x12a</size>
         <input_file_ref idref="fl-8f"/>
      </object_component>
      <object_component id="oc-8a">
         <name>.debug_line</name>
         <load_address>0x13f5</load_address>
         <run_address>0x13f5</run_address>
         <size>0x4a</size>
         <input_file_ref idref="fl-90"/>
      </object_component>
      <object_component id="oc-8d">
         <name>.debug_line</name>
         <load_address>0x143f</load_address>
         <run_address>0x143f</run_address>
         <size>0x40</size>
         <input_file_ref idref="fl-91"/>
      </object_component>
      <object_component id="oc-90">
         <name>.debug_line</name>
         <load_address>0x147f</load_address>
         <run_address>0x147f</run_address>
         <size>0x51</size>
         <input_file_ref idref="fl-92"/>
      </object_component>
      <object_component id="oc-94">
         <name>.debug_line</name>
         <load_address>0x14d0</load_address>
         <run_address>0x14d0</run_address>
         <size>0x68</size>
         <input_file_ref idref="fl-93"/>
      </object_component>
      <object_component id="oc-97">
         <name>.debug_line</name>
         <load_address>0x1538</load_address>
         <run_address>0x1538</run_address>
         <size>0x44</size>
         <input_file_ref idref="fl-94"/>
      </object_component>
      <object_component id="oc-9a">
         <name>.debug_line</name>
         <load_address>0x157c</load_address>
         <run_address>0x157c</run_address>
         <size>0x40</size>
         <input_file_ref idref="fl-95"/>
      </object_component>
      <object_component id="oc-9e">
         <name>.debug_line</name>
         <load_address>0x15bc</load_address>
         <run_address>0x15bc</run_address>
         <size>0x31b</size>
         <input_file_ref idref="fl-96"/>
      </object_component>
      <object_component id="oc-a1">
         <name>.debug_line</name>
         <load_address>0x18d7</load_address>
         <run_address>0x18d7</run_address>
         <size>0x45</size>
         <input_file_ref idref="fl-97"/>
      </object_component>
      <object_component id="oc-a6">
         <name>.debug_line</name>
         <load_address>0x191c</load_address>
         <run_address>0x191c</run_address>
         <size>0x3c</size>
         <input_file_ref idref="fl-99"/>
      </object_component>
      <object_component id="oc-a9">
         <name>.debug_line</name>
         <load_address>0x1958</load_address>
         <run_address>0x1958</run_address>
         <size>0x40</size>
         <input_file_ref idref="fl-9a"/>
      </object_component>
      <object_component id="oc-ac">
         <name>.debug_line</name>
         <load_address>0x1998</load_address>
         <run_address>0x1998</run_address>
         <size>0x3f</size>
         <input_file_ref idref="fl-9b"/>
      </object_component>
      <object_component id="oc-af">
         <name>.debug_line</name>
         <load_address>0x19d7</load_address>
         <run_address>0x19d7</run_address>
         <size>0x3f</size>
         <input_file_ref idref="fl-9c"/>
      </object_component>
      <object_component id="oc-b2">
         <name>.debug_line</name>
         <load_address>0x1a16</load_address>
         <run_address>0x1a16</run_address>
         <size>0x3c</size>
         <input_file_ref idref="fl-9d"/>
      </object_component>
      <object_component id="oc-b5">
         <name>.debug_line</name>
         <load_address>0x1a52</load_address>
         <run_address>0x1a52</run_address>
         <size>0x3d</size>
         <input_file_ref idref="fl-9e"/>
      </object_component>
      <object_component id="oc-b8">
         <name>.debug_line</name>
         <load_address>0x1a8f</load_address>
         <run_address>0x1a8f</run_address>
         <size>0x3d</size>
         <input_file_ref idref="fl-9f"/>
      </object_component>
      <object_component id="oc-bb">
         <name>.debug_line</name>
         <load_address>0x1acc</load_address>
         <run_address>0x1acc</run_address>
         <size>0x3e</size>
         <input_file_ref idref="fl-a0"/>
      </object_component>
      <object_component id="oc-be">
         <name>.debug_line</name>
         <load_address>0x1b0a</load_address>
         <run_address>0x1b0a</run_address>
         <size>0x38</size>
         <input_file_ref idref="fl-a1"/>
      </object_component>
      <object_component id="oc-c1">
         <name>.debug_line</name>
         <load_address>0x1b42</load_address>
         <run_address>0x1b42</run_address>
         <size>0x44</size>
         <input_file_ref idref="fl-a2"/>
      </object_component>
      <object_component id="oc-c4">
         <name>.debug_line</name>
         <load_address>0x1b86</load_address>
         <run_address>0x1b86</run_address>
         <size>0x39</size>
         <input_file_ref idref="fl-a3"/>
      </object_component>
      <object_component id="oc-c7">
         <name>.debug_line</name>
         <load_address>0x1bbf</load_address>
         <run_address>0x1bbf</run_address>
         <size>0x73</size>
         <input_file_ref idref="fl-a4"/>
      </object_component>
      <object_component id="oc-ca">
         <name>.debug_line</name>
         <load_address>0x1c32</load_address>
         <run_address>0x1c32</run_address>
         <size>0x61</size>
         <input_file_ref idref="fl-a5"/>
      </object_component>
      <object_component id="oc-cd">
         <name>.debug_line</name>
         <load_address>0x1c93</load_address>
         <run_address>0x1c93</run_address>
         <size>0x56</size>
         <input_file_ref idref="fl-a6"/>
      </object_component>
[...]
         <name>_divideByTwo</name>
         <value>0x80003850</value>
         <object_component_ref idref="oc-104"/>
      </symbol>
      <symbol id="sm-16b">
         <name>_zerosArray16</name>
         <value>0x80003240</value>
         <object_component_ref idref="oc-104"/>
      </symbol>
      <symbol id="sm-16c">
         <name>_printArray32</name>
         <value>0x8000362c</value>
         <object_component_ref idref="oc-104"/>
      </symbol>
      <symbol id="sm-16d">
         <name>_copyArray32</name>
         <value>0x800038f0</value>
         <object_component_ref idref="oc-104"/>
      </symbol>
      <symbol id="sm-16e">
         <name>_subtraction</name>
         <value>0x800034c0</value>
         <object_component_ref idref="oc-104"/>
      </symbol>
      <symbol id="sm-16f">
         <name>_isBiggerThanOrEqual</name>
         <value>0x8000326c</value>
         <object_component_ref idref="oc-104"/>
      </symbol>
      <symbol id="sm-170">
         <name>_printArray8</name>
         <value>0x80003598</value>
         <object_component_ref idref="oc-104"/>
      </symbol>
      <symbol id="sm-171">
         <name>_multiplyByTwo</name>
         <value>0x80003720</value>
         <object_component_ref idref="oc-104"/>
      </symbol>
      <symbol id="sm-172">
         <name>_copyArray8</name>
         <value>0x8000388c</value>
         <object_component_ref idref="oc-104"/>
      </symbol>
      <symbol id="sm-173">
         <name>_subtractionWithSign</name>
         <value>0x800032ec</value>
         <object_component_ref idref="oc-104"/>
      </symbol>
      <symbol id="sm-174">
         <name>_addition</name>
         <value>0x80003964</value>
         <object_component_ref idref="oc-104"/>
      </symbol>
      <symbol id="sm-175">
         <name>_zerosArray</name>
         <value>0x80003254</value>
         <object_component_ref idref="oc-104"/>
      </symbol>
      <symbol id="sm-176">
         <name>_numberIsZero</name>
         <value>0x800036c0</value>
         <object_component_ref idref="oc-104"/>
      </symbol>
      <symbol id="sm-177">
         <name>_isBiggerThan</name>
         <value>0x80003764</value>
         <object_component_ref idref="oc-104"/>
      </symbol>
      <symbol id="sm-185">
         <name>_simpleHashWithLength</name>
         <value>0x800095a0</value>
         <object_component_ref idref="oc-106"/>
      </symbol>
      <symbol id="sm-186">
         <name>_hashOfLength</name>
         <value>0x80009674</value>
         <object_component_ref idref="oc-106"/>
      </symbol>
      <symbol id="sm-187">
         <name>_hashWithTime</name>
         <value>0x800095e8</value>
         <object_component_ref idref="oc-106"/>
      </symbol>
      <symbol id="sm-1a0">
         <name>_aesDecrypt</name>
         <value>0x800072b0</value>
         <object_component_ref idref="oc-103"/>
      </symbol>
      <symbol id="sm-1a1">
         <name>_aesEncrypt</name>
         <value>0x80007220</value>
         <object_component_ref idref="oc-103"/>
      </symbol>
      <symbol id="sm-1a2">
         <name>_aesCBCdecrypt</name>
         <value>0x800074a0</value>
         <object_component_ref idref="oc-103"/>
      </symbol>
      <symbol id="sm-1a3">
         <name>_aesCBCencrypt</name>
         <value>0x800073d8</value>
         <object_component_ref idref="oc-103"/>
      </symbol>
      <symbol id="sm-1a4">
         <name>_padding</name>
         <value>0x80007344</value>
         <object_component_ref idref="oc-103"/>
      </symbol>
      <symbol id="sm-1a5">
         <name>_simpleEncrypt</name>
         <value>0x80007258</value>
         <object_component_ref idref="oc-103"/>
      </symbol>
      <symbol id="sm-1a6">
         <name>_simpleDecrypt</name>
         <value>0x800072ec</value>
         <object_component_ref idref="oc-103"/>
      </symbol>
      <symbol id="sm-1d7">
         <name>_SHA256_Init</name>
         <value>0x80003f64</value>
         <object_component_ref idref="oc-110"/>
      </symbol>
      <symbol id="sm-1d8">
         <name>_SHA256_Final</name>
         <value>0x80003fd0</value>
         <object_component_ref idref="oc-110"/>
      </symbol>
      <symbol id="sm-1d9">
         <name>_SHA256_Transform</name>
         <value>0x80003a60</value>
         <object_component_ref idref="oc-110"/>
      </symbol>
      <symbol id="sm-1da">
         <name>_SHA256_Update</name>
         <value>0x80003d2c</value>
         <object_component_ref idref="oc-110"/>
      </symbol>
      <symbol id="sm-21f">
         <name>_printCharNoSpaces</name>
         <value>0x80002a50</value>
         <object_component_ref idref="oc-ff"/>
      </symbol>
      <symbol id="sm-220">
         <name>_printArray</name>
         <value>0x80002dac</value>
         <object_component_ref idref="oc-ff"/>
      </symbol>
      <symbol id="sm-221">
         <name>_XOR</name>
         <value>0x800031b4</value>
         <object_component_ref idref="oc-ff"/>
      </symbol>
      <symbol id="sm-222">
         <name>_copyArrayFrom0</name>
         <value>0x8000308c</value>
         <object_component_ref idref="oc-ff"/>
      </symbol>
      <symbol id="sm-223">
         <name>_concat</name>
         <value>0x80003154</value>
         <object_component_ref idref="oc-ff"/>
      </symbol>
      <symbol id="sm-224">
         <name>_copyArray</name>
         <value>0x800030f0</value>
         <object_component_ref idref="oc-ff"/>
      </symbol>
      <symbol id="sm-225">
         <name>_printChar</name>
         <value>0x80002ae0</value>
         <object_component_ref idref="oc-ff"/>
      </symbol>
      <symbol id="sm-226">
         <name>_printArrayNoSpaces</name>
         <value>0x80002d20</value>
         <object_component_ref idref="oc-ff"/>
      </symbol>
      <symbol id="sm-227">
         <name>_printArrayNoSpaces32</name>
         <value>0x80002c90</value>
         <object_component_ref idref="oc-ff"/>
      </symbol>
      <symbol id="sm-228">
         <name>_hexToString</name>
         <value>0x80002f70</value>
         <object_component_ref idref="oc-ff"/>
      </symbol>
      <symbol id="sm-229">
         <name>_seeTheDifference</name>
         <value>0x800029c0</value>
         <object_component_ref idref="oc-ff"/>
      </symbol>
      <symbol id="sm-22a">
         <name>_timeData</name>
         <value>0x800029a0</value>
         <object_component_ref idref="oc-ff"/>
      </symbol>
      <symbol id="sm-26b">
         <name>_aes_encrypt</name>
         <value>0x80000790</value>
         <object_component_ref idref="oc-10e"/>
      </symbol>
      <symbol id="sm-26c">
         <name>_aes_set_decrypt_key</name>
         <value>0x800004ec</value>
         <object_component_ref idref="oc-10e"/>
      </symbol>
      <symbol id="sm-26d">
         <name>_aes_decrypt</name>
         <value>0x80000c2c</value>
         <object_component_ref idref="oc-10e"/>
      </symbol>
      <symbol id="sm-26e">
         <name>_aes_set_encrypt_key</name>
         <value>0x80000000</value>
         <object_component_ref idref="oc-10e"/>
      </symbol>
      <symbol id="sm-296">
         <name>_findRandNum</name>
         <value>0x80006218</value>
         <object_component_ref idref="oc-105"/>
      </symbol>
      <symbol id="sm-297">
         <name>_PRNG</name>
         <value>0x800063f8</value>
         <object_component_ref idref="oc-105"/>
      </symbol>
      <symbol id="sm-298">
         <name>_compareFSR</name>
         <value>0x80006298</value>
         <object_component_ref idref="oc-105"/>
      </symbol>
      <symbol id="sm-299">
         <name>_updateFSR</name>
         <value>0x80006040</value>
         <object_component_ref idref="oc-105"/>
      </symbol>
      <symbol id="sm-29a">
         <name>_RNG</name>
         <value>0x80006094</value>
         <object_component_ref idref="oc-105"/>
      </symbol>
      <symbol id="sm-2cb">
         <name>_main</name>
         <value>0x80007560</value>
         <object_component_ref idref="oc-f0"/>
      </symbol>
      <symbol id="sm-2da">
         <name>_c_int00</name>
         <value>0x8000bde0</value>
         <object_component_ref idref="oc-17"/>
      </symbol>
      <symbol id="sm-2db">
         <name>__stack</name>
         <value>0x80013408</value>
         <object_component_ref idref="oc-52"/>
      </symbol>
      <symbol id="sm-2e6">
         <name>_memset</name>
         <value>0x8000ac40</value>
         <object_component_ref idref="oc-fc"/>
      </symbol>
      <symbol id="sm-2ff">
         <name>C$$EXIT</name>
         <value>0x8000c4a0</value>
         <object_component_ref idref="oc-f1"/>
      </symbol>
      <symbol id="sm-300">
         <name>_exit</name>
         <value>0x8000ab60</value>
         <object_component_ref idref="oc-e5"/>
      </symbol>
      <symbol id="sm-301">
         <name>___TI_enable_exit_profile_output</name>
         <value>0x80015948</value>
         <object_component_ref idref="oc-5a"/>
      </symbol>
      <symbol id="sm-302">
         <name>_abort</name>
         <value>0x8000c4a0</value>
         <object_component_ref idref="oc-f1"/>
      </symbol>
      <symbol id="sm-303">
         <name>__cleanup_ptr</name>
         <value>0x80015940</value>
         <object_component_ref idref="oc-5a"/>
      </symbol>
      <symbol id="sm-304">
         <name>__dtors_ptr</name>
         <value>0x80015944</value>
         <object_component_ref idref="oc-5a"/>
      </symbol>
      <symbol id="sm-312">
         <name>__unlock</name>
         <value>0x80015950</value>
         <object_component_ref idref="oc-5f"/>
      </symbol>
      <symbol id="sm-313">
         <name>__lock</name>
         <value>0x8001594c</value>
         <object_component_ref idref="oc-5f"/>
      </symbol>
      <symbol id="sm-314">
         <name>__nop</name>
         <value>0x8000c400</value>
         <object_component_ref idref="oc-e6"/>
      </symbol>
      <symbol id="sm-31e">
         <name>__args_main</name>
         <value>0x8000c260</value>
         <object_component_ref idref="oc-e4"/>
      </symbol>
      <symbol id="sm-31f">
         <name>__TI_args_main</name>
         <value>0x1</value>
      </symbol>
      <symbol id="sm-32c">
         <name>__abort_msg</name>
         <value>0x8000c060</value>
         <object_component_ref idref="oc-124"/>
      </symbol>
      <symbol id="sm-336">
         <name>__tmpnams</name>
         <value>0x800155e8</value>
         <object_component_ref idref="oc-6b"/>
      </symbol>
      <symbol id="sm-337">
         <name>__ft_end</name>
         <value>0x80015728</value>
         <object_component_ref idref="oc-6b"/>
      </symbol>
      <symbol id="sm-338">
         <name>__ftable</name>
         <value>0x80015408</value>
         <object_component_ref idref="oc-6b"/>
      </symbol>
      <symbol id="sm-34f">
         <name>__doflush</name>
         <value>0x8000b1a0</value>
         <object_component_ref idref="oc-127"/>
      </symbol>
      <symbol id="sm-350">
         <name>_fflush</name>
         <value>0x8000a7c0</value>
         <object_component_ref idref="oc-12e"/>
      </symbol>
      <symbol id="sm-362">
         <name>_fprintf</name>
         <value>0x8000be60</value>
         <object_component_ref idref="oc-12d"/>
      </symbol>
      <symbol id="sm-374">
         <name>_putc</name>
         <value>0x8000a020</value>
         <object_component_ref idref="oc-112"/>
      </symbol>
      <symbol id="sm-375">
         <name>_fputc</name>
         <value>0x8000a020</value>
         <object_component_ref idref="oc-112"/>
      </symbol>
      <symbol id="sm-38f">
         <name>_fputs</name>
         <value>0x80007880</value>
         <object_component_ref idref="oc-111"/>
      </symbol>
      <symbol id="sm-3ce">
         <name>_unlink</name>
         <value>0x8000bfe0</value>
         <object_component_ref idref="oc-158"/>
      </symbol>
      <symbol id="sm-3cf">
         <name>_lseek</name>
         <value>0x8000b320</value>
         <object_component_ref idref="oc-13c"/>
      </symbol>
      <symbol id="sm-3d0">
         <name>_close</name>
         <value>0x8000aa80</value>
         <object_component_ref idref="oc-152"/>
      </symbol>
      <symbol id="sm-3d1">
         <name>_write</name>
         <value>0x8000b4a0</value>
         <object_component_ref idref="oc-128"/>
      </symbol>
      <symbol id="sm-3e3">
         <name>_printf</name>
         <value>0x8000bee0</value>
         <object_component_ref idref="oc-fe"/>
      </symbol>
      <symbol id="sm-3ed">
         <name>_time</name>
         <value>0x8000c3a0</value>
         <object_component_ref idref="oc-10a"/>
      </symbol>
      <symbol id="sm-41b">
         <name>_HOSTopen</name>
         <value>0x8000a8c0</value>
         <object_component_ref idref="oc-e7"/>
      </symbol>
      <symbol id="sm-41c">
         <name>_HOSTread</name>
         <value>0x8000ad20</value>
         <object_component_ref idref="oc-e9"/>
      </symbol>
      <symbol id="sm-41d">
         <name>_HOSTtime</name>
         <value>0x8000b600</value>
         <object_component_ref idref="oc-117"/>
      </symbol>
      <symbol id="sm-41e">
         <name>_HOSTrename</name>
         <value>0x80009900</value>
         <object_component_ref idref="oc-ed"/>
      </symbol>
      <symbol id="sm-41f">
         <name>_HOSTwrite</name>
         <value>0x8000aea0</value>
         <object_component_ref idref="oc-ea"/>
      </symbol>
      <symbol id="sm-420">
         <name>_HOSTlseek</name>
         <value>0x8000a3c0</value>
         <object_component_ref idref="oc-eb"/>
      </symbol>
      <symbol id="sm-421">
         <name>_HOSTunlink</name>
         <value>0x8000ade0</value>
         <object_component_ref idref="oc-ec"/>
      </symbol>
      <symbol id="sm-422">
         <name>_HOSTclose</name>
         <value>0x8000b560</value>
         <object_component_ref idref="oc-e8"/>
      </symbol>
      <symbol id="sm-42a">
         <name>_memcpy</name>
         <value>0x8000bb00</value>
         <object_component_ref idref="oc-ef"/>
      </symbol>
      <symbol id="sm-432">
         <name>__c6xabi_strasgi_64plus</name>
         <value>0x8000c360</value>
         <object_component_ref idref="oc-f6"/>
      </symbol>
      <symbol id="sm-433">
         <name>__strasgi_64plus</name>
         <value>0x8000c360</value>
         <object_component_ref idref="oc-f6"/>
      </symbol>
      <symbol id="sm-445">
         <name>__auto_init</name>
         <value>0x8000a4c0</value>
         <object_component_ref idref="oc-e3"/>
      </symbol>
      <symbol id="sm-455">
         <name>C$$IO$$</name>
         <value>0x8000c1d8</value>
         <object_component_ref idref="oc-f2"/>
      </symbol>
      <symbol id="sm-456">
         <name>__CIOBUF_</name>
         <value>0x80015ac4</value>
         <object_component_ref idref="oc-93"/>
      </symbol>
      <symbol id="sm-457">
         <name>_readmsg</name>
         <value>0x8000bf60</value>
         <object_component_ref idref="oc-f3"/>
      </symbol>
      <symbol id="sm-458">
         <name>_writemsg</name>
         <value>0x8000c180</value>
         <object_component_ref idref="oc-f2"/>
      </symbol>
      <symbol id="sm-466">
         <name>_copy_in</name>
         <value>0x8000b9c0</value>
         <object_component_ref idref="oc-ee"/>
      </symbol>
      <symbol id="sm-475">
         <name>__wrt_ok</name>
         <value>0x8000a6c0</value>
         <object_component_ref idref="oc-126"/>
      </symbol>
      <symbol id="sm-581">
         <name>__printfi</name>
         <value>0x80006de0</value>
         <object_component_ref idref="oc-109"/>
      </symbol>
      <symbol id="sm-58f">
         <name>_atoi</name>
         <value>0x8000a9a0</value>
         <object_component_ref idref="oc-129"/>
      </symbol>
      <symbol id="sm-597">
         <name>__ctypes_</name>
         <value>0x80012de8</value>
         <object_component_ref idref="oc-131"/>
      </symbol>
      <symbol id="sm-5a4">
         <name>_fseek</name>
         <value>0x8000b260</value>
         <object_component_ref idref="oc-12f"/>
      </symbol>
      <symbol id="sm-5b1">
         <name>_ltoa</name>
         <value>0x8000b3e0</value>
         <object_component_ref idref="oc-14b"/>
      </symbol>
      <symbol id="sm-5be">
         <name>_memccpy</name>
         <value>0x8000c120</value>
         <object_component_ref idref="oc-12c"/>
      </symbol>
      <symbol id="sm-5cf">
         <name>_setvbuf</name>
         <value>0x80009c00</value>
         <object_component_ref idref="oc-130"/>
      </symbol>
      <symbol id="sm-5e1">
         <name>__divd</name>
         <value>0x80004a80</value>
         <object_component_ref idref="oc-145"/>
      </symbol>
      <symbol id="sm-5ee">
         <name>__fixdli</name>
         <value>0x8000b880</value>
         <object_component_ref idref="oc-14a"/>
      </symbol>
      <symbol id="sm-5f9">
         <name>__fltlid</name>
         <value>0x8000bce0</value>
         <object_component_ref idref="oc-14c"/>
      </symbol>
      <symbol id="sm-603">
         <name>__frcmpyd_div</name>
         <value>0x8000c2a0</value>
         <object_component_ref idref="oc-14e"/>
      </symbol>
      <symbol id="sm-60d">
         <name>___isinf</name>
         <value>0x8000c1e0</value>
         <object_component_ref idref="oc-133"/>
      </symbol>
      <symbol id="sm-616">
         <name>__c6xabi_divu</name>
         <value>0x8000b0e0</value>
         <object_component_ref idref="oc-14f"/>
      </symbol>
      <symbol id="sm-617">
         <name>__divu</name>
         <value>0x8000b0e0</value>
         <object_component_ref idref="oc-14f"/>
      </symbol>
      <symbol id="sm-621">
         <name>__negll</name>
         <value>0x8000c3e0</value>
         <object_component_ref idref="oc-138"/>
      </symbol>
      <symbol id="sm-631">
         <name>__divul</name>
         <value>0x80009760</value>
         <object_component_ref idref="oc-150"/>
      </symbol>
      <symbol id="sm-632">
         <name>__remli</name>
         <value>0x8000c320</value>
         <object_component_ref idref="oc-154"/>
      </symbol>
      <symbol id="sm-633">
         <name>__divli</name>
         <value>0x8000b6a0</value>
         <object_component_ref idref="oc-155"/>
      </symbol>
      <symbol id="sm-647">
         <name>__subcull</name>
         <value>0x8000c0c0</value>
         <object_component_ref idref="oc-157"/>
      </symbol>
      <symbol id="sm-648">
         <name>__divull</name>
         <value>0x800088c0</value>
         <object_component_ref idref="oc-151"/>
      </symbol>
      <symbol id="sm-656">
         <name>__llshl</name>
         <value>0x8000bd60</value>
         <object_component_ref idref="oc-156"/>
      </symbol>
      <symbol id="sm-657">
         <name>__llshru</name>
         <value>0x8000c2e0</value>
         <object_component_ref idref="oc-14d"/>
      </symbol>
      <symbol id="sm-690">
         <name>__sys_memory</name>
         <value>0x8000c4e0</value>
         <object_component_ref idref="oc-d2"/>
      </symbol>
      <symbol id="sm-691">
         <name>_free</name>
         <value>0x80008640</value>
         <object_component_ref idref="oc-13d"/>
      </symbol>
      <symbol id="sm-692">
         <name>_malloc</name>
         <value>0x80009a80</value>
         <object_component_ref idref="oc-13e"/>
      </symbol>
      <symbol id="sm-6ae">
         <name>__cleanup</name>
         <value>0x8000af60</value>
         <object_component_ref idref="oc-13f"/>
      </symbol>
      <symbol id="sm-6c0">
         <name>_fclose</name>
         <value>0x8000a2a0</value>
         <object_component_ref idref="oc-149"/>
      </symbol>
      <symbol id="sm-6ca">
         <name>_remove</name>
         <value>0x8000c4c0</value>
         <object_component_ref idref="oc-153"/>
      </symbol>
   </symbol_table>
</link_info>
