******************************************************************************
               TMS320C6x Linker PC v7.4.4                      
******************************************************************************
>> Linked Sat May 06 21:15:44 2017

OUTPUT FILE NAME:   <ccsProject.out>
ENTRY POINT SYMBOL: "_c_int00"  address: 8000be00


MEMORY CONFIGURATION

         name            origin    length      used     unused   attr    fill
----------------------  --------  ---------  --------  --------  ----  --------
  DSPL2ROM              00700000   00010000  00000000  00010000  RWIX
  DSPL2RAM              00800000   00040000  00000000  00040000  RWIX
  DSPL1PRAM             00e00000   00008000  00000000  00008000  RWIX
  DSPL1DRAM             00f00000   00008000  00000000  00008000  RWIX
  SHDSPL2ROM            11700000   00010000  00000000  00010000  RWIX
  SHDSPL2RAM            11800000   00040000  00000000  00040000  RWIX
  SHDSPL1PRAM           11e00000   00008000  00000000  00008000  RWIX
  SHDSPL1DRAM           11f00000   00008000  00000000  00008000  RWIX
  EMIFACS0              40000000   20000000  00000000  20000000  RWIX
  EMIFACS2              60000000   02000000  00000000  02000000  RWIX
  EMIFACS3              62000000   02000000  00000000  02000000  RWIX
  EMIFACS4              64000000   02000000  00000000  02000000  RWIX
  EMIFACS5              66000000   02000000  00000000  02000000  RWIX
  SHRAM                 80000000   00020000  00015b18  0000a4e8  RWIX
  DDR2                  c0000000   20000000  00000000  20000000  RWIX


SECTION ALLOCATION MAP

 output                                  attributes/
section   page    origin      length       input sections
--------  ----  ----------  ----------   ----------------
.pinit     0    80000000    00000000     UNINITIALIZED

.text      0    80000000    0000c460     
                  80000000    000010e0     aes.obj (.text)
                  800010e0    00000b00     modFunctions32.obj (.text)
                  80001be0    00000900     modularInverse32.obj (.text)
                  800024e0    000008a0     helpfulFunctions.obj (.text)
                  80002d80    00000820     additionalFunctions32.obj (.text)
                  800035a0    00000800     sha2.obj (.text)
                  80003da0    00000780     montExponentiation32.obj (.text)
                  80004520    000005e0     signatureMessage.obj (.text)
                  80004b00    000005a0     rts6740.lib : divd.obj (.text:__divd)
                  800050a0    00000580                 : _printfi.obj (.text:__getarg_diouxp)
                  80005620    00000580     keyEstablishmentFunctions32.obj (.text)
                  80005ba0    000004a0     PRNG.obj (.text)
                  80006040    00000480     verifySignature.obj (.text)
                  800064c0    00000440     rts6740.lib : _printfi.obj (.text:__printfi)
                  80006900    00000440                 : _printfi.obj (.text:__setfield)
                  80006d40    000003e0     main.obj (.text)
                  80007120    000003a0     rts6740.lib : fputs.obj (.text:_fputs)
                  800074c0    000003a0     useAES.obj (.text)
                  80007860    00000320     rts6740.lib : _printfi.obj (.text:__pproc_fge)
                  80007b80    000002c0                 : _printfi.obj (.text:__pproc_fwp)
                  80007e40    000002a0                 : _printfi.obj (.text:_ecvt)
                  800080e0    000002a0                 : _printfi.obj (.text:_fcvt)
                  80008380    00000280                 : memory.obj (.text:_free)
                  80008600    00000260                 : imath64.obj (.text:__divull)
                  80008860    00000260                 : _printfi.obj (.text:__pconv_e)
                  80008ac0    00000240                 : _printfi.obj (.text:__pproc_diouxp)
                  80008d00    00000220                 : _printfi.obj (.text:__pproc_str)
                  80008f20    00000220                 : fputc.obj (.text:_fputc)
                  80009140    00000200                 : _printfi.obj (.text:__pconv_g)
                  80009340    00000200                 : setvbuf.obj (.text:_setvbuf)
                  80009540    000001c0                 : _printfi.obj (.text:__mcpy)
                  80009700    000001c0     useSHA256.obj (.text)
                  800098c0    000001a0     rts6740.lib : imath40.obj (.text:__divul)
                  80009a60    00000180                 : trgdrv.obj (.text:_HOSTrename)
                  80009be0    00000180                 : memory.obj (.text:_malloc)
                  80009d60    00000160     maskGenerationFunction.obj (.text)
                  80009ec0    00000140     rts6740.lib : _printfi.obj (.text:__pproc_fflags)
                  8000a000    00000140                 : lowlev.obj (.text:_getdevice)
                  8000a140    00000120                 : fclose.obj (.text:__closefile)
                  8000a260    00000120                 : _printfi.obj (.text:__ltostr)
                  8000a380    00000120                 : fseek.obj (.text:_fseek)
                  8000a4a0    00000100                 : trgdrv.obj (.text:_HOSTlseek)
                  8000a5a0    00000100                 : _io_perm.obj (.text:__wrt_ok)
                  8000a6a0    00000100                 : fprintf.obj (.text:_fprintf)
                  8000a7a0    000000e0                 : trgdrv.obj (.text:_HOSTopen)
                  8000a880    000000e0                 : atoi.obj (.text:_atoi)
                  8000a960    000000e0                 : lowlev.obj (.text:_close)
                  8000aa40    000000e0                 : fflush.obj (.text:_fflush)
                  8000ab20    000000e0                 : memset.obj (.text:_memset)
                  8000ac00    000000e0                 : printf.obj (.text:_printf)
                  8000ace0    000000c0                 : trgdrv.obj (.text:_HOSTread)
                  8000ada0    000000c0                 : trgdrv.obj (.text:_HOSTunlink)
                  8000ae60    000000c0                 : trgdrv.obj (.text:_HOSTwrite)
                  8000af20    000000c0                 : autoinit.obj (.text:__auto_init)
                  8000afe0    000000c0                 : _printfi.obj (.text:__div)
                  8000b0a0    000000c0                 : divu.obj (.text:__divu)
                  8000b160    000000c0                 : fflush.obj (.text:__doflush)
                  8000b220    000000c0                 : exit.obj (.text:_exit)
                  8000b2e0    000000c0                 : ltoa.obj (.text:_ltoa)
                  8000b3a0    000000a0                 : trgdrv.obj (.text:_HOSTclose)
                  8000b440    000000a0                 : trgdrv.obj (.text:_HOSTtime)
                  8000b4e0    000000a0                 : fopen.obj (.text:__cleanup)
                  8000b580    000000a0                 : imath40.obj (.text:__divli)
                  8000b620    000000a0                 : _printfi.obj (.text:__ecpy)
                  8000b6c0    000000a0                 : _printfi.obj (.text:__fcpy)
                  8000b760    000000a0                 : fixdli.obj (.text:__fixdli)
                  8000b800    000000a0                 : _printfi.obj (.text:__pconv_f)
                  8000b8a0    000000a0                 : cpy_tbl.obj (.text:_copy_in)
                  8000b940    000000a0                 : lowlev.obj (.text:_finddevice)
                  8000b9e0    000000a0                 : lowlev.obj (.text:_lseek)
                  8000ba80    000000a0                 : memcpy64.obj (.text:_memcpy)
                  8000bb20    000000a0                 : memory.obj (.text:_minsert)
                  8000bbc0    000000a0                 : memory.obj (.text:_mremove)
                  8000bc60    000000a0                 : lowlev.obj (.text:_write)
                  8000bd00    00000080                 : fltlid.obj (.text:__fltlid)
                  8000bd80    00000080                 : llshift.obj (.text:__llshl)
                  8000be00    00000080                 : boot.obj (.text:_c_int00)
                  8000be80    00000080                 : trgmsg.obj (.text:_readmsg)
                  8000bf00    00000080                 : lowlev.obj (.text:_unlink)
                  8000bf80    00000060                 : cpp_init.obj (.text:___TI_cpp_init)
                  8000bfe0    00000060                 : assert.obj (.text:__abort_msg)
                  8000c040    00000060                 : imath64.obj (.text:__subcull)
                  8000c0a0    00000060                 : memccpy.obj (.text:_memccpy)
                  8000c100    00000060                 : trgmsg.obj (.text:_writemsg)
                  8000c160    00000040                 : isinf.obj (.text:___isinf)
                  8000c1a0    00000040                 : _printfi.obj (.text:___isnan)
                  8000c1e0    00000040                 : args_main.obj (.text:__args_main)
                  8000c220    00000040                 : frcmpyd_div.obj (.text:__frcmpyd_div)
                  8000c260    00000040                 : llshift.obj (.text:__llshru)
                  8000c2a0    00000040                 : imath40.obj (.text:__remli)
                  8000c2e0    00000040                 : strasg.obj (.text:__strasgi_64plus)
                  8000c320    00000040                 : time.obj (.text:_time)
                  8000c360    00000020                 : negll.obj (.text:__negll)
                  8000c380    00000020                 : _lock.obj (.text:__nop)
                  8000c3a0    00000020                 : fprintf.obj (.text:__outc)
                  8000c3c0    00000020                 : printf.obj (.text:__outc)
                  8000c3e0    00000020                 : fprintf.obj (.text:__outs)
                  8000c400    00000020                 : printf.obj (.text:__outs)
                  8000c420    00000020                 : exit.obj (.text:_abort)
                  8000c440    00000020                 : remove.obj (.text:_remove)

.bss       0    80000000    00000000     UNINITIALIZED

.data      0    80000000    00000000     UNINITIALIZED

.sysmem    0    8000c460    00004000     UNINITIALIZED
                  8000c460    00000008     rts6740.lib : memory.obj (.sysmem)
                  8000c468    00003ff8     --HOLE--

.const     0    80010460    00002fa4     
                  80010460    00000400     aes.obj (.const:_Td0)
                  80010860    00000400     aes.obj (.const:_Td1)
                  80010c60    00000400     aes.obj (.const:_Td2)
                  80011060    00000400     aes.obj (.const:_Td3)
                  80011460    00000400     aes.obj (.const:_Td4)
                  80011860    00000400     aes.obj (.const:_Te0)
                  80011c60    00000400     aes.obj (.const:_Te1)
                  80012060    00000400     aes.obj (.const:_Te2)
                  80012460    00000400     aes.obj (.const:_Te3)
                  80012860    00000400     aes.obj (.const:_Te4)
                  80012c60    00000107     main.obj (.const:.string)
                  80012d67    00000001     --HOLE-- [fill = 0]
                  80012d68    00000101     rts6740.lib : ctype.obj (.const:.string:__ctypes_)
                  80012e69    00000003                 : assert.obj (.const:.string)
                  80012e6c    00000002                 : fputs.obj (.const:.string)
                  80012e6e    00000002     --HOLE-- [fill = 0]
                  80012e70    00000100     sha2.obj (.const:_K256)
                  80012f70    000000bb     sha2.obj (.const:.string)
                  8001302b    00000005     --HOLE-- [fill = 0]
                  80013030    00000080     main.obj (.const:_$P$T3$4)
                  800130b0    00000080     main.obj (.const:_$P$T4$5)
                  80013130    00000080     main.obj (.const:_$P$T5$6)
                  800131b0    00000080     main.obj (.const:_$P$T7$8)
                  80013230    00000043     helpfulFunctions.obj (.const:.string)
                  80013273    00000005     --HOLE-- [fill = 0]
                  80013278    00000040     PRNG.obj (.const:.string:_$P$T0$2)
                  800132b8    00000040     main.obj (.const:_$P$T1$2)
                  800132f8    0000003c     main.obj (.const:_$P$T0$1)
                  80013334    00000039     additionalFunctions32.obj (.const:.string)
                  8001336d    00000003     --HOLE-- [fill = 0]
                  80013370    00000028     aes.obj (.const:_rcon)
                  80013398    00000023     rts6740.lib : _printfi.obj (.const:.string)
                  800133bb    00000005     --HOLE-- [fill = 0]
                  800133c0    00000020     sha2.obj (.const:_sha256_initial_hash_value)
                  800133e0    00000014     main.obj (.const:_$P$T8$9)
                  800133f4    00000004     --HOLE-- [fill = 0]
                  800133f8    00000004     main.obj (.const:_$P$T2$3)
                  800133fc    00000004     --HOLE-- [fill = 0]
                  80013400    00000004     main.obj (.const:_$P$T6$7)

.stack     0    80013408    00002000     UNINITIALIZED
                  80013408    00000008     rts6740.lib : boot.obj (.stack)
                  80013410    00001ff8     --HOLE--

.far       0    80015408    00000490     UNINITIALIZED
                  80015408    00000324     rts6740.lib : defs.obj (.far)
                  8001572c    00000004                 : fopen.obj (.far)
                  80015730    0000011c                 : lowlev.obj (.far)
                  8001584c    00000004     --HOLE--
                  80015850    00000020     PRNG.obj (.far)
                  80015870    0000000c     rts6740.lib : exit.obj (.far)
                  8001587c    00000008                 : _lock.obj (.far)
                  80015884    00000008                 : memory.obj (.far)
                  8001588c    00000004     --HOLE--
                  80015890    00000008                 : trgdrv.obj (.far)

.cinit     0    80015898    00000164     
                  80015898    0000005c     rts6740.lib : defs.obj (.cinit)
                  800158f4    00000004     --HOLE-- [fill = 0]
                  800158f8    0000005c                 : lowlev.obj (.cinit)
                  80015954    00000004     --HOLE-- [fill = 0]
                  80015958    0000002c                 : exit.obj (.cinit)
                  80015984    00000004     --HOLE-- [fill = 0]
                  80015988    0000002c                 : memory.obj (.cinit)
                  800159b4    00000004     --HOLE-- [fill = 0]
                  800159b8    0000001c                 : _lock.obj (.cinit)
                  800159d4    00000004     --HOLE-- [fill = 0]
                  800159d8    0000000c                 : fopen.obj (.cinit)
                  800159e4    00000004     --HOLE-- [fill = 0]
                  800159e8    00000009     PRNG.obj (.cinit)
                  800159f1    00000007     --HOLE-- [fill = 0]
                  800159f8    00000004     (.pad.cinit) [fill = 0]

.cio       0    80015a00    00000120     UNINITIALIZED
                  80015a00    00000120     rts6740.lib : trgmsg.obj (.cio)


GLOBAL SYMBOLS: SORTED ALPHABETICALLY BY Name 

address    name
--------   ----
80000000   $bss
80000000   .bss
80000000   .data
80000000   .text
8000c420   C$$EXIT
8000c158   C$$IO$$
80003da0   _ADD
8000b3a0   _HOSTclose
8000a4a0   _HOSTlseek
8000a7a0   _HOSTopen
8000ace0   _HOSTread
80009a60   _HOSTrename
8000b440   _HOSTtime
8000ada0   _HOSTunlink
8000ae60   _HOSTwrite
80005f58   _PRNG
80005bf4   _RNG
80003b10   _SHA256_Final
80003aa4   _SHA256_Init
800035a0   _SHA256_Transform
8000386c   _SHA256_Update
80003de8   _SUB_COND
80002cf4   _XOR
80015a00   __CIOBUF_
80015408   __STACK_END
00002000   __STACK_SIZE
00004000   __SYSMEM_SIZE
00000001   __TI_args_main
8000bf80   ___TI_cpp_init
80015878   ___TI_enable_exit_profile_output
ffffffff   ___TI_pprof_out_hndl
ffffffff   ___TI_prof_data_size
ffffffff   ___TI_prof_data_start
ffffffff   ___binit__
80000000   ___bss__
ffffffff   ___c_args__
80015898   ___cinit__
80000000   ___data__
80000000   ___edata__
80000000   ___end__
8000c460   ___etext__
8000c160   ___isinf
ffffffff   ___pinit__
80000000   ___text__
8000bfe0   __abort_msg
8000c1e0   __args_main
8000af20   __auto_init
8000b0a0   __c6xabi_divu
8000c2e0   __c6xabi_strasgi_64plus
8000b4e0   __cleanup
80015870   __cleanup_ptr
8000a140   __closefile
80012d68   __ctypes_
80004b00   __divd
8000b580   __divli
8000b0a0   __divu
800098c0   __divul
80008600   __divull
8000b160   __doflush
80015874   __dtors_ptr
8000b760   __fixdli
8000bd00   __fltlid
8000c220   __frcmpyd_div
80015728   __ft_end
80015408   __ftable
8000bd80   __llshl
8000c260   __llshru
8001587c   __lock
8000c360   __negll
8000c380   __nop
800064c0   __printfi
8000c2a0   __remli
80013408   __stack
8000c2e0   __strasgi_64plus
8000c040   __subcull
8000c460   __sys_memory
800155e8   __tmpnams
80015880   __unlock
8000a5a0   __wrt_ok
8000c420   _abort
800034a4   _addition
8000778c   _aesCBCdecrypt
800076b4   _aesCBCencrypt
800074c0   _aesEncrypt
80000c2c   _aes_decrypt
80000790   _aes_encrypt
800004ec   _aes_set_decrypt_key
80000000   _aes_set_encrypt_key
8000a880   _atoi
8000be00   _c_int00
80005b00   _calculateKey
8000a960   _close
80005df8   _compareFSR
80005ad4   _computePartOfKey
80002c94   _concat
80002c30   _copyArray
80003430   _copyArray32
800033cc   _copyArray8
80002bcc   _copyArrayFrom0
8000b8a0   _copy_in
80005a2c   _createExponent
800059c0   _createMessage
80005928   _decryptAndUnsignMessage
80003390   _divideByTwo
8000b220   _exit
8000aa40   _fflush
80005d78   _findRandNum
80003318   _flipArray
8000a6a0   _fprintf
80008f20   _fputc
80007120   _fputs
80008380   _free
80001180   _from2to32
800056ec   _from32to8
80005620   _from8to32
8000a380   _fseek
800097d4   _hashOfLength
80009748   _hashWithTime
80002ac0   _hexToString
800032a4   _isBiggerThan
80002dac   _isBiggerThanOrEqual
8000b9e0   _lseek
8000b2e0   _ltoa
80006d40   _main
80009be0   _malloc
80009d60   _maskGenerationFunction
8000c0a0   _memccpy
8000ba80   _memcpy
8000ab20   _memset
800017ec   _mod
80001950   _modFaster
80001b24   _modSquare
80001c80   _modularInverse
80003f04   _mont
8000416c   _montExp
80003260   _multiplyByTwo
80003200   _numberIsZero
80007620   _padding
800010e0   _positionMSB
800028f8   _printArray
8000316c   _printArray32
800030d8   _printArray8
8000286c   _printArrayNoSpaces
800027e0   _printArrayNoSpaces32
80002620   _printChar
80002590   _printCharNoSpaces
8000ac00   _printf
80008f20   _putc
8000be80   _readmsg
8000c440   _remove
80005864   _repositionZeros
80002500   _seeTheDifference
80009340   _setvbuf
800057b8   _signAndEncryptMessage
80004520   _signatureMessage
80001be0   _signedSubtraction
8000758c   _simpleDecrypt
800074f8   _simpleEncrypt
80009700   _simpleHashWithLength
80001554   _squareProduct
80003000   _subtraction
80002e2c   _subtractionWithSign
8000c320   _time
800024e0   _timeData
8000bf00   _unlink
80005ba0   _updateFSR
80006040   _verifySignature
8000bc60   _write
8000c100   _writemsg
80002d94   _zerosArray
80002d80   _zerosArray16
ffffffff   binit
80015898   cinit
80000000   edata
80000000   end
8000c460   etext
ffffffff   pinit


GLOBAL SYMBOLS: SORTED BY Symbol Address 

address    name
--------   ----
00000001   __TI_args_main
00002000   __STACK_SIZE
00004000   __SYSMEM_SIZE
80000000   $bss
80000000   .bss
80000000   .data
80000000   .text
80000000   ___bss__
80000000   ___data__
80000000   ___edata__
80000000   ___end__
80000000   ___text__
80000000   _aes_set_encrypt_key
80000000   edata
80000000   end
800004ec   _aes_set_decrypt_key
80000790   _aes_encrypt
80000c2c   _aes_decrypt
800010e0   _positionMSB
80001180   _from2to32
80001554   _squareProduct
800017ec   _mod
80001950   _modFaster
80001b24   _modSquare
80001be0   _signedSubtraction
80001c80   _modularInverse
800024e0   _timeData
80002500   _seeTheDifference
80002590   _printCharNoSpaces
80002620   _printChar
800027e0   _printArrayNoSpaces32
8000286c   _printArrayNoSpaces
800028f8   _printArray
80002ac0   _hexToString
80002bcc   _copyArrayFrom0
80002c30   _copyArray
80002c94   _concat
80002cf4   _XOR
80002d80   _zerosArray16
80002d94   _zerosArray
80002dac   _isBiggerThanOrEqual
80002e2c   _subtractionWithSign
80003000   _subtraction
800030d8   _printArray8
8000316c   _printArray32
80003200   _numberIsZero
80003260   _multiplyByTwo
800032a4   _isBiggerThan
80003318   _flipArray
80003390   _divideByTwo
800033cc   _copyArray8
80003430   _copyArray32
800034a4   _addition
800035a0   _SHA256_Transform
8000386c   _SHA256_Update
80003aa4   _SHA256_Init
80003b10   _SHA256_Final
80003da0   _ADD
80003de8   _SUB_COND
80003f04   _mont
8000416c   _montExp
80004520   _signatureMessage
80004b00   __divd
80005620   _from8to32
800056ec   _from32to8
800057b8   _signAndEncryptMessage
80005864   _repositionZeros
80005928   _decryptAndUnsignMessage
800059c0   _createMessage
80005a2c   _createExponent
80005ad4   _computePartOfKey
80005b00   _calculateKey
80005ba0   _updateFSR
80005bf4   _RNG
80005d78   _findRandNum
80005df8   _compareFSR
80005f58   _PRNG
80006040   _verifySignature
800064c0   __printfi
80006d40   _main
80007120   _fputs
800074c0   _aesEncrypt
800074f8   _simpleEncrypt
8000758c   _simpleDecrypt
80007620   _padding
800076b4   _aesCBCencrypt
8000778c   _aesCBCdecrypt
80008380   _free
80008600   __divull
80008f20   _fputc
80008f20   _putc
80009340   _setvbuf
80009700   _simpleHashWithLength
80009748   _hashWithTime
800097d4   _hashOfLength
800098c0   __divul
80009a60   _HOSTrename
80009be0   _malloc
80009d60   _maskGenerationFunction
8000a140   __closefile
8000a380   _fseek
8000a4a0   _HOSTlseek
8000a5a0   __wrt_ok
8000a6a0   _fprintf
8000a7a0   _HOSTopen
8000a880   _atoi
8000a960   _close
8000aa40   _fflush
8000ab20   _memset
8000ac00   _printf
8000ace0   _HOSTread
8000ada0   _HOSTunlink
8000ae60   _HOSTwrite
8000af20   __auto_init
8000b0a0   __c6xabi_divu
8000b0a0   __divu
8000b160   __doflush
8000b220   _exit
8000b2e0   _ltoa
8000b3a0   _HOSTclose
8000b440   _HOSTtime
8000b4e0   __cleanup
8000b580   __divli
8000b760   __fixdli
8000b8a0   _copy_in
8000b9e0   _lseek
8000ba80   _memcpy
8000bc60   _write
8000bd00   __fltlid
8000bd80   __llshl
8000be00   _c_int00
8000be80   _readmsg
8000bf00   _unlink
8000bf80   ___TI_cpp_init
8000bfe0   __abort_msg
8000c040   __subcull
8000c0a0   _memccpy
8000c100   _writemsg
8000c158   C$$IO$$
8000c160   ___isinf
8000c1e0   __args_main
8000c220   __frcmpyd_div
8000c260   __llshru
8000c2a0   __remli
8000c2e0   __c6xabi_strasgi_64plus
8000c2e0   __strasgi_64plus
8000c320   _time
8000c360   __negll
8000c380   __nop
8000c420   C$$EXIT
8000c420   _abort
8000c440   _remove
8000c460   ___etext__
8000c460   __sys_memory
8000c460   etext
80012d68   __ctypes_
80013408   __stack
80015408   __STACK_END
80015408   __ftable
800155e8   __tmpnams
80015728   __ft_end
80015870   __cleanup_ptr
80015874   __dtors_ptr
80015878   ___TI_enable_exit_profile_output
8001587c   __lock
80015880   __unlock
80015898   ___cinit__
80015898   cinit
80015a00   __CIOBUF_
ffffffff   ___TI_pprof_out_hndl
ffffffff   ___TI_prof_data_size
ffffffff   ___TI_prof_data_start
ffffffff   ___binit__
ffffffff   ___c_args__
ffffffff   ___pinit__
ffffffff   binit
ffffffff   pinit

[177 symbols]
