******************************************************************************
               TMS320C6x Linker PC v7.3.1                      
******************************************************************************
>> Linked Fri May 12 11:24:32 2017

OUTPUT FILE NAME:   <ccsProject.out>
ENTRY POINT SYMBOL: "_c_int00"  address: 8000bde0


MEMORY CONFIGURATION

         name            origin    length      used     unused   attr    fill
----------------------  --------  ---------  --------  --------  ----  --------
  DSPL2ROM              00700000   00010000  00000000  00010000  RWIX
  DSPL2RAM              00800000   00040000  00000000  00040000  RWIX
  DSPL1PRAM             00e00000   00008000  00000000  00008000  RWIX
  DSPL1DRAM             00f00000   00008000  00000000  00008000  RWIX
  SHDSPL2ROM            11700000   00010000  00000000  00010000  RWIX
  SHDSPL2RAM            11800000   00040000  00000000  00040000  RWIX
  SHDSPL1PRAM           11e00000   00008000  00000000  00008000  RWIX
  SHDSPL1DRAM           11f00000   00008000  00000000  00008000  RWIX
  EMIFACS0              40000000   20000000  00000000  20000000  RWIX
  EMIFACS2              60000000   02000000  00000000  02000000  RWIX
  EMIFACS3              62000000   02000000  00000000  02000000  RWIX
  EMIFACS4              64000000   02000000  00000000  02000000  RWIX
  EMIFACS5              66000000   02000000  00000000  02000000  RWIX
  SHRAM                 80000000   00020000  00015bdc  0000a424  RWIX
  DDR2                  c0000000   20000000  00000000  20000000  RWIX


SECTION ALLOCATION MAP

 output                                  attributes/
section   page    origin      length       input sections
--------  ----  ----------  ----------   ----------------
.pinit     0    80000000    00000000     UNINITIALIZED

.text      0    80000000    0000c4e0     
                  80000000    000010e0     aes.obj (.text)
                  800010e0    00000e20     modFunctions32.obj (.text)
                  80001f00    00000aa0     montExponentiation32.obj (.text)
                  800029a0    000008a0     helpfulFunctions.obj (.text)
                  80003240    00000820     additionalFunctions32.obj (.text)
                  80003a60    00000820     sha2.obj (.text)
                  80004280    00000800     modularInverse32.obj (.text)
                  80004a80    000005a0     rts6740.lib : divd.obj (.text:__divd)
                  80005020    00000580                 : _printfi.obj (.text:__getarg_diouxp)
                  800055a0    00000580     keyEstablishmentFunctions32.obj (.text)
                  80005b20    00000520     signatureMessage.obj (.text)
                  80006040    000004a0     PRNG.obj (.text)
                  800064e0    00000480     rts6740.lib : _printfi.obj (.text:__setfield)
                  80006960    00000480     verifySignature.obj (.text)
                  80006de0    00000440     rts6740.lib : _printfi.obj (.text:__printfi)
                  80007220    00000340     useAES.obj (.text)
                  80007560    00000320     main.obj (.text)
                  80007880    00000300     rts6740.lib : fputs.obj (.text:_fputs)
                  80007b80    000002c0                 : _printfi.obj (.text:__pproc_fge)
                  80007e40    000002c0                 : _printfi.obj (.text:__pproc_fwp)
                  80008100    000002a0                 : _printfi.obj (.text:_ecvt)
                  800083a0    000002a0                 : _printfi.obj (.text:_fcvt)
                  80008640    00000280                 : memory.obj (.text:_free)
                  800088c0    00000260                 : imath64.obj (.text:__divull)
                  80008b20    00000260                 : _printfi.obj (.text:__pconv_e)
                  80008d80    00000240                 : _printfi.obj (.text:__pproc_diouxp)
                  80008fc0    00000220                 : _printfi.obj (.text:__pproc_str)
                  800091e0    00000200                 : _printfi.obj (.text:__pconv_g)
                  800093e0    000001c0                 : _printfi.obj (.text:__mcpy)
                  800095a0    000001c0     useSHA256.obj (.text)
                  80009760    000001a0     rts6740.lib : imath40.obj (.text:__divul)
                  80009900    00000180                 : trgdrv.obj (.text:_HOSTrename)
                  80009a80    00000180                 : memory.obj (.text:_malloc)
                  80009c00    00000180                 : setvbuf.obj (.text:_setvbuf)
                  80009d80    00000160     maskGenerationFunction.obj (.text)
                  80009ee0    00000140     rts6740.lib : _printfi.obj (.text:__pproc_fflags)
                  8000a020    00000140                 : fputc.obj (.text:_fputc)
                  8000a160    00000140                 : lowlev.obj (.text:_getdevice)
                  8000a2a0    00000120                 : fclose.obj (.text:_fclose)
                  8000a3c0    00000100                 : trgdrv.obj (.text:_HOSTlseek)
                  8000a4c0    00000100                 : autoinit.obj (.text:__auto_init)
                  8000a5c0    00000100                 : _printfi.obj (.text:__ltostr)
                  8000a6c0    00000100                 : _io_perm.obj (.text:__wrt_ok)
                  8000a7c0    00000100                 : fflush.obj (.text:_fflush)
                  8000a8c0    000000e0                 : trgdrv.obj (.text:_HOSTopen)
                  8000a9a0    000000e0                 : atoi.obj (.text:_atoi)
                  8000aa80    000000e0                 : lowlev.obj (.text:_close)
                  8000ab60    000000e0                 : exit.obj (.text:_exit)
                  8000ac40    000000e0                 : memset.obj (.text:_memset)
                  8000ad20    000000c0                 : trgdrv.obj (.text:_HOSTread)
                  8000ade0    000000c0                 : trgdrv.obj (.text:_HOSTunlink)
                  8000aea0    000000c0                 : trgdrv.obj (.text:_HOSTwrite)
                  8000af60    000000c0                 : fopen.obj (.text:__cleanup)
                  8000b020    000000c0                 : _printfi.obj (.text:__div)
                  8000b0e0    000000c0                 : divu.obj (.text:__divu)
                  8000b1a0    000000c0                 : fflush.obj (.text:__doflush)
                  8000b260    000000c0                 : fseek.obj (.text:_fseek)
                  8000b320    000000c0                 : lowlev.obj (.text:_lseek)
                  8000b3e0    000000c0                 : ltoa.obj (.text:_ltoa)
                  8000b4a0    000000c0                 : lowlev.obj (.text:_write)
                  8000b560    000000a0                 : trgdrv.obj (.text:_HOSTclose)
                  8000b600    000000a0                 : trgdrv.obj (.text:_HOSTtime)
                  8000b6a0    000000a0                 : imath40.obj (.text:__divli)
                  8000b740    000000a0                 : _printfi.obj (.text:__ecpy)
                  8000b7e0    000000a0                 : _printfi.obj (.text:__fcpy)
                  8000b880    000000a0                 : fixdli.obj (.text:__fixdli)
                  8000b920    000000a0                 : _printfi.obj (.text:__pconv_f)
                  8000b9c0    000000a0                 : cpy_tbl.obj (.text:_copy_in)
                  8000ba60    000000a0                 : lowlev.obj (.text:_finddevice)
                  8000bb00    000000a0                 : memcpy64.obj (.text:_memcpy)
                  8000bba0    000000a0                 : memory.obj (.text:_minsert)
                  8000bc40    000000a0                 : memory.obj (.text:_mremove)
                  8000bce0    00000080                 : fltlid.obj (.text:__fltlid)
                  8000bd60    00000080                 : llshift.obj (.text:__llshl)
                  8000bde0    00000080                 : boot.obj (.text:_c_int00)
                  8000be60    00000080                 : fprintf.obj (.text:_fprintf)
                  8000bee0    00000080                 : printf.obj (.text:_printf)
                  8000bf60    00000080                 : trgmsg.obj (.text:_readmsg)
                  8000bfe0    00000080                 : lowlev.obj (.text:_unlink)
                  8000c060    00000060                 : assert.obj (.text:__abort_msg)
                  8000c0c0    00000060                 : imath64.obj (.text:__subcull)
                  8000c120    00000060                 : memccpy.obj (.text:_memccpy)
                  8000c180    00000060                 : trgmsg.obj (.text:_writemsg)
                  8000c1e0    00000040                 : isinf.obj (.text:___isinf)
                  8000c220    00000040                 : _printfi.obj (.text:___isnan)
                  8000c260    00000040                 : args_main.obj (.text:__args_main)
                  8000c2a0    00000040                 : frcmpyd_div.obj (.text:__frcmpyd_div)
                  8000c2e0    00000040                 : llshift.obj (.text:__llshru)
                  8000c320    00000040                 : imath40.obj (.text:__remli)
                  8000c360    00000040                 : strasg.obj (.text:__strasgi_64plus)
                  8000c3a0    00000040                 : time.obj (.text:_time)
                  8000c3e0    00000020                 : negll.obj (.text:__negll)
                  8000c400    00000020                 : _lock.obj (.text:__nop)
                  8000c420    00000020                 : fprintf.obj (.text:__outc)
                  8000c440    00000020                 : printf.obj (.text:__outc)
                  8000c460    00000020                 : fprintf.obj (.text:__outs)
                  8000c480    00000020                 : printf.obj (.text:__outs)
                  8000c4a0    00000020                 : exit.obj (.text:_abort)
                  8000c4c0    00000020                 : remove.obj (.text:_remove)

.bss       0    80000000    00000000     UNINITIALIZED

.data      0    80000000    00000000     UNINITIALIZED

.sysmem    0    8000c4e0    00004000     UNINITIALIZED
                  8000c4e0    00000008     rts6740.lib : memory.obj (.sysmem)
                  8000c4e8    00003ff8     --HOLE--

.const     0    800104e0    00002f24     
                  800104e0    00000400     aes.obj (.const:_Td0)
                  800108e0    00000400     aes.obj (.const:_Td1)
                  80010ce0    00000400     aes.obj (.const:_Td2)
                  800110e0    00000400     aes.obj (.const:_Td3)
                  800114e0    00000400     aes.obj (.const:_Td4)
                  800118e0    00000400     aes.obj (.const:_Te0)
                  80011ce0    00000400     aes.obj (.const:_Te1)
                  800120e0    00000400     aes.obj (.const:_Te2)
                  800124e0    00000400     aes.obj (.const:_Te3)
                  800128e0    00000400     aes.obj (.const:_Te4)
                  80012ce0    00000107     main.obj (.const)
                  80012de7    00000001     --HOLE-- [fill = 0]
                  80012de8    00000101     rts6740.lib : ctype.obj (.const:__ctypes_)
                  80012ee9    00000003                 : assert.obj (.const)
                  80012eec    00000002                 : fputs.obj (.const)
                  80012eee    00000002     --HOLE-- [fill = 0]
                  80012ef0    00000100     sha2.obj (.const:_K256)
                  80012ff0    00000080     main.obj (.const:_$P$T2$3)
                  80013070    00000080     main.obj (.const:_$P$T3$4)
                  800130f0    00000080     main.obj (.const:_$P$T4$5)
                  80013170    00000080     main.obj (.const:_$P$T5$6)
                  800131f0    0000006a     sha2.obj (.const)
                  8001325a    00000043     helpfulFunctions.obj (.const)
                  8001329d    00000003     --HOLE-- [fill = 0]
                  800132a0    00000040     PRNG.obj (.const:_$P$T0$2)
                  800132e0    0000003c     main.obj (.const:_$P$T1$2)
                  8001331c    00000039     additionalFunctions32.obj (.const)
                  80013355    00000003     --HOLE-- [fill = 0]
                  80013358    00000038     main.obj (.const:_$P$T0$1)
                  80013390    00000028     aes.obj (.const:_rcon)
                  800133b8    00000023     rts6740.lib : _printfi.obj (.const)
                  800133db    00000005     --HOLE-- [fill = 0]
                  800133e0    00000020     sha2.obj (.const:_sha256_initial_hash_value)
                  80013400    00000004     main.obj (.const:_$P$T6$7)

.stack     0    80013408    00002000     UNINITIALIZED
                  80013408    00000008     rts6740.lib : boot.obj (.stack)
                  80013410    00001ff8     --HOLE--

.far       0    80015408    00000554     UNINITIALIZED
                  80015408    00000324     rts6740.lib : defs.obj (.far)
                  8001572c    00000004                 : fopen.obj (.far)
                  80015730    0000011c                 : lowlev.obj (.far)
                  8001584c    00000004     --HOLE--
                  80015850    000000d0                 : trgdrv.obj (.far)
                  80015920    00000020     PRNG.obj (.far)
                  80015940    0000000c     rts6740.lib : exit.obj (.far)
                  8001594c    00000008                 : _lock.obj (.far)
                  80015954    00000008                 : memory.obj (.far)

.cinit     0    80015960    00000164     
                  80015960    0000005c     rts6740.lib : defs.obj (.cinit)
                  800159bc    00000004     --HOLE-- [fill = 0]
                  800159c0    0000005c                 : lowlev.obj (.cinit)
                  80015a1c    00000004     --HOLE-- [fill = 0]
                  80015a20    0000002c                 : exit.obj (.cinit)
                  80015a4c    00000004     --HOLE-- [fill = 0]
                  80015a50    0000002c                 : memory.obj (.cinit)
                  80015a7c    00000004     --HOLE-- [fill = 0]
                  80015a80    0000001c                 : _lock.obj (.cinit)
                  80015a9c    00000004     --HOLE-- [fill = 0]
                  80015aa0    0000000c                 : fopen.obj (.cinit)
                  80015aac    00000004     --HOLE-- [fill = 0]
                  80015ab0    00000009     PRNG.obj (.cinit)
                  80015ab9    00000007     --HOLE-- [fill = 0]
                  80015ac0    00000004     (.pad.cinit) [fill = 0]

.cio       0    80015ac4    00000120     UNINITIALIZED
                  80015ac4    00000120     rts6740.lib : trgmsg.obj (.cio)


GLOBAL SYMBOLS: SORTED ALPHABETICALLY BY Name 

address    name
--------   ----
80000000   $bss
80000000   .bss
80000000   .data
80000000   .text
8000c4a0   C$$EXIT
8000c1d8   C$$IO$$
80002220   _ADD
8000b560   _HOSTclose
8000a3c0   _HOSTlseek
8000a8c0   _HOSTopen
8000ad20   _HOSTread
80009900   _HOSTrename
8000b600   _HOSTtime
8000ade0   _HOSTunlink
8000aea0   _HOSTwrite
800063f8   _PRNG
80006094   _RNG
80003fd0   _SHA256_Final
80003f64   _SHA256_Init
80003a60   _SHA256_Transform
80003d2c   _SHA256_Update
80002288   _SUB_COND
800031b4   _XOR
80015ac4   __CIOBUF_
80015408   __STACK_END
00002000   __STACK_SIZE
00004000   __SYSMEM_SIZE
00000001   __TI_args_main
80015948   ___TI_enable_exit_profile_output
ffffffff   ___TI_pprof_out_hndl
ffffffff   ___TI_prof_data_size
ffffffff   ___TI_prof_data_start
ffffffff   ___binit__
80000000   ___bss__
ffffffff   ___c_args__
80015960   ___cinit__
80000000   ___data__
80000000   ___edata__
80000000   ___end__
8000c4e0   ___etext__
8000c1e0   ___isinf
ffffffff   ___pinit__
80000000   ___text__
8000c060   __abort_msg
8000c260   __args_main
8000a4c0   __auto_init
8000b0e0   __c6xabi_divu
8000c360   __c6xabi_strasgi_64plus
8000af60   __cleanup
80015940   __cleanup_ptr
80012de8   __ctypes_
80004a80   __divd
8000b6a0   __divli
8000b0e0   __divu
80009760   __divul
800088c0   __divull
8000b1a0   __doflush
80015944   __dtors_ptr
8000b880   __fixdli
8000bce0   __fltlid
8000c2a0   __frcmpyd_div
80015728   __ft_end
80015408   __ftable
8000bd60   __llshl
8000c2e0   __llshru
8001594c   __lock
8000c3e0   __negll
8000c400   __nop
80006de0   __printfi
8000c320   __remli
80013408   __stack
8000c360   __strasgi_64plus
8000c0c0   __subcull
8000c4e0   __sys_memory
800155e8   __tmpnams
80015950   __unlock
8000a6c0   __wrt_ok
8000c4a0   _abort
80003964   _addition
800074a0   _aesCBCdecrypt
800073d8   _aesCBCencrypt
800072b0   _aesDecrypt
80007220   _aesEncrypt
80000c2c   _aes_decrypt
80000790   _aes_encrypt
800004ec   _aes_set_decrypt_key
80000000   _aes_set_encrypt_key
8000a9a0   _atoi
8000bde0   _c_int00
80005a78   _calculateKey
8000aa80   _close
80006298   _compareFSR
80005a50   _computePartOfKey
80003154   _concat
800030f0   _copyArray
800038f0   _copyArray32
8000388c   _copyArray8
8000308c   _copyArrayFrom0
8000b9c0   _copy_in
800059b8   _createExponent
8000594c   _createMessage
80005888   _decryptAndUnsignMessage
80003850   _divideByTwo
8000ab60   _exit
8000a2a0   _fclose
8000a7c0   _fflush
80006218   _findRandNum
800037d8   _flipArray
8000be60   _fprintf
8000a020   _fputc
80007880   _fputs
80008640   _free
80001180   _from2to32
80005668   _from32to8
800055a0   _from8to32
8000b260   _fseek
80009674   _hashOfLength
800095e8   _hashWithTime
80002f70   _hexToString
80003764   _isBiggerThan
8000326c   _isBiggerThanOrEqual
8000b320   _lseek
8000b3e0   _ltoa
80007560   _main
80009a80   _malloc
80009d80   _maskGenerationFunction
8000c120   _memccpy
8000bb00   _memcpy
8000ac40   _memset
80001a44   _mod
80001bb0   _modFaster
80001e38   _modMult
80001d84   _modSquare
80004320   _modularInverse
800023a4   _mont
80002614   _montExp
80001f00   _montMultiplication
800017ec   _multiplication
80003720   _multiplyByTwo
800036c0   _numberIsZero
80007344   _padding
800010e0   _positionMSB
80002dac   _printArray
8000362c   _printArray32
80003598   _printArray8
80002d20   _printArrayNoSpaces
80002c90   _printArrayNoSpaces32
80002ae0   _printChar
80002a50   _printCharNoSpaces
8000bee0   _printf
8000a020   _putc
8000bf60   _readmsg
8000c4c0   _remove
800057c4   _repositionZeros
800029c0   _seeTheDifference
80009c00   _setvbuf
8000572c   _signAndEncryptMessage
80005b20   _signatureMessage
80004280   _signedSubtraction
800072ec   _simpleDecrypt
80007258   _simpleEncrypt
800095a0   _simpleHashWithLength
80001550   _squareProduct
800034c0   _subtraction
800032ec   _subtractionWithSign
8000c3a0   _time
800029a0   _timeData
8000bfe0   _unlink
80006040   _updateFSR
80006960   _verifySignature
8000b4a0   _write
8000c180   _writemsg
80003254   _zerosArray
80003240   _zerosArray16
ffffffff   binit
80015960   cinit
80000000   edata
80000000   end
8000c4e0   etext
ffffffff   pinit


GLOBAL SYMBOLS: SORTED BY Symbol Address 

address    name
--------   ----
00000001   __TI_args_main
00002000   __STACK_SIZE
00004000   __SYSMEM_SIZE
80000000   $bss
80000000   .bss
80000000   .data
80000000   .text
80000000   ___bss__
80000000   ___data__
80000000   ___edata__
80000000   ___end__
80000000   ___text__
80000000   _aes_set_encrypt_key
80000000   edata
80000000   end
800004ec   _aes_set_decrypt_key
80000790   _aes_encrypt
80000c2c   _aes_decrypt
800010e0   _positionMSB
80001180   _from2to32
80001550   _squareProduct
800017ec   _multiplication
80001a44   _mod
80001bb0   _modFaster
80001d84   _modSquare
80001e38   _modMult
80001f00   _montMultiplication
80002220   _ADD
80002288   _SUB_COND
800023a4   _mont
80002614   _montExp
800029a0   _timeData
800029c0   _seeTheDifference
80002a50   _printCharNoSpaces
80002ae0   _printChar
80002c90   _printArrayNoSpaces32
80002d20   _printArrayNoSpaces
80002dac   _printArray
80002f70   _hexToString
8000308c   _copyArrayFrom0
800030f0   _copyArray
80003154   _concat
800031b4   _XOR
80003240   _zerosArray16
80003254   _zerosArray
8000326c   _isBiggerThanOrEqual
800032ec   _subtractionWithSign
800034c0   _subtraction
80003598   _printArray8
8000362c   _printArray32
800036c0   _numberIsZero
80003720   _multiplyByTwo
80003764   _isBiggerThan
800037d8   _flipArray
80003850   _divideByTwo
8000388c   _copyArray8
800038f0   _copyArray32
80003964   _addition
80003a60   _SHA256_Transform
80003d2c   _SHA256_Update
80003f64   _SHA256_Init
80003fd0   _SHA256_Final
80004280   _signedSubtraction
80004320   _modularInverse
80004a80   __divd
800055a0   _from8to32
80005668   _from32to8
8000572c   _signAndEncryptMessage
800057c4   _repositionZeros
80005888   _decryptAndUnsignMessage
8000594c   _createMessage
800059b8   _createExponent
80005a50   _computePartOfKey
80005a78   _calculateKey
80005b20   _signatureMessage
80006040   _updateFSR
80006094   _RNG
80006218   _findRandNum
80006298   _compareFSR
800063f8   _PRNG
80006960   _verifySignature
80006de0   __printfi
80007220   _aesEncrypt
80007258   _simpleEncrypt
800072b0   _aesDecrypt
800072ec   _simpleDecrypt
80007344   _padding
800073d8   _aesCBCencrypt
800074a0   _aesCBCdecrypt
80007560   _main
80007880   _fputs
80008640   _free
800088c0   __divull
800095a0   _simpleHashWithLength
800095e8   _hashWithTime
80009674   _hashOfLength
80009760   __divul
80009900   _HOSTrename
80009a80   _malloc
80009c00   _setvbuf
80009d80   _maskGenerationFunction
8000a020   _fputc
8000a020   _putc
8000a2a0   _fclose
8000a3c0   _HOSTlseek
8000a4c0   __auto_init
8000a6c0   __wrt_ok
8000a7c0   _fflush
8000a8c0   _HOSTopen
8000a9a0   _atoi
8000aa80   _close
8000ab60   _exit
8000ac40   _memset
8000ad20   _HOSTread
8000ade0   _HOSTunlink
8000aea0   _HOSTwrite
8000af60   __cleanup
8000b0e0   __c6xabi_divu
8000b0e0   __divu
8000b1a0   __doflush
8000b260   _fseek
8000b320   _lseek
8000b3e0   _ltoa
8000b4a0   _write
8000b560   _HOSTclose
8000b600   _HOSTtime
8000b6a0   __divli
8000b880   __fixdli
8000b9c0   _copy_in
8000bb00   _memcpy
8000bce0   __fltlid
8000bd60   __llshl
8000bde0   _c_int00
8000be60   _fprintf
8000bee0   _printf
8000bf60   _readmsg
8000bfe0   _unlink
8000c060   __abort_msg
8000c0c0   __subcull
8000c120   _memccpy
8000c180   _writemsg
8000c1d8   C$$IO$$
8000c1e0   ___isinf
8000c260   __args_main
8000c2a0   __frcmpyd_div
8000c2e0   __llshru
8000c320   __remli
8000c360   __c6xabi_strasgi_64plus
8000c360   __strasgi_64plus
8000c3a0   _time
8000c3e0   __negll
8000c400   __nop
8000c4a0   C$$EXIT
8000c4a0   _abort
8000c4c0   _remove
8000c4e0   ___etext__
8000c4e0   __sys_memory
8000c4e0   etext
80012de8   __ctypes_
80013408   __stack
80015408   __STACK_END
80015408   __ftable
800155e8   __tmpnams
80015728   __ft_end
80015940   __cleanup_ptr
80015944   __dtors_ptr
80015948   ___TI_enable_exit_profile_output
8001594c   __lock
80015950   __unlock
80015960   ___cinit__
80015960   cinit
80015ac4   __CIOBUF_
ffffffff   ___TI_pprof_out_hndl
ffffffff   ___TI_prof_data_size
ffffffff   ___TI_prof_data_start
ffffffff   ___binit__
ffffffff   ___c_args__
ffffffff   ___pinit__
ffffffff   binit
ffffffff   pinit

[180 symbols]
