******************************************************************************
               TMS320C6x Linker PC v7.3.1                      
******************************************************************************
>> Linked Fri May 12 15:39:59 2017

OUTPUT FILE NAME:   <realtime_2017.out>
ENTRY POINT SYMBOL: "_c_int00"  address: c0064960


MEMORY CONFIGURATION

         name            origin    length      used     unused   attr    fill
----------------------  --------  ---------  --------  --------  ----  --------
  IRAM                  11800000   00040000  00031cb1  0000e34f  RWIX
  CACHE_L1P             11e00000   00008000  00000000  00008000  RWIX
  CACHE_L1D             11f00000   00008000  00000000  00008000  RWIX
  L3_CBA_RAM            80000000   00020000  00000000  00020000  RWIX
  DDR                   c0000000   08000000  00064d60  07f9b2a0  RWIX


SECTION ALLOCATION MAP

 output                                  attributes/
section   page    origin      length       input sections
--------  ----  ----------  ----------   ----------------
.vers      0    00000000    00000040     COPY SECTION
                  00000000    00000040     audioSamplecfg.obj (.vers)

.prd       0    11800000    00000000     UNINITIALIZED

.data      0    11800000    00000000     UNINITIALIZED

.stack     0    11800000    00010000     UNINITIALIZED
                  11800000    00010000     --HOLE--

.far       0    11810000    0000c2a0     UNINITIALIZED
                  11810000    00004900     edma3_drv_bios_c674.lib : edma3_drv_init.obj (.far)
                  11814900    00002dc8     edma3_rm_bios.lib : edma3resmgr.obj (.far)
                  118176c8    00001280                       : edma3_rm_gbl_data.obj (.far)
                  11818948    00000ae8                       : edma3_c6748_cfg.obj (.far)
                  11819430    00000942     process_audio.obj (.far)
                  11819d72    00000002     --HOLE--
                  11819d74    00000004     bios.a674 : que_crea.o674 (.far)
                  11819d78    000007a8     edma3_drv_bios_sample.lib : bios_edma3_drv_sample_c6748_cfg.obj (.far)
                  1181a520    00000670     ti.pspiom.i2c.a674 : I2c.obj (.far)
                  1181ab90    00000570     ti.pspiom.mcasp.a674 : Mcasp.obj (.far)
                  1181b100    00000324     rts6740.lib : defs.obj (.far)
                  1181b424    00000004     bios6748.a674 : bcache_wait.o674 (.far)
                  1181b428    000001f8     audioSample_io.obj (.far)
                  1181b620    00000188     rts6740.lib : atexit.obj (.far)
                  1181b7a8    0000016c     ti.pspiom.platforms.evm6748.audio.a674 : Audio.obj (.far)
                  1181b914    00000004     bios6748.a674 : clk_data.o674 (.far)
                  1181b918    00000148     pscl_cfg_evm6748.a674 : pscl_config_evm6748.o674 (.far)
                  1181ba60    0000011c     rts6740.lib : lowlev.obj (.far)
                  1181bb7c    000000fc     audioSample_main.obj (.far)
                  1181bc78    000000d8     bios.a674 : knl.o674 (.far)
                  1181bd50    000000d0     rts6740.lib : trgdrv.obj (.far)
                  1181be20    000000b0     pwrm.a674 : pwrm.o674 (.far)
                  1181bed0    000000a4     ti.pspiom.platforms.codec.a674 : Aic31.obj (.far)
                  1181bf74    0000005c     bios.a674 : tsk.o674 (.far)
                  1181bfd0    00000058     decoder.obj (.far)
                  1181c028    00000058     encoder.obj (.far)
                  1181c080    00000054     bios.a674 : obj_init.o674 (.far)
                  1181c0d4    00000050               : tsk_stup.o674 (.far)
                  1181c124    00000004     pwrm.a674 : pwrm_ini.o674 (.far)
                  1181c128    00000030     edma3_drv_bios_sample.lib : bios_edma3_drv_sample_init_multi_edma.obj (.far)
                  1181c158    0000002c     ti.pspiom.platforms.evm6748.evmInit.a674 : audio_evmInit.obj (.far)
                  1181c184    00000004     rts6740.lib : errno.obj (.far)
                  1181c188    00000020     PRNG.obj (.far)
                  1181c1a8    00000020     bios.a674 : sys.o674 (.far)
                  1181c1c8    0000001c     drivers.a674 : dio_tskDynamic.o674 (.far)
                  1181c1e4    0000001c     sioboth.a674 : sio.o674 (.far)
                  1181c200    00000018     pscl.a674 : pscl.o674 (.far)
                  1181c218    00000018     rtdx64xplus.lib : rtdx_mon.o64P (.far)
                  1181c230    00000014     bios.a674 : swi_seta.o674 (.far)
                  1181c244    00000010               : exc.o674 (.far)
                  1181c254    00000010               : knl_tick.o674 (.far)
                  1181c264    0000000c               : utl_putc.o674 (.far)
                  1181c270    0000000c     rts6740.lib : exit.obj (.far)
                  1181c27c    00000008     bios.a674 : ecm_dispatch.o674 (.far)
                  1181c284    00000008               : sem_crea.o674 (.far)
                  1181c28c    00000008     rts6740.lib : _lock.obj (.far)
                  1181c294    00000004                 : fopen.obj (.far)
                  1181c298    00000004     bios.a674 : dev_init.o674 (.far)
                  1181c29c    00000004     rts6740.lib : sinit.obj (.far)

.cinit     0    1181c2a0    00003a3c     
                  1181c2a0    0000110c     audioSamplecfg.obj (.cinit)
                  1181d3ac    00000004     --HOLE-- [fill = 0]
                  1181d3b0    00000af8     edma3_rm_bios.lib : edma3_c6748_cfg.obj (.cinit)
                  1181dea8    00000808     edma3_drv_bios_sample.lib : bios_edma3_drv_sample_c6748_cfg.obj (.cinit)
                  1181e6b0    00000332     process_audio.obj (.cinit)
                  1181e9e2    00000006     --HOLE-- [fill = 0]
                  1181e9e8    0000026c     bios.a674 : biosdata.o674 (.cinit)
                  1181ec54    00000004     --HOLE-- [fill = 0]
                  1181ec58    000001a4               : knl.o674 (.cinit)
                  1181edfc    00000004     --HOLE-- [fill = 0]
                  1181ee00    00000198     pscl_cfg_evm6748.a674 : pscl_config_evm6748.o674 (.cinit)
                  1181ef98    00000188     bios6748.a674 : pwrm_rdb6748.o674 (.cinit)
                  1181f120    00000128     pwrm.a674 : pwrm.o674 (.cinit)
                  1181f248    00000124     audioSample_io.obj (.cinit)
                  1181f36c    00000004     --HOLE-- [fill = 0]
                  1181f370    000000b0     bios.a674 : swi.o674 (.cinit)
                  1181f420    00000080               : tsk.o674 (.cinit)
                  1181f4a0    0000007a     edma3_rm_bios.lib : edma3resmgr.obj (.cinit)
                  1181f51a    00000006     --HOLE-- [fill = 0]
                  1181f520    0000007a     pwrm.a674 : pwrm_ini.o674 (.cinit)
                  1181f59a    00000006     --HOLE-- [fill = 0]
                  1181f5a0    00000068     rtdx64xplus.lib : rtdx_mon.o64P (.cinit)
                  1181f608    00000060     bios.a674 : tsk_stup.o674 (.cinit)
                  1181f668    0000005c     lnkrtdx.a674 : rtdx.o674 (.cinit)
                  1181f6c4    00000004     --HOLE-- [fill = 0]
                  1181f6c8    0000005c     rts6740.lib : defs.obj (.cinit)
                  1181f724    00000004     --HOLE-- [fill = 0]
                  1181f728    0000005c                 : lowlev.obj (.cinit)
                  1181f784    00000004     --HOLE-- [fill = 0]
                  1181f788    0000004c     bios.a674 : rta.o674 (.cinit)
                  1181f7d4    00000004     --HOLE-- [fill = 0]
                  1181f7d8    0000004c     edma3_rm_bios.lib : edma3_rm_gbl_data.obj (.cinit)
                  1181f824    00000004     --HOLE-- [fill = 0]
                  1181f828    0000004c     pscl.a674 : pscl.o674 (.cinit)
                  1181f874    00000004     --HOLE-- [fill = 0]
                  1181f878    0000004c     rtdx64xplus.lib : buffer1.o64P (.cinit)
                  1181f8c4    00000004     --HOLE-- [fill = 0]
                  1181f8c8    00000048     edma3_drv_bios_sample.lib : bios_edma3_drv_sample_init_multi_edma.obj (.cinit)
                  1181f910    0000003c     bios.a674 : exc.o674 (.cinit)
                  1181f94c    00000004     --HOLE-- [fill = 0]
                  1181f950    0000003c     ti.pspiom.mcasp.a674 : Mcasp.obj (.cinit)
                  1181f98c    00000004     --HOLE-- [fill = 0]
                  1181f990    00000034     bios.a674 : hwi.o674 (.cinit)
                  1181f9c4    00000004     --HOLE-- [fill = 0]
                  1181f9c8    00000030     ti.pspiom.platforms.codec.a674 : Aic31.obj (.cinit)
                  1181f9f8    00000030     ti.pspiom.platforms.evm6748.audio.a674 : Audio.obj (.cinit)
                  1181fa28    0000002c     bios.a674 : utl_putc.o674 (.cinit)
                  1181fa54    00000004     --HOLE-- [fill = 0]
                  1181fa58    0000002c     pmi_ctl_evm6748.a674 : pmi_volt6748evm.o674 (.cinit)
                  1181fa84    00000004     --HOLE-- [fill = 0]
                  1181fa88    0000002c     rts6740.lib : exit.obj (.cinit)
                  1181fab4    00000004     --HOLE-- [fill = 0]
                  1181fab8    00000024     bios.a674 : obj_init.o674 (.cinit)
                  1181fadc    00000004     --HOLE-- [fill = 0]
                  1181fae0    00000024     drivers.a674 : dio_tskDynamic.o674 (.cinit)
                  1181fb04    00000004     --HOLE-- [fill = 0]
                  1181fb08    00000024     sioboth.a674 : sio.o674 (.cinit)
                  1181fb2c    00000004     --HOLE-- [fill = 0]
                  1181fb30    0000001c     bios.a674 : exc_asm.o674 (.cinit)
                  1181fb4c    00000004     --HOLE-- [fill = 0]
                  1181fb50    0000001c               : swi_seta.o674 (.cinit)
                  1181fb6c    00000004     --HOLE-- [fill = 0]
                  1181fb70    0000001c               : sys.o674 (.cinit)
                  1181fb8c    00000004     --HOLE-- [fill = 0]
                  1181fb90    0000001c     rts6740.lib : _lock.obj (.cinit)
                  1181fbac    00000004     --HOLE-- [fill = 0]
                  1181fbb0    0000001c                 : atexit.obj (.cinit)
                  1181fbcc    00000004     --HOLE-- [fill = 0]
                  1181fbd0    00000018     bios.a674 : knl_tick.o674 (.cinit)
                  1181fbe8    00000010               : sem_crea.o674 (.cinit)
                  1181fbf8    0000000e               : ecm_dispatch.o674 (.cinit)
                  1181fc06    00000002     --HOLE-- [fill = 0]
                  1181fc08    0000000c               : idl_busy.o674 (.cinit)
                  1181fc14    00000004     --HOLE-- [fill = 0]
                  1181fc18    0000000c               : knl_swit.o674 (.cinit)
                  1181fc24    00000004     --HOLE-- [fill = 0]
                  1181fc28    0000000c               : que_crea.o674 (.cinit)
                  1181fc34    00000004     --HOLE-- [fill = 0]
                  1181fc38    0000000c               : tsk_disa.o674 (.cinit)
                  1181fc44    00000004     --HOLE-- [fill = 0]
                  1181fc48    0000000c     bios6748.a674 : bcache_wait.o674 (.cinit)
                  1181fc54    00000004     --HOLE-- [fill = 0]
                  1181fc58    0000000c     pmi.a674 : pmi_init.o674 (.cinit)
                  1181fc64    00000004     --HOLE-- [fill = 0]
                  1181fc68    0000000c              : pmi_pll.o674 (.cinit)
                  1181fc74    00000004     --HOLE-- [fill = 0]
                  1181fc78    0000000c     rts6740.lib : errno.obj (.cinit)
                  1181fc84    00000004     --HOLE-- [fill = 0]
                  1181fc88    0000000c                 : fopen.obj (.cinit)
                  1181fc94    00000004     --HOLE-- [fill = 0]
                  1181fc98    0000000c                 : sinit.obj (.cinit)
                  1181fca4    00000004     --HOLE-- [fill = 0]
                  1181fca8    0000000c     ti.pspiom.i2c.a674 : I2c.obj (.cinit)
                  1181fcb4    00000004     --HOLE-- [fill = 0]
                  1181fcb8    0000000a     edma3_drv_bios_c674.lib : edma3_drv_init.obj (.cinit)
                  1181fcc2    00000006     --HOLE-- [fill = 0]
                  1181fcc8    00000009     PRNG.obj (.cinit)
                  1181fcd1    00000007     --HOLE-- [fill = 0]
                  1181fcd8    00000004     (.pad.cinit) [fill = 0]

.switch    0    1181fcdc    00000228     
                  1181fcdc    000000a0     edma3_rm_bios.lib : edma3resmgr.obj (.switch)
                  1181fd7c    00000060     edma3_drv_bios_c674.lib : edma3_drv_adv.obj (.switch)
                  1181fddc    00000058                             : edma3_drv_basic.obj (.switch)
                  1181fe34    00000054     ti.pspiom.mcasp.a674 : Mcasp_ioctl.obj (.switch)
                  1181fe88    00000038     ti.pspiom.i2c.a674 : I2c.obj (.switch)
                  1181fec0    00000028     edma3_drv_bios_sample.lib : bios_edma3_drv_sample_cs_multi_edma.obj (.switch)
                  1181fee8    0000001c     ti.pspiom.mcasp.a674 : Mcasp_edma.obj (.switch)

.devtable 
*          0    1181ff04    000000d8     UNINITIALIZED
                  1181ff04    000000d8     audioSamplecfg.obj (.devtable)

.dio       0    1181ffdc    00000010     UNINITIALIZED
                  1181ffdc    00000010     audioSamplecfg.obj (.dio)

.hst1      0    1181ffec    00000010     UNINITIALIZED
                  1181ffec    00000010     audioSamplecfg.obj (.hst1)

.args      0    1181fffc    00000004     
                  1181fffc    00000004     --HOLE-- [fill = 0]

.DVTEvent_Log$buf 
*          0    11820000    00008000     UNINITIALIZED
                  11820000    00008000     audioSamplecfg.obj (.DVTEvent_Log$buf)

.const     0    11828000    0000374d     
                  11828000    00000400     aes.obj (.const:_Td0)
                  11828400    00000400     aes.obj (.const:_Td1)
                  11828800    00000400     aes.obj (.const:_Td2)
                  11828c00    00000400     aes.obj (.const:_Td3)
                  11829000    00000400     aes.obj (.const:_Td4)
                  11829400    00000400     aes.obj (.const:_Te0)
                  11829800    00000400     aes.obj (.const:_Te1)
                  11829c00    00000400     aes.obj (.const:_Te2)
                  1182a000    00000400     aes.obj (.const:_Te3)
                  1182a400    00000400     aes.obj (.const:_Te4)
                  1182a800    000001e8     wavpcm_io.obj (.const)
                  1182a9e8    00000193     bios.a674 : exc.o674 (.const:.string)
                  1182ab7b    00000001     --HOLE-- [fill = 0]
                  1182ab7c    00000114     process_audio.obj (.const)
                  1182ac90    00000110     audioSample_io.obj (.const)
                  1182ada0    00000110     ti.pspiom.mcasp.a674 : Mcasp.obj (.const)
                  1182aeb0    00000101     rts6740.lib : ctype.obj (.const:__ctypes_)
                  1182afb1    00000004     bios.a674 : mem_allo.o674 (.const:.string)
                  1182afb5    00000003     rts6740.lib : assert.obj (.const)
                  1182afb8    00000100     sha2.obj (.const:_K256)
                  1182b0b8    000000e0     sha2.obj (.const)
                  1182b198    000000ab     edma3_rm_bios.lib : edma3resmgr.obj (.const:.string)
                  1182b243    0000007d     edma3_drv_bios_c674.lib : edma3_drv_init.obj (.const:.string)
                  1182b2c0    00000060     ti.pspiom.mcasp.a674 : Mcasp_edma.obj (.const)
                  1182b320    00000054     ti.pspiom.i2c.a674 : I2c.obj (.const)
                  1182b374    0000004e     bios.a674 : tsk_stup.o674 (.const:.string)
                  1182b3c2    00000047     audioSamplecfg.obj (.const)
                  1182b409    00000002     rts6740.lib : fputs.obj (.const)
                  1182b40b    00000001     --HOLE-- [fill = 0]
                  1182b40c    00000044     helpfulFunctions.obj (.const)
                  1182b450    00000040     PRNG.obj (.const:_$P$T0$2)
                  1182b490    00000040     ti.pspiom.i2c.a674 : I2c_edma.obj (.const)
                  1182b4d0    0000003c     additionalFunctions32.obj (.const)
                  1182b50c    00000030     audioSample_main.obj (.const)
                  1182b53c    00000004     bios.a674 : mem_free.o674 (.const:.string)
                  1182b540    00000028     aes.obj (.const:_rcon)
                  1182b568    00000028     ti.pspiom.platforms.codec.a674 : Aic31.obj (.const)
                  1182b590    00000023     bios.a674 : utl_doab.o674 (.const:.string)
                  1182b5b3    00000023     rts6740.lib : _printfi.obj (.const)
                  1182b5d6    00000022     bios.a674 : utl_doer.o674 (.const:.string)
                  1182b5f8    00000020               : dev_init.o674 (.const:.string)
                  1182b618    00000020     sha2.obj (.const:_sha256_initial_hash_value)
                  1182b638    00000020     ti.pspiom.mcasp.a674 : Mcasp_ioctl.obj (.const)
                  1182b658    00000020     ti.pspiom.platforms.evm6748.audio.a674 : Audio.obj (.const)
                  1182b678    0000001c     ti.pspiom.i2c.a674 : I2c.obj (.const:.string)
                  1182b694    00000004     sioboth.a674 : sio_crea.o674 (.const:.string)
                  1182b698    00000018     decoder.obj (.const:_$P$T0$1)
                  1182b6b0    00000018     encoder.obj (.const:_$P$T0$1)
                  1182b6c8    00000018     decoder.obj (.const:_$P$T1$2)
                  1182b6e0    00000018     encoder.obj (.const:_$P$T1$2)
                  1182b6f8    00000014     auxiliaries.obj (.const)
                  1182b70c    00000001     bios.a674 : sem_crea.o674 (.const:.string)
                  1182b70d    00000003     --HOLE-- [fill = 0]
                  1182b710    00000011               : sys_prin.o674 (.const:_digtohex)
                  1182b721    0000000f               : sys_prin.o674 (.const:.string)
                  1182b730    00000009     ti.pspiom.platforms.evm6748.audio.a674 : Audio.obj (.const:.string)
                  1182b739    00000003     --HOLE-- [fill = 0]
                  1182b73c    00000008     edma3_drv_bios_sample.lib : bios_edma3_drv_sample_init_multi_edma.obj (.const)
                  1182b744    00000005     ti.pspiom.platforms.codec.a674 : Aic31.obj (.const:.string)
                  1182b749    00000003     --HOLE-- [fill = 0]
                  1182b74c    00000001     bios.a674 : tsk.o674 (.const:.string)

.printf    0    1182b74d    00000059     COPY SECTION
                  1182b74d    00000059     audioSamplecfg.obj (.printf)

.echoTask$stk 
*          0    1182b750    00002000     UNINITIALIZED
                  1182b750    00002000     audioSamplecfg.obj (.echoTask$stk)

.bss       0    1182d750    00000840     UNINITIALIZED
                  1182d750    00000440     audioSamplecfg.obj (.bss)
                  1182db90    00000100     bios.a674 : hwi_disp_asm.o674 (.bss)
                  1182dc90    000000cc               : biosdata.o674 (.bss)
                  1182dd5c    0000009c               : swi.o674 (.bss)
                  1182ddf8    00000048               : knl.o674 (.bss)
                  1182de40    00000030     pwrm.a674 : pwrm.o674 (.bss)
                  1182de70    00000020     bios.a674 : exc_asm.o674 (.bss)
                  1182de90    0000001e     pwrm.a674 : pwrm_ini.o674 (.bss)
                  1182deae    00000002     edma3_drv_bios_c674.lib : edma3_drv_init.obj (.bss)
                  1182deb0    00000018     bios.a674 : hwi.o674 (.bss)
                  1182dec8    00000018     lnkrtdx.a674 : rtdx.o674 (.bss)
                  1182dee0    00000014     edma3_rm_bios.lib : edma3_rm_gbl_data.obj (.bss)
                  1182def4    00000010     bios.a674 : exc.o674 (.bss)
                  1182df04    00000010     rtdx64xplus.lib : buffer1.o64P (.bss)
                  1182df14    00000010                     : rtdx_mon.o64P (.bss)
                  1182df24    0000000c     bios.a674 : tsk.o674 (.bss)
                  1182df30    0000000c     pmi_ctl_evm6748.a674 : pmi_volt6748evm.o674 (.bss)
                  1182df3c    0000000a     edma3_rm_bios.lib : edma3resmgr.obj (.bss)
                  1182df46    00000002     process_audio.obj (.bss)
                  1182df48    00000008     audioSample_io.obj (.bss)
                  1182df50    00000008     bios.a674 : clk_data.o674 (.bss)
                  1182df58    00000008               : sys.o674 (.bss)
                  1182df60    00000008     pscl.a674 : pscl.o674 (.bss)
                  1182df68    00000004     bios.a674 : clk_data2.o674 (.bss)
                  1182df6c    00000004               : dev_init.o674 (.bss)
                  1182df70    00000004               : idl_busy.o674 (.bss)
                  1182df74    00000004               : mem_asm.o674 (.bss)
                  1182df78    00000004               : tsk_disa.o674 (.bss)
                  1182df7c    00000004     edma3_drv_bios_sample.lib : bios_edma3_drv_sample_c6748_cfg.obj (.bss)
                  1182df80    00000004     pmi.a674 : pmi_init.o674 (.bss)
                  1182df84    00000004              : pmi_pll.o674 (.bss)
                  1182df88    00000004     pscl_cfg_evm6748.a674 : pscl_config_evm6748.o674 (.bss)
                  1182df8c    00000004     ti.pspiom.mcasp.a674 : Mcasp.obj (.bss)

.gblinit   0    1182df90    00000064     
                  1182df90    00000064     audioSamplecfg.obj (.gblinit)

.pinit     0    1182dff4    0000000c     
                  1182dff4    00000004     rtdx64xplus.lib : buffer1.o64P (.pinit)
                  1182dff8    00000004                     : rtdx_mon.o64P (.pinit)
                  1182dffc    00000004     --HOLE-- [fill = 0]

.LOG_system$buf 
*          0    1182e000    00001000     UNINITIALIZED
                  1182e000    00001000     audioSamplecfg.obj (.LOG_system$buf)

.trace$buf 
*          0    1182f000    00001000     UNINITIALIZED
                  1182f000    00001000     audioSamplecfg.obj (.trace$buf)

.pmonchip 
*          0    11830000    00000ce0     
                  11830000    00000380     pmi_ctl_evm6748.a674 : pmi_i2c.o674 (.pmonchip:slp)
                  11830380    00000300     pmi.a674 : pmi_relock1.o674 (.pmonchip)
                  11830680    000001a0     pmi_ctl_evm6748.a674 : pmi_volt6748evm.o674 (.pmonchip:slp)
                  11830820    00000180     bios6748.a674 : pwrm_rdb6748.o674 (.pmonchip) [fill = 0]
                  118309a0    00000140     pmi.a674 : pmi_onchip.o674 (.pmonchip)
                  11830ae0    00000100              : pmi_pll.o674 (.pmonchip:slp)
                  11830be0    000000c0              : pmi_ms.o674 (.pmonchip)
                  11830ca0    00000020     rts6740.lib : divu.obj ($Tramp$S$$__divu)
                  11830cc0    00000020     pmi.a674 : pmi_pll.o674 ($Tramp$S$$_PMI_calcWaitBypass)

.idl       0    11830ce0    00000010     UNINITIALIZED
                  11830ce0    00000010     audioSamplecfg.obj (.idl)

.idlcal    0    11830cf0    00000010     UNINITIALIZED
                  11830cf0    00000010     audioSamplecfg.obj (.idlcal)

.rtdx_data 
*          0    11830d00    000004f4     UNINITIALIZED
                  11830d00    00000080     --HOLE--
                  11830d80    00000410     audioSamplecfg.obj (.rtdx_data)
                  11831190    00000044     rtdx64xplus.lib : rtdx_mon.o64P (.rtdx_data)
                  118311d4    00000020                     : buffer1.o64P (.rtdx_data)

.mem       0    118311f4    00000004     UNINITIALIZED
                  118311f4    00000004     audioSamplecfg.obj (.mem)

.TSK_idle$stk 
*          0    118311f8    00000400     UNINITIALIZED
                  118311f8    00000400     audioSamplecfg.obj (.TSK_idle$stk)

.trace     0    118315f8    00000200     
                  118315f8    00000200     --HOLE-- [fill = 00000000]

.cio       0    118317f8    00000120     UNINITIALIZED
                  118317f8    00000120     rts6740.lib : trgmsg.obj (.cio)

.hst0      0    11831918    00000100     UNINITIALIZED
                  11831918    00000100     audioSamplecfg.obj (.hst0)

.pip       0    11831a18    000000c8     UNINITIALIZED
                  11831a18    000000c8     audioSamplecfg.obj (.pip)

.tsk       0    11831ae0    000000c0     UNINITIALIZED
                  11831ae0    000000c0     audioSamplecfg.obj (.tsk)

.log       0    11831ba0    00000048     
                  11831ba0    00000048     audioSamplecfg.obj (.log)

.sts       0    11831be8    00000040     
                  11831be8    00000040     audioSamplecfg.obj (.sts)

.hst       0    11831c28    0000003c     UNINITIALIZED
                  11831c28    0000003c     audioSamplecfg.obj (.hst)

.swi       0    11831c64    0000002c     UNINITIALIZED
                  11831c64    0000002c     audioSamplecfg.obj (.swi)

.sys       0    11831c90    00000010     UNINITIALIZED
                  11831c90    00000010     audioSamplecfg.obj (.sys)

.trcdata   0    11831ca0    0000000c     
                  11831ca0    0000000c     bios.a674 : trc.o674 (.trcdata)

.clk       0    11831cac    00000008     UNINITIALIZED
                  11831cac    00000008     audioSamplecfg.obj (.clk)

.DDR$heap 
*          0    c0000000    00030000     UNINITIALIZED
                  c0000000    00030000     --HOLE--

.text      0    c0030000    0002d7e0     
                  c0030000    00006240     edma3_rm_bios.lib : edma3resmgr.obj (.text)
                  c0036240    00002380     edma3_drv_bios_c674.lib : edma3_drv_basic.obj (.text)
                  c00385c0    00001880     aes.obj (.text)
                  c0039e40    000017c0     edma3_drv_bios_c674.lib : edma3_drv_adv.obj (.text)
                  c003b600    000014a0     decoder.obj (.text)
                  c003caa0    00001120     ti.pspiom.mcasp.a674 : Mcasp_ioctl.obj (.text:_Mcasp_localSubmitIoctl)
                  c003dbc0    00001120     modFunctions32.obj (.text)
                  c003ece0    00000f00     encoder.obj (.text)
                  c003fbe0    00000e40     montExponentiation32.obj (.text)
                  c0040a20    00000bc0     pscl.a674 : pscl.o674 (.text)
                  c00415e0    00000ac0     ti.pspiom.mcasp.a674 : Mcasp.obj (.text:_mcaspMdCreateChan)
                  c00420a0    00000a00     sha2.obj (.text)
                  c0042aa0    000009a0     edma3_drv_bios_c674.lib : edma3_drv_init.obj (.text)
                  c0043440    00000920     helpfulFunctions.obj (.text)
                  c0043d60    000008a0     auxiliaries.obj (.text)
                  c0044600    00000860     additionalFunctions32.obj (.text)
                  c0044e60    00000840     modularInverse32.obj (.text)
                  c00456a0    00000780     pmi.a674 : pmi_pll.o674 (.text)
                  c0045e20    00000700     keyEstablishmentFunctions32.obj (.text)
                  c0046520    000006a0     ti.pspiom.i2c.a674 : I2c.obj (.text:_i2cIntrHandler)
                  c0046bc0    00000660     ti.pspiom.mcasp.a674 : Mcasp_edma.obj (.text:_Mcasp_localEdmaCallback)
                  c0047220    00000660     process_audio.obj (.text)
                  c0047880    000005a0     rts6740.lib : divd.obj (.text:__divd)
                  c0047e20    000005a0     ti.pspiom.mcasp.a674 : Mcasp.obj (.text:_mcaspMdBindDev)
                  c00483c0    00000580     PRNG.obj (.text)
                  c0048940    00000580     rts6740.lib : _printfi.obj (.text:__getarg_diouxp)
                  c0048ec0    00000540     ti.pspiom.mcasp.a674 : Mcasp_edma.obj (.text:_Mcasp_localEdmaChanPaRAMsetup)
                  c0049400    00000540     ti.pspiom.i2c.a674 : I2c.obj (.text:_i2cMdCreateChan)
                  c0049940    000004e0     edma3_drv_bios_sample.lib : bios_edma3_drv_sample_init_multi_edma.obj (.text)
                  c0049e20    000004c0     encryptDecrypt.obj (.text)
                  c004a2e0    000004a0     ti.pspiom.mcasp.a674 : Mcasp.obj (.text:_Mcasp_localAbortReset)
                  c004a780    00000480     rts6740.lib : _printfi.obj (.text:__setfield)
                  c004ac00    00000480     useAES.obj (.text)
                  c004b080    00000440     ti.pspiom.i2c.a674 : I2c_edma.obj (.text:_I2c_completeIOedmaCallback)
                  c004b4c0    00000440     rts6740.lib : _printfi.obj (.text:__printfi)
                  c004b900    00000440     ti.pspiom.platforms.codec.a674 : Aic31.obj (.text:_aic31MdControlChan)
                  c004bd40    00000440                                    : Aic31.obj (.text:_aic31SetSamplingRate)
                  c004c180    00000420     ti.pspiom.i2c.a674 : I2c.obj (.text:_i2cMdBindDev)
                  c004c5a0    00000400                        : I2c.obj (.text:_i2cMdSubmitChan)
                  c004c9a0    00000400                        : I2c.obj (.text:_i2cPolledModeTransfer)
                  c004cda0    000003c0                        : I2c.obj (.text:_i2cMdControlChan)
                  c004d160    000003a0     ti.pspiom.platforms.codec.a674 : Aic31.obj (.text:_aic31MdCreateChan)
                  c004d500    000003a0     verifySignature.obj (.text)
                  c004d8a0    00000380     ti.pspiom.i2c.a674 : I2c.obj (.text:_i2cCompleteIOInIsr)
                  c004dc20    00000380     audioSample_io.obj (.text)
                  c004dfa0    00000380     edma3_drv_bios_sample.lib : bios_edma3_drv_sample_cs_multi_edma.obj (.text)
                  c004e320    00000340     ti.pspiom.mcasp.a674 : Mcasp_edma.obj (.text:_Mcasp_localUpdtDtPktToLnkPrms)
                  c004e660    00000340     ti.pspiom.platforms.evm6748.audio.a674 : Audio.obj (.text:_audioMdCreateChan)
                  c004e9a0    00000340     ti.pspiom.i2c.a674 : I2c.obj (.text:_i2cTransfer)
                  c004ece0    00000320     ti.pspiom.mcasp.a674 : Mcasp_edma.obj (.text:_Mcasp_localGetIndicesSyncType)
                  c004f000    00000300     rts6740.lib : fputs.obj (.text:_fputs)
                  c004f300    00000300     ti.pspiom.mcasp.a674 : Mcasp.obj (.text:_mcaspMdDeleteChan)
                  c004f600    000002e0     signatureMessage.obj (.text)
                  c004f8e0    000002c0     ti.pspiom.i2c.a674 : I2c.obj (.text:_I2cNotifyCallback)
                  c004fba0    000002c0     ti.pspiom.mcasp.a674 : Mcasp.obj (.text:_Mcasp_localConfigXmtSection)
                  c004fe60    000002c0     rts6740.lib : _printfi.obj (.text:__pproc_fge)
                  c0050120    000002c0                 : _printfi.obj (.text:__pproc_fwp)
                  c00503e0    000002c0     ti.pspiom.mcasp.a674 : Mcasp.obj (.text:_mcaspIsrInput)
                  c00506a0    000002c0                          : Mcasp.obj (.text:_mcaspIsrOutput)
                  c0050960    000002a0     ti.pspiom.i2c.a674 : I2c.obj (.text:_I2c_localEnsureIsReadyforNext)
                  c0050c00    000002a0     ti.pspiom.platforms.codec.a674 : Aic31.obj (.text:_aic31InitDac)
                  c0050ea0    000002a0     rts6740.lib : _printfi.obj (.text:_ecvt)
                  c0051140    000002a0                 : _printfi.obj (.text:_fcvt)
                  c00513e0    00000280     ti.pspiom.mcasp.a674 : Mcasp.obj (.text:_Mcasp_localConfigRcvSection)
                  c0051660    00000280     drivers.a674 : dio_tsk.o674 (.text)
                  c00518e0    00000260     ti.pspiom.i2c.a674 : I2c_edma.obj (.text:_I2c_localEdmaTransfer)
                  c0051b40    00000260     ti.pspiom.mcasp.a674 : Mcasp.obj (.text:_Mcasp_localSetupHwInfo)
                  c0051da0    00000260     rts6740.lib : imath64.obj (.text:__divull)
                  c0052000    00000260                 : _printfi.obj (.text:__pconv_e)
                  c0052260    00000260     ti.pspiom.platforms.codec.a674 : Aic31.obj (.text:_aic31SelectOutputDest)
                  c00524c0    00000260     ti.pspiom.platforms.evm6748.audio.a674 : Audio.obj (.text:_audioSampleRateConfigure)
                  c0052720    00000260     ti.pspiom.mcasp.a674 : Mcasp_ioctl.obj (.text:_mcaspGetHwStatus)
                  c0052980    00000240     rts6740.lib : _printfi.obj (.text:__pproc_diouxp)
                  c0052bc0    00000240     ti.pspiom.i2c.a674 : I2c.obj (.text:_i2cMdDeleteChan)
                  c0052e00    00000240     ti.pspiom.mcasp.a674 : Mcasp_ioctl.obj (.text:_mcaspConfigLoopBack)
                  c0053040    00000220     rts6740.lib : _printfi.obj (.text:__pproc_str)
                  c0053260    00000220     ti.pspiom.platforms.codec.a674 : Aic31.obj (.text:_aic31InitAdc)
                  c0053480    00000200     ti.pspiom.i2c.a674 : I2c.obj (.text:_I2cCalculateConstraints)
                  c0053680    00000200     rts6740.lib : _printfi.obj (.text:__pconv_g)
                  c0053880    00000200     ti.pspiom.platforms.codec.a674 : Aic31.obj (.text:_aic31DeinitDac)
                  c0053a80    00000200                                    : Aic31.obj (.text:_aic31I2cRead)
                  c0053c80    00000200     ti.pspiom.i2c.a674 : I2c.obj (.text:_i2cSoftReset)
                  c0053e80    00000200     drivers.a674 : dio_tskDynamic.o674 (.text)
                  c0054080    000001e0     ti.pspiom.mcasp.a674 : Mcasp_edma.obj (.text:_Mcasp_localSetupEdmaDuringOpen)
                  c0054260    000001e0     hmac.obj (.text)
                  c0054440    000001e0     maskGenerationFunction.obj (.text)
                  c0054620    000001c0     rts6740.lib : _printfi.obj (.text:__mcpy)
                  c00547e0    000001c0     ti.pspiom.platforms.codec.a674 : Aic31.obj (.text:_aic31DeinitAdc)
                  c00549a0    000001c0     ti.pspiom.platforms.evm6748.audio.a674 : Audio.obj (.text:_audioMdBindDev)
                  c0054b60    000001c0     ti.pspiom.mcasp.a674 : Mcasp.obj (.text:_mcaspSubmitReq)
                  c0054d20    000001a0     ti.pspiom.i2c.a674 : I2c.obj (.text:_I2cCalculateClkSettings)
                  c0054ec0    000001a0                        : I2c.obj (.text:_I2c_loadPendedIops)
                  c0055060    000001a0     rts6740.lib : imath40.obj (.text:__divul)
                  c0055200    000001a0     ti.pspiom.mcasp.a674 : Mcasp.obj (.text:_mcaspBitSetGblRCtl)
                  c00553a0    000001a0                          : Mcasp.obj (.text:_mcaspBitSetGblXCtl)
                  c0055540    000001a0     bios6748.a674 : pwrm_rel674.o674 (.text)
                  c00556e0    000001a0                   : pwrm_set674.o674 (.text)
                  c0055880    00000180     rts6740.lib : trgdrv.obj (.text:_HOSTrename)
                  c0055a00    00000180     ti.pspiom.mcasp.a674 : Mcasp.obj (.text:_Mcasp_localLoadPktToEdma)
                  c0055b80    00000180     ti.pspiom.platforms.codec.a674 : Aic31.obj (.text:_aic31I2cWrite)
                  c0055d00    00000180                                    : Aic31.obj (.text:_aic31MuteConfig)
                  c0055e80    00000180     ti.pspiom.i2c.a674 : I2c.obj (.text:_i2cCancelIO)
                  c0056000    00000180     rts6740.lib : setvbuf.obj (.text:_setvbuf)
                  c0056180    00000180     useSHA256.obj (.text)
                  c0056300    00000160     ti.pspiom.i2c.a674 : I2c.obj (.text:_I2c_localPrepareForTransfer)
                  c0056460    00000160                        : I2c.obj (.text:_i2cMdUnBindDev)
                  c00565c0    00000160     ti.pspiom.mcasp.a674 : Mcasp.obj (.text:_mcaspBitRemoveGblXCtl)
                  c0056720    00000160     audioSample_main.obj (.text)
                  c0056880    00000160     pwrm.a674 : _pwrm_updcst.o674 (.text)
                  c00569e0    00000140     ti.pspiom.mcasp.a674 : Mcasp_edma.obj (.text:_Mcasp_localIsValidPacket)
                  c0056b20    00000140                          : Mcasp.obj (.text:_Mcasp_localSmReset)
                  c0056c60    00000140     rts6740.lib : _printfi.obj (.text:__pproc_fflags)
                  c0056da0    00000140     ti.pspiom.platforms.codec.a674 : Aic31.obj (.text:_aic31MdDeleteChan)
                  c0056ee0    00000140     rts6740.lib : fputc.obj (.text:_fputc)
                  c0057020    00000140                 : lowlev.obj (.text:_getdevice)
                  c0057160    00000140     ti.pspiom.mcasp.a674 : Mcasp.obj (.text:_mcaspMdSubmitChan)
                  c00572a0    00000140                          : Mcasp_ioctl.obj (.text:_mcaspSetSamplingRate)
                  c00573e0    00000140     pwrm.a674 : pwrm_reg.o674 (.text)
                  c0057520    00000120     ti.pspiom.i2c.a674 : I2c.obj (.text:_I2cConfigureNewClkSettings)
                  c0057640    00000120                        : I2c_edma.obj (.text:_I2c_localEdmaChanRequest)
                  c0057760    00000120     ti.pspiom.mcasp.a674 : Mcasp.obj (.text:_Mcasp_init)
                  c0057880    00000120                          : Mcasp.obj (.text:_Mcasp_localIsrSwiFxn)
                  c00579a0    00000120     rts6740.lib : fclose.obj (.text:_fclose)
                  c0057ac0    00000120     ti.pspiom.i2c.a674 : I2c.obj (.text:_i2cWaitForBB)
                  c0057be0    00000120     ti.pspiom.mcasp.a674 : Mcasp_ioctl.obj (.text:_mcaspActivateClkRcvXmt)
                  c0057d00    00000120                          : Mcasp.obj (.text:_mcaspBitRemoveGblRCtl)
                  c0057e20    00000120                          : Mcasp.obj (.text:_mcaspBitSetGblCtl)
                  c0057f40    00000100     rts6740.lib : trgdrv.obj (.text:_HOSTlseek)
                  c0058040    00000100     ti.pspiom.i2c.a674 : I2c.obj (.text:_I2c_localLpscOff)
                  c0058140    00000100                        : I2c.obj (.text:_I2c_restoreContext)
                  c0058240    00000100                        : I2c_edma.obj (.text:_I2c_txCallback)
                  c0058340    00000100     ti.pspiom.mcasp.a674 : Mcasp.obj (.text:_Mcasp_localSmSet)
                  c0058440    00000100     rts6740.lib : _printfi.obj (.text:__ltostr)
                  c0058540    00000100                 : _io_perm.obj (.text:__wrt_ok)
                  c0058640    00000100     ti.pspiom.platforms.codec.a674 : Aic31.obj (.text:_aic31MdBindDev)
                  c0058740    00000100                                    : Aic31.obj (.text:_aic31SelectInputSource)
                  c0058840    00000100     rts6740.lib : sinit.obj (.text:_call_dtors)
                  c0058940    00000100                 : fflush.obj (.text:_fflush)
                  c0058a40    00000100     ti.pspiom.mcasp.a674 : Mcasp.obj (.text:_mcaspMdControlChan)
                  c0058b40    00000100     pmi_ctl_evm6748.a674 : pmi_volt6748evm.o674 (.text)
                  c0058c40    00000100     pwrm.a674 : pwrm_regcst.o674 (.text)
                  c0058d40    000000e0     rts6740.lib : trgdrv.obj (.text:_HOSTopen)
                  c0058e20    000000e0     ti.pspiom.i2c.a674 : I2c_edma.obj (.text:_I2c_rxCallback)
                  c0058f00    000000e0     ti.pspiom.mcasp.a674 : Mcasp.obj (.text:_Mcasp_localCancelAndAbortAllIo)
                  c0058fe0    000000e0     rts6740.lib : divi.obj (.text:__divi)
                  c00590c0    000000e0                 : strasg.obj (.text:__strasgi)
                  c00591a0    000000e0     ti.pspiom.platforms.codec.a674 : Aic31.obj (.text:_aic31RegWriteBf)
                  c0059280    000000e0     rts6740.lib : atoi.obj (.text:_atoi)
                  c0059360    000000e0     ti.pspiom.platforms.evm6748.audio.a674 : Audio.obj (.text:_audioMdControlChan)
                  c0059440    000000e0                                            : Audio.obj (.text:_audioMdDeleteChan)
                  c0059520    000000e0     rts6740.lib : lowlev.obj (.text:_close)
                  c0059600    000000e0     ti.pspiom.mcasp.a674 : Mcasp_ioctl.obj (.text:_mcaspActivateRcvClkSer)
                  c00596e0    000000e0                          : Mcasp_ioctl.obj (.text:_mcaspActivateXmtClkSer)
                  c00597c0    000000e0                          : Mcasp.obj (.text:_mcaspRegisterInt)
                  c00598a0    000000e0                          : Mcasp.obj (.text:_mcaspValidateBufferConfig)
                  c0059980    000000e0                          : Mcasp.obj (.text:_mcaspWriteChanStatRam)
                  c0059a60    000000e0                          : Mcasp.obj (.text:_mcaspWriteUserDataRam)
                  c0059b40    000000e0     rts6740.lib : memset.obj (.text:_memset)
                  c0059c20    000000e0     bios6748.a674 : _pwrm_initcounts.o674 (.text)
                  c0059d00    000000c0     rts6740.lib : trgdrv.obj (.text:_HOSTread)
                  c0059dc0    000000c0                 : trgdrv.obj (.text:_HOSTunlink)
                  c0059e80    000000c0                 : trgdrv.obj (.text:_HOSTwrite)
                  c0059f40    000000c0     ti.pspiom.i2c.a674 : I2c.obj (.text:_I2cRegisterNotification)
                  c005a000    000000c0                        : I2c.obj (.text:_I2c_localGetNextChannel)
                  c005a0c0    000000c0                        : I2c.obj (.text:_I2c_saveContext)
                  c005a180    000000c0     ti.pspiom.mcasp.a674 : Mcasp.obj (.text:_Mcasp_localCompleteCurrentIo)
                  c005a240    000000c0                          : Mcasp.obj (.text:_Mcasp_localEdmaProcessPkt)
                  c005a300    000000c0     rts6740.lib : fopen.obj (.text:__cleanup)
                  c005a3c0    000000c0                 : _printfi.obj (.text:__div)
                  c005a480    000000c0                 : divu.obj (.text:__divu)
                  c005a540    000000c0                 : fflush.obj (.text:__doflush)
                  c005a600    000000c0                 : remi.obj (.text:__remi)
                  c005a6c0    000000c0                 : atexit.obj (.text:_atexit)
                  c005a780    000000c0                 : fseek.obj (.text:_fseek)
                  c005a840    000000c0                 : lowlev.obj (.text:_lseek)
                  c005a900    000000c0                 : ltoa.obj (.text:_ltoa)
                  c005a9c0    000000c0     ti.pspiom.mcasp.a674 : Mcasp.obj (.text:_mcaspInit)
                  c005aa80    000000c0                          : Mcasp.obj (.text:_mcaspUnRegisterInt)
                  c005ab40    000000c0     rts6740.lib : lowlev.obj (.text:_write)
                  c005ac00    000000c0     bios.a674 : tsk_stup.o674 (.text)
                  c005acc0    000000c0     pwrm.a674 : pwrm_spi674.o674 (.text)
                  c005ad80    000000a0     ti.pspiom.platforms.evm6748.audio.a674 : Audio.obj (.text:_Audio_init)
                  c005ae20    000000a0     rts6740.lib : trgdrv.obj (.text:_HOSTclose)
                  c005aec0    000000a0                 : trgdrv.obj (.text:_HOSTtime)
                  c005af60    000000a0     ti.pspiom.i2c.a674 : I2c.obj (.text:_I2cConfigureNewVfSettings)
                  c005b000    000000a0                        : I2c.obj (.text:_I2cUnregisterConstraints)
                  c005b0a0    000000a0                        : I2c.obj (.text:_I2cUnregisterNotification)
                  c005b140    000000a0                        : I2c.obj (.text:_I2c_init)
                  c005b1e0    000000a0     ti.pspiom.mcasp.a674 : Mcasp.obj (.text:_Mcasp_localResetXmt)
                  c005b280    000000a0     rts6740.lib : imath40.obj (.text:__divli)
                  c005b320    000000a0                 : _printfi.obj (.text:__ecpy)
                  c005b3c0    000000a0                 : _printfi.obj (.text:__fcpy)
                  c005b460    000000a0                 : fixdli.obj (.text:__fixdli)
                  c005b500    000000a0                 : _printfi.obj (.text:__pconv_f)
                  c005b5a0    000000a0                 : remu.obj (.text:__remu)
                  c005b640    000000a0                 : lowlev.obj (.text:_finddevice)
                  c005b6e0    000000a0     ti.pspiom.mcasp.a674 : Mcasp.obj (.text:_mcaspConfigureFifo)
                  c005b780    000000a0                          : Mcasp.obj (.text:_mcaspConfigureXmtChannel)
                  c005b820    000000a0                          : Mcasp.obj (.text:_mcaspMdUnBindDev)
                  c005b8c0    000000a0                          : Mcasp_ioctl.obj (.text:_mcaspReadXmtConfig)
                  c005b960    000000a0     rts6740.lib : memcpy64.obj (.text:_memcpy)
                  c005ba00    000000a0     bios6748.a674 : pwrm_get674.o674 (.text)
                  c005baa0    000000a0     pwrm.a674 : pwrm.o674 (.text)
                  c005bb40    000000a0               : pwrm_urgcst.o674 (.text)
                  c005bbe0    00000080     ti.pspiom.mcasp.a674 : Mcasp.obj (.text:_Mcasp_localActivateSmFsForBoth)
                  c005bc60    00000080     rts6740.lib : fixdu.obj (.text:__fixdu)
                  c005bce0    00000080                 : fltlid.obj (.text:__fltlid)
                  c005bd60    00000080                 : llshift.obj (.text:__llshl)
                  c005bde0    00000080     ti.pspiom.platforms.evm6748.evmInit.a674 : audio_evmInit.obj (.text:_configureAudio)
                  c005be60    00000080     rts6740.lib : fprintf.obj (.text:_fprintf)
                  c005bee0    00000080     ti.pspiom.i2c.a674 : I2c.obj (.text:_i2cCalculateClockSettings)
                  c005bf60    00000080                        : I2c.obj (.text:_i2cRegisterIntrHandler)
                  c005bfe0    00000080     ti.pspiom.mcasp.a674 : Mcasp.obj (.text:_mcaspMultiSerInitializationRcv)
                  c005c060    00000080                          : Mcasp.obj (.text:_mcaspMultiSerInitializationXmt)
                  c005c0e0    00000080                          : Mcasp_ioctl.obj (.text:_mcaspReadRcvConfig)
                  c005c160    00000080     rts6740.lib : printf.obj (.text:_printf)
                  c005c1e0    00000080                 : trgmsg.obj (.text:_readmsg)
                  c005c260    00000080                 : lowlev.obj (.text:_unlink)
                  c005c2e0    00000080     pwrm.a674 : pwrm_gsp674.o674 (.text)
                  c005c360    00000080               : pwrm_nsp674.o674 (.text)
                  c005c3e0    00000060     ti.pspiom.platforms.codec.a674 : Aic31.obj (.text:_Aic31_init)
                  c005c440    00000060     ti.pspiom.mcasp.a674 : Mcasp_ioctl.obj (.text:_Mcasp_localAbortRequests)
                  c005c4a0    00000060                          : Mcasp.obj (.text:_Mcasp_localActivateSmFsForRcv)
                  c005c500    00000060                          : Mcasp.obj (.text:_Mcasp_localActivateSmFsForXmt)
                  c005c560    00000060                          : Mcasp.obj (.text:_Mcasp_localResetRcv)
                  c005c5c0    00000060     rts6740.lib : assert.obj (.text:__abort_msg)
                  c005c620    00000060                 : imath64.obj (.text:__subcull)
                  c005c680    00000060     ti.pspiom.platforms.codec.a674 : Aic31.obj (.text:_aic31CtrlBusRead)
                  c005c6e0    00000060                                    : Aic31.obj (.text:_aic31CtrlBusWrite)
                  c005c740    00000060     ti.pspiom.platforms.evm6748.audio.a674 : Audio.obj (.text:_audioMdSubmitChan)
                  c005c7a0    00000060                                            : Audio.obj (.text:_audioMdUnBindDev)
                  c005c800    00000060     ti.pspiom.platforms.evm6748.evmInit.a674 : audio_evmInit.obj (.text:_audioUserI2cInit)
                  c005c860    00000060     ti.pspiom.mcasp.a674 : Mcasp_ioctl.obj (.text:_mcaspDeviceInfoGet)
                  c005c8c0    00000060                          : Mcasp.obj (.text:_mcaspIsRequestedSerzsFree)
                  c005c920    00000060                          : Mcasp.obj (.text:_mcaspMultiSerGlobalRestore)
                  c005c980    00000060                          : Mcasp.obj (.text:_mcaspSetDitMode)
                  c005c9e0    00000060                          : Mcasp.obj (.text:_mcaspSetSerRcv)
                  c005ca40    00000060                          : Mcasp.obj (.text:_mcaspSetSerXmt)
                  c005caa0    00000060     rts6740.lib : memccpy.obj (.text:_memccpy)
                  c005cb00    00000060                 : trgmsg.obj (.text:_writemsg)
                  c005cb60    00000060     pmi.a674 : pmi_init.o674 (.text)
                  c005cbc0    00000060     pwrm.a674 : pwrm_urg.o674 (.text)
                  c005cc20    00000040     ti.pspiom.i2c.a674 : I2c.obj (.text:_I2cSuspendCurrentIops)
                  c005cc60    00000040     rts6740.lib : sinit.obj (.text:___add_dtor)
                  c005cca0    00000040                 : isinf.obj (.text:___isinf)
                  c005cce0    00000040                 : _printfi.obj (.text:___isnan)
                  c005cd20    00000040                 : frcmpyd_div.obj (.text:__frcmpyd_div)
                  c005cd60    00000040                 : llshift.obj (.text:__llshru)
                  c005cda0    00000040                 : imath40.obj (.text:__remli)
                  c005cde0    00000040                 : strasg.obj (.text:__strasgi_64plus)
                  c005ce20    00000040     ti.pspiom.platforms.codec.a674 : Aic31.obj (.text:_aic31MdUnBindDev)
                  c005ce60    00000040                                    : Aic31.obj (.text:_aic31RegRead)
                  c005cea0    00000040                                    : Aic31.obj (.text:_aic31RegWrite)
                  c005cee0    00000040     ti.pspiom.mcasp.a674 : Mcasp_ioctl.obj (.text:_mcaspGetSerMode)
                  c005cf20    00000040                          : Mcasp_ioctl.obj (.text:_mcaspGetSerRcvReady)
                  c005cf60    00000040                          : Mcasp_ioctl.obj (.text:_mcaspGetSerXmtReady)
                  c005cfa0    00000040                          : Mcasp_ioctl.obj (.text:_mcaspGetSmFsRcv)
                  c005cfe0    00000040                          : Mcasp_ioctl.obj (.text:_mcaspGetSmFsXmt)
                  c005d020    00000040     rts6740.lib : time.obj (.text:_time)
                  c005d060    00000040     drivers.a674 : dio.o674 (.text)
                  c005d0a0    00000020     ti.pspiom.mcasp.a674 : Mcasp.obj (.text:_Mcasp_localGetNextIndex)
                  c005d0c0    00000020     rts6740.lib : negll.obj (.text:__negll)
                  c005d0e0    00000020                 : _lock.obj (.text:__nop)
                  c005d100    00000020                 : fprintf.obj (.text:__outc)
                  c005d120    00000020                 : printf.obj (.text:__outc)
                  c005d140    00000020                 : fprintf.obj (.text:__outs)
                  c005d160    00000020                 : printf.obj (.text:__outs)
                  c005d180    00000020                 : _lock.obj (.text:__register_lock)
                  c005d1a0    00000020                 : _lock.obj (.text:__register_unlock)
                  c005d1c0    00000020                 : exit.obj (.text:_abort)
                  c005d1e0    00000020     ti.pspiom.platforms.codec.a674 : Aic31.obj (.text:_aic31CallBack)
                  c005d200    00000020                                    : Aic31.obj (.text:_aic31MdSubmitChan)
                  c005d220    00000020     ti.pspiom.mcasp.a674 : Mcasp.obj (.text:_mcaspIsr)
                  c005d240    00000020     rts6740.lib : remove.obj (.text:_remove)
                  c005d260    00000020     bios.a674 : que_get.o674 ($Tramp$S$$_QUE_get)
                  c005d280    00000020               : que_get.o674 ($Tramp$S$$_QUE_put)
                  c005d2a0    00000020     pmi_ctl_evm6748.a674 : pmi_volt6748evm.o674 ($Tramp$S$$_PMI_setVoltage)
                  c005d2c0    00000020                          : pmi_volt6748evm.o674 ($Tramp$S$$_PMI_getVoltage)
                  c005d2e0    00000020     bios6748.a674 : bcache_block.o674 ($Tramp$S$$_BCACHE_wb)
                  c005d300    00000020     bios.a674 : ecm_enableEvent.o674 ($Tramp$S$$_ECM_enableEvent)
                  c005d320    00000020     pmi.a674 : pmi_pll.o674 ($Tramp$S$$_PMI_bypassPLL)
                  c005d340    00000020              : pmi_relock1.o674 ($Tramp$S$$_PMI_waitCpuCycles)
                  c005d360    00000020              : pmi_onchip.o674 ($Tramp$S$$_PMI_goRelockPLL1)
                  c005d380    00000020     bios.a674 : swi_crea.o674 ($Tramp$S$$_SWI_create)
                  c005d3a0    00000020               : hwi_c.o674 ($Tramp$S$$_HWI_disable)
                  c005d3c0    00000020               : ecm_disableEvent.o674 ($Tramp$S$$_ECM_disableEvent)
                  c005d3e0    00000020               : hwi_c.o674 ($Tramp$S$$_HWI_restore)
                  c005d400    00000020               : ecm_dispatchPlug.o674 ($Tramp$S$$_ECM_dispatchPlug)
                  c005d420    00000020               : c62_c.o674 ($Tramp$S$$_C64_enableIER)
                  c005d440    00000020     bios6748.a674 : clk_gethtime.o674 ($Tramp$S$$_CLK_gethtime)
                  c005d460    00000020     bios.a674 : dev_matc.o674 ($Tramp$S$$_DEV_match)
                  c005d480    00000010     sioboth.a674 : sio_crea.o674 ($Tramp$S$$_SIO_create)
                  c005d490    00000010     bios.a674 : log_printf.o674 ($Tramp$S$$_LOG_printf)
                  c005d4a0    00000010               : mem_vall.o674 ($Tramp$S$$_MEM_valloc)
                  c005d4b0    00000010     sioboth.a674 : sio_issu.o674 ($Tramp$S$$_SIO_issue)
                  c005d4c0    00000010                  : sio_recl.o674 ($Tramp$S$$_SIO_reclaim)
                  c005d4d0    00000010     bios.a674 : malloc.o674 ($Tramp$S$$_free)
                  c005d4e0    00000020               : sem_pend_counting.o674 ($Tramp$S$$_SEM_pend)
                  c005d500    00000020               : sem_post_asm.o674 ($Tramp$S$$_SEM_post)
                  c005d520    00000020               : sem_dele.o674 ($Tramp$S$$_SEM_delete)
                  c005d540    00000020               : sem_crea.o674 ($Tramp$S$$_SEM_create)
                  c005d560    00000020               : tsk_disa.o674 ($Tramp$S$$_TSK_enable)
                  c005d580    00000020               : tsk_disa.o674 ($Tramp$S$$_TSK_disable)
                  c005d5a0    00000020     bios6748.a674 : bcache_block.o674 ($Tramp$S$$_BCACHE_inv)
                  c005d5c0    00000020                   : bcache_block.o674 ($Tramp$S$$_BCACHE_wbInv)
                  c005d5e0    00000020     bios.a674 : mem_free.o674 ($Tramp$S$$_MEM_free)
                  c005d600    00000020               : mem_vall.o674 ($Tramp$S$$_MEM_valloc)
                  c005d620    00000020               : swi_disable.o674 ($Tramp$S$$_SWI_disable)
                  c005d640    00000020     pmi.a674 : pmi_ms.o674 ($Tramp$S$$_PMI_setModuleState)
                  c005d660    00000020              : pmi_ms.o674 ($Tramp$S$$_PMI_getModuleState)
                  c005d680    00000020     bios.a674 : swi_disable.o674 ($Tramp$S$$_SWI_enable)
                  c005d6a0    00000010               : malloc.o674 ($Tramp$S$$_malloc)
                  c005d6b0    00000010     --HOLE-- [fill = 0]
                  c005d6c0    00000020               : sys_prin.o674 ($Tramp$S$$_SYS_printf)
                  c005d6e0    00000020     pmi_ctl_evm6748.a674 : pmi_i2c.o674 ($Tramp$S$$_PMI_initI2C)
                  c005d700    00000020                          : pmi_i2c.o674 ($Tramp$S$$_PMI_writeI2C)
                  c005d720    00000020                          : pmi_i2c.o674 ($Tramp$S$$_PMI_readI2C)
                  c005d740    00000020     bios.a674 : lck.o674 ($Tramp$S$$_LCK_post)
                  c005d760    00000020               : lck.o674 ($Tramp$S$$_LCK_pend)
                  c005d780    00000020               : sys_abor.o674 ($Tramp$S$$_SYS_abort)
                  c005d7a0    00000020               : atm.o674 ($Tramp$S$$_ATM_deci)
                  c005d7c0    00000020               : swi.o674 ($Tramp$S$$_SWI_post)

.bios      0    c005d7e0    00005bc0     
                  c005d7e0    00000780     bios.a674 : sys_prin.o674 (.bios)
                  c005df60    000005c0     lnkrtdx.a674 : rtdx.o674 (.bios)
                  c005e520    00000580     bios.a674 : exc.o674 (.bios)
                  c005eaa0    000004e0               : hwi_disp_asm.o674 (.bios)
                  c005ef80    000004c0               : swi.o674 (.bios)
                  c005f440    00000380               : prd.o674 (.bios)
                  c005f7c0    00000320     sioboth.a674 : sio_crea.o674 (.bios)
                  c005fae0    00000280     bios.a674 : malloc.o674 (.bios)
                  c005fd60    00000280               : rta.o674 (.bios)
                  c005ffe0    00000240               : knl_run.o674 (.bios)
                  c0060220    00000200               : mem_allo.o674 (.bios:.near)
                  c0060420    00000200               : knl_tick.o674 (.bios)
                  c0060620    000001e0               : mem_free.o674 (.bios:.near)
                  c0060800    000001e0               : exc_asm.o674 (.bios)
                  c00609e0    000001e0               : pip.o674 (.bios)
                  c0060bc0    000001e0               : sem_pend.o674 (.bios)
                  c0060da0    000001e0     sioboth.a674 : sio_dele.o674 (.bios)
                  c0060f80    000001a0     bios.a674 : sem_dopo.o674 (.bios)
                  c0061120    000001a0               : tsk_setu.o674 (.bios)
                  c00612c0    000001a0     bios6748.a674 : clk.o674 (.bios)
                  c0061460    00000180     bios.a674 : knl_swit.o674 (.bios)
                  c00615e0    00000180     bios6748.a674 : bcache_block.o674 (.bios)
                  c0061760    00000140     bios.a674 : autoinit.o674 (.bios)
                  c00618a0    00000140               : tsk_exit.o674 (.bios)
                  c00619e0    00000140     bios6748.a674 : bcache_init.o674 (.bios)
                  c0061b20    00000120     bios.a674 : gbl_cacheinit64P.o674 (.bios)
                  c0061c40    00000120               : knl_chec.o674 (.bios)
                  c0061d60    00000120               : tsk_stup.o674 (.bios)
                  c0061e80    00000100               : ecm_dispatch.o674 (.bios)
                  c0061f80    000000e0               : sem_post_asm.o674 (.bios)
                  c0062060    000000c0               : dev_matc.o674 (.bios)
                  c0062120    000000c0               : knl_exit.o674 (.bios)
                  c00621e0    000000c0     sioboth.a674 : sio_recl.o674 (.bios)
                  c00622a0    000000a0     bios.a674 : dev_mkfr.o674 (.bios)
                  c0062340    000000a0               : obj_crea.o674 (.bios)
                  c00623e0    000000a0               : sem_post.o674 (.bios)
                  c0062480    000000a0               : swi_seta.o674 (.bios)
                  c0062520    000000a0               : sys_exit.o674 (.bios)
                  c00625c0    000000a0     log8.a674 : log_ts.o674 (.bios)
                  c0062660    00000080     bios.a674 : atm.o674 (.bios)
                  c00626e0    00000080               : knl_ipos.o674 (.bios)
                  c0062760    00000080               : knl_post.o674 (.bios)
                  c00627e0    00000080               : lck.o674 (.bios)
                  c0062860    00000080               : sem_crea.o674 (.bios)
                  c00628e0    00000080               : swi_crea.o674 (.bios)
                  c0062960    00000080               : tsk_disa.o674 (.bios)
                  c00629e0    00000080     bios6748.a674 : bcache_wait.o674 (.bios)
                  c0062a60    00000080                   : idl_cal.o674 (.bios)
                  c0062ae0    00000080     sioboth.a674 : sio_issu.o674 (.bios)
                  c0062b60    00000060     bios.a674 : mem_vall.o674 (.bios:.near)
                  c0062bc0    00000060               : sys_erro.o674 (.bios:.near)
                  c0062c20    00000060               : dev_rmfr.o674 (.bios)
                  c0062c80    00000060               : fxn.o674 (.bios)
                  c0062ce0    00000060               : hwi_c.o674 (.bios)
                  c0062d40    00000060               : idl_busy.o674 (.bios)
                  c0062da0    00000060               : obj_dele.o674 (.bios)
                  c0062e00    00000060               : sem_pend_counting.o674 (.bios)
                  c0062e60    00000060               : sts.o674 (.bios)
                  c0062ec0    00000060               : swi_disable.o674 (.bios)
                  c0062f20    00000060               : sys_abor.o674 (.bios)
                  c0062f80    00000060     bios6748.a674 : clk_meas.o674 (.bios)
                  c0062fe0    00000040     bios.a674 : c62_c.o674 (.bios)
                  c0063020    00000040               : ecm_disableEvent.o674 (.bios)
                  c0063060    00000040               : ecm_dispatchPlug.o674 (.bios)
                  c00630a0    00000040               : ecm_enableEvent.o674 (.bios)
                  c00630e0    00000040               : idl_stub.o674 (.bios)
                  c0063120    00000040               : que_crea.o674 (.bios)
                  c0063160    00000040               : que_get.o674 (.bios)
                  c00631a0    00000040               : rta_andn.o674 (.bios)
                  c00631e0    00000040               : utl_doab.o674 (.bios)
                  c0063220    00000040               : utl_putc.o674 (.bios)
                  c0063260    00000020               : fxn_c.o674 (.bios)
                  c0063280    00000020               : gbl_vers.o674 (.bios)
                  c00632a0    00000020               : idl.o674 (.bios)
                  c00632c0    00000020               : log_printf.o674 (.bios)
                  c00632e0    00000020               : sem_dele.o674 (.bios)
                  c0063300    00000020               : sts_set.o674 (.bios)
                  c0063320    00000020               : sys_one.o674 (.bios)
                  c0063340    00000020               : utl_doer.o674 (.bios)
                  c0063360    00000020               : utl_halt.o674 (.bios)
                  c0063380    00000020     bios6748.a674 : clk_gethtime.o674 (.bios)

.rtdx_text 
*          0    c00633a0    00000fc0     
                  c00633a0    000002a0     rtdx64xplus.lib : rtdx_mon.o64P (.rtdx_text:_HSRTDX_rec)
                  c0063640    00000260                     : buffer1.o64P (.rtdx_text:_RTDX_Buffer_WriteCB)
                  c00638a0    00000260                     : buffer1.o64P (.rtdx_text:_RTDX_write_next)
                  c0063b00    000001a0                     : rtdx_mon.o64P (.rtdx_text:_HSRTDX_xmt)
                  c0063ca0    00000160                     : rtdx_mon.o64P (.rtdx_text:_RTDX_Send_To_Host)
                  c0063e00    000000e0                     : rtdx_mon.o64P (.rtdx_text:_RTDX_Mon_Queue)
                  c0063ee0    000000e0                     : buffer1.o64P (.rtdx_text:_claim)
                  c0063fc0    000000a0                     : rtdx_mon.o64P (.rtdx_text:_RTDX_GetH2THeader)
                  c0064060    000000a0                     : rtdx_mon.o64P (.rtdx_text:_RTDX_Poll)
                  c0064100    00000080                     : rtdx_mon.o64P (.rtdx_text:_RTDX_Final_RT_Monitor)
                  c0064180    00000060                     : buffer1.o64P (.rtdx_text:_RTDX_Buffer_Initialize)
                  c00641e0    00000060                     : rtdx_mon.o64P (.rtdx_text:_RTDX_Init_RT_Monitor)
                  c0064240    00000040                     : buffer2.o64P (.rtdx_text:_RTDX_Buffer_ReadCB)
                  c0064280    00000040                     : buffer1.o64P (.rtdx_text:_RTDX_Buffer_Size)
                  c00642c0    00000040                     : memfill.o64P (.rtdx_text:_RTDX_memfill)
                  c0064300    00000020                     : buffer2.o64P (.rtdx_text:_RTDX_Buffer_Read)
                  c0064320    00000020                     : buffer1.o64P (.rtdx_text:_RTDX_Buffer_Write)
                  c0064340    00000020                     : intr_tgt.o64P (.rtdx_text)

.sysinit   0    c0064360    00000800     
                  c0064360    00000400     audioSamplecfg.obj (.sysinit)
                  c0064760    00000100     bios.a674 : dev_init.o674 (.sysinit)
                  c0064860    00000100     pwrm.a674 : pwrm_ini.o674 (.sysinit)
                  c0064960    000000c0     bios.a674 : boot.o674 (.sysinit)
                  c0064a20    000000c0               : mem_init.o674 (.sysinit)
                  c0064ae0    00000060               : tsk_init.o674 (.sysinit)
                  c0064b40    00000020     drivers.a674 : dio.o674 (.sysinit)

.hwi_vec   0    c0064c00    00000200     
                  c0064c00    00000200     audioSamplecfg.obj (.hwi_vec)


FAR CALL TRAMPOLINES

callee name               trampoline name
   callee addr  tramp addr   call addr  call info
--------------  -----------  ---------  ----------------
$.bios:bios.a674<que_get.o674>$0x0  $Tramp$S$$_QUE_get
   c0063160     c005d260     c003cef4   ti.pspiom.mcasp.a674 : Mcasp_ioctl.obj (.text:_Mcasp_localSubmitIoctl)
                             c003d1b4                        : Mcasp_ioctl.obj (.text:_Mcasp_localSubmitIoctl)
                             c0046c18                        : Mcasp_edma.obj (.text:_Mcasp_localEdmaCallback)
                             c0046ccc                        : Mcasp_edma.obj (.text:_Mcasp_localEdmaCallback)
                             c0046d58                        : Mcasp_edma.obj (.text:_Mcasp_localEdmaCallback)
                             c0046df8                        : Mcasp_edma.obj (.text:_Mcasp_localEdmaCallback)
                             c0046e64                        : Mcasp_edma.obj (.text:_Mcasp_localEdmaCallback)
                             c004a514                        : Mcasp.obj (.text:_Mcasp_localAbortReset)
                             c004a5d4                        : Mcasp.obj (.text:_Mcasp_localAbortReset)
                             c004a608                        : Mcasp.obj (.text:_Mcasp_localAbortReset)
                             c004a684                        : Mcasp.obj (.text:_Mcasp_localAbortReset)
                             c004b2cc   ti.pspiom.i2c.a674 : I2c_edma.obj (.text:_I2c_completeIOedmaCallback)
                             c004da20                      : I2c.obj (.text:_i2cCompleteIOInIsr)
                             c00516b4   drivers.a674 : dio_tsk.o674 (.text)
                             c0054f10   ti.pspiom.i2c.a674 : I2c.obj (.text:_I2c_loadPendedIops)
                             c0056a34   ti.pspiom.mcasp.a674 : Mcasp_edma.obj (.text:_Mcasp_localIsValidPacket)
$.bios:bios.a674<que_get.o674>$0x28  $Tramp$S$$_QUE_put
   c0063188     c005d280     c003cf18   ti.pspiom.mcasp.a674 : Mcasp_ioctl.obj (.text:_Mcasp_localSubmitIoctl)
                             c003d1d8                        : Mcasp_ioctl.obj (.text:_Mcasp_localSubmitIoctl)
                             c0046cd0                        : Mcasp_edma.obj (.text:_Mcasp_localEdmaCallback)
                             c0046ce0                        : Mcasp_edma.obj (.text:_Mcasp_localEdmaCallback)
                             c0046d5c                        : Mcasp_edma.obj (.text:_Mcasp_localEdmaCallback)
                             c0046d68                        : Mcasp_edma.obj (.text:_Mcasp_localEdmaCallback)
                             c0046dfc                        : Mcasp_edma.obj (.text:_Mcasp_localEdmaCallback)
                             c0046e08                        : Mcasp_edma.obj (.text:_Mcasp_localEdmaCallback)
                             c00471e8                        : Mcasp_edma.obj (.text:_Mcasp_localEdmaCallback)
                             c00471f4                        : Mcasp_edma.obj (.text:_Mcasp_localEdmaCallback)
                             c004c7f4   ti.pspiom.i2c.a674 : I2c.obj (.text:_i2cMdSubmitChan)
                             c005171c   drivers.a674 : dio_tsk.o674 (.text)
                             c0051860                : dio_tsk.o674 (.text)
                             c0054c84   ti.pspiom.mcasp.a674 : Mcasp.obj (.text:_mcaspSubmitReq)
                             c0054cac                        : Mcasp.obj (.text:_mcaspSubmitReq)
                             c0056aa0                        : Mcasp_edma.obj (.text:_Mcasp_localIsValidPacket)
                             c00574a4   pwrm.a674 : pwrm_reg.o674 (.text)
                             c0058cc8             : pwrm_regcst.o674 (.text)
$.pmonchip:slp:pmi_ctl_evm6748.a674<pmi_volt6748evm.o674>$0x0  $Tramp$S$$_PMI_setVoltage
   11830680     c005d2a0     c0040b54   pscl.a674 : pscl.o674 (.text)
                             c0040bcc             : pscl.o674 (.text)
$.pmonchip:slp:pmi_ctl_evm6748.a674<pmi_volt6748evm.o674>$0x104  $Tramp$S$$_PMI_getVoltage
   11830784     c005d2c0     c00413f8   pscl.a674 : pscl.o674 (.text)
$.bios:bios6748.a674<bcache_block.o674>$0x144  $Tramp$S$$_BCACHE_wb
   c0061724     c005d2e0     c00417b8   ti.pspiom.mcasp.a674 : Mcasp.obj (.text:_mcaspMdCreateChan)
                             c00417e8                        : Mcasp.obj (.text:_mcaspMdCreateChan)
                             c0041814                        : Mcasp.obj (.text:_mcaspMdCreateChan)
                             c004e2f0   edma3_drv_bios_sample.lib : bios_edma3_drv_sample_cs_multi_edma.obj (.text)
                             c0054bcc   ti.pspiom.mcasp.a674 : Mcasp.obj (.text:_mcaspSubmitReq)
$.bios:bios.a674<ecm_enableEvent.o674>$0x0  $Tramp$S$$_ECM_enableEvent
   c00630a0     c005d300     c0041ec4   ti.pspiom.mcasp.a674 : Mcasp.obj (.text:_mcaspMdCreateChan)
                             c0041edc                        : Mcasp.obj (.text:_mcaspMdCreateChan)
                             c0041f20                        : Mcasp.obj (.text:_mcaspMdCreateChan)
                             c0041f64                        : Mcasp.obj (.text:_mcaspMdCreateChan)
                             c0049a4c   edma3_drv_bios_sample.lib : bios_edma3_drv_sample_init_multi_edma.obj (.text)
                             c0049a7c                             : bios_edma3_drv_sample_init_multi_edma.obj (.text)
                             c0049ae0                             : bios_edma3_drv_sample_init_multi_edma.obj (.text)
                             c004e138                             : bios_edma3_drv_sample_cs_multi_edma.obj (.text)
                             c004e154                             : bios_edma3_drv_sample_cs_multi_edma.obj (.text)
                             c004e168                             : bios_edma3_drv_sample_cs_multi_edma.obj (.text)
                             c0055354   ti.pspiom.mcasp.a674 : Mcasp.obj (.text:_mcaspBitSetGblRCtl)
                             c0055504                        : Mcasp.obj (.text:_mcaspBitSetGblXCtl)
                             c005bfa0   ti.pspiom.i2c.a674 : I2c.obj (.text:_i2cRegisterIntrHandler)
$.pmonchip:slp:pmi.a674<pmi_pll.o674>$0x0  $Tramp$S$$_PMI_bypassPLL
   11830ae0     c005d320     c00457a0   pmi.a674 : pmi_pll.o674 (.text)
                             c00457cc            : pmi_pll.o674 (.text)
                             c0045af8            : pmi_pll.o674 (.text)
                             c0045b78            : pmi_pll.o674 (.text)
$.pmonchip:pmi.a674<pmi_relock1.o674>$0x0  $Tramp$S$$_PMI_waitCpuCycles
   11830380     c005d340     c0045a14   pmi.a674 : pmi_pll.o674 (.text)
                             c0045ba8            : pmi_pll.o674 (.text)
$.pmonchip:pmi.a674<pmi_onchip.o674>$0x0  $Tramp$S$$_PMI_goRelockPLL1
   118309a0     c005d360     c0045bf0   pmi.a674 : pmi_pll.o674 (.text)
$.bios:bios.a674<swi_crea.o674>$0x0  $Tramp$S$$_SWI_create
   c00628e0     c005d380     c0048338   ti.pspiom.mcasp.a674 : Mcasp.obj (.text:_mcaspMdBindDev)
$.bios:bios.a674<hwi_c.o674>$0x0  $Tramp$S$$_HWI_disable
   c0062ce0     c005d3a0     c0049948   edma3_drv_bios_sample.lib : bios_edma3_drv_sample_init_multi_edma.obj (.text)
                             c0049a10                             : bios_edma3_drv_sample_init_multi_edma.obj (.text)
                             c004e288                             : bios_edma3_drv_sample_cs_multi_edma.obj (.text)
$.bios:bios.a674<ecm_disableEvent.o674>$0x0  $Tramp$S$$_ECM_disableEvent
   c0063020     c005d3c0     c0049958   edma3_drv_bios_sample.lib : bios_edma3_drv_sample_init_multi_edma.obj (.text)
                             c0049970                             : bios_edma3_drv_sample_init_multi_edma.obj (.text)
                             c00499a0                             : bios_edma3_drv_sample_init_multi_edma.obj (.text)
                             c00499c4                             : bios_edma3_drv_sample_init_multi_edma.obj (.text)
                             c004e210                             : bios_edma3_drv_sample_cs_multi_edma.obj (.text)
                             c004e240                             : bios_edma3_drv_sample_cs_multi_edma.obj (.text)
                             c004e260                             : bios_edma3_drv_sample_cs_multi_edma.obj (.text)
                             c0052c50   ti.pspiom.i2c.a674 : I2c.obj (.text:_i2cMdDeleteChan)
                             c005525c   ti.pspiom.mcasp.a674 : Mcasp.obj (.text:_mcaspBitSetGblRCtl)
                             c00553fc                        : Mcasp.obj (.text:_mcaspBitSetGblXCtl)
                             c005ab20                        : Mcasp.obj (.text:_mcaspUnRegisterInt)
$.bios:bios.a674<hwi_c.o674>$0x2c  $Tramp$S$$_HWI_restore
   c0062d0c     c005d3e0     c00499d0   edma3_drv_bios_sample.lib : bios_edma3_drv_sample_init_multi_edma.obj (.text)
                             c0049b74                             : bios_edma3_drv_sample_init_multi_edma.obj (.text)
                             c004e178                             : bios_edma3_drv_sample_cs_multi_edma.obj (.text)
$.bios:bios.a674<ecm_dispatchPlug.o674>$0x0  $Tramp$S$$_ECM_dispatchPlug
   c0063060     c005d400     c0049a3c   edma3_drv_bios_sample.lib : bios_edma3_drv_sample_init_multi_edma.obj (.text)
                             c0049a70                             : bios_edma3_drv_sample_init_multi_edma.obj (.text)
                             c0049abc                             : bios_edma3_drv_sample_init_multi_edma.obj (.text)
                             c0049b04                             : bios_edma3_drv_sample_init_multi_edma.obj (.text)
                             c0059840   ti.pspiom.mcasp.a674 : Mcasp.obj (.text:_mcaspRegisterInt)
                             c005bf90   ti.pspiom.i2c.a674 : I2c.obj (.text:_i2cRegisterIntrHandler)
$.bios:bios.a674<c62_c.o674>$0x18  $Tramp$S$$_C64_enableIER
   c0062ff8     c005d420     c0049b2c   edma3_drv_bios_sample.lib : bios_edma3_drv_sample_init_multi_edma.obj (.text)
                             c0049b50                             : bios_edma3_drv_sample_init_multi_edma.obj (.text)
                             c0049b6c                             : bios_edma3_drv_sample_init_multi_edma.obj (.text)
                             c0059864   ti.pspiom.mcasp.a674 : Mcasp.obj (.text:_mcaspRegisterInt)
                             c005bfb4   ti.pspiom.i2c.a674 : I2c.obj (.text:_i2cRegisterIntrHandler)
$.bios:bios6748.a674<clk_gethtime.o674>$0x0  $Tramp$S$$_CLK_gethtime
   c0063380     c005d440     c004ca90   ti.pspiom.i2c.a674 : I2c.obj (.text:_i2cPolledModeTransfer)
                             c004cab4                      : I2c.obj (.text:_i2cPolledModeTransfer)
                             c004cc84                      : I2c.obj (.text:_i2cPolledModeTransfer)
$.bios:bios.a674<dev_matc.o674>$0x0  $Tramp$S$$_DEV_match
   c0062060     c005d460     c004d224   ti.pspiom.platforms.codec.a674 : Aic31.obj (.text:_aic31MdCreateChan)
                             c004e710   ti.pspiom.platforms.evm6748.audio.a674 : Audio.obj (.text:_audioMdCreateChan)
                             c004e828                                          : Audio.obj (.text:_audioMdCreateChan)
                             c004e858                                          : Audio.obj (.text:_audioMdCreateChan)
                             c0053f20   drivers.a674 : dio_tskDynamic.o674 (.text)
$.bios:sioboth.a674<sio_crea.o674>$0x0  $Tramp$S$$_SIO_create
   c005f7c0     c005d480     c004dca8   audioSample_io.obj (.text)
                             c004dce0   audioSample_io.obj (.text)
$.bios:bios.a674<log_printf.o674>$0x0  $Tramp$S$$_LOG_printf
   c00632c0     c005d490     c004dcc4   audioSample_io.obj (.text)
                             c004dd00   audioSample_io.obj (.text)
                             c004dd68   audioSample_io.obj (.text)
                             c004ddd0   audioSample_io.obj (.text)
                             c004debc   audioSample_io.obj (.text)
                             c004def0   audioSample_io.obj (.text)
                             c004df34   audioSample_io.obj (.text)
                             c004df68   audioSample_io.obj (.text)
                             c0056730   audioSample_main.obj (.text)
$.bios:.near:bios.a674<mem_vall.o674>$0x0  $Tramp$S$$_MEM_valloc
   c0062b60     c005d4a0     c004dd2c   audioSample_io.obj (.text)
                             c004dd94   audioSample_io.obj (.text)
$.bios:sioboth.a674<sio_issu.o674>$0x0  $Tramp$S$$_SIO_issue
   c0062ae0     c005d4b0     c004de08   audioSample_io.obj (.text)
                             c004de44   audioSample_io.obj (.text)
                             c004df14   audioSample_io.obj (.text)
                             c004df48   audioSample_io.obj (.text)
$.bios:sioboth.a674<sio_recl.o674>$0x0  $Tramp$S$$_SIO_reclaim
   c00621e0     c005d4c0     c004dea0   audioSample_io.obj (.text)
                             c004ded0   audioSample_io.obj (.text)
$.bios:bios.a674<malloc.o674>$0x0  $Tramp$S$$_free
   c005fae0     c005d4d0     c0056068   rts6740.lib : setvbuf.obj (.text:_setvbuf)
                             c0057a08               : fclose.obj (.text:_fclose)
$.bios:bios.a674<sem_pend_counting.o674>$0x0  $Tramp$S$$_SEM_pend
   c0062e00     c005d4e0     c004dfd4   edma3_drv_bios_sample.lib : bios_edma3_drv_sample_cs_multi_edma.obj (.text)
                             c004eba4   ti.pspiom.i2c.a674 : I2c.obj (.text:_i2cTransfer)
                             c004fdb4   ti.pspiom.mcasp.a674 : Mcasp.obj (.text:_Mcasp_localConfigXmtSection)
                             c00515b4                        : Mcasp.obj (.text:_Mcasp_localConfigRcvSection)
                             c005166c   drivers.a674 : dio_tsk.o674 (.text)
                             c00517a8                : dio_tsk.o674 (.text)
                             c0053b4c   ti.pspiom.platforms.codec.a674 : Aic31.obj (.text:_aic31I2cRead)
                             c0053bbc                                  : Aic31.obj (.text:_aic31I2cRead)
                             c0055318   ti.pspiom.mcasp.a674 : Mcasp.obj (.text:_mcaspBitSetGblRCtl)
                             c00554c4                        : Mcasp.obj (.text:_mcaspBitSetGblXCtl)
[...]
118300d0   _PMI_waitT1
11830104   _PMI_waitT2
1183013c   _PMI_readI2C
1183020c   _PMI_waitR1
11830294   _PMI_waitR2
118302d4   _PMI_initI2C
11830380   _PMI_waitCpuCycles
11830398   __PMI_doRelockPLL1
11830680   _PMI_setVoltage
11830784   _PMI_getVoltage
11830820   __PWRM_database
118309a0   _PMI_goRelockPLL1
118309c0   _PMI_tempStore
11830ae0   _PMI_bypassPLL
11830ba0   _PMI_enablePLL
11830be0   _PMI_setModuleState
11830c4c   _PMI_getModuleState
11830ce0   IDL_A_TABBEG
11830ce0   IDL_cpuLoad
11830ce0   _IDL_cpuLoad
11830ce4   LNK_dataPump
11830ce4   _LNK_dataPump
11830ce8   RTA_dispatcher
11830ce8   _RTA_dispatcher
11830cec   IDL_END
11830cf0   IDL_A_CALBEG
11830cf0   IDL_cpuLoad$
11830cf4   LNK_dataPump$
11830cf8   RTA_dispatcher$
11830cfc   IDL_END$
11830d80   _RTDX_Buffer
11831188   _RTDX_Buffer_Start
1183118c   _RTDX_Buffer_End
11831190   _rtdx_mon_state
118311d4   _rtdx_buffer_state
118311e0   _RTDX_writing
118311f8   TSK_idle$stack
11831590   TSK_idle$stkptr
118315f8   _SYS_PUTCBEG
118317f7   _SYS_PUTCEND
118317f8   __CIOBUF_
11831918   RTA_toHost$buf
11831a18   PIP_A_TABBEG
11831a18   RTA_fromHost$pipe
11831a18   _PIP_A_TABBEG
11831a1c   RTA_fromHost$pipe$rd
11831a48   RTA_fromHost$pipe$aaa
11831a4c   RTA_fromHost$pipe$wr
11831a78   RTA_fromHost$pipe$bbb
11831a7c   RTA_toHost$pipe
11831a80   RTA_toHost$pipe$rd
11831aac   RTA_toHost$pipe$aaa
11831ab0   RTA_toHost$pipe$wr
11831adc   RTA_toHost$pipe$bbb
11831ae0   PIP_A_TABEND
11831ae0   _PIP_A_TABEND
11831aec   TSK_idle
11831aec   _TSK_idle
11831b4c   _echoTask
11831b4c   echoTask
11831ba0   LOG_A_TABBEG
11831ba0   LOG_system
11831ba0   _LOG_A_TABBEG
11831ba0   _LOG_system
11831bb8   _trace
11831bb8   trace
11831bd0   DVTEvent_Log
11831bd0   _DVTEvent_Log
11831be8   KNL_swi$sts$stsobj
11831be8   LOG_A_TABEND
11831be8   STS_A_TABBEG
11831be8   _LOG_A_TABEND
11831be8   _STS_A_TABBEG
11831bec   KNL_swi$sts
11831bf8   TSK_idle$sts$stsobj
11831bfc   TSK_idle$sts
11831c08   echoTask$sts$stsobj
11831c0c   echoTask$sts
11831c18   IDL_busyObj$stsobj
11831c1c   IDL_busyObj
11831c1c   _IDL_busyObj
11831c28   HST_A_TABBEG
11831c28   STS_A_TABEND
11831c28   _HST_A_TABBEG
11831c28   _STS_A_TABEND
11831c2c   RTA_fromHost
11831c2c   _RTA_fromHost
11831c34   RTA_fromHost$rtdx
11831c48   RTA_toHost
11831c48   _RTA_toHost
11831c50   RTA_toHost$rtdx
11831c64   HST_A_TABEND
11831c64   KNL_swi
11831c64   SWI_A_TABBEG
11831c64   _HST_A_TABEND
11831c64   _KNL_swi
11831c90   SWI_A_TABEND
11831c90   SYS$config
11831ca0   TRC_cinit
11831ca4   TRC_R_mask
11831ca4   _TRC_R_mask
11831ca8   GBL_initdone
11831cac   CLK_A_TABBEG
11831cac   PRD_clock
11831cac   _PRD_clock
11831cb0   CLK_null
28040d0c   HWI_INTRMUX3
c0000000   DDR$B
c0000000   _DDR_base
c0030000   .text
c0030000   ___text__
c003042c   _lisrEdma3TC7ErrHandler0
c003044c   _lisrEdma3TC6ErrHandler0
c003046c   _lisrEdma3TC5ErrHandler0
c003048c   _lisrEdma3TC4ErrHandler0
c00304ac   _lisrEdma3TC3ErrHandler0
c00304cc   _lisrEdma3TC2ErrHandler0
c00304ec   _lisrEdma3TC1ErrHandler0
c003050c   _lisrEdma3TC0ErrHandler0
c0030780   _lisrEdma3ComplHandler0
c0030dd4   _lisrEdma3CCErrHandler0
c0030df0   _edma3MemSet
c0030e08   _edma3MemCpy
c0030e2c   _EDMA3_RM_waitAndClearTcc
c0030f44   _EDMA3_RM_unregisterTccCb
c00310a0   _EDMA3_RM_setPaRAM
c0031224   _EDMA3_RM_setCCRegister
c0031308   _EDMA3_RM_registerTccCb
c0031620   _EDMA3_RM_open
c0031c80   _EDMA3_RM_mapQdmaChannel
c0031de4   _EDMA3_RM_mapEdmaChannel
c0031f20   _EDMA3_RM_getPaRAMPhyAddr
c0032080   _EDMA3_RM_getPaRAM
c0032204   _EDMA3_RM_getInstanceInitCfg
c0032328   _EDMA3_RM_getGblConfigParams
c0032380   _EDMA3_RM_getCCRegister
c0032400   _EDMA3_RM_getBaseAddress
c00324a0   _EDMA3_RM_freeResource
c00328cc   _EDMA3_RM_freeLogicalChannel
c0032f0c   _EDMA3_RM_freeContiguousResource
c00330c4   _EDMA3_RM_delete
c0033328   _EDMA3_RM_create
c0033600   _EDMA3_RM_close
c00337d0   _EDMA3_RM_checkAndClearTcc
c00338c8   _EDMA3_RM_allocResource
c00343a0   _EDMA3_RM_allocLogicalChannel
c0035984   _EDMA3_RM_allocContiguousResource
c0036160   _EDMA3_RM_Ioctl
c0036240   _EDMA3_DRV_setTransferParams
c0036380   _EDMA3_DRV_setSrcParams
c003654c   _EDMA3_DRV_setSrcIndex
c0036660   _EDMA3_DRV_setOptField
c00368cc   _EDMA3_DRV_setDestParams
c0036aa0   _EDMA3_DRV_setDestIndex
c0036ba8   _EDMA3_DRV_disableTransfer
c0037030   _EDMA3_DRV_freeChannel
c0037364   _EDMA3_DRV_requestChannel
c0037f80   _EDMA3_DRV_getOptField
c0038100   _EDMA3_DRV_enableTransfer
c0038360   _EDMA3_DRV_disableLogicalChannel
c0038480   _EDMA3_DRV_clearErrorBits
c00385c0   _aes_set_encrypt_key
c0038c94   _aes_encrypt
c0039350   _aes_set_decrypt_key
c0039768   _aes_decrypt
c0039e40   _EDMA3_DRV_waitAndClearTcc
c0039f74   _EDMA3_DRV_unlinkChannel
c003a030   _EDMA3_DRV_unchainChannel
c003a10c   _EDMA3_DRV_setQdmaTrigWord
c003a1c0   _EDMA3_DRV_setPaRAMField
c003a424   _EDMA3_DRV_setPaRAMEntry
c003a500   _EDMA3_DRV_setPaRAM
c003a608   _EDMA3_DRV_setEvtQPriority
c003a7c4   _EDMA3_DRV_setCCRegister
c003a8b0   _EDMA3_DRV_mapChToEvtQ
c003aab0   _EDMA3_DRV_linkChannel
c003abe4   _EDMA3_DRV_getPaRAMPhyAddr
c003aca4   _EDMA3_DRV_getPaRAMField
c003aec0   _EDMA3_DRV_getPaRAMEntry
c003afa0   _EDMA3_DRV_getPaRAM
c003b0c0   _EDMA3_DRV_getMapChToEvtQ
c003b1a4   _EDMA3_DRV_getInstHandle
c003b240   _EDMA3_DRV_getCCRegister
c003b2c8   _EDMA3_DRV_checkAndClearTcc
c003b3a0   _EDMA3_DRV_chainChannel
c003b540   _EDMA3_DRV_Ioctl
c003be00   _InitParametersDec
c003be60   _SynthesisStageOne
c003c210   _SynthesisStageTwo
c003c46c   _Decode
c003c604   _SecondPhase
c003c90c   _InitSecondPhaseChunk
c003caa0   _Mcasp_localSubmitIoctl
c003dbc0   _from2to32
c003dcf0   _positionMSB
c003dde0   _mod
c003dff8   _squareProduct
c003e414   _modSquare
c003e4f4   _modFaster
c003e774   _multiplication
c003ebf0   _modMult
c003ef04   _InitParametersEnc
c003ef64   _AnalysisStageOne
c003f2a8   _AnalysisStageTwo
c003f4c4   _Encode
c003f730   _FirstPhase
c003fa54   _InitFirstPhaseChunk
c003fbe0   _mont
c003fefc   _ADD
c003ff80   _SUB_COND
c0040104   _montExp
c00405e8   _montMultiplication
c0040a20   __PSCL_scaleFreqVoltage
c0040c40   __PSCL_checkInitParams
c0040cd0   _PSCL_queryWillChangeVoltage
c0040d60   _PSCL_querySetpointVoltage
c0040e00   _PSCL_querySetpointTransition
c0040f40   _PSCL_querySetpointMode
c0040fe0   _PSCL_querySetpointFrequency
c0041074   _PSCL_querySetpoint
c0041140   _PSCL_changeSetpoint
c00412a4   _PSCL_initialize
c004152c   _PSCL_getVoltage
c0041548   _PSCL_getSetpoint
c004156c   _PSCL_getNumSetpoints
c0041590   _PSCL_getMode
c00415b0   _PSCL_getFrequency
c00420a0   _SHA256_Init
c0042104   _SHA256_Transform
c00425cc   _SHA256_Update
c0042788   _SHA256_Final
c0042cec   _EDMA3_DRV_open
c0042f80   _EDMA3_DRV_delete
c0043064   _EDMA3_DRV_create
c00432d0   _EDMA3_DRV_close
c0043440   _concat
c00434e4   _XOR
c0043570   _timeData
c0043588   _hexToString
c004372c   _copyArray
c00437ac   _copyArrayFrom0
c0043820   _printArray
c004392c   _printArrayNoSpaces
c00439cc   _printArrayNoSpaces16
c0043a6c   _printArrayNoSpaces32
c0043b0c   _printChar
c0043c20   _printCharNoSpaces
c0043cc0   _seeTheDifference
c0043d60   _CopyArray
c0043dcc   _SplitSamples
c0043e64   _CombineSamples
c0043eec   _PrintSignal
c0043f6c   _Add
c0043fe4   _Subtract
c0044058   _DoubleConvolution
c0044600   _printArray32
c00446a0   _printArray8
c0044740   _zerosArray
c0044790   _zerosArray16
c00447e8   _isBiggerThan
c0044868   _isBiggerThanOrEqual
c00448e8   _numberIsZero
c0044944   _copyArray32
c00449a0   _copyArray8
c00449f8   _flipArray
c0044ad0   _divideByTwo
c0044b6c   _multiplyByTwo
c0044be4   _addition
c0044c88   _subtraction
c0044d2c   _subtractionWithSign
c0044e60   _signedSubtraction
c0044f0c   _modularInverse
c00456a0   _PMI_setDividersPLL
c0045750   PMI_goDiv
c004578c   _PMI_powerUpPLL
c0045840   _PMI_configureSources
c004597c   _PMI_powerDownPLL
c00459a4   _PMI_configurePLL
c00459ec   _PMI_lockPLL
c0045a28   _PMI_scaleFrequency
c0045c48   _PMI_initPLL
c0045c94   _PMI_getStatePLL
c0045d10   _PMI_getFrequencyLatency
c0045d8c   _PMI_calcWaitBypass
c0045e20   _repositionZeros
c0045f0c   _createExponent
c0045fa4   _computePartOfKey
c0045fd4   _calculateKey
c0046070   _createMessage
c00460c8   _signAndEncryptMessage
c004616c   _decryptAndUnsignMessage
c0046244   _from8to32
c0046310   _from32to8
c00463d0   _from8to16
c0046480   _from16to8
c0046bc0   _Mcasp_localEdmaCallback
c0047220   _init_audio
c00475c4   _process_audio
c0047880   __divd
c00483c0   _RNG
c00485e0   _PRNG
c00486cc   _updateFSR
c0048794   _compareFSR
c00488c8   _findRandNum
c0048ec0   _Mcasp_localEdmaChanPaRAMsetup
c0049940   _unregisterEdma3Interrupts
c00499e8   _registerEdma3Interrupts
c0049ba0   _edma3init
c0049d40   _edma3deinit
c0049e20   _encryptHMAC
c0049fa0   _decryptHMAC
c004a0cc   _encrypt
c004a204   _decrypt
c004a2e0   _Mcasp_localAbortReset
c004ac00   _aesDecrypt
c004ac38   _aesEncrypt
c004ac74   _simpleDecrypt
c004ad10   _simpleEncrypt
c004adac   _aesCBCdecrypt
c004aea4   _aesCBCencrypt
c004af84   _padding
c004b080   _I2c_completeIOedmaCallback
c004b4c0   __printfi
c004d500   _verifySignature
c004de6c   _Audio_echo_Task
c004dfa0   _edma3OsSemTake
c004e008   _edma3OsSemGive
c004e058   _edma3OsSemDelete
c004e090   _edma3OsSemCreate
c004e0e8   _edma3OsProtectExit
c004e18c   _edma3OsProtectEntry
c004e2a4   _Edma3_CacheInvalidate
c004e2e0   _Edma3_CacheFlush
c004e320   _Mcasp_localUpdtDtPktToLnkPrms
c004ece0   _Mcasp_localGetIndicesSyncType
c004f000   _fputs
c004f600   _signatureMessage
c004fba0   _Mcasp_localConfigXmtSection
c00503e0   _mcaspIsrInput
c00506a0   _mcaspIsrOutput
c0050960   _I2c_localEnsureIsReadyforNext
c00513e0   _Mcasp_localConfigRcvSection
c0051660   _DIO_tskReclaim
c0051688   _DIO_tskReady
c00516a4   _DIO_tskIssue
c005174c   _DIO_tskIdle
c0051840   _DIO_tskCallback
c00518e0   _I2c_localEdmaTransfer
c0051b40   _Mcasp_localSetupHwInfo
c0051da0   __divull
c0054080   _Mcasp_localSetupEdmaDuringOpen
c0054260   _hmac
c0054440   _maskGenerationFunction
c0054ec0   _I2c_loadPendedIops
c0055060   __divul
c0055540   _PWRM_releaseDependency
c00556e0   _PWRM_setDependency
c0055880   _HOSTrename
c0055a00   _Mcasp_localLoadPktToEdma
c0056000   _setvbuf
c0056180   _simpleHashWithLength
c00561b0   _hashWithTime
c0056238   _hashOfLength
c0056300   _I2c_localPrepareForTransfer
c0056720   _main
c0056748   _audioUserAic31Init
c00567a0   _audioUserMcaspInit
c00567f4   _audioUserAudioInit
c0056880   __PWRM_updateConstraints
c00568ec   __PWRM_rebuildConstraint
c0056b20   _Mcasp_localSmReset
c0056ee0   _fputc
c0056ee0   _putc
c00573e0   _PWRM_registerNotify
c0057640   _I2c_localEdmaChanRequest
c0057760   _Mcasp_init
c00579a0   _fclose
c0057f40   _HOSTlseek
c0058040   _I2c_localLpscOff
c0058340   _Mcasp_localSmSet
c0058540   __wrt_ok
c0058840   _call_dtors
c0058940   _fflush
c0058b40   _PMI_initVoltageControl
c0058c10   _PMI_getVoltageLatency
c0058c40   _PWRM_registerConstraint
c0058d40   _HOSTopen
c0058f00   _Mcasp_localCancelAndAbortAllIo
c0058fe0   __c6xabi_divi
c0058fe0   __divi
c00590c0   __c6xabi_strasgi
c00590c0   __strasgi
c0059280   _atoi
c0059520   _close
c0059b40   _memset
c0059c20   __PWRM_initRefCounts
c0059d00   _HOSTread
c0059dc0   _HOSTunlink
c0059e80   _HOSTwrite
c005a000   _I2c_localGetNextChannel
c005a180   _Mcasp_localCompleteCurrentIo
c005a240   _Mcasp_localEdmaProcessPkt
c005a300   __cleanup
c005a480   __c6xabi_divu
c005a480   __divu
c005a540   __doflush
c005a600   __c6xabi_remi
c005a600   __remi
c005a6c0   _atexit
c005a780   _fseek
c005a840   _lseek
c005a900   _ltoa
c005ab40   _write
c005acc0   _PWRM_getSetpointInfo
c005ad80   _Audio_init
c005ae20   _HOSTclose
c005aec0   _HOSTtime
c005b140   _I2c_init
c005b1e0   _Mcasp_localResetXmt
c005b280   __divli
c005b460   __fixdli
c005b5a0   __c6xabi_remu
c005b5a0   __remu
c005b960   _memcpy
c005ba00   _PWRM_getDependencyCount
c005baa0   __PWRM_delayCompletion9
c005bab0   __PWRM_delayCompletion8
c005bac0   __PWRM_delayCompletion7
c005bad0   __PWRM_delayCompletion6
c005bae0   __PWRM_delayCompletion5
c005baf0   __PWRM_delayCompletion4
c005bb00   __PWRM_delayCompletion3
c005bb10   __PWRM_delayCompletion2
c005bb20   __PWRM_delayCompletion1
c005bb30   __PWRM_delayCompletion0
c005bb40   _PWRM_unregisterConstraint
c005bbe0   _Mcasp_localActivateSmFsForBoth
c005bc60   __fixdu
c005bce0   __fltlid
c005bd60   __llshl
c005bde0   _configureAudio
c005be60   _fprintf
c005c160   _printf
c005c1e0   _readmsg
c005c260   _unlink
c005c2e0   _PWRM_getCurrentSetpoint
c005c360   _PWRM_getNumSetpoints
c005c3e0   _Aic31_init
c005c440   _Mcasp_localAbortRequests
c005c4a0   _Mcasp_localActivateSmFsForRcv
c005c500   _Mcasp_localActivateSmFsForXmt
c005c560   _Mcasp_localResetRcv
c005c5c0   __abort_msg
c005c620   __subcull
c005c800   _audioUserI2cInit
c005caa0   _memccpy
c005cb00   _writemsg
c005cb58   C$$IO$$
c005cb60   _PMI_init
c005cbc0   _PWRM_unregisterNotify
c005cc60   ___add_dtor
c005cca0   ___isinf
c005cd20   __frcmpyd_div
c005cd60   __llshru
c005cda0   __remli
c005cde0   __c6xabi_strasgi_64plus
c005cde0   __strasgi_64plus
c005d020   _time
c005d060   _DIO_ctrl
c005d0a0   _Mcasp_localGetNextIndex
c005d0c0   __negll
c005d0e0   __nop
c005d180   __register_lock
c005d1a0   __register_unlock
c005d1c0   C$$EXIT
c005d1c0   _abort
c005d220   _mcaspIsr
c005d240   _remove
c005d7e0   ___etext__
c005d7e0   etext
c005d8c0   _SYS_vsprintf
c005dee0   _SYS_vprintf
c005deec   _SYS_sprintf
c005df20   _SYS_printf
c005df60   LNK_F_checkBufferCall
c005df80   LNK_F_getChanPtr
c005dfd8   LNK_F_init
c005dfe0   LNK_F_dataPump
c005dff0   LNK_rcloop
c005e0b4   LNK_rdrtry
c005e0c4   LNK_rrloop
c005e184   LNK_wrrtry
c005e190   LNK_wrloop
c005e260   LNK_newin
c005e394   LNK_newout
c005e4e8   LNK_F_readCallBack
c005e520   _EXC_nmi
c005e554   _EXC_internal
c005e800   _EXC_init
c005e840   _EXC_getLastStatus
c005e860   _EXC_external
c005e894   _EXC_exceptionHandler
c005ea70   _EXC_clearLastStatus
c005eaa0   CLK_HOOKFXN
c005eaa0   HWI_F_dispatch
c005eaa0   _HWI_F_dispatch
c005eaa0   __HWI_lat1beg
c005ec28   __HWI_lat1end
c005ec28   __HWI_lat2beg
c005ed90   __HWI_lat2end2
c005edc0   __HWI_lat3end2
c005ee04   __HWI_lat2end1
c005ee20   __HWI_lat3beg
c005ef80   SWI_F_enable
c005ef80   __SWI_lat3beg
c005efec   __SWI_lat3end
c005eff0   SWI_F_post
c005eff0   _SWI_post
c005f0f8   __SWI_lat1beg
c005f164   SWI_EXECFXN
c005f164   SWI_F_exec
c005f18c   SWI_F_iexec
c005f1a4   __SWI_lat1end
c005f1a8   __SWI_lat2beg
c005f208   __SWI_lat2end
c005f20c   SWI_F_run
c005f20c   SWI_RUNFXN
c005f440   PRD_F_swi
c005f6c4   PRD_F_tick
c005f7c0   _SIO_create
c005fae0   _free
c005fb04   _malloc
c005fb64   _realloc
c005fc48   _memalign
c005fd0c   _calloc
c005fd60   RTA_F_getlog
c005fd98   RTA_F_getsts
c005fdd8   RTA_F_readblk
c005fdf4   RTA_F_writeword
c005fe00   RTA_F_resetmem
c005fe00   __RTA_lat1beg
c005fe34   __RTA_lat1end
c005fe40   RTA_F_dispatch
c005fe8c   RTA_execute
c005ffe0   _KNL_run
c0060220   _MEM_alloc
c00605f4   PRD_THOOKFXN
c00605f4   _KNL_tick
c0060620   _MEM_free
c0060800   _EXC_dispatch
c00609c4   _EXC_setReturnPtr
c00609e0   PIP_F_take
c0060a58   PIP_F_give
c0060a58   PIP_F_probe
c0060b28   PIP_F_start
c0060bc0   _SEM_pendEnterKnl
c0060da0   _SIO_delete
c0060f80   __SEM_dopost
c0061120   _TSK_setup
c00612c0   CLK_F_getltime
c00612d0   CLK_F_isr
c0061410   CLK_F_itime
c0061410   _CLK_F_itime
c0061410   _CLK_itime
c0061430   __CLK_lat1beg
c0061450   __CLK_lat1end
c0061460   _KNL_saveIsrFrame
c006150c   _KNL_switch
c00615b8   KNL_glue
c0061710   _BCACHE_wbInv
c0061724   _BCACHE_wb
c0061734   _BCACHE_inv
c0061760   __auto_init
c00618a0   _TSK_exit
c00619e0   _BCACHE_setSize
c0061a24   _BCACHE_setMar
c0061a74   _BCACHE_setCacheToSram
c0061aa4   _BCACHE_getSize
c0061af4   _BCACHE_getMar
c0061b88   _GBL_cacheInit64P
c0061c40   _KNL_check
c0061c8c   __KNL_lat1beg
c0061d08   _KNL_idle
c0061d08   __KNL_lat1end
c0061d30   _KNL_max
c0061e04   _TSK_startup
c0061e80   _ECM_dispatch
c0061f80   _SEM_post
c0061f80   _SEM_postBinary
c0062060   _DEV_match
c0062120   _KNL_exit
c0062160   _KNL_enter
c00621e0   _SIO_reclaim
c00622a0   _DEV_mkframe
c0062340   _OBJ_create
c00623e0   _SEM_postEnterKnl
c0062480   _SWI_setattrs
c0062520   _SYS_exit
c00625c0   LOG_F_event
c00625c0   _LOG_event
c00625c0   __LOG_lat1beg
c0062660   _ATM_andi
c0062660   _ATM_andu
c0062670   _ATM_cleari
c0062670   _ATM_clearu
c0062680   _ATM_deci
c0062680   _ATM_decu
c0062690   _ATM_inci
c0062690   _ATM_incu
c00626a4   _ATM_ori
c00626a4   _ATM_oru
c00626b4   _ATM_seti
c00626b4   _ATM_setu
c00626e0   _KNL_ipost
c0062760   _KNL_post
c00627e0   _LCK_post
c0062800   _LCK_pend
c0062860   _SEM_create
c00628e0   _SWI_create
c0062960   _TSK_enable
c0062984   _TSK_disable
c00629e0   _BCACHE_wait
c0062a60   IDL_F_calibrate
c0062ae0   _SIO_issue
c0062b60   _MEM_valloc
c0062bc0   _SYS_error
c0062c20   _DEV_rmframe
c0062c80   FXN_F_nop
c0062c84   FXN_F_run
c0062c84   _FXN_F_run
c0062cc0   FXN_F_zero
c0062cc0   _FXN_F_zero
c0062ce0   _HWI_disable
c0062cf8   _HWI_enable
c0062d0c   _HWI_restore
c0062d40   IDL_F_busy
c0062d40   __IDL_lat1beg
c0062d80   __IDL_lat1end
c0062da0   _OBJ_delete
c0062e00   _SEM_pend
c0062e60   STS_F_delta
c0062e60   _STS_delta
c0062e8c   STS_F_add
c0062e8c   _STS_add
c0062ea8   STS_F_reset
c0062ea8   _STS_reset
c0062ec0   _SWI_disable
c0062ee4   _SWI_enable
c0062f20   _SYS_abort
c0062f80   _CLK_measure
c0062fe0   _C62_disableIER
c0062fe0   _C64_disableIER
c0062ff8   _C62_enableIER
c0062ff8   _C64_enableIER
c006300c   _C62_clearIFR
c006300c   _C64_clearIFR
c0063020   _ECM_disableEvent
c0063060   _ECM_dispatchPlug
c00630a0   _ECM_enableEvent
c00630e0   IDL_CALIBRFXN
c00630e0   IDL_F_stub
c0063120   _QUE_create
c0063160   _QUE_get
c0063160   __QUE_lat1beg
c0063180   __QUE_lat1end
c0063188   _QUE_put
c0063188   __QUE_lat2beg
c0063194   __QUE_lat2end
c00631a0   RTA_F_andn
c00631b8   RTA_F_or
c00631e0   SYS_ABORTFXN
c00631e0   _UTL_doAbort
c0063220   SYS_PUTCFXN
c0063220   _UTL_doPutc
c0063260   GBL_USERINITFXN
c0063260   GIO_CREATEFXN
c0063260   GIO_DELETEFXN
c0063260   GIO_PENDFXN
c0063260   GIO_POSTFXN
c0063260   PWRM_PWRM_SHAREDRESOURCEFXN
c0063260   PWRM_PWRM_SLOTHOOKFXN
c0063260   TSK_VCREATEFXN
c0063260   TSK_VDELETEFXN
c0063260   TSK_VEXITFXN
c0063260   _BCACHE_bootInit
c0063260   _FXN_F_nop
c0063280   _GBL_getVersion
c00632a0   IDL_F_loop
c00632a0   _IDL_loop
c00632c0   _LOG_printf
c00632e0   _SEM_delete
c0063300   _STS_set
c0063320   _SYS_zero
c0063328   _SYS_one
c0063340   SYS_ERRORFXN
c0063340   _UTL_doError
c0063360   SYS_EXITFXN
c0063360   _UTL_halt
c0063380   CLK_F_gethtime
c0063380   CLK_TIMEFXN
c0063380   _CLK_gethtime
c00633a0   _HSRTDX_rec
c0063640   _RTDX_Buffer_WriteCB
c0063b00   _HSRTDX_xmt
c0063e00   _RTDX_Mon_Queue
c0064060   _RTDX_Poll
c0064100   _RTDX_Final_RT_Monitor
c0064180   _RTDX_Buffer_Initialize
c00641e0   _RTDX_Init_RT_Monitor
c0064240   _RTDX_Buffer_ReadCB
c0064280   _RTDX_Buffer_Size
c00642c0   _RTDX_memfill
c0064300   _RTDX_Buffer_Read
c0064320   _RTDX_Buffer_Write
c0064340   _RTDX_Mask_IER
c0064360   BIOS_init
c0064360   _BIOS_init
c00644e4   BIOS$$CLKON
c0064524   BIOS$$CLKOFF
c0064610   BIOS_start
c0064610   _BIOS_start
c0064760   _DEV_init
c0064860   __PWRM_initialize
c0064960   _c_int00
c0064a20   _MEM_init
c0064ae0   _TSK_init
c0064b40   _DIO_init
c0064c00   HWI_A_VECS
c0064c00   hwi0
c0064c20   hwi1
c0064c40   hwi2
c0064c60   hwi3
c0064c80   hwi4
c0064ca0   hwi5
c0064cc0   hwi6
c0064ce0   hwi7
c0064d00   hwi8
c0064d20   hwi9
c0064d40   hwi10
c0064d60   hwi11
c0064d80   hwi12
c0064da0   hwi13
c0064dc0   hwi14
c0064de0   hwi15
ffffffff   CACHE_L1D
ffffffff   CACHE_L1P
ffffffff   ECM_EVTMASK0
ffffffff   ECM_EVTMASK1
ffffffff   ECM_EVTMASK2
ffffffff   ECM_EVTMASK3
ffffffff   GBL_L2MAR192_223
ffffffff   HST_DSMBUFSEG
ffffffff   IRAM
ffffffff   L3_CBA_RAM
ffffffff   RTDX_DATAMEMSEG
ffffffff   _CACHE_L1D
ffffffff   _CACHE_L1P
ffffffff   _IRAM
ffffffff   _L3_CBA_RAM
ffffffff   ___TI_pprof_out_hndl
ffffffff   ___TI_prof_data_size
ffffffff   ___TI_prof_data_start
ffffffff   ___binit__
ffffffff   ___c_args__
ffffffff   binit

[1616 symbols]
