******************************************************************************
               TMS320C6x Linker PC v7.3.1                      
******************************************************************************
>> Linked Fri Apr 28 14:08:28 2017

OUTPUT FILE NAME:   <ccsProject_insideGit.out>
ENTRY POINT SYMBOL: "_c_int00"  address: 8000bde0


MEMORY CONFIGURATION

         name            origin    length      used     unused   attr    fill
----------------------  --------  ---------  --------  --------  ----  --------
  DSPL2ROM              00700000   00010000  00000000  00010000  RWIX
  DSPL2RAM              00800000   00040000  00000000  00040000  RWIX
  DSPL1PRAM             00e00000   00008000  00000000  00008000  RWIX
  DSPL1DRAM             00f00000   00008000  00000000  00008000  RWIX
  SHDSPL2ROM            11700000   00010000  00000000  00010000  RWIX
  SHDSPL2RAM            11800000   00040000  00000000  00040000  RWIX
  SHDSPL1PRAM           11e00000   00008000  00000000  00008000  RWIX
  SHDSPL1DRAM           11f00000   00008000  00000000  00008000  RWIX
  EMIFACS0              40000000   20000000  00000000  20000000  RWIX
  EMIFACS2              60000000   02000000  00000000  02000000  RWIX
  EMIFACS3              62000000   02000000  00000000  02000000  RWIX
  EMIFACS4              64000000   02000000  00000000  02000000  RWIX
  EMIFACS5              66000000   02000000  00000000  02000000  RWIX
  SHRAM                 80000000   00020000  00015d44  0000a2bc  RWIX
  DDR2                  c0000000   20000000  00000000  20000000  RWIX


SECTION ALLOCATION MAP

 output                                  attributes/
section   page    origin      length       input sections
--------  ----  ----------  ----------   ----------------
.pinit     0    80000000    00000000     UNINITIALIZED

.text      0    80000000    0000c4e0     
                  80000000    000010e0     aes.obj (.text)
                  800010e0    00000c20     modFunctions.obj (.text)
                  80001d00    00000880     helpfulFunctions.obj (.text)
                  80002580    00000860     modularInverse.obj (.text)
                  80002de0    00000820     sha2.obj (.text)
                  80003600    000006c0     additionalFunctions.obj (.text)
                  80003cc0    000005e0     montExponentiation.obj (.text)
                  800042a0    000005a0     rts6740.lib : divd.obj (.text:__divd)
                  80004840    000005a0     signatureMessage.obj (.text)
                  80004de0    00000580     rts6740.lib : _printfi.obj (.text:__getarg_diouxp)
                  80005360    000004e0     keyEstablishmentFunctions.obj (.text)
                  80005840    000004e0     main.obj (.text)
                  80005d20    000004a0     PRNG.obj (.text)
                  800061c0    00000480     rts6740.lib : _printfi.obj (.text:__setfield)
                  80006640    00000480     verifySignature.obj (.text)
                  80006ac0    00000460     encryptDecrypt.obj (.text)
                  80006f20    00000440     rts6740.lib : _printfi.obj (.text:__printfi)
                  80007360    00000380     useAES.obj (.text)
                  800076e0    00000300     rts6740.lib : fputs.obj (.text:_fputs)
                  800079e0    000002c0                 : _printfi.obj (.text:__pproc_fge)
                  80007ca0    000002c0                 : _printfi.obj (.text:__pproc_fwp)
                  80007f60    000002a0                 : _printfi.obj (.text:_ecvt)
                  80008200    000002a0                 : _printfi.obj (.text:_fcvt)
                  800084a0    00000280                 : memory.obj (.text:_free)
                  80008720    00000260                 : imath64.obj (.text:__divull)
                  80008980    00000260                 : _printfi.obj (.text:__pconv_e)
                  80008be0    00000240                 : _printfi.obj (.text:__pproc_diouxp)
                  80008e20    00000220                 : _printfi.obj (.text:__pproc_str)
                  80009040    00000200                 : _printfi.obj (.text:__pconv_g)
                  80009240    000001c0                 : _printfi.obj (.text:__mcpy)
                  80009400    000001c0     useSHA256.obj (.text)
                  800095c0    000001a0     rts6740.lib : imath40.obj (.text:__divul)
                  80009760    00000180                 : trgdrv.obj (.text:_HOSTrename)
                  800098e0    00000180                 : memory.obj (.text:_malloc)
                  80009a60    00000180                 : setvbuf.obj (.text:_setvbuf)
                  80009be0    00000180     hmac.obj (.text)
                  80009d60    00000180     maskGenerationFunction.obj (.text)
                  80009ee0    00000140     rts6740.lib : _printfi.obj (.text:__pproc_fflags)
                  8000a020    00000140                 : fputc.obj (.text:_fputc)
                  8000a160    00000140                 : lowlev.obj (.text:_getdevice)
                  8000a2a0    00000120                 : fclose.obj (.text:_fclose)
                  8000a3c0    00000100                 : trgdrv.obj (.text:_HOSTlseek)
                  8000a4c0    00000100                 : autoinit.obj (.text:__auto_init)
                  8000a5c0    00000100                 : _printfi.obj (.text:__ltostr)
                  8000a6c0    00000100                 : _io_perm.obj (.text:__wrt_ok)
                  8000a7c0    00000100                 : fflush.obj (.text:_fflush)
                  8000a8c0    000000e0                 : trgdrv.obj (.text:_HOSTopen)
                  8000a9a0    000000e0                 : atoi.obj (.text:_atoi)
                  8000aa80    000000e0                 : lowlev.obj (.text:_close)
                  8000ab60    000000e0                 : exit.obj (.text:_exit)
                  8000ac40    000000e0                 : memset.obj (.text:_memset)
                  8000ad20    000000c0                 : trgdrv.obj (.text:_HOSTread)
                  8000ade0    000000c0                 : trgdrv.obj (.text:_HOSTunlink)
                  8000aea0    000000c0                 : trgdrv.obj (.text:_HOSTwrite)
                  8000af60    000000c0                 : fopen.obj (.text:__cleanup)
                  8000b020    000000c0                 : _printfi.obj (.text:__div)
                  8000b0e0    000000c0                 : divu.obj (.text:__divu)
                  8000b1a0    000000c0                 : fflush.obj (.text:__doflush)
                  8000b260    000000c0                 : fseek.obj (.text:_fseek)
                  8000b320    000000c0                 : lowlev.obj (.text:_lseek)
                  8000b3e0    000000c0                 : ltoa.obj (.text:_ltoa)
                  8000b4a0    000000c0                 : lowlev.obj (.text:_write)
                  8000b560    000000a0                 : trgdrv.obj (.text:_HOSTclose)
                  8000b600    000000a0                 : trgdrv.obj (.text:_HOSTtime)
                  8000b6a0    000000a0                 : imath40.obj (.text:__divli)
                  8000b740    000000a0                 : _printfi.obj (.text:__ecpy)
                  8000b7e0    000000a0                 : _printfi.obj (.text:__fcpy)
                  8000b880    000000a0                 : fixdli.obj (.text:__fixdli)
                  8000b920    000000a0                 : _printfi.obj (.text:__pconv_f)
                  8000b9c0    000000a0                 : cpy_tbl.obj (.text:_copy_in)
                  8000ba60    000000a0                 : lowlev.obj (.text:_finddevice)
                  8000bb00    000000a0                 : memcpy64.obj (.text:_memcpy)
                  8000bba0    000000a0                 : memory.obj (.text:_minsert)
                  8000bc40    000000a0                 : memory.obj (.text:_mremove)
                  8000bce0    00000080                 : fltlid.obj (.text:__fltlid)
                  8000bd60    00000080                 : llshift.obj (.text:__llshl)
                  8000bde0    00000080                 : boot.obj (.text:_c_int00)
                  8000be60    00000080                 : fprintf.obj (.text:_fprintf)
                  8000bee0    00000080                 : printf.obj (.text:_printf)
                  8000bf60    00000080                 : trgmsg.obj (.text:_readmsg)
                  8000bfe0    00000080                 : lowlev.obj (.text:_unlink)
                  8000c060    00000060                 : assert.obj (.text:__abort_msg)
                  8000c0c0    00000060                 : imath64.obj (.text:__subcull)
                  8000c120    00000060                 : memccpy.obj (.text:_memccpy)
                  8000c180    00000060                 : trgmsg.obj (.text:_writemsg)
                  8000c1e0    00000040                 : isinf.obj (.text:___isinf)
                  8000c220    00000040                 : _printfi.obj (.text:___isnan)
                  8000c260    00000040                 : args_main.obj (.text:__args_main)
                  8000c2a0    00000040                 : frcmpyd_div.obj (.text:__frcmpyd_div)
                  8000c2e0    00000040                 : llshift.obj (.text:__llshru)
                  8000c320    00000040                 : imath40.obj (.text:__remli)
                  8000c360    00000040                 : strasg.obj (.text:__strasgi_64plus)
                  8000c3a0    00000040                 : time.obj (.text:_time)
                  8000c3e0    00000020                 : negll.obj (.text:__negll)
                  8000c400    00000020                 : _lock.obj (.text:__nop)
                  8000c420    00000020                 : fprintf.obj (.text:__outc)
                  8000c440    00000020                 : printf.obj (.text:__outc)
                  8000c460    00000020                 : fprintf.obj (.text:__outs)
                  8000c480    00000020                 : printf.obj (.text:__outs)
                  8000c4a0    00000020                 : exit.obj (.text:_abort)
                  8000c4c0    00000020                 : remove.obj (.text:_remove)

.bss       0    80000000    00000000     UNINITIALIZED

.data      0    80000000    00000000     UNINITIALIZED

.sysmem    0    8000c4e0    00004000     UNINITIALIZED
                  8000c4e0    00000008     rts6740.lib : memory.obj (.sysmem)
                  8000c4e8    00003ff8     --HOLE--

.const     0    800104e0    0000308c     
                  800104e0    00000400     aes.obj (.const:_Td0)
                  800108e0    00000400     aes.obj (.const:_Td1)
                  80010ce0    00000400     aes.obj (.const:_Td2)
                  800110e0    00000400     aes.obj (.const:_Td3)
                  800114e0    00000400     aes.obj (.const:_Td4)
                  800118e0    00000400     aes.obj (.const:_Te0)
                  80011ce0    00000400     aes.obj (.const:_Te1)
                  800120e0    00000400     aes.obj (.const:_Te2)
                  800124e0    00000400     aes.obj (.const:_Te3)
                  800128e0    00000400     aes.obj (.const:_Te4)
                  80012ce0    000001f4     main.obj (.const:_$P$T8$9)
                  80012ed4    00000003     rts6740.lib : assert.obj (.const)
                  80012ed7    00000001     --HOLE-- [fill = 0]
                  80012ed8    00000101                 : ctype.obj (.const:__ctypes_)
                  80012fd9    00000002                 : fputs.obj (.const)
                  80012fdb    00000005     --HOLE-- [fill = 0]
                  80012fe0    00000100     sha2.obj (.const:_K256)
                  800130e0    00000080     main.obj (.const:_$P$T3$4)
                  80013160    00000080     main.obj (.const:_$P$T4$5)
                  800131e0    00000080     main.obj (.const:_$P$T5$6)
                  80013260    00000080     main.obj (.const:_$P$T7$8)
                  800132e0    0000006e     helpfulFunctions.obj (.const)
                  8001334e    0000006a     sha2.obj (.const)
                  800133b8    00000060     encryptDecrypt.obj (.const)
                  80013418    00000040     PRNG.obj (.const:_$P$T0$2)
                  80013458    00000040     main.obj (.const:_$P$T1$2)
                  80013498    0000003c     main.obj (.const:_$P$T0$1)
                  800134d4    00000004     --HOLE-- [fill = 0]
                  800134d8    00000028     aes.obj (.const:_rcon)
                  80013500    00000023     rts6740.lib : _printfi.obj (.const)
                  80013523    00000005     --HOLE-- [fill = 0]
                  80013528    00000020     sha2.obj (.const:_sha256_initial_hash_value)
                  80013548    00000015     additionalFunctions.obj (.const)
                  8001355d    00000003     --HOLE-- [fill = 0]
                  80013560    00000004     main.obj (.const:_$P$T2$3)
                  80013564    00000004     --HOLE-- [fill = 0]
                  80013568    00000004     main.obj (.const:_$P$T6$7)

.stack     0    80013570    00002000     UNINITIALIZED
                  80013570    00000008     rts6740.lib : boot.obj (.stack)
                  80013578    00001ff8     --HOLE--

.far       0    80015570    00000554     UNINITIALIZED
                  80015570    00000324     rts6740.lib : defs.obj (.far)
                  80015894    00000004                 : fopen.obj (.far)
                  80015898    0000011c                 : lowlev.obj (.far)
                  800159b4    00000004     --HOLE--
                  800159b8    000000d0                 : trgdrv.obj (.far)
                  80015a88    00000020     PRNG.obj (.far)
                  80015aa8    0000000c     rts6740.lib : exit.obj (.far)
                  80015ab4    00000008                 : _lock.obj (.far)
                  80015abc    00000008                 : memory.obj (.far)

.cinit     0    80015ac8    00000164     
                  80015ac8    0000005c     rts6740.lib : defs.obj (.cinit)
                  80015b24    00000004     --HOLE-- [fill = 0]
                  80015b28    0000005c                 : lowlev.obj (.cinit)
                  80015b84    00000004     --HOLE-- [fill = 0]
                  80015b88    0000002c                 : exit.obj (.cinit)
                  80015bb4    00000004     --HOLE-- [fill = 0]
                  80015bb8    0000002c                 : memory.obj (.cinit)
                  80015be4    00000004     --HOLE-- [fill = 0]
                  80015be8    0000001c                 : _lock.obj (.cinit)
                  80015c04    00000004     --HOLE-- [fill = 0]
                  80015c08    0000000c                 : fopen.obj (.cinit)
                  80015c14    00000004     --HOLE-- [fill = 0]
                  80015c18    00000009     PRNG.obj (.cinit)
                  80015c21    00000007     --HOLE-- [fill = 0]
                  80015c28    00000004     (.pad.cinit) [fill = 0]

.cio       0    80015c2c    00000120     UNINITIALIZED
                  80015c2c    00000120     rts6740.lib : trgmsg.obj (.cio)


GLOBAL SYMBOLS: SORTED ALPHABETICALLY BY Name 

address    name
--------   ----
80000000   $bss
80000000   .bss
80000000   .data
80000000   .text
8000c4a0   C$$EXIT
8000c1d8   C$$IO$$
8000b560   _HOSTclose
8000a3c0   _HOSTlseek
8000a8c0   _HOSTopen
8000ad20   _HOSTread
80009760   _HOSTrename
8000b600   _HOSTtime
8000ade0   _HOSTunlink
8000aea0   _HOSTwrite
800060d8   _PRNG
80005d74   _RNG
80003350   _SHA256_Final
800032e4   _SHA256_Init
80002de0   _SHA256_Transform
800030ac   _SHA256_Update
800024f4   _XOR
80015c2c   __CIOBUF_
80015570   __STACK_END
00002000   __STACK_SIZE
00004000   __SYSMEM_SIZE
00000001   __TI_args_main
80015ab0   ___TI_enable_exit_profile_output
ffffffff   ___TI_pprof_out_hndl
ffffffff   ___TI_prof_data_size
ffffffff   ___TI_prof_data_start
ffffffff   ___binit__
80000000   ___bss__
ffffffff   ___c_args__
80015ac8   ___cinit__
80000000   ___data__
80000000   ___edata__
80000000   ___end__
8000c4e0   ___etext__
8000c1e0   ___isinf
ffffffff   ___pinit__
80000000   ___text__
8000c060   __abort_msg
8000c260   __args_main
8000a4c0   __auto_init
8000b0e0   __c6xabi_divu
8000c360   __c6xabi_strasgi_64plus
8000af60   __cleanup
80015aa8   __cleanup_ptr
80012ed8   __ctypes_
800042a0   __divd
8000b6a0   __divli
8000b0e0   __divu
800095c0   __divul
80008720   __divull
8000b1a0   __doflush
80015aac   __dtors_ptr
8000b880   __fixdli
8000bce0   __fltlid
8000c2a0   __frcmpyd_div
80015890   __ft_end
80015570   __ftable
8000bd60   __llshl
8000c2e0   __llshru
80015ab4   __lock
8000c3e0   __negll
8000c400   __nop
80006f20   __printfi
8000c320   __remli
80013570   __stack
8000c360   __strasgi_64plus
8000c0c0   __subcull
8000c4e0   __sys_memory
80015750   __tmpnams
80015ab8   __unlock
8000a6c0   __wrt_ok
8000c4a0   _abort
80003bec   _addition
80007620   _aesCBCdecrypt
80007558   _aesCBCencrypt
8000742c   _aesDecrypt
80007360   _aesEncrypt
80000c2c   _aes_decrypt
80000790   _aes_encrypt
800004ec   _aes_set_decrypt_key
80000000   _aes_set_encrypt_key
8000a9a0   _atoi
8000bde0   _c_int00
80005778   _calculateKey
8000aa80   _close
80005f78   _compareFSR
80005770   _computePartOfKey
80002494   _concat
80002430   _copyArray
80003b84   _copyArray16
80003b20   _copyArray8
800023cc   _copyArrayFrom0
8000b9c0   _copy_in
800056e0   _createExponent
80005668   _createMessage
80006e44   _decrypt
80006d30   _decryptHMAC
80005610   _decryptMessage
80003af8   _divideBy16
80003ac0   _divideByTwo
80006c14   _encrypt
80006ac0   _encryptHMAC
8000ab60   _exit
8000a2a0   _fclose
8000a7c0   _fflush
80005ef8   _findRandNum
80003a48   _flipArray
8000be60   _fprintf
8000a020   _fputc
800076e0   _fputs
800084a0   _free
80005360   _from16to8
80001180   _from2to16
8000542c   _from8to16
8000b260   _fseek
800094d4   _hashOfLength
80009448   _hashWithTime
800022b0   _hexToString
80009be0   _hmac
800039e0   _isBiggerThan
80003614   _isBiggerThanOrEqual
8000b320   _lseek
8000b3e0   _ltoa
80005840   _main
800098e0   _malloc
80009d60   _maskGenerationFunction
8000c120   _memccpy
8000bb00   _memcpy
8000ac40   _memset
80001b70   _mod
800017b4   _modFaster
80001ab8   _modMult
80001990   _modSquare
80002620   _modularInverse
80003f24   _montExp
80003cc0   _montMultiplication
8000150c   _multiplication
80003994   _multiplyByTwo
80003934   _numberIsZero
800038d4   _numberIsZero8
800074d4   _padding
800010e0   _positionMSB
80002100   _printArray
80003848   _printArray16
800037b4   _printArray8
80002070   _printArrayNoSpaces
80001eac   _printChar
80001e20   _printCharNoSpaces
8000bee0   _printf
8000a020   _putc
8000bf60   _readmsg
8000c4c0   _remove
80005544   _repositionZeros
80001d20   _seeTheDifference
80009a60   _setvbuf
800054b4   _signAndEncryptMessage
80004840   _signatureMessage
80002580   _signedSubtraction
80007468   _simpleDecrypt
80007398   _simpleEncrypt
80009400   _simpleHashWithLength
80001274   _squareProduct
80003688   _subtraction
80003764   _subtractionWithSign
8000c3a0   _time
80001d00   _timeData
8000bfe0   _unlink
800053f4   _unsignMessage
80005d20   _updateFSR
80006640   _verifySignature
8000b4a0   _write
8000c180   _writemsg
80003600   _zerosArray
ffffffff   binit
80015ac8   cinit
80000000   edata
80000000   end
8000c4e0   etext
ffffffff   pinit


GLOBAL SYMBOLS: SORTED BY Symbol Address 

address    name
--------   ----
00000001   __TI_args_main
00002000   __STACK_SIZE
00004000   __SYSMEM_SIZE
80000000   $bss
80000000   .bss
80000000   .data
80000000   .text
80000000   ___bss__
80000000   ___data__
80000000   ___edata__
80000000   ___end__
80000000   ___text__
80000000   _aes_set_encrypt_key
80000000   edata
80000000   end
800004ec   _aes_set_decrypt_key
80000790   _aes_encrypt
80000c2c   _aes_decrypt
800010e0   _positionMSB
80001180   _from2to16
80001274   _squareProduct
8000150c   _multiplication
800017b4   _modFaster
80001990   _modSquare
80001ab8   _modMult
80001b70   _mod
80001d00   _timeData
80001d20   _seeTheDifference
80001e20   _printCharNoSpaces
80001eac   _printChar
80002070   _printArrayNoSpaces
80002100   _printArray
800022b0   _hexToString
800023cc   _copyArrayFrom0
80002430   _copyArray
80002494   _concat
800024f4   _XOR
80002580   _signedSubtraction
80002620   _modularInverse
80002de0   _SHA256_Transform
800030ac   _SHA256_Update
800032e4   _SHA256_Init
80003350   _SHA256_Final
80003600   _zerosArray
80003614   _isBiggerThanOrEqual
80003688   _subtraction
80003764   _subtractionWithSign
800037b4   _printArray8
80003848   _printArray16
800038d4   _numberIsZero8
80003934   _numberIsZero
80003994   _multiplyByTwo
800039e0   _isBiggerThan
80003a48   _flipArray
80003ac0   _divideByTwo
80003af8   _divideBy16
80003b20   _copyArray8
80003b84   _copyArray16
80003bec   _addition
80003cc0   _montMultiplication
80003f24   _montExp
800042a0   __divd
80004840   _signatureMessage
80005360   _from16to8
800053f4   _unsignMessage
8000542c   _from8to16
800054b4   _signAndEncryptMessage
80005544   _repositionZeros
80005610   _decryptMessage
80005668   _createMessage
800056e0   _createExponent
80005770   _computePartOfKey
80005778   _calculateKey
80005840   _main
80005d20   _updateFSR
80005d74   _RNG
80005ef8   _findRandNum
80005f78   _compareFSR
800060d8   _PRNG
80006640   _verifySignature
80006ac0   _encryptHMAC
80006c14   _encrypt
80006d30   _decryptHMAC
80006e44   _decrypt
80006f20   __printfi
80007360   _aesEncrypt
80007398   _simpleEncrypt
8000742c   _aesDecrypt
80007468   _simpleDecrypt
800074d4   _padding
80007558   _aesCBCencrypt
80007620   _aesCBCdecrypt
800076e0   _fputs
800084a0   _free
80008720   __divull
80009400   _simpleHashWithLength
80009448   _hashWithTime
800094d4   _hashOfLength
800095c0   __divul
80009760   _HOSTrename
800098e0   _malloc
80009a60   _setvbuf
80009be0   _hmac
80009d60   _maskGenerationFunction
8000a020   _fputc
8000a020   _putc
8000a2a0   _fclose
8000a3c0   _HOSTlseek
8000a4c0   __auto_init
8000a6c0   __wrt_ok
8000a7c0   _fflush
8000a8c0   _HOSTopen
8000a9a0   _atoi
8000aa80   _close
8000ab60   _exit
8000ac40   _memset
8000ad20   _HOSTread
8000ade0   _HOSTunlink
8000aea0   _HOSTwrite
8000af60   __cleanup
8000b0e0   __c6xabi_divu
8000b0e0   __divu
8000b1a0   __doflush
8000b260   _fseek
8000b320   _lseek
8000b3e0   _ltoa
8000b4a0   _write
8000b560   _HOSTclose
8000b600   _HOSTtime
8000b6a0   __divli
8000b880   __fixdli
8000b9c0   _copy_in
8000bb00   _memcpy
8000bce0   __fltlid
8000bd60   __llshl
8000bde0   _c_int00
8000be60   _fprintf
8000bee0   _printf
8000bf60   _readmsg
8000bfe0   _unlink
8000c060   __abort_msg
8000c0c0   __subcull
8000c120   _memccpy
8000c180   _writemsg
8000c1d8   C$$IO$$
8000c1e0   ___isinf
8000c260   __args_main
8000c2a0   __frcmpyd_div
8000c2e0   __llshru
8000c320   __remli
8000c360   __c6xabi_strasgi_64plus
8000c360   __strasgi_64plus
8000c3a0   _time
8000c3e0   __negll
8000c400   __nop
8000c4a0   C$$EXIT
8000c4a0   _abort
8000c4c0   _remove
8000c4e0   ___etext__
8000c4e0   __sys_memory
8000c4e0   etext
80012ed8   __ctypes_
80013570   __stack
80015570   __STACK_END
80015570   __ftable
80015750   __tmpnams
80015890   __ft_end
80015aa8   __cleanup_ptr
80015aac   __dtors_ptr
80015ab0   ___TI_enable_exit_profile_output
80015ab4   __lock
80015ab8   __unlock
80015ac8   ___cinit__
80015ac8   cinit
80015c2c   __CIOBUF_
ffffffff   ___TI_pprof_out_hndl
ffffffff   ___TI_prof_data_size
ffffffff   ___TI_prof_data_start
ffffffff   ___binit__
ffffffff   ___c_args__
ffffffff   ___pinit__
ffffffff   binit
ffffffff   pinit

[183 symbols]
