******************************************************************************
               TMS320C6x Linker PC v7.3.1                      
******************************************************************************
>> Linked Fri May 12 14:06:17 2017

OUTPUT FILE NAME:   <realtime_2017.out>
ENTRY POINT SYMBOL: "_c_int00"  address: c0060820


MEMORY CONFIGURATION

         name            origin    length      used     unused   attr    fill
----------------------  --------  ---------  --------  --------  ----  --------
  IRAM                  11800000   00040000  0003ff26  000000da  RWIX
  CACHE_L1P             11e00000   00008000  00000000  00008000  RWIX
  CACHE_L1D             11f00000   00008000  00000000  00008000  RWIX
  L3_CBA_RAM            80000000   00020000  00000000  00020000  RWIX
  DDR                   c0000000   08000000  00060c20  07f9f3e0  RWIX


SECTION ALLOCATION MAP

 output                                  attributes/
section   page    origin      length       input sections
--------  ----  ----------  ----------   ----------------
.vers      0    00000000    00000040     COPY SECTION
                  00000000    00000040     audioSamplecfg.obj (.vers)

.prd       0    11800000    00000000     UNINITIALIZED

.far       0    11800000    0001a798     UNINITIALIZED
                  11800000    0000eef0     process_audio.obj (.far)
                  1180eef0    00004900     edma3_drv_bios_c674.lib : edma3_drv_init.obj (.far)
                  118137f0    00002dc8     edma3_rm_bios.lib : edma3resmgr.obj (.far)
                  118165b8    00001280                       : edma3_rm_gbl_data.obj (.far)
                  11817838    00000ae8                       : edma3_c6748_cfg.obj (.far)
                  11818320    000007a8     edma3_drv_bios_sample.lib : bios_edma3_drv_sample_c6748_cfg.obj (.far)
                  11818ac8    00000670     ti.pspiom.i2c.a674 : I2c.obj (.far)
                  11819138    00000570     ti.pspiom.mcasp.a674 : Mcasp.obj (.far)
                  118196a8    00000324     rts6740.lib : defs.obj (.far)
                  118199cc    00000004     bios.a674 : que_crea.o674 (.far)
                  118199d0    000001f8     audioSample_io.obj (.far)
                  11819bc8    00000188     rts6740.lib : atexit.obj (.far)
                  11819d50    0000016c     ti.pspiom.platforms.evm6748.audio.a674 : Audio.obj (.far)
                  11819ebc    00000004     bios6748.a674 : bcache_wait.o674 (.far)
                  11819ec0    00000148     pscl_cfg_evm6748.a674 : pscl_config_evm6748.o674 (.far)
                  1181a008    0000011c     rts6740.lib : lowlev.obj (.far)
                  1181a124    000000fc     audioSample_main.obj (.far)
                  1181a220    000000d8     bios.a674 : knl.o674 (.far)
                  1181a2f8    000000d0     rts6740.lib : trgdrv.obj (.far)
                  1181a3c8    000000b0     pwrm.a674 : pwrm.o674 (.far)
                  1181a478    000000a4     ti.pspiom.platforms.codec.a674 : Aic31.obj (.far)
                  1181a51c    0000005c     bios.a674 : tsk.o674 (.far)
                  1181a578    00000054               : obj_init.o674 (.far)
                  1181a5cc    00000050               : tsk_stup.o674 (.far)
                  1181a61c    00000004     bios6748.a674 : clk_data.o674 (.far)
                  1181a620    00000030     edma3_drv_bios_sample.lib : bios_edma3_drv_sample_init_multi_edma.obj (.far)
                  1181a650    0000002c     ti.pspiom.platforms.evm6748.evmInit.a674 : audio_evmInit.obj (.far)
                  1181a67c    00000004     pwrm.a674 : pwrm_ini.o674 (.far)
                  1181a680    00000020     PRNG.obj (.far)
                  1181a6a0    00000020     bios.a674 : sys.o674 (.far)
                  1181a6c0    0000001c     drivers.a674 : dio_tskDynamic.o674 (.far)
                  1181a6dc    0000001c     sioboth.a674 : sio.o674 (.far)
                  1181a6f8    00000018     pscl.a674 : pscl.o674 (.far)
                  1181a710    00000018     rtdx64xplus.lib : rtdx_mon.o64P (.far)
                  1181a728    00000014     bios.a674 : swi_seta.o674 (.far)
                  1181a73c    00000010               : exc.o674 (.far)
                  1181a74c    00000010               : knl_tick.o674 (.far)
                  1181a75c    0000000c               : utl_putc.o674 (.far)
                  1181a768    0000000c     rts6740.lib : exit.obj (.far)
                  1181a774    00000008     bios.a674 : ecm_dispatch.o674 (.far)
                  1181a77c    00000008               : sem_crea.o674 (.far)
                  1181a784    00000008     rts6740.lib : _lock.obj (.far)
                  1181a78c    00000004                 : fopen.obj (.far)
                  1181a790    00000004     bios.a674 : dev_init.o674 (.far)
                  1181a794    00000004     rts6740.lib : sinit.obj (.far)

.data      0    11800000    00000000     UNINITIALIZED

.stack     0    1181a798    00010000     UNINITIALIZED
                  1181a798    00010000     --HOLE--

.cinit     0    1182a798    00003a2c     
                  1182a798    0000110c     audioSamplecfg.obj (.cinit)
                  1182b8a4    00000004     --HOLE-- [fill = 0]
                  1182b8a8    00000af8     edma3_rm_bios.lib : edma3_c6748_cfg.obj (.cinit)
                  1182c3a0    00000808     edma3_drv_bios_sample.lib : bios_edma3_drv_sample_c6748_cfg.obj (.cinit)
                  1182cba8    00000331     process_audio.obj (.cinit)
                  1182ced9    00000007     --HOLE-- [fill = 0]
                  1182cee0    0000026c     bios.a674 : biosdata.o674 (.cinit)
                  1182d14c    00000004     --HOLE-- [fill = 0]
                  1182d150    000001a4               : knl.o674 (.cinit)
                  1182d2f4    00000004     --HOLE-- [fill = 0]
                  1182d2f8    00000198     pscl_cfg_evm6748.a674 : pscl_config_evm6748.o674 (.cinit)
                  1182d490    00000188     bios6748.a674 : pwrm_rdb6748.o674 (.cinit)
                  1182d618    00000128     pwrm.a674 : pwrm.o674 (.cinit)
                  1182d740    00000124     audioSample_io.obj (.cinit)
                  1182d864    00000004     --HOLE-- [fill = 0]
                  1182d868    000000b0     bios.a674 : swi.o674 (.cinit)
                  1182d918    00000080               : tsk.o674 (.cinit)
                  1182d998    0000007a     edma3_rm_bios.lib : edma3resmgr.obj (.cinit)
                  1182da12    00000006     --HOLE-- [fill = 0]
                  1182da18    0000007a     pwrm.a674 : pwrm_ini.o674 (.cinit)
                  1182da92    00000006     --HOLE-- [fill = 0]
                  1182da98    00000068     rtdx64xplus.lib : rtdx_mon.o64P (.cinit)
                  1182db00    00000060     bios.a674 : tsk_stup.o674 (.cinit)
                  1182db60    0000005c     lnkrtdx.a674 : rtdx.o674 (.cinit)
                  1182dbbc    00000004     --HOLE-- [fill = 0]
                  1182dbc0    0000005c     rts6740.lib : defs.obj (.cinit)
                  1182dc1c    00000004     --HOLE-- [fill = 0]
                  1182dc20    0000005c                 : lowlev.obj (.cinit)
                  1182dc7c    00000004     --HOLE-- [fill = 0]
                  1182dc80    0000004c     bios.a674 : rta.o674 (.cinit)
                  1182dccc    00000004     --HOLE-- [fill = 0]
                  1182dcd0    0000004c     edma3_rm_bios.lib : edma3_rm_gbl_data.obj (.cinit)
                  1182dd1c    00000004     --HOLE-- [fill = 0]
                  1182dd20    0000004c     pscl.a674 : pscl.o674 (.cinit)
                  1182dd6c    00000004     --HOLE-- [fill = 0]
                  1182dd70    0000004c     rtdx64xplus.lib : buffer1.o64P (.cinit)
                  1182ddbc    00000004     --HOLE-- [fill = 0]
                  1182ddc0    00000048     edma3_drv_bios_sample.lib : bios_edma3_drv_sample_init_multi_edma.obj (.cinit)
                  1182de08    0000003c     bios.a674 : exc.o674 (.cinit)
                  1182de44    00000004     --HOLE-- [fill = 0]
                  1182de48    0000003c     ti.pspiom.mcasp.a674 : Mcasp.obj (.cinit)
                  1182de84    00000004     --HOLE-- [fill = 0]
                  1182de88    00000034     bios.a674 : hwi.o674 (.cinit)
                  1182debc    00000004     --HOLE-- [fill = 0]
                  1182dec0    00000030     ti.pspiom.platforms.codec.a674 : Aic31.obj (.cinit)
                  1182def0    00000030     ti.pspiom.platforms.evm6748.audio.a674 : Audio.obj (.cinit)
                  1182df20    0000002c     bios.a674 : utl_putc.o674 (.cinit)
                  1182df4c    00000004     --HOLE-- [fill = 0]
                  1182df50    0000002c     pmi_ctl_evm6748.a674 : pmi_volt6748evm.o674 (.cinit)
                  1182df7c    00000004     --HOLE-- [fill = 0]
                  1182df80    0000002c     rts6740.lib : exit.obj (.cinit)
                  1182dfac    00000004     --HOLE-- [fill = 0]
                  1182dfb0    00000024     bios.a674 : obj_init.o674 (.cinit)
                  1182dfd4    00000004     --HOLE-- [fill = 0]
                  1182dfd8    00000024     drivers.a674 : dio_tskDynamic.o674 (.cinit)
                  1182dffc    00000004     --HOLE-- [fill = 0]
                  1182e000    00000024     sioboth.a674 : sio.o674 (.cinit)
                  1182e024    00000004     --HOLE-- [fill = 0]
                  1182e028    0000001c     bios.a674 : exc_asm.o674 (.cinit)
                  1182e044    00000004     --HOLE-- [fill = 0]
                  1182e048    0000001c               : swi_seta.o674 (.cinit)
                  1182e064    00000004     --HOLE-- [fill = 0]
                  1182e068    0000001c               : sys.o674 (.cinit)
                  1182e084    00000004     --HOLE-- [fill = 0]
                  1182e088    0000001c     rts6740.lib : _lock.obj (.cinit)
                  1182e0a4    00000004     --HOLE-- [fill = 0]
                  1182e0a8    0000001c                 : atexit.obj (.cinit)
                  1182e0c4    00000004     --HOLE-- [fill = 0]
                  1182e0c8    00000018     bios.a674 : knl_tick.o674 (.cinit)
                  1182e0e0    00000010               : sem_crea.o674 (.cinit)
                  1182e0f0    0000000e               : ecm_dispatch.o674 (.cinit)
                  1182e0fe    00000002     --HOLE-- [fill = 0]
                  1182e100    0000000c               : idl_busy.o674 (.cinit)
                  1182e10c    00000004     --HOLE-- [fill = 0]
                  1182e110    0000000c               : knl_swit.o674 (.cinit)
                  1182e11c    00000004     --HOLE-- [fill = 0]
                  1182e120    0000000c               : que_crea.o674 (.cinit)
                  1182e12c    00000004     --HOLE-- [fill = 0]
                  1182e130    0000000c               : tsk_disa.o674 (.cinit)
                  1182e13c    00000004     --HOLE-- [fill = 0]
                  1182e140    0000000c     bios6748.a674 : bcache_wait.o674 (.cinit)
                  1182e14c    00000004     --HOLE-- [fill = 0]
                  1182e150    0000000c     pmi.a674 : pmi_init.o674 (.cinit)
                  1182e15c    00000004     --HOLE-- [fill = 0]
                  1182e160    0000000c              : pmi_pll.o674 (.cinit)
                  1182e16c    00000004     --HOLE-- [fill = 0]
                  1182e170    0000000c     rts6740.lib : fopen.obj (.cinit)
                  1182e17c    00000004     --HOLE-- [fill = 0]
                  1182e180    0000000c                 : sinit.obj (.cinit)
                  1182e18c    00000004     --HOLE-- [fill = 0]
                  1182e190    0000000c     ti.pspiom.i2c.a674 : I2c.obj (.cinit)
                  1182e19c    00000004     --HOLE-- [fill = 0]
                  1182e1a0    0000000a     edma3_drv_bios_c674.lib : edma3_drv_init.obj (.cinit)
                  1182e1aa    00000006     --HOLE-- [fill = 0]
                  1182e1b0    00000009     PRNG.obj (.cinit)
                  1182e1b9    00000007     --HOLE-- [fill = 0]
                  1182e1c0    00000004     (.pad.cinit) [fill = 0]

.dio       0    1182e1c4    00000010     UNINITIALIZED
                  1182e1c4    00000010     audioSamplecfg.obj (.dio)

.pinit     0    1182e1d4    0000000c     
                  1182e1d4    00000004     rtdx64xplus.lib : buffer1.o64P (.pinit)
                  1182e1d8    00000004                     : rtdx_mon.o64P (.pinit)
                  1182e1dc    00000004     --HOLE-- [fill = 0]

.pmonchip 
*          0    1182e1e0    00000ce0     
                  1182e1e0    00000380     pmi_ctl_evm6748.a674 : pmi_i2c.o674 (.pmonchip:slp)
                  1182e560    00000300     pmi.a674 : pmi_relock1.o674 (.pmonchip)
                  1182e860    00000020              : pmi_pll.o674 ($Tramp$S$$_PMI_calcWaitBypass)
                  1182e880    000001a0     pmi_ctl_evm6748.a674 : pmi_volt6748evm.o674 (.pmonchip:slp)
                  1182ea20    00000180     bios6748.a674 : pwrm_rdb6748.o674 (.pmonchip) [fill = 0]
                  1182eba0    00000140     pmi.a674 : pmi_onchip.o674 (.pmonchip)
                  1182ece0    00000100              : pmi_pll.o674 (.pmonchip:slp)
                  1182ede0    00000020     rts6740.lib : divu.obj ($Tramp$S$$__divu)
                  1182ee00    000000c0     pmi.a674 : pmi_ms.o674 (.pmonchip)

.cio       0    1182eec0    00000120     UNINITIALIZED
                  1182eec0    00000120     rts6740.lib : trgmsg.obj (.cio)

.hst1      0    1182efe0    00000010     UNINITIALIZED
                  1182efe0    00000010     audioSamplecfg.obj (.hst1)

.idl       0    1182eff0    00000010     UNINITIALIZED
                  1182eff0    00000010     audioSamplecfg.obj (.idl)

.LOG_system$buf 
*          0    1182f000    00001000     UNINITIALIZED
                  1182f000    00001000     audioSamplecfg.obj (.LOG_system$buf)

.DVTEvent_Log$buf 
*          0    11830000    00008000     UNINITIALIZED
                  11830000    00008000     audioSamplecfg.obj (.DVTEvent_Log$buf)

.const     0    11838000    000034da     
                  11838000    00000400     aes.obj (.const:_Td0)
                  11838400    00000400     aes.obj (.const:_Td1)
                  11838800    00000400     aes.obj (.const:_Td2)
                  11838c00    00000400     aes.obj (.const:_Td3)
                  11839000    00000400     aes.obj (.const:_Td4)
                  11839400    00000400     aes.obj (.const:_Te0)
                  11839800    00000400     aes.obj (.const:_Te1)
                  11839c00    00000400     aes.obj (.const:_Te2)
                  1183a000    00000400     aes.obj (.const:_Te3)
                  1183a400    00000400     aes.obj (.const:_Te4)
                  1183a800    00000193     bios.a674 : exc.o674 (.const:.string)
                  1183a993    0000016e     process_audio.obj (.const)
                  1183ab01    00000003     rts6740.lib : assert.obj (.const)
                  1183ab04    00000110     ti.pspiom.mcasp.a674 : Mcasp.obj (.const)
                  1183ac14    00000106     audioSample_io.obj (.const)
                  1183ad1a    00000004     bios.a674 : mem_allo.o674 (.const:.string)
                  1183ad1e    00000002     rts6740.lib : fputs.obj (.const)
                  1183ad20    00000101                 : ctype.obj (.const:__ctypes_)
                  1183ae21    00000004     bios.a674 : mem_free.o674 (.const:.string)
                  1183ae25    00000003     --HOLE-- [fill = 0]
                  1183ae28    00000100     sha2.obj (.const:_K256)
                  1183af28    000000ab     edma3_rm_bios.lib : edma3resmgr.obj (.const:.string)
                  1183afd3    0000007d     edma3_drv_bios_c674.lib : edma3_drv_init.obj (.const:.string)
                  1183b050    0000007c     sha2.obj (.const)
                  1183b0cc    00000060     ti.pspiom.mcasp.a674 : Mcasp_edma.obj (.const)
                  1183b12c    00000054     ti.pspiom.i2c.a674 : I2c.obj (.const)
                  1183b180    0000004e     bios.a674 : tsk_stup.o674 (.const:.string)
                  1183b1ce    00000047     audioSamplecfg.obj (.const)
                  1183b215    00000043     helpfulFunctions.obj (.const)
                  1183b258    00000040     PRNG.obj (.const:_$P$T0$2)
                  1183b298    00000040     ti.pspiom.i2c.a674 : I2c_edma.obj (.const)
                  1183b2d8    00000039     additionalFunctions32.obj (.const)
                  1183b311    0000002b     audioSample_main.obj (.const)
                  1183b33c    00000004     sioboth.a674 : sio_crea.o674 (.const:.string)
                  1183b340    00000028     aes.obj (.const:_rcon)
                  1183b368    00000028     ti.pspiom.platforms.codec.a674 : Aic31.obj (.const)
                  1183b390    00000023     bios.a674 : utl_doab.o674 (.const:.string)
                  1183b3b3    00000023     rts6740.lib : _printfi.obj (.const)
                  1183b3d6    00000022     bios.a674 : utl_doer.o674 (.const:.string)
                  1183b3f8    00000020               : dev_init.o674 (.const:.string)
                  1183b418    00000020     sha2.obj (.const:_sha256_initial_hash_value)
                  1183b438    00000020     ti.pspiom.mcasp.a674 : Mcasp_ioctl.obj (.const)
                  1183b458    00000020     ti.pspiom.platforms.evm6748.audio.a674 : Audio.obj (.const)
                  1183b478    0000001c     ti.pspiom.i2c.a674 : I2c.obj (.const:.string)
                  1183b494    00000001     bios.a674 : sem_crea.o674 (.const:.string)
                  1183b495    00000003     --HOLE-- [fill = 0]
                  1183b498    00000011               : sys_prin.o674 (.const:_digtohex)
                  1183b4a9    0000000f               : sys_prin.o674 (.const:.string)
                  1183b4b8    00000009     ti.pspiom.platforms.evm6748.audio.a674 : Audio.obj (.const:.string)
                  1183b4c1    00000003     --HOLE-- [fill = 0]
                  1183b4c4    00000008     edma3_drv_bios_sample.lib : bios_edma3_drv_sample_init_multi_edma.obj (.const)
                  1183b4cc    00000005     ti.pspiom.platforms.codec.a674 : Aic31.obj (.const:.string)
                  1183b4d1    00000003     --HOLE-- [fill = 0]
                  1183b4d4    00000001     bios.a674 : tsk.o674 (.const:.string)
                  1183b4d5    00000003     --HOLE-- [fill = 0]
                  1183b4d8    00000002     process_audio.obj (.const:_$P$T0$1)

.printf    0    1183b4da    00000059     COPY SECTION
                  1183b4da    00000059     audioSamplecfg.obj (.printf)

.args      0    1183b4dc    00000004     
                  1183b4dc    00000004     --HOLE-- [fill = 0]

.echoTask$stk 
*          0    1183b4e0    00002000     UNINITIALIZED
                  1183b4e0    00002000     audioSamplecfg.obj (.echoTask$stk)

.bss       0    1183d4e0    00000840     UNINITIALIZED
                  1183d4e0    00000440     audioSamplecfg.obj (.bss)
                  1183d920    00000100     bios.a674 : hwi_disp_asm.o674 (.bss)
                  1183da20    000000cc               : biosdata.o674 (.bss)
                  1183daec    0000009c               : swi.o674 (.bss)
                  1183db88    00000048               : knl.o674 (.bss)
                  1183dbd0    00000030     pwrm.a674 : pwrm.o674 (.bss)
                  1183dc00    00000020     bios.a674 : exc_asm.o674 (.bss)
                  1183dc20    0000001e     pwrm.a674 : pwrm_ini.o674 (.bss)
                  1183dc3e    00000002     edma3_drv_bios_c674.lib : edma3_drv_init.obj (.bss)
                  1183dc40    00000018     bios.a674 : hwi.o674 (.bss)
                  1183dc58    00000018     lnkrtdx.a674 : rtdx.o674 (.bss)
                  1183dc70    00000014     edma3_rm_bios.lib : edma3_rm_gbl_data.obj (.bss)
                  1183dc84    00000010     bios.a674 : exc.o674 (.bss)
                  1183dc94    00000010     rtdx64xplus.lib : buffer1.o64P (.bss)
                  1183dca4    00000010                     : rtdx_mon.o64P (.bss)
                  1183dcb4    0000000c     bios.a674 : tsk.o674 (.bss)
                  1183dcc0    0000000c     pmi_ctl_evm6748.a674 : pmi_volt6748evm.o674 (.bss)
                  1183dccc    0000000a     edma3_rm_bios.lib : edma3resmgr.obj (.bss)
                  1183dcd6    00000002     process_audio.obj (.bss)
                  1183dcd8    00000008     audioSample_io.obj (.bss)
                  1183dce0    00000008     bios.a674 : clk_data.o674 (.bss)
                  1183dce8    00000008               : sys.o674 (.bss)
                  1183dcf0    00000008     pscl.a674 : pscl.o674 (.bss)
                  1183dcf8    00000004     bios.a674 : clk_data2.o674 (.bss)
                  1183dcfc    00000004               : dev_init.o674 (.bss)
                  1183dd00    00000004               : idl_busy.o674 (.bss)
                  1183dd04    00000004               : mem_asm.o674 (.bss)
                  1183dd08    00000004               : tsk_disa.o674 (.bss)
                  1183dd0c    00000004     edma3_drv_bios_sample.lib : bios_edma3_drv_sample_c6748_cfg.obj (.bss)
                  1183dd10    00000004     pmi.a674 : pmi_init.o674 (.bss)
                  1183dd14    00000004              : pmi_pll.o674 (.bss)
                  1183dd18    00000004     pscl_cfg_evm6748.a674 : pscl_config_evm6748.o674 (.bss)
                  1183dd1c    00000004     ti.pspiom.mcasp.a674 : Mcasp.obj (.bss)

.switch    0    1183dd20    00000228     
                  1183dd20    000000a0     edma3_rm_bios.lib : edma3resmgr.obj (.switch)
                  1183ddc0    00000060     edma3_drv_bios_c674.lib : edma3_drv_adv.obj (.switch)
                  1183de20    00000058                             : edma3_drv_basic.obj (.switch)
                  1183de78    00000054     ti.pspiom.mcasp.a674 : Mcasp_ioctl.obj (.switch)
                  1183decc    00000038     ti.pspiom.i2c.a674 : I2c.obj (.switch)
                  1183df04    00000028     edma3_drv_bios_sample.lib : bios_edma3_drv_sample_cs_multi_edma.obj (.switch)
                  1183df2c    0000001c     ti.pspiom.mcasp.a674 : Mcasp_edma.obj (.switch)

.gblinit   0    1183df48    00000064     
                  1183df48    00000064     audioSamplecfg.obj (.gblinit)

.log       0    1183dfac    00000048     
                  1183dfac    00000048     audioSamplecfg.obj (.log)

.trcdata   0    1183dff4    0000000c     
                  1183dff4    0000000c     bios.a674 : trc.o674 (.trcdata)

.trace$buf 
*          0    1183e000    00001000     UNINITIALIZED
                  1183e000    00001000     audioSamplecfg.obj (.trace$buf)

.rtdx_data 
*          0    1183f000    000004f4     UNINITIALIZED
                  1183f000    00000080     --HOLE--
                  1183f080    00000410     audioSamplecfg.obj (.rtdx_data)
                  1183f490    00000044     rtdx64xplus.lib : rtdx_mon.o64P (.rtdx_data)
                  1183f4d4    00000020                     : buffer1.o64P (.rtdx_data)

.mem       0    1183f4f4    00000004     UNINITIALIZED
                  1183f4f4    00000004     audioSamplecfg.obj (.mem)

.TSK_idle$stk 
*          0    1183f4f8    00000400     UNINITIALIZED
                  1183f4f8    00000400     audioSamplecfg.obj (.TSK_idle$stk)

.trace     0    1183f8f8    00000200     
                  1183f8f8    00000200     --HOLE-- [fill = 00000000]

.hst0      0    1183faf8    00000100     UNINITIALIZED
                  1183faf8    00000100     audioSamplecfg.obj (.hst0)

.devtable 
*          0    1183fbf8    000000d8     UNINITIALIZED
                  1183fbf8    000000d8     audioSamplecfg.obj (.devtable)

.pip       0    1183fcd0    000000c8     UNINITIALIZED
                  1183fcd0    000000c8     audioSamplecfg.obj (.pip)

.tsk       0    1183fd98    000000c0     UNINITIALIZED
                  1183fd98    000000c0     audioSamplecfg.obj (.tsk)

.sts       0    1183fe58    00000040     
                  1183fe58    00000040     audioSamplecfg.obj (.sts)

.hst       0    1183fe98    0000003c     UNINITIALIZED
                  1183fe98    0000003c     audioSamplecfg.obj (.hst)

.swi       0    1183fed4    0000002c     UNINITIALIZED
                  1183fed4    0000002c     audioSamplecfg.obj (.swi)

.idlcal    0    1183ff00    00000010     UNINITIALIZED
                  1183ff00    00000010     audioSamplecfg.obj (.idlcal)

.sys       0    1183ff10    00000010     UNINITIALIZED
                  1183ff10    00000010     audioSamplecfg.obj (.sys)

.clk       0    1183ff20    00000008     UNINITIALIZED
                  1183ff20    00000008     audioSamplecfg.obj (.clk)

.DDR$heap 
*          0    c0000000    00030000     UNINITIALIZED
                  c0000000    00030000     --HOLE--

.text      0    c0030000    000296a0     
                  c0030000    00006240     edma3_rm_bios.lib : edma3resmgr.obj (.text)
                  c0036240    00002380     edma3_drv_bios_c674.lib : edma3_drv_basic.obj (.text)
                  c00385c0    000017c0                             : edma3_drv_adv.obj (.text)
                  c0039d80    00001120     ti.pspiom.mcasp.a674 : Mcasp_ioctl.obj (.text:_Mcasp_localSubmitIoctl)
                  c003aea0    000010e0     aes.obj (.text)
                  c003bf80    00000e20     modFunctions32.obj (.text)
                  c003cda0    00000bc0     pscl.a674 : pscl.o674 (.text)
                  c003d960    00000ac0     ti.pspiom.mcasp.a674 : Mcasp.obj (.text:_mcaspMdCreateChan)
                  c003e420    00000aa0     montExponentiation32.obj (.text)
                  c003eec0    000009a0     edma3_drv_bios_c674.lib : edma3_drv_init.obj (.text)
                  c003f860    000008a0     helpfulFunctions.obj (.text)
                  c0040100    00000820     additionalFunctions32.obj (.text)
                  c0040920    00000820     sha2.obj (.text)
                  c0041140    00000800     modularInverse32.obj (.text)
                  c0041940    00000780     pmi.a674 : pmi_pll.o674 (.text)
                  c00420c0    000006a0     ti.pspiom.i2c.a674 : I2c.obj (.text:_i2cIntrHandler)
                  c0042760    000006a0     keyEstablishmentFunctions32.obj (.text)
                  c0042e00    00000660     ti.pspiom.mcasp.a674 : Mcasp_edma.obj (.text:_Mcasp_localEdmaCallback)
                  c0043460    000005a0     rts6740.lib : divd.obj (.text:__divd)
                  c0043a00    000005a0     ti.pspiom.mcasp.a674 : Mcasp.obj (.text:_mcaspMdBindDev)
                  c0043fa0    00000580     rts6740.lib : _printfi.obj (.text:__getarg_diouxp)
                  c0044520    00000540     ti.pspiom.mcasp.a674 : Mcasp_edma.obj (.text:_Mcasp_localEdmaChanPaRAMsetup)
                  c0044a60    00000540     ti.pspiom.i2c.a674 : I2c.obj (.text:_i2cMdCreateChan)
                  c0044fa0    00000520     signatureMessage.obj (.text)
                  c00454c0    000004e0     edma3_drv_bios_sample.lib : bios_edma3_drv_sample_init_multi_edma.obj (.text)
                  c00459a0    000004a0     PRNG.obj (.text)
                  c0045e40    000004a0     ti.pspiom.mcasp.a674 : Mcasp.obj (.text:_Mcasp_localAbortReset)
                  c00462e0    00000480     rts6740.lib : _printfi.obj (.text:__setfield)
                  c0046760    00000480     verifySignature.obj (.text)
                  c0046be0    00000460     audioSample_io.obj (.text)
                  c0047040    00000440     ti.pspiom.i2c.a674 : I2c_edma.obj (.text:_I2c_completeIOedmaCallback)
                  c0047480    00000440     rts6740.lib : _printfi.obj (.text:__printfi)
                  c00478c0    00000440     ti.pspiom.platforms.codec.a674 : Aic31.obj (.text:_aic31MdControlChan)
                  c0047d00    00000440                                    : Aic31.obj (.text:_aic31SetSamplingRate)
                  c0048140    00000420     ti.pspiom.i2c.a674 : I2c.obj (.text:_i2cMdBindDev)
                  c0048560    00000420     process_audio.obj (.text)
                  c0048980    00000400     ti.pspiom.i2c.a674 : I2c.obj (.text:_i2cMdSubmitChan)
                  c0048d80    00000400                        : I2c.obj (.text:_i2cPolledModeTransfer)
                  c0049180    00000400     encryptDecrypt.obj (.text)
                  c0049580    000003c0     ti.pspiom.i2c.a674 : I2c.obj (.text:_i2cMdControlChan)
                  c0049940    000003a0     ti.pspiom.platforms.codec.a674 : Aic31.obj (.text:_aic31MdCreateChan)
                  c0049ce0    00000380     ti.pspiom.i2c.a674 : I2c.obj (.text:_i2cCompleteIOInIsr)
                  c004a060    00000380     edma3_drv_bios_sample.lib : bios_edma3_drv_sample_cs_multi_edma.obj (.text)
                  c004a3e0    00000340     ti.pspiom.mcasp.a674 : Mcasp_edma.obj (.text:_Mcasp_localUpdtDtPktToLnkPrms)
                  c004a720    00000340     ti.pspiom.platforms.evm6748.audio.a674 : Audio.obj (.text:_audioMdCreateChan)
                  c004aa60    00000340     ti.pspiom.i2c.a674 : I2c.obj (.text:_i2cTransfer)
                  c004ada0    00000340     useAES.obj (.text)
                  c004b0e0    00000320     ti.pspiom.mcasp.a674 : Mcasp_edma.obj (.text:_Mcasp_localGetIndicesSyncType)
                  c004b400    00000300     rts6740.lib : fputs.obj (.text:_fputs)
                  c004b700    00000300     ti.pspiom.mcasp.a674 : Mcasp.obj (.text:_mcaspMdDeleteChan)
                  c004ba00    000002c0     ti.pspiom.i2c.a674 : I2c.obj (.text:_I2cNotifyCallback)
                  c004bcc0    000002c0     ti.pspiom.mcasp.a674 : Mcasp.obj (.text:_Mcasp_localConfigXmtSection)
                  c004bf80    000002c0     rts6740.lib : _printfi.obj (.text:__pproc_fge)
                  c004c240    000002c0                 : _printfi.obj (.text:__pproc_fwp)
                  c004c500    000002c0     ti.pspiom.mcasp.a674 : Mcasp.obj (.text:_mcaspIsrInput)
                  c004c7c0    000002c0                          : Mcasp.obj (.text:_mcaspIsrOutput)
                  c004ca80    000002a0     ti.pspiom.i2c.a674 : I2c.obj (.text:_I2c_localEnsureIsReadyforNext)
                  c004cd20    000002a0     ti.pspiom.platforms.codec.a674 : Aic31.obj (.text:_aic31InitDac)
                  c004cfc0    000002a0     rts6740.lib : _printfi.obj (.text:_ecvt)
                  c004d260    000002a0                 : _printfi.obj (.text:_fcvt)
                  c004d500    00000280     ti.pspiom.mcasp.a674 : Mcasp.obj (.text:_Mcasp_localConfigRcvSection)
                  c004d780    00000280     drivers.a674 : dio_tsk.o674 (.text)
                  c004da00    00000260     ti.pspiom.i2c.a674 : I2c_edma.obj (.text:_I2c_localEdmaTransfer)
                  c004dc60    00000260     ti.pspiom.mcasp.a674 : Mcasp.obj (.text:_Mcasp_localSetupHwInfo)
                  c004dec0    00000260     rts6740.lib : imath64.obj (.text:__divull)
                  c004e120    00000260                 : _printfi.obj (.text:__pconv_e)
                  c004e380    00000260     ti.pspiom.platforms.codec.a674 : Aic31.obj (.text:_aic31SelectOutputDest)
                  c004e5e0    00000260     ti.pspiom.platforms.evm6748.audio.a674 : Audio.obj (.text:_audioSampleRateConfigure)
                  c004e840    00000260     ti.pspiom.mcasp.a674 : Mcasp_ioctl.obj (.text:_mcaspGetHwStatus)
                  c004eaa0    00000240     rts6740.lib : _printfi.obj (.text:__pproc_diouxp)
                  c004ece0    00000240     ti.pspiom.i2c.a674 : I2c.obj (.text:_i2cMdDeleteChan)
                  c004ef20    00000240     ti.pspiom.mcasp.a674 : Mcasp_ioctl.obj (.text:_mcaspConfigLoopBack)
                  c004f160    00000220     rts6740.lib : _printfi.obj (.text:__pproc_str)
                  c004f380    00000220     ti.pspiom.platforms.codec.a674 : Aic31.obj (.text:_aic31InitAdc)
                  c004f5a0    00000200     ti.pspiom.i2c.a674 : I2c.obj (.text:_I2cCalculateConstraints)
                  c004f7a0    00000200     rts6740.lib : _printfi.obj (.text:__pconv_g)
                  c004f9a0    00000200     ti.pspiom.platforms.codec.a674 : Aic31.obj (.text:_aic31DeinitDac)
                  c004fba0    00000200                                    : Aic31.obj (.text:_aic31I2cRead)
                  c004fda0    00000200     ti.pspiom.i2c.a674 : I2c.obj (.text:_i2cSoftReset)
                  c004ffa0    00000200     drivers.a674 : dio_tskDynamic.o674 (.text)
                  c00501a0    000001e0     ti.pspiom.mcasp.a674 : Mcasp_edma.obj (.text:_Mcasp_localSetupEdmaDuringOpen)
                  c0050380    000001c0     rts6740.lib : _printfi.obj (.text:__mcpy)
                  c0050540    000001c0     ti.pspiom.platforms.codec.a674 : Aic31.obj (.text:_aic31DeinitAdc)
                  c0050700    000001c0     ti.pspiom.platforms.evm6748.audio.a674 : Audio.obj (.text:_audioMdBindDev)
                  c00508c0    000001c0     ti.pspiom.mcasp.a674 : Mcasp.obj (.text:_mcaspSubmitReq)
                  c0050a80    000001c0     useSHA256.obj (.text)
                  c0050c40    000001a0     ti.pspiom.i2c.a674 : I2c.obj (.text:_I2cCalculateClkSettings)
                  c0050de0    000001a0                        : I2c.obj (.text:_I2c_loadPendedIops)
                  c0050f80    000001a0     rts6740.lib : imath40.obj (.text:__divul)
                  c0051120    000001a0     ti.pspiom.mcasp.a674 : Mcasp.obj (.text:_mcaspBitSetGblRCtl)
                  c00512c0    000001a0                          : Mcasp.obj (.text:_mcaspBitSetGblXCtl)
                  c0051460    000001a0     bios6748.a674 : pwrm_rel674.o674 (.text)
                  c0051600    000001a0                   : pwrm_set674.o674 (.text)
                  c00517a0    00000180     rts6740.lib : trgdrv.obj (.text:_HOSTrename)
                  c0051920    00000180     ti.pspiom.mcasp.a674 : Mcasp.obj (.text:_Mcasp_localLoadPktToEdma)
                  c0051aa0    00000180     ti.pspiom.platforms.codec.a674 : Aic31.obj (.text:_aic31I2cWrite)
                  c0051c20    00000180                                    : Aic31.obj (.text:_aic31MuteConfig)
                  c0051da0    00000180     ti.pspiom.i2c.a674 : I2c.obj (.text:_i2cCancelIO)
                  c0051f20    00000180     rts6740.lib : setvbuf.obj (.text:_setvbuf)
                  c00520a0    00000180     hmac.obj (.text)
                  c0052220    00000160     ti.pspiom.i2c.a674 : I2c.obj (.text:_I2c_localPrepareForTransfer)
                  c0052380    00000160                        : I2c.obj (.text:_i2cMdUnBindDev)
                  c00524e0    00000160     ti.pspiom.mcasp.a674 : Mcasp.obj (.text:_mcaspBitRemoveGblXCtl)
                  c0052640    00000160     maskGenerationFunction.obj (.text)
                  c00527a0    00000160     pwrm.a674 : _pwrm_updcst.o674 (.text)
                  c0052900    00000140     ti.pspiom.mcasp.a674 : Mcasp_edma.obj (.text:_Mcasp_localIsValidPacket)
                  c0052a40    00000140                          : Mcasp.obj (.text:_Mcasp_localSmReset)
                  c0052b80    00000140     rts6740.lib : _printfi.obj (.text:__pproc_fflags)
                  c0052cc0    00000140     ti.pspiom.platforms.codec.a674 : Aic31.obj (.text:_aic31MdDeleteChan)
                  c0052e00    00000140     rts6740.lib : fputc.obj (.text:_fputc)
                  c0052f40    00000140                 : lowlev.obj (.text:_getdevice)
                  c0053080    00000140     ti.pspiom.mcasp.a674 : Mcasp.obj (.text:_mcaspMdSubmitChan)
                  c00531c0    00000140                          : Mcasp_ioctl.obj (.text:_mcaspSetSamplingRate)
                  c0053300    00000140     audioSample_main.obj (.text)
                  c0053440    00000140     pwrm.a674 : pwrm_reg.o674 (.text)
                  c0053580    00000120     ti.pspiom.i2c.a674 : I2c.obj (.text:_I2cConfigureNewClkSettings)
                  c00536a0    00000120                        : I2c_edma.obj (.text:_I2c_localEdmaChanRequest)
                  c00537c0    00000120     ti.pspiom.mcasp.a674 : Mcasp.obj (.text:_Mcasp_init)
                  c00538e0    00000120                          : Mcasp.obj (.text:_Mcasp_localIsrSwiFxn)
                  c0053a00    00000120     rts6740.lib : fclose.obj (.text:_fclose)
                  c0053b20    00000120     ti.pspiom.i2c.a674 : I2c.obj (.text:_i2cWaitForBB)
                  c0053c40    00000120     ti.pspiom.mcasp.a674 : Mcasp_ioctl.obj (.text:_mcaspActivateClkRcvXmt)
                  c0053d60    00000120                          : Mcasp.obj (.text:_mcaspBitRemoveGblRCtl)
                  c0053e80    00000120                          : Mcasp.obj (.text:_mcaspBitSetGblCtl)
                  c0053fa0    00000100     rts6740.lib : trgdrv.obj (.text:_HOSTlseek)
                  c00540a0    00000100     ti.pspiom.i2c.a674 : I2c.obj (.text:_I2c_localLpscOff)
                  c00541a0    00000100                        : I2c.obj (.text:_I2c_restoreContext)
                  c00542a0    00000100                        : I2c_edma.obj (.text:_I2c_txCallback)
                  c00543a0    00000100     ti.pspiom.mcasp.a674 : Mcasp.obj (.text:_Mcasp_localSmSet)
                  c00544a0    00000100     rts6740.lib : _printfi.obj (.text:__ltostr)
                  c00545a0    00000100                 : _io_perm.obj (.text:__wrt_ok)
                  c00546a0    00000100     ti.pspiom.platforms.codec.a674 : Aic31.obj (.text:_aic31MdBindDev)
                  c00547a0    00000100                                    : Aic31.obj (.text:_aic31SelectInputSource)
                  c00548a0    00000100     rts6740.lib : sinit.obj (.text:_call_dtors)
                  c00549a0    00000100                 : fflush.obj (.text:_fflush)
                  c0054aa0    00000100     ti.pspiom.mcasp.a674 : Mcasp.obj (.text:_mcaspMdControlChan)
                  c0054ba0    00000100     pmi_ctl_evm6748.a674 : pmi_volt6748evm.o674 (.text)
                  c0054ca0    00000100     pwrm.a674 : pwrm_regcst.o674 (.text)
                  c0054da0    000000e0     rts6740.lib : trgdrv.obj (.text:_HOSTopen)
                  c0054e80    000000e0     ti.pspiom.i2c.a674 : I2c_edma.obj (.text:_I2c_rxCallback)
                  c0054f60    000000e0     ti.pspiom.mcasp.a674 : Mcasp.obj (.text:_Mcasp_localCancelAndAbortAllIo)
                  c0055040    000000e0     rts6740.lib : strasg.obj (.text:__strasgi)
                  c0055120    000000e0     ti.pspiom.platforms.codec.a674 : Aic31.obj (.text:_aic31RegWriteBf)
                  c0055200    000000e0     rts6740.lib : atoi.obj (.text:_atoi)
                  c00552e0    000000e0     ti.pspiom.platforms.evm6748.audio.a674 : Audio.obj (.text:_audioMdControlChan)
                  c00553c0    000000e0                                            : Audio.obj (.text:_audioMdDeleteChan)
                  c00554a0    000000e0     rts6740.lib : lowlev.obj (.text:_close)
                  c0055580    000000e0     ti.pspiom.mcasp.a674 : Mcasp_ioctl.obj (.text:_mcaspActivateRcvClkSer)
                  c0055660    000000e0                          : Mcasp_ioctl.obj (.text:_mcaspActivateXmtClkSer)
                  c0055740    000000e0                          : Mcasp.obj (.text:_mcaspRegisterInt)
                  c0055820    000000e0                          : Mcasp.obj (.text:_mcaspValidateBufferConfig)
                  c0055900    000000e0                          : Mcasp.obj (.text:_mcaspWriteChanStatRam)
                  c00559e0    000000e0                          : Mcasp.obj (.text:_mcaspWriteUserDataRam)
                  c0055ac0    000000e0     rts6740.lib : memset.obj (.text:_memset)
                  c0055ba0    000000e0     bios6748.a674 : _pwrm_initcounts.o674 (.text)
                  c0055c80    000000c0     rts6740.lib : trgdrv.obj (.text:_HOSTread)
                  c0055d40    000000c0                 : trgdrv.obj (.text:_HOSTunlink)
                  c0055e00    000000c0                 : trgdrv.obj (.text:_HOSTwrite)
                  c0055ec0    000000c0     ti.pspiom.i2c.a674 : I2c.obj (.text:_I2cRegisterNotification)
                  c0055f80    000000c0                        : I2c.obj (.text:_I2c_localGetNextChannel)
                  c0056040    000000c0                        : I2c.obj (.text:_I2c_saveContext)
                  c0056100    000000c0     ti.pspiom.mcasp.a674 : Mcasp.obj (.text:_Mcasp_localCompleteCurrentIo)
                  c00561c0    000000c0                          : Mcasp.obj (.text:_Mcasp_localEdmaProcessPkt)
                  c0056280    000000c0     rts6740.lib : fopen.obj (.text:__cleanup)
                  c0056340    000000c0                 : _printfi.obj (.text:__div)
                  c0056400    000000c0                 : divu.obj (.text:__divu)
                  c00564c0    000000c0                 : fflush.obj (.text:__doflush)
                  c0056580    000000c0                 : atexit.obj (.text:_atexit)
                  c0056640    000000c0                 : fseek.obj (.text:_fseek)
                  c0056700    000000c0                 : lowlev.obj (.text:_lseek)
                  c00567c0    000000c0                 : ltoa.obj (.text:_ltoa)
                  c0056880    000000c0     ti.pspiom.mcasp.a674 : Mcasp.obj (.text:_mcaspInit)
                  c0056940    000000c0                          : Mcasp.obj (.text:_mcaspUnRegisterInt)
                  c0056a00    000000c0     rts6740.lib : lowlev.obj (.text:_write)
                  c0056ac0    000000c0     bios.a674 : tsk_stup.o674 (.text)
                  c0056b80    000000c0     pwrm.a674 : pwrm_spi674.o674 (.text)
                  c0056c40    000000a0     ti.pspiom.platforms.evm6748.audio.a674 : Audio.obj (.text:_Audio_init)
                  c0056ce0    000000a0     rts6740.lib : trgdrv.obj (.text:_HOSTclose)
                  c0056d80    000000a0                 : trgdrv.obj (.text:_HOSTtime)
                  c0056e20    000000a0     ti.pspiom.i2c.a674 : I2c.obj (.text:_I2cConfigureNewVfSettings)
                  c0056ec0    000000a0                        : I2c.obj (.text:_I2cUnregisterConstraints)
                  c0056f60    000000a0                        : I2c.obj (.text:_I2cUnregisterNotification)
                  c0057000    000000a0                        : I2c.obj (.text:_I2c_init)
                  c00570a0    000000a0     ti.pspiom.mcasp.a674 : Mcasp.obj (.text:_Mcasp_localResetXmt)
                  c0057140    000000a0     rts6740.lib : imath40.obj (.text:__divli)
                  c00571e0    000000a0                 : _printfi.obj (.text:__ecpy)
                  c0057280    000000a0                 : _printfi.obj (.text:__fcpy)
                  c0057320    000000a0                 : fixdli.obj (.text:__fixdli)
                  c00573c0    000000a0                 : _printfi.obj (.text:__pconv_f)
                  c0057460    000000a0                 : remu.obj (.text:__remu)
                  c0057500    000000a0                 : lowlev.obj (.text:_finddevice)
                  c00575a0    000000a0     ti.pspiom.mcasp.a674 : Mcasp.obj (.text:_mcaspConfigureFifo)
                  c0057640    000000a0                          : Mcasp.obj (.text:_mcaspConfigureXmtChannel)
                  c00576e0    000000a0                          : Mcasp.obj (.text:_mcaspMdUnBindDev)
                  c0057780    000000a0                          : Mcasp_ioctl.obj (.text:_mcaspReadXmtConfig)
                  c0057820    000000a0     rts6740.lib : memcpy64.obj (.text:_memcpy)
                  c00578c0    000000a0     bios6748.a674 : pwrm_get674.o674 (.text)
                  c0057960    000000a0     pwrm.a674 : pwrm.o674 (.text)
                  c0057a00    000000a0               : pwrm_urgcst.o674 (.text)
                  c0057aa0    00000080     ti.pspiom.mcasp.a674 : Mcasp.obj (.text:_Mcasp_localActivateSmFsForBoth)
                  c0057b20    00000080     rts6740.lib : fixdu.obj (.text:__fixdu)
                  c0057ba0    00000080                 : fltlid.obj (.text:__fltlid)
                  c0057c20    00000080                 : llshift.obj (.text:__llshl)
                  c0057ca0    00000080     ti.pspiom.platforms.evm6748.evmInit.a674 : audio_evmInit.obj (.text:_configureAudio)
                  c0057d20    00000080     rts6740.lib : fprintf.obj (.text:_fprintf)
                  c0057da0    00000080     ti.pspiom.i2c.a674 : I2c.obj (.text:_i2cCalculateClockSettings)
                  c0057e20    00000080                        : I2c.obj (.text:_i2cRegisterIntrHandler)
                  c0057ea0    00000080     ti.pspiom.mcasp.a674 : Mcasp.obj (.text:_mcaspMultiSerInitializationRcv)
                  c0057f20    00000080                          : Mcasp.obj (.text:_mcaspMultiSerInitializationXmt)
                  c0057fa0    00000080                          : Mcasp_ioctl.obj (.text:_mcaspReadRcvConfig)
                  c0058020    00000080     rts6740.lib : printf.obj (.text:_printf)
                  c00580a0    00000080                 : trgmsg.obj (.text:_readmsg)
                  c0058120    00000080                 : lowlev.obj (.text:_unlink)
                  c00581a0    00000080     pwrm.a674 : pwrm_gsp674.o674 (.text)
                  c0058220    00000080               : pwrm_nsp674.o674 (.text)
                  c00582a0    00000060     ti.pspiom.platforms.codec.a674 : Aic31.obj (.text:_Aic31_init)
                  c0058300    00000060     ti.pspiom.mcasp.a674 : Mcasp_ioctl.obj (.text:_Mcasp_localAbortRequests)
                  c0058360    00000060                          : Mcasp.obj (.text:_Mcasp_localActivateSmFsForRcv)
                  c00583c0    00000060                          : Mcasp.obj (.text:_Mcasp_localActivateSmFsForXmt)
                  c0058420    00000060                          : Mcasp.obj (.text:_Mcasp_localResetRcv)
                  c0058480    00000060     rts6740.lib : assert.obj (.text:__abort_msg)
                  c00584e0    00000060                 : imath64.obj (.text:__subcull)
                  c0058540    00000060     ti.pspiom.platforms.codec.a674 : Aic31.obj (.text:_aic31CtrlBusRead)
                  c00585a0    00000060                                    : Aic31.obj (.text:_aic31CtrlBusWrite)
                  c0058600    00000060     ti.pspiom.platforms.evm6748.audio.a674 : Audio.obj (.text:_audioMdSubmitChan)
                  c0058660    00000060                                            : Audio.obj (.text:_audioMdUnBindDev)
                  c00586c0    00000060     ti.pspiom.platforms.evm6748.evmInit.a674 : audio_evmInit.obj (.text:_audioUserI2cInit)
                  c0058720    00000060     ti.pspiom.mcasp.a674 : Mcasp_ioctl.obj (.text:_mcaspDeviceInfoGet)
                  c0058780    00000060                          : Mcasp.obj (.text:_mcaspIsRequestedSerzsFree)
                  c00587e0    00000060                          : Mcasp.obj (.text:_mcaspMultiSerGlobalRestore)
                  c0058840    00000060                          : Mcasp.obj (.text:_mcaspSetDitMode)
                  c00588a0    00000060                          : Mcasp.obj (.text:_mcaspSetSerRcv)
                  c0058900    00000060                          : Mcasp.obj (.text:_mcaspSetSerXmt)
                  c0058960    00000060     rts6740.lib : memccpy.obj (.text:_memccpy)
                  c00589c0    00000060                 : trgmsg.obj (.text:_writemsg)
                  c0058a20    00000060     pmi.a674 : pmi_init.o674 (.text)
                  c0058a80    00000060     pwrm.a674 : pwrm_urg.o674 (.text)
                  c0058ae0    00000040     ti.pspiom.i2c.a674 : I2c.obj (.text:_I2cSuspendCurrentIops)
                  c0058b20    00000040     rts6740.lib : sinit.obj (.text:___add_dtor)
                  c0058b60    00000040                 : isinf.obj (.text:___isinf)
                  c0058ba0    00000040                 : _printfi.obj (.text:___isnan)
                  c0058be0    00000040                 : frcmpyd_div.obj (.text:__frcmpyd_div)
                  c0058c20    00000040                 : llshift.obj (.text:__llshru)
                  c0058c60    00000040                 : imath40.obj (.text:__remli)
                  c0058ca0    00000040                 : strasg.obj (.text:__strasgi_64plus)
                  c0058ce0    00000040     ti.pspiom.platforms.codec.a674 : Aic31.obj (.text:_aic31MdUnBindDev)
                  c0058d20    00000040                                    : Aic31.obj (.text:_aic31RegRead)
                  c0058d60    00000040                                    : Aic31.obj (.text:_aic31RegWrite)
                  c0058da0    00000040     ti.pspiom.mcasp.a674 : Mcasp_ioctl.obj (.text:_mcaspGetSerMode)
                  c0058de0    00000040                          : Mcasp_ioctl.obj (.text:_mcaspGetSerRcvReady)
                  c0058e20    00000040                          : Mcasp_ioctl.obj (.text:_mcaspGetSerXmtReady)
                  c0058e60    00000040                          : Mcasp_ioctl.obj (.text:_mcaspGetSmFsRcv)
                  c0058ea0    00000040                          : Mcasp_ioctl.obj (.text:_mcaspGetSmFsXmt)
                  c0058ee0    00000040     rts6740.lib : time.obj (.text:_time)
                  c0058f20    00000040     drivers.a674 : dio.o674 (.text)
                  c0058f60    00000020     ti.pspiom.mcasp.a674 : Mcasp.obj (.text:_Mcasp_localGetNextIndex)
                  c0058f80    00000020     rts6740.lib : negll.obj (.text:__negll)
                  c0058fa0    00000020                 : _lock.obj (.text:__nop)
                  c0058fc0    00000020                 : fprintf.obj (.text:__outc)
                  c0058fe0    00000020                 : printf.obj (.text:__outc)
                  c0059000    00000020                 : fprintf.obj (.text:__outs)
                  c0059020    00000020                 : printf.obj (.text:__outs)
                  c0059040    00000020                 : _lock.obj (.text:__register_lock)
                  c0059060    00000020                 : _lock.obj (.text:__register_unlock)
                  c0059080    00000020                 : exit.obj (.text:_abort)
                  c00590a0    00000020     ti.pspiom.platforms.codec.a674 : Aic31.obj (.text:_aic31CallBack)
                  c00590c0    00000020                                    : Aic31.obj (.text:_aic31MdSubmitChan)
                  c00590e0    00000020     ti.pspiom.mcasp.a674 : Mcasp.obj (.text:_mcaspIsr)
                  c0059100    00000020     rts6740.lib : remove.obj (.text:_remove)
                  c0059120    00000020     bios.a674 : que_get.o674 ($Tramp$S$$_QUE_get)
                  c0059140    00000020               : que_get.o674 ($Tramp$S$$_QUE_put)
                  c0059160    00000020     pmi_ctl_evm6748.a674 : pmi_volt6748evm.o674 ($Tramp$S$$_PMI_setVoltage)
                  c0059180    00000020                          : pmi_volt6748evm.o674 ($Tramp$S$$_PMI_getVoltage)
                  c00591a0    00000020     bios6748.a674 : bcache_block.o674 ($Tramp$S$$_BCACHE_wb)
                  c00591c0    00000020     bios.a674 : ecm_enableEvent.o674 ($Tramp$S$$_ECM_enableEvent)
                  c00591e0    00000020     pmi.a674 : pmi_pll.o674 ($Tramp$S$$_PMI_bypassPLL)
                  c0059200    00000020              : pmi_relock1.o674 ($Tramp$S$$_PMI_waitCpuCycles)
                  c0059220    00000020              : pmi_onchip.o674 ($Tramp$S$$_PMI_goRelockPLL1)
                  c0059240    00000020     bios.a674 : swi_crea.o674 ($Tramp$S$$_SWI_create)
                  c0059260    00000020               : hwi_c.o674 ($Tramp$S$$_HWI_disable)
                  c0059280    00000020               : ecm_disableEvent.o674 ($Tramp$S$$_ECM_disableEvent)
                  c00592a0    00000020               : hwi_c.o674 ($Tramp$S$$_HWI_restore)
                  c00592c0    00000020               : ecm_dispatchPlug.o674 ($Tramp$S$$_ECM_dispatchPlug)
                  c00592e0    00000020               : c62_c.o674 ($Tramp$S$$_C64_enableIER)
                  c0059300    00000010     sioboth.a674 : sio_crea.o674 ($Tramp$S$$_SIO_create)
                  c0059310    00000010     bios.a674 : log_printf.o674 ($Tramp$S$$_LOG_printf)
                  c0059320    00000010               : mem_vall.o674 ($Tramp$S$$_MEM_valloc)
                  c0059330    00000010     sioboth.a674 : sio_issu.o674 ($Tramp$S$$_SIO_issue)
                  c0059340    00000010                  : sio_recl.o674 ($Tramp$S$$_SIO_reclaim)
                  c0059350    00000010     bios.a674 : malloc.o674 ($Tramp$S$$_free)
                  c0059360    00000020     bios6748.a674 : clk_gethtime.o674 ($Tramp$S$$_CLK_gethtime)
                  c0059380    00000020     bios.a674 : dev_matc.o674 ($Tramp$S$$_DEV_match)
                  c00593a0    00000020               : sem_pend_counting.o674 ($Tramp$S$$_SEM_pend)
                  c00593c0    00000020               : sem_post_asm.o674 ($Tramp$S$$_SEM_post)
                  c00593e0    00000020               : sem_dele.o674 ($Tramp$S$$_SEM_delete)
                  c0059400    00000020               : sem_crea.o674 ($Tramp$S$$_SEM_create)
                  c0059420    00000020               : tsk_disa.o674 ($Tramp$S$$_TSK_enable)
                  c0059440    00000020               : tsk_disa.o674 ($Tramp$S$$_TSK_disable)
                  c0059460    00000020     bios6748.a674 : bcache_block.o674 ($Tramp$S$$_BCACHE_inv)
                  c0059480    00000020                   : bcache_block.o674 ($Tramp$S$$_BCACHE_wbInv)
                  c00594a0    00000020     bios.a674 : mem_free.o674 ($Tramp$S$$_MEM_free)
                  c00594c0    00000020               : mem_vall.o674 ($Tramp$S$$_MEM_valloc)
                  c00594e0    00000020               : swi_disable.o674 ($Tramp$S$$_SWI_disable)
                  c0059500    00000020     pmi.a674 : pmi_ms.o674 ($Tramp$S$$_PMI_setModuleState)
                  c0059520    00000020              : pmi_ms.o674 ($Tramp$S$$_PMI_getModuleState)
                  c0059540    00000020     bios.a674 : swi_disable.o674 ($Tramp$S$$_SWI_enable)
                  c0059560    00000010               : malloc.o674 ($Tramp$S$$_malloc)
                  c0059570    00000010     --HOLE-- [fill = 0]
                  c0059580    00000020               : sys_prin.o674 ($Tramp$S$$_SYS_printf)
                  c00595a0    00000020     pmi_ctl_evm6748.a674 : pmi_i2c.o674 ($Tramp$S$$_PMI_initI2C)
                  c00595c0    00000020                          : pmi_i2c.o674 ($Tramp$S$$_PMI_writeI2C)
                  c00595e0    00000020                          : pmi_i2c.o674 ($Tramp$S$$_PMI_readI2C)
                  c0059600    00000020     bios.a674 : lck.o674 ($Tramp$S$$_LCK_post)
                  c0059620    00000020               : lck.o674 ($Tramp$S$$_LCK_pend)
                  c0059640    00000020               : sys_abor.o674 ($Tramp$S$$_SYS_abort)
                  c0059660    00000020               : atm.o674 ($Tramp$S$$_ATM_deci)
                  c0059680    00000020               : swi.o674 ($Tramp$S$$_SWI_post)

.bios      0    c00596a0    00005bc0     
                  c00596a0    00000780     bios.a674 : sys_prin.o674 (.bios)
                  c0059e20    000005c0     lnkrtdx.a674 : rtdx.o674 (.bios)
                  c005a3e0    00000580     bios.a674 : exc.o674 (.bios)
                  c005a960    000004e0               : hwi_disp_asm.o674 (.bios)
                  c005ae40    000004c0               : swi.o674 (.bios)
                  c005b300    00000380               : prd.o674 (.bios)
                  c005b680    00000320     sioboth.a674 : sio_crea.o674 (.bios)
                  c005b9a0    00000280     bios.a674 : malloc.o674 (.bios)
                  c005bc20    00000280               : rta.o674 (.bios)
                  c005bea0    00000240               : knl_run.o674 (.bios)
                  c005c0e0    00000200               : mem_allo.o674 (.bios:.near)
                  c005c2e0    00000200               : knl_tick.o674 (.bios)
                  c005c4e0    000001e0               : mem_free.o674 (.bios:.near)
                  c005c6c0    000001e0               : exc_asm.o674 (.bios)
                  c005c8a0    000001e0               : pip.o674 (.bios)
                  c005ca80    000001e0               : sem_pend.o674 (.bios)
                  c005cc60    000001e0     sioboth.a674 : sio_dele.o674 (.bios)
                  c005ce40    000001a0     bios.a674 : sem_dopo.o674 (.bios)
                  c005cfe0    000001a0               : tsk_setu.o674 (.bios)
                  c005d180    000001a0     bios6748.a674 : clk.o674 (.bios)
                  c005d320    00000180     bios.a674 : knl_swit.o674 (.bios)
                  c005d4a0    00000180     bios6748.a674 : bcache_block.o674 (.bios)
                  c005d620    00000140     bios.a674 : autoinit.o674 (.bios)
                  c005d760    00000140               : tsk_exit.o674 (.bios)
                  c005d8a0    00000140     bios6748.a674 : bcache_init.o674 (.bios)
                  c005d9e0    00000120     bios.a674 : gbl_cacheinit64P.o674 (.bios)
                  c005db00    00000120               : knl_chec.o674 (.bios)
                  c005dc20    00000120               : tsk_stup.o674 (.bios)
                  c005dd40    00000100               : ecm_dispatch.o674 (.bios)
                  c005de40    000000e0               : sem_post_asm.o674 (.bios)
                  c005df20    000000c0               : dev_matc.o674 (.bios)
                  c005dfe0    000000c0               : knl_exit.o674 (.bios)
                  c005e0a0    000000c0     sioboth.a674 : sio_recl.o674 (.bios)
                  c005e160    000000a0     bios.a674 : dev_mkfr.o674 (.bios)
                  c005e200    000000a0               : obj_crea.o674 (.bios)
                  c005e2a0    000000a0               : sem_post.o674 (.bios)
                  c005e340    000000a0               : swi_seta.o674 (.bios)
                  c005e3e0    000000a0               : sys_exit.o674 (.bios)
                  c005e480    000000a0     log8.a674 : log_ts.o674 (.bios)
                  c005e520    00000080     bios.a674 : atm.o674 (.bios)
                  c005e5a0    00000080               : knl_ipos.o674 (.bios)
                  c005e620    00000080               : knl_post.o674 (.bios)
                  c005e6a0    00000080               : lck.o674 (.bios)
                  c005e720    00000080               : sem_crea.o674 (.bios)
                  c005e7a0    00000080               : swi_crea.o674 (.bios)
                  c005e820    00000080               : tsk_disa.o674 (.bios)
                  c005e8a0    00000080     bios6748.a674 : bcache_wait.o674 (.bios)
                  c005e920    00000080                   : idl_cal.o674 (.bios)
                  c005e9a0    00000080     sioboth.a674 : sio_issu.o674 (.bios)
                  c005ea20    00000060     bios.a674 : mem_vall.o674 (.bios:.near)
                  c005ea80    00000060               : sys_erro.o674 (.bios:.near)
                  c005eae0    00000060               : dev_rmfr.o674 (.bios)
                  c005eb40    00000060               : fxn.o674 (.bios)
                  c005eba0    00000060               : hwi_c.o674 (.bios)
                  c005ec00    00000060               : idl_busy.o674 (.bios)
                  c005ec60    00000060               : obj_dele.o674 (.bios)
                  c005ecc0    00000060               : sem_pend_counting.o674 (.bios)
                  c005ed20    00000060               : sts.o674 (.bios)
                  c005ed80    00000060               : swi_disable.o674 (.bios)
                  c005ede0    00000060               : sys_abor.o674 (.bios)
                  c005ee40    00000060     bios6748.a674 : clk_meas.o674 (.bios)
                  c005eea0    00000040     bios.a674 : c62_c.o674 (.bios)
                  c005eee0    00000040               : ecm_disableEvent.o674 (.bios)
                  c005ef20    00000040               : ecm_dispatchPlug.o674 (.bios)
                  c005ef60    00000040               : ecm_enableEvent.o674 (.bios)
                  c005efa0    00000040               : idl_stub.o674 (.bios)
                  c005efe0    00000040               : que_crea.o674 (.bios)
                  c005f020    00000040               : que_get.o674 (.bios)
                  c005f060    00000040               : rta_andn.o674 (.bios)
                  c005f0a0    00000040               : utl_doab.o674 (.bios)
                  c005f0e0    00000040               : utl_putc.o674 (.bios)
                  c005f120    00000020               : fxn_c.o674 (.bios)
                  c005f140    00000020               : gbl_vers.o674 (.bios)
                  c005f160    00000020               : idl.o674 (.bios)
                  c005f180    00000020               : log_printf.o674 (.bios)
                  c005f1a0    00000020               : sem_dele.o674 (.bios)
                  c005f1c0    00000020               : sts_set.o674 (.bios)
                  c005f1e0    00000020               : sys_one.o674 (.bios)
                  c005f200    00000020               : utl_doer.o674 (.bios)
                  c005f220    00000020               : utl_halt.o674 (.bios)
                  c005f240    00000020     bios6748.a674 : clk_gethtime.o674 (.bios)

.rtdx_text 
*          0    c005f260    00000fc0     
                  c005f260    000002a0     rtdx64xplus.lib : rtdx_mon.o64P (.rtdx_text:_HSRTDX_rec)
                  c005f500    00000260                     : buffer1.o64P (.rtdx_text:_RTDX_Buffer_WriteCB)
                  c005f760    00000260                     : buffer1.o64P (.rtdx_text:_RTDX_write_next)
                  c005f9c0    000001a0                     : rtdx_mon.o64P (.rtdx_text:_HSRTDX_xmt)
                  c005fb60    00000160                     : rtdx_mon.o64P (.rtdx_text:_RTDX_Send_To_Host)
                  c005fcc0    000000e0                     : rtdx_mon.o64P (.rtdx_text:_RTDX_Mon_Queue)
                  c005fda0    000000e0                     : buffer1.o64P (.rtdx_text:_claim)
                  c005fe80    000000a0                     : rtdx_mon.o64P (.rtdx_text:_RTDX_GetH2THeader)
                  c005ff20    000000a0                     : rtdx_mon.o64P (.rtdx_text:_RTDX_Poll)
                  c005ffc0    00000080                     : rtdx_mon.o64P (.rtdx_text:_RTDX_Final_RT_Monitor)
                  c0060040    00000060                     : buffer1.o64P (.rtdx_text:_RTDX_Buffer_Initialize)
                  c00600a0    00000060                     : rtdx_mon.o64P (.rtdx_text:_RTDX_Init_RT_Monitor)
                  c0060100    00000040                     : buffer2.o64P (.rtdx_text:_RTDX_Buffer_ReadCB)
                  c0060140    00000040                     : buffer1.o64P (.rtdx_text:_RTDX_Buffer_Size)
                  c0060180    00000040                     : memfill.o64P (.rtdx_text:_RTDX_memfill)
                  c00601c0    00000020                     : buffer2.o64P (.rtdx_text:_RTDX_Buffer_Read)
                  c00601e0    00000020                     : buffer1.o64P (.rtdx_text:_RTDX_Buffer_Write)
                  c0060200    00000020                     : intr_tgt.o64P (.rtdx_text)

.sysinit   0    c0060220    00000800     
                  c0060220    00000400     audioSamplecfg.obj (.sysinit)
                  c0060620    00000100     bios.a674 : dev_init.o674 (.sysinit)
                  c0060720    00000100     pwrm.a674 : pwrm_ini.o674 (.sysinit)
                  c0060820    000000c0     bios.a674 : boot.o674 (.sysinit)
                  c00608e0    000000c0               : mem_init.o674 (.sysinit)
                  c00609a0    00000060               : tsk_init.o674 (.sysinit)
                  c0060a00    00000020     drivers.a674 : dio.o674 (.sysinit)

.hwi_vec   0    c0060c00    00000200     
                  c0060c00    00000200     audioSamplecfg.obj (.hwi_vec)


FAR CALL TRAMPOLINES

callee name               trampoline name
   callee addr  tramp addr   call addr  call info
--------------  -----------  ---------  ----------------
$.bios:bios.a674<que_get.o674>$0x0  $Tramp$S$$_QUE_get
   c005f020     c0059120     c003a1d4   ti.pspiom.mcasp.a674 : Mcasp_ioctl.obj (.text:_Mcasp_localSubmitIoctl)
                             c003a494                        : Mcasp_ioctl.obj (.text:_Mcasp_localSubmitIoctl)
                             c0042e58                        : Mcasp_edma.obj (.text:_Mcasp_localEdmaCallback)
                             c0042f0c                        : Mcasp_edma.obj (.text:_Mcasp_localEdmaCallback)
                             c0042f98                        : Mcasp_edma.obj (.text:_Mcasp_localEdmaCallback)
                             c0043038                        : Mcasp_edma.obj (.text:_Mcasp_localEdmaCallback)
                             c00430a4                        : Mcasp_edma.obj (.text:_Mcasp_localEdmaCallback)
                             c0046074                        : Mcasp.obj (.text:_Mcasp_localAbortReset)
                             c0046134                        : Mcasp.obj (.text:_Mcasp_localAbortReset)
                             c0046168                        : Mcasp.obj (.text:_Mcasp_localAbortReset)
                             c00461e4                        : Mcasp.obj (.text:_Mcasp_localAbortReset)
                             c004728c   ti.pspiom.i2c.a674 : I2c_edma.obj (.text:_I2c_completeIOedmaCallback)
                             c0049e60                      : I2c.obj (.text:_i2cCompleteIOInIsr)
                             c004d7d4   drivers.a674 : dio_tsk.o674 (.text)
                             c0050e30   ti.pspiom.i2c.a674 : I2c.obj (.text:_I2c_loadPendedIops)
                             c0052954   ti.pspiom.mcasp.a674 : Mcasp_edma.obj (.text:_Mcasp_localIsValidPacket)
$.bios:bios.a674<que_get.o674>$0x28  $Tramp$S$$_QUE_put
   c005f048     c0059140     c003a1f8   ti.pspiom.mcasp.a674 : Mcasp_ioctl.obj (.text:_Mcasp_localSubmitIoctl)
                             c003a4b8                        : Mcasp_ioctl.obj (.text:_Mcasp_localSubmitIoctl)
                             c0042f10                        : Mcasp_edma.obj (.text:_Mcasp_localEdmaCallback)
                             c0042f20                        : Mcasp_edma.obj (.text:_Mcasp_localEdmaCallback)
                             c0042f9c                        : Mcasp_edma.obj (.text:_Mcasp_localEdmaCallback)
                             c0042fa8                        : Mcasp_edma.obj (.text:_Mcasp_localEdmaCallback)
                             c004303c                        : Mcasp_edma.obj (.text:_Mcasp_localEdmaCallback)
                             c0043048                        : Mcasp_edma.obj (.text:_Mcasp_localEdmaCallback)
                             c0043428                        : Mcasp_edma.obj (.text:_Mcasp_localEdmaCallback)
                             c0043434                        : Mcasp_edma.obj (.text:_Mcasp_localEdmaCallback)
                             c0048bd4   ti.pspiom.i2c.a674 : I2c.obj (.text:_i2cMdSubmitChan)
                             c004d83c   drivers.a674 : dio_tsk.o674 (.text)
                             c004d980                : dio_tsk.o674 (.text)
                             c00509e4   ti.pspiom.mcasp.a674 : Mcasp.obj (.text:_mcaspSubmitReq)
                             c0050a0c                        : Mcasp.obj (.text:_mcaspSubmitReq)
                             c00529c0                        : Mcasp_edma.obj (.text:_Mcasp_localIsValidPacket)
                             c0053504   pwrm.a674 : pwrm_reg.o674 (.text)
                             c0054d28             : pwrm_regcst.o674 (.text)
$.pmonchip:slp:pmi_ctl_evm6748.a674<pmi_volt6748evm.o674>$0x0  $Tramp$S$$_PMI_setVoltage
   1182e880     c0059160     c003ced4   pscl.a674 : pscl.o674 (.text)
                             c003cf4c             : pscl.o674 (.text)
$.pmonchip:slp:pmi_ctl_evm6748.a674<pmi_volt6748evm.o674>$0x104  $Tramp$S$$_PMI_getVoltage
   1182e984     c0059180     c003d778   pscl.a674 : pscl.o674 (.text)
$.bios:bios6748.a674<bcache_block.o674>$0x144  $Tramp$S$$_BCACHE_wb
   c005d5e4     c00591a0     c003db38   ti.pspiom.mcasp.a674 : Mcasp.obj (.text:_mcaspMdCreateChan)
                             c003db68                        : Mcasp.obj (.text:_mcaspMdCreateChan)
                             c003db94                        : Mcasp.obj (.text:_mcaspMdCreateChan)
                             c004a3b0   edma3_drv_bios_sample.lib : bios_edma3_drv_sample_cs_multi_edma.obj (.text)
                             c005092c   ti.pspiom.mcasp.a674 : Mcasp.obj (.text:_mcaspSubmitReq)
$.bios:bios.a674<ecm_enableEvent.o674>$0x0  $Tramp$S$$_ECM_enableEvent
   c005ef60     c00591c0     c003e244   ti.pspiom.mcasp.a674 : Mcasp.obj (.text:_mcaspMdCreateChan)
                             c003e25c                        : Mcasp.obj (.text:_mcaspMdCreateChan)
                             c003e2a0                        : Mcasp.obj (.text:_mcaspMdCreateChan)
                             c003e2e4                        : Mcasp.obj (.text:_mcaspMdCreateChan)
                             c00455cc   edma3_drv_bios_sample.lib : bios_edma3_drv_sample_init_multi_edma.obj (.text)
                             c00455fc                             : bios_edma3_drv_sample_init_multi_edma.obj (.text)
                             c0045660                             : bios_edma3_drv_sample_init_multi_edma.obj (.text)
                             c004a1f8                             : bios_edma3_drv_sample_cs_multi_edma.obj (.text)
                             c004a214                             : bios_edma3_drv_sample_cs_multi_edma.obj (.text)
                             c004a228                             : bios_edma3_drv_sample_cs_multi_edma.obj (.text)
                             c0051274   ti.pspiom.mcasp.a674 : Mcasp.obj (.text:_mcaspBitSetGblRCtl)
                             c0051424                        : Mcasp.obj (.text:_mcaspBitSetGblXCtl)
                             c0057e60   ti.pspiom.i2c.a674 : I2c.obj (.text:_i2cRegisterIntrHandler)
$.pmonchip:slp:pmi.a674<pmi_pll.o674>$0x0  $Tramp$S$$_PMI_bypassPLL
   1182ece0     c00591e0     c0041a40   pmi.a674 : pmi_pll.o674 (.text)
                             c0041a6c            : pmi_pll.o674 (.text)
                             c0041d98            : pmi_pll.o674 (.text)
                             c0041e18            : pmi_pll.o674 (.text)
$.pmonchip:pmi.a674<pmi_relock1.o674>$0x0  $Tramp$S$$_PMI_waitCpuCycles
   1182e560     c0059200     c0041cb4   pmi.a674 : pmi_pll.o674 (.text)
                             c0041e48            : pmi_pll.o674 (.text)
$.pmonchip:pmi.a674<pmi_onchip.o674>$0x0  $Tramp$S$$_PMI_goRelockPLL1
   1182eba0     c0059220     c0041e90   pmi.a674 : pmi_pll.o674 (.text)
$.bios:bios.a674<swi_crea.o674>$0x0  $Tramp$S$$_SWI_create
   c005e7a0     c0059240     c0043f18   ti.pspiom.mcasp.a674 : Mcasp.obj (.text:_mcaspMdBindDev)
$.bios:bios.a674<hwi_c.o674>$0x0  $Tramp$S$$_HWI_disable
   c005eba0     c0059260     c00454c8   edma3_drv_bios_sample.lib : bios_edma3_drv_sample_init_multi_edma.obj (.text)
                             c0045590                             : bios_edma3_drv_sample_init_multi_edma.obj (.text)
                             c004a348                             : bios_edma3_drv_sample_cs_multi_edma.obj (.text)
$.bios:bios.a674<ecm_disableEvent.o674>$0x0  $Tramp$S$$_ECM_disableEvent
   c005eee0     c0059280     c00454d8   edma3_drv_bios_sample.lib : bios_edma3_drv_sample_init_multi_edma.obj (.text)
                             c00454f0                             : bios_edma3_drv_sample_init_multi_edma.obj (.text)
                             c0045520                             : bios_edma3_drv_sample_init_multi_edma.obj (.text)
                             c0045544                             : bios_edma3_drv_sample_init_multi_edma.obj (.text)
                             c004a2d0                             : bios_edma3_drv_sample_cs_multi_edma.obj (.text)
                             c004a300                             : bios_edma3_drv_sample_cs_multi_edma.obj (.text)
                             c004a320                             : bios_edma3_drv_sample_cs_multi_edma.obj (.text)
                             c004ed70   ti.pspiom.i2c.a674 : I2c.obj (.text:_i2cMdDeleteChan)
                             c005117c   ti.pspiom.mcasp.a674 : Mcasp.obj (.text:_mcaspBitSetGblRCtl)
                             c005131c                        : Mcasp.obj (.text:_mcaspBitSetGblXCtl)
                             c00569e0                        : Mcasp.obj (.text:_mcaspUnRegisterInt)
$.bios:bios.a674<hwi_c.o674>$0x2c  $Tramp$S$$_HWI_restore
   c005ebcc     c00592a0     c0045550   edma3_drv_bios_sample.lib : bios_edma3_drv_sample_init_multi_edma.obj (.text)
                             c00456f4                             : bios_edma3_drv_sample_init_multi_edma.obj (.text)
                             c004a238                             : bios_edma3_drv_sample_cs_multi_edma.obj (.text)
$.bios:bios.a674<ecm_dispatchPlug.o674>$0x0  $Tramp$S$$_ECM_dispatchPlug
   c005ef20     c00592c0     c00455bc   edma3_drv_bios_sample.lib : bios_edma3_drv_sample_init_multi_edma.obj (.text)
                             c00455f0                             : bios_edma3_drv_sample_init_multi_edma.obj (.text)
                             c004563c                             : bios_edma3_drv_sample_init_multi_edma.obj (.text)
                             c0045684                             : bios_edma3_drv_sample_init_multi_edma.obj (.text)
                             c00557c0   ti.pspiom.mcasp.a674 : Mcasp.obj (.text:_mcaspRegisterInt)
                             c0057e50   ti.pspiom.i2c.a674 : I2c.obj (.text:_i2cRegisterIntrHandler)
$.bios:bios.a674<c62_c.o674>$0x18  $Tramp$S$$_C64_enableIER
   c005eeb8     c00592e0     c00456ac   edma3_drv_bios_sample.lib : bios_edma3_drv_sample_init_multi_edma.obj (.text)
                             c00456d0                             : bios_edma3_drv_sample_init_multi_edma.obj (.text)
                             c00456ec                             : bios_edma3_drv_sample_init_multi_edma.obj (.text)
                             c00557e4   ti.pspiom.mcasp.a674 : Mcasp.obj (.text:_mcaspRegisterInt)
                             c0057e74   ti.pspiom.i2c.a674 : I2c.obj (.text:_i2cRegisterIntrHandler)
$.bios:sioboth.a674<sio_crea.o674>$0x0  $Tramp$S$$_SIO_create
   c005b680     c0059300     c0046c4c   audioSample_io.obj (.text)
                             c0046c78   audioSample_io.obj (.text)
$.bios:bios.a674<log_printf.o674>$0x0  $Tramp$S$$_LOG_printf
   c005f180     c0059310     c0046c80   audioSample_io.obj (.text)
                             c0046cb0   audioSample_io.obj (.text)
                             c0046d58   audioSample_io.obj (.text)
                             c0046dc8   audioSample_io.obj (.text)
                             c0046f00   audioSample_io.obj (.text)
                             c0046f44   audioSample_io.obj (.text)
                             c0046f94   audioSample_io.obj (.text)
                             c0046fd8   audioSample_io.obj (.text)
                             c0053310   audioSample_main.obj (.text)
$.bios:.near:bios.a674<mem_vall.o674>$0x0  $Tramp$S$$_MEM_valloc
   c005ea20     c0059320     c0046d30   audioSample_io.obj (.text)
                             c0046d8c   audioSample_io.obj (.text)
                             c0046da0   audioSample_io.obj (.text)
                             c0046df8   audioSample_io.obj (.text)
$.bios:sioboth.a674<sio_issu.o674>$0x0  $Tramp$S$$_SIO_issue
   c005e9a0     c0059330     c0046e08   audioSample_io.obj (.text)
                             c0046e34   audioSample_io.obj (.text)
                             c0046e48   audioSample_io.obj (.text)
                             c0046e84   audioSample_io.obj (.text)
                             c0046f80   audioSample_io.obj (.text)
                             c0046f98   audioSample_io.obj (.text)
                             c0046fb4   audioSample_io.obj (.text)
$.bios:sioboth.a674<sio_recl.o674>$0x0  $Tramp$S$$_SIO_reclaim
   c005e0a0     c0059340     c0046ee0   audioSample_io.obj (.text)
                             c0046f04   audioSample_io.obj (.text)
                             c0046f20   audioSample_io.obj (.text)
                             c004700c   audioSample_io.obj (.text)
$.bios:bios.a674<malloc.o674>$0x0  $Tramp$S$$_free
   c005b9a0     c0059350     c0051f88   rts6740.lib : setvbuf.obj (.text:_setvbuf)
                             c0053a68               : fclose.obj (.text:_fclose)
$.bios:bios6748.a674<clk_gethtime.o674>$0x0  $Tramp$S$$_CLK_gethtime
   c005f240     c0059360     c0048e70   ti.pspiom.i2c.a674 : I2c.obj (.text:_i2cPolledModeTransfer)
                             c0048e94                      : I2c.obj (.text:_i2cPolledModeTransfer)
                             c0049064                      : I2c.obj (.text:_i2cPolledModeTransfer)
$.bios:bios.a674<dev_matc.o674>$0x0  $Tramp$S$$_DEV_match
   c005df20     c0059380     c0049a04   ti.pspiom.platforms.codec.a674 : Aic31.obj (.text:_aic31MdCreateChan)
                             c004a7d0   ti.pspiom.platforms.evm6748.audio.a674 : Audio.obj (.text:_audioMdCreateChan)
                             c004a8e8                                          : Audio.obj (.text:_audioMdCreateChan)
                             c004a918                                          : Audio.obj (.text:_audioMdCreateChan)
                             c0050040   drivers.a674 : dio_tskDynamic.o674 (.text)
$.bios:bios.a674<sem_pend_counting.o674>$0x0  $Tramp$S$$_SEM_pend
   c005ecc0     c00593a0     c004a094   edma3_drv_bios_sample.lib : bios_edma3_drv_sample_cs_multi_edma.obj (.text)
                             c004ac64   ti.pspiom.i2c.a674 : I2c.obj (.text:_i2cTransfer)
                             c004bed4   ti.pspiom.mcasp.a674 : Mcasp.obj (.text:_Mcasp_localConfigXmtSection)
                             c004d6d4                        : Mcasp.obj (.text:_Mcasp_localConfigRcvSection)
                             c004d78c   drivers.a674 : dio_tsk.o674 (.text)
                             c004d8c8                : dio_tsk.o674 (.text)
                             c004fc6c   ti.pspiom.platforms.codec.a674 : Aic31.obj (.text:_aic31I2cRead)
                             c004fcdc                                  : Aic31.obj (.text:_aic31I2cRead)
                             c0051238   ti.pspiom.mcasp.a674 : Mcasp.obj (.text:_mcaspBitSetGblRCtl)
                             c00513e4                        : Mcasp.obj (.text:_mcaspBitSetGblXCtl)
                             c0051b70   ti.pspiom.platforms.codec.a674 : Aic31.obj (.text:_aic31I2cWrite)
                             c00525e0   ti.pspiom.mcasp.a674 : Mcasp.obj (.text:_mcaspBitRemoveGblXCtl)
                             c0053b84   ti.pspiom.i2c.a674 : I2c.obj (.text:_i2cWaitForBB)
                             c0053e44   ti.pspiom.mcasp.a674 : Mcasp.obj (.text:_mcaspBitRemoveGblRCtl)
                             c0053f54                        : Mcasp.obj (.text:_mcaspBitSetGblCtl)
$.bios:bios.a674<sem_post_asm.o674>$0x0  $Tramp$S$$_SEM_post
[...]
1183dc88   _EXC_internalHook
1183dc8c   _EXC_externalHook
1183dc90   _EXC_nmiHook
1183dc9c   _rtdxNullChanCnt
1183dca0   _rtdxNullFuncCnt
1183dca4   _rtdxXmtNotDoneCnt
1183dca8   _rtdxRecNotDoneCnt
1183dcac   _rtdxXmtRestartCnt
1183dcb0   _rtdxXmtErrorCnt
1183dcb4   _TSK_nTasks
1183dcb8   _TSK_pid
1183dcbc   _TSK
1183dcc0   __PMI_maxVoltageUpLatency
1183dcc4   __PMI_maxVoltageDownLatency
1183dcc8   __PMI_maxLockLatency
1183dcd0   _edma3NumPaRAMSets
1183dcd6   _identityVerified
1183dce0   _CLK_DFLTMICROSECS
1183dce4   _CLK_D_microseconds
1183dce8   _SYS_exitStackPtr
1183dcec   _SYS_exitStackTop
1183dcf0   __PSCL_currVolt
1183dcf4   __PSCL_initialized
1183dcf8   _CLK_htimePerLtime
1183dcfc   __DEV_D_NUMINITFXNS
1183dd00   IDL_D_busyObj
1183dd04   _MEM
1183dd0c   _numEdma3Instances
1183dd14   __PMI_maxLockToBypassLatency
1183dd18   _PSCL_voltScalingSupported
1183dd20   ___end__
1183dd20   end
1183dfac   LOG_A_TABBEG
1183dfac   LOG_system
1183dfac   _LOG_A_TABBEG
1183dfac   _LOG_system
1183dfc4   _trace
1183dfc4   trace
1183dfdc   DVTEvent_Log
1183dfdc   _DVTEvent_Log
1183dff4   LOG_A_TABEND
1183dff4   TRC_cinit
1183dff4   _LOG_A_TABEND
1183dff8   TRC_R_mask
1183dff8   _TRC_R_mask
1183dffc   GBL_initdone
1183e000   trace$buf
1183f080   _RTDX_Buffer
1183f488   _RTDX_Buffer_Start
1183f48c   _RTDX_Buffer_End
1183f490   _rtdx_mon_state
1183f4d4   _rtdx_buffer_state
1183f4e0   _RTDX_writing
1183f4f8   TSK_idle$stack
1183f890   TSK_idle$stkptr
1183f8f8   _SYS_PUTCBEG
1183faf7   _SYS_PUTCEND
1183faf8   RTA_toHost$buf
1183fbf8   DIO_dioAudioOUT$obj
1183fc04   DIO_dioAudioOUT$device
1183fc1c   DIO_dioAudioIN$obj
1183fc28   DIO_dioAudioIN$device
1183fc40   UDEV_aic310$obj
1183fc4c   UDEV_aic310$device
1183fc64   UDEV_audio0$obj
1183fc70   UDEV_audio0$device
1183fc88   UDEV_mcasp0$obj
1183fc94   UDEV_mcasp0$device
1183fcac   UDEV_i2c0$obj
1183fcb8   UDEV_i2c0$device
1183fcd0   PIP_A_TABBEG
1183fcd0   RTA_fromHost$pipe
1183fcd0   _PIP_A_TABBEG
1183fcd4   RTA_fromHost$pipe$rd
1183fd00   RTA_fromHost$pipe$aaa
1183fd04   RTA_fromHost$pipe$wr
1183fd30   RTA_fromHost$pipe$bbb
1183fd34   RTA_toHost$pipe
1183fd38   RTA_toHost$pipe$rd
1183fd64   RTA_toHost$pipe$aaa
1183fd68   RTA_toHost$pipe$wr
1183fd94   RTA_toHost$pipe$bbb
1183fd98   PIP_A_TABEND
1183fd98   _PIP_A_TABEND
1183fda4   TSK_idle
1183fda4   _TSK_idle
1183fe04   _echoTask
1183fe04   echoTask
1183fe58   KNL_swi$sts$stsobj
1183fe58   STS_A_TABBEG
1183fe58   _STS_A_TABBEG
1183fe5c   KNL_swi$sts
1183fe68   TSK_idle$sts$stsobj
1183fe6c   TSK_idle$sts
1183fe78   echoTask$sts$stsobj
1183fe7c   echoTask$sts
1183fe88   IDL_busyObj$stsobj
1183fe8c   IDL_busyObj
1183fe8c   _IDL_busyObj
1183fe98   HST_A_TABBEG
1183fe98   STS_A_TABEND
1183fe98   _HST_A_TABBEG
1183fe98   _STS_A_TABEND
1183fe9c   RTA_fromHost
1183fe9c   _RTA_fromHost
1183fea4   RTA_fromHost$rtdx
1183feb8   RTA_toHost
1183feb8   _RTA_toHost
1183fec0   RTA_toHost$rtdx
1183fed4   HST_A_TABEND
1183fed4   KNL_swi
1183fed4   SWI_A_TABBEG
1183fed4   _HST_A_TABEND
1183fed4   _KNL_swi
1183ff00   IDL_A_CALBEG
1183ff00   IDL_cpuLoad$
1183ff00   SWI_A_TABEND
1183ff04   LNK_dataPump$
1183ff08   RTA_dispatcher$
1183ff0c   IDL_END$
1183ff10   SYS$config
1183ff20   CLK_A_TABBEG
1183ff20   PRD_clock
1183ff20   _PRD_clock
1183ff24   CLK_null
28040d0c   HWI_INTRMUX3
c0000000   DDR$B
c0000000   _DDR_base
c0030000   .text
c0030000   ___text__
c003042c   _lisrEdma3TC7ErrHandler0
c003044c   _lisrEdma3TC6ErrHandler0
c003046c   _lisrEdma3TC5ErrHandler0
c003048c   _lisrEdma3TC4ErrHandler0
c00304ac   _lisrEdma3TC3ErrHandler0
c00304cc   _lisrEdma3TC2ErrHandler0
c00304ec   _lisrEdma3TC1ErrHandler0
c003050c   _lisrEdma3TC0ErrHandler0
c0030780   _lisrEdma3ComplHandler0
c0030dd4   _lisrEdma3CCErrHandler0
c0030df0   _edma3MemSet
c0030e08   _edma3MemCpy
c0030e2c   _EDMA3_RM_waitAndClearTcc
c0030f44   _EDMA3_RM_unregisterTccCb
c00310a0   _EDMA3_RM_setPaRAM
c0031224   _EDMA3_RM_setCCRegister
c0031308   _EDMA3_RM_registerTccCb
c0031620   _EDMA3_RM_open
c0031c80   _EDMA3_RM_mapQdmaChannel
c0031de4   _EDMA3_RM_mapEdmaChannel
c0031f20   _EDMA3_RM_getPaRAMPhyAddr
c0032080   _EDMA3_RM_getPaRAM
c0032204   _EDMA3_RM_getInstanceInitCfg
c0032328   _EDMA3_RM_getGblConfigParams
c0032380   _EDMA3_RM_getCCRegister
c0032400   _EDMA3_RM_getBaseAddress
c00324a0   _EDMA3_RM_freeResource
c00328cc   _EDMA3_RM_freeLogicalChannel
c0032f0c   _EDMA3_RM_freeContiguousResource
c00330c4   _EDMA3_RM_delete
c0033328   _EDMA3_RM_create
c0033600   _EDMA3_RM_close
c00337d0   _EDMA3_RM_checkAndClearTcc
c00338c8   _EDMA3_RM_allocResource
c00343a0   _EDMA3_RM_allocLogicalChannel
c0035984   _EDMA3_RM_allocContiguousResource
c0036160   _EDMA3_RM_Ioctl
c0036240   _EDMA3_DRV_setTransferParams
c0036380   _EDMA3_DRV_setSrcParams
c003654c   _EDMA3_DRV_setSrcIndex
c0036660   _EDMA3_DRV_setOptField
c00368cc   _EDMA3_DRV_setDestParams
c0036aa0   _EDMA3_DRV_setDestIndex
c0036ba8   _EDMA3_DRV_disableTransfer
c0037030   _EDMA3_DRV_freeChannel
c0037364   _EDMA3_DRV_requestChannel
c0037f80   _EDMA3_DRV_getOptField
c0038100   _EDMA3_DRV_enableTransfer
c0038360   _EDMA3_DRV_disableLogicalChannel
c0038480   _EDMA3_DRV_clearErrorBits
c00385c0   _EDMA3_DRV_waitAndClearTcc
c00386f4   _EDMA3_DRV_unlinkChannel
c00387b0   _EDMA3_DRV_unchainChannel
c003888c   _EDMA3_DRV_setQdmaTrigWord
c0038940   _EDMA3_DRV_setPaRAMField
c0038ba4   _EDMA3_DRV_setPaRAMEntry
c0038c80   _EDMA3_DRV_setPaRAM
c0038d88   _EDMA3_DRV_setEvtQPriority
c0038f44   _EDMA3_DRV_setCCRegister
c0039030   _EDMA3_DRV_mapChToEvtQ
c0039230   _EDMA3_DRV_linkChannel
c0039364   _EDMA3_DRV_getPaRAMPhyAddr
c0039424   _EDMA3_DRV_getPaRAMField
c0039640   _EDMA3_DRV_getPaRAMEntry
c0039720   _EDMA3_DRV_getPaRAM
c0039840   _EDMA3_DRV_getMapChToEvtQ
c0039924   _EDMA3_DRV_getInstHandle
c00399c0   _EDMA3_DRV_getCCRegister
c0039a48   _EDMA3_DRV_checkAndClearTcc
c0039b20   _EDMA3_DRV_chainChannel
c0039cc0   _EDMA3_DRV_Ioctl
c0039d80   _Mcasp_localSubmitIoctl
c003aea0   _aes_set_encrypt_key
c003b38c   _aes_set_decrypt_key
c003b630   _aes_encrypt
c003bacc   _aes_decrypt
c003bf80   _positionMSB
c003c020   _from2to32
c003c3f0   _squareProduct
c003c68c   _multiplication
c003c8e4   _mod
c003ca50   _modFaster
c003cc24   _modSquare
c003ccd8   _modMult
c003cda0   __PSCL_scaleFreqVoltage
c003cfc0   __PSCL_checkInitParams
c003d050   _PSCL_queryWillChangeVoltage
c003d0e0   _PSCL_querySetpointVoltage
c003d180   _PSCL_querySetpointTransition
c003d2c0   _PSCL_querySetpointMode
c003d360   _PSCL_querySetpointFrequency
c003d3f4   _PSCL_querySetpoint
c003d4c0   _PSCL_changeSetpoint
c003d624   _PSCL_initialize
c003d8ac   _PSCL_getVoltage
c003d8c8   _PSCL_getSetpoint
c003d8ec   _PSCL_getNumSetpoints
c003d910   _PSCL_getMode
c003d930   _PSCL_getFrequency
c003e420   _montMultiplication
c003e740   _ADD
c003e7a8   _SUB_COND
c003e8c4   _mont
c003eb34   _montExp
c003f10c   _EDMA3_DRV_open
c003f3a0   _EDMA3_DRV_delete
c003f484   _EDMA3_DRV_create
c003f6f0   _EDMA3_DRV_close
c003f860   _timeData
c003f880   _seeTheDifference
c003f910   _printCharNoSpaces
c003f9a0   _printChar
c003fb50   _printArrayNoSpaces32
c003fbe0   _printArrayNoSpaces
c003fc6c   _printArray
c003fe30   _hexToString
c003ff4c   _copyArrayFrom0
c003ffb0   _copyArray
c0040014   _concat
c0040074   _XOR
c0040100   _zerosArray16
c0040114   _zerosArray
c004012c   _isBiggerThanOrEqual
c00401ac   _subtractionWithSign
c0040380   _subtraction
c0040458   _printArray8
c00404ec   _printArray32
c0040580   _numberIsZero
c00405e0   _multiplyByTwo
c0040624   _isBiggerThan
c0040698   _flipArray
c0040710   _divideByTwo
c004074c   _copyArray8
c00407b0   _copyArray32
c0040824   _addition
c0040920   _SHA256_Transform
c0040bec   _SHA256_Update
c0040e24   _SHA256_Init
c0040e90   _SHA256_Final
c0041140   _signedSubtraction
c00411e0   _modularInverse
c0041940   _PMI_setDividersPLL
c00419f0   PMI_goDiv
c0041a2c   _PMI_powerUpPLL
c0041ae0   _PMI_configureSources
c0041c1c   _PMI_powerDownPLL
c0041c44   _PMI_configurePLL
c0041c8c   _PMI_lockPLL
c0041cc8   _PMI_scaleFrequency
c0041ee8   _PMI_initPLL
c0041f34   _PMI_getStatePLL
c0041fb0   _PMI_getFrequencyLatency
c004202c   _PMI_calcWaitBypass
c0042760   _from8to32
c0042828   _from32to8
c00428ec   _signAndEncryptMessage
c0042984   _repositionZeros
c0042a48   _from8to16
c0042ad0   _from16to8
c0042b6c   _decryptAndUnsignMessage
c0042c30   _createMessage
c0042ca0   _createExponent
c0042d38   _computePartOfKey
c0042d64   _calculateKey
c0042e00   _Mcasp_localEdmaCallback
c0043460   __divd
c0044520   _Mcasp_localEdmaChanPaRAMsetup
c0044fa0   _signatureMessage
c00454c0   _unregisterEdma3Interrupts
c0045568   _registerEdma3Interrupts
c0045720   _edma3init
c00458c0   _edma3deinit
c00459a0   _updateFSR
c00459f4   _RNG
c0045b78   _findRandNum
c0045bf8   _compareFSR
c0045d58   _PRNG
c0045e40   _Mcasp_localAbortReset
c0046760   _verifySignature
c0046ea4   _Audio_echo_Task
c0047040   _I2c_completeIOedmaCallback
c0047480   __printfi
c0048560   _process_audio
c0048958   _init_audio
c0049180   _encryptHMAC
c00492b8   _encrypt
c00493b8   _decryptHMAC
c00494b4   _decrypt
c004a060   _edma3OsSemTake
c004a0c8   _edma3OsSemGive
c004a118   _edma3OsSemDelete
c004a150   _edma3OsSemCreate
c004a1a8   _edma3OsProtectExit
c004a24c   _edma3OsProtectEntry
c004a364   _Edma3_CacheInvalidate
c004a3a0   _Edma3_CacheFlush
c004a3e0   _Mcasp_localUpdtDtPktToLnkPrms
c004ada0   _aesEncrypt
c004add8   _simpleEncrypt
c004ae30   _aesDecrypt
c004ae6c   _simpleDecrypt
c004aec4   _padding
c004af58   _aesCBCencrypt
c004b020   _aesCBCdecrypt
c004b0e0   _Mcasp_localGetIndicesSyncType
c004b400   _fputs
c004bcc0   _Mcasp_localConfigXmtSection
c004c500   _mcaspIsrInput
c004c7c0   _mcaspIsrOutput
c004ca80   _I2c_localEnsureIsReadyforNext
c004d500   _Mcasp_localConfigRcvSection
c004d780   _DIO_tskReclaim
c004d7a8   _DIO_tskReady
c004d7c4   _DIO_tskIssue
c004d86c   _DIO_tskIdle
c004d960   _DIO_tskCallback
c004da00   _I2c_localEdmaTransfer
c004dc60   _Mcasp_localSetupHwInfo
c004dec0   __divull
c00501a0   _Mcasp_localSetupEdmaDuringOpen
c0050a80   _simpleHashWithLength
c0050ac8   _hashWithTime
c0050b54   _hashOfLength
c0050de0   _I2c_loadPendedIops
c0050f80   __divul
c0051460   _PWRM_releaseDependency
c0051600   _PWRM_setDependency
c00517a0   _HOSTrename
c0051920   _Mcasp_localLoadPktToEdma
c0051f20   _setvbuf
c00520a0   _hmac
c0052220   _I2c_localPrepareForTransfer
c0052640   _maskGenerationFunction
c00527a0   __PWRM_updateConstraints
c005280c   __PWRM_rebuildConstraint
c0052a40   _Mcasp_localSmReset
c0052e00   _fputc
c0052e00   _putc
c0053300   _main
c0053328   _audioUserMcaspInit
c0053370   _audioUserAudioInit
c00533e0   _audioUserAic31Init
c0053440   _PWRM_registerNotify
c00536a0   _I2c_localEdmaChanRequest
c00537c0   _Mcasp_init
c0053a00   _fclose
c0053fa0   _HOSTlseek
c00540a0   _I2c_localLpscOff
c00543a0   _Mcasp_localSmSet
c00545a0   __wrt_ok
c00548a0   _call_dtors
c00549a0   _fflush
c0054ba0   _PMI_initVoltageControl
c0054c70   _PMI_getVoltageLatency
c0054ca0   _PWRM_registerConstraint
c0054da0   _HOSTopen
c0054f60   _Mcasp_localCancelAndAbortAllIo
c0055040   __c6xabi_strasgi
c0055040   __strasgi
c0055200   _atoi
c00554a0   _close
c0055ac0   _memset
c0055ba0   __PWRM_initRefCounts
c0055c80   _HOSTread
c0055d40   _HOSTunlink
c0055e00   _HOSTwrite
c0055f80   _I2c_localGetNextChannel
c0056100   _Mcasp_localCompleteCurrentIo
c00561c0   _Mcasp_localEdmaProcessPkt
c0056280   __cleanup
c0056400   __c6xabi_divu
c0056400   __divu
c00564c0   __doflush
c0056580   _atexit
c0056640   _fseek
c0056700   _lseek
c00567c0   _ltoa
c0056a00   _write
c0056b80   _PWRM_getSetpointInfo
c0056c40   _Audio_init
c0056ce0   _HOSTclose
c0056d80   _HOSTtime
c0057000   _I2c_init
c00570a0   _Mcasp_localResetXmt
c0057140   __divli
c0057320   __fixdli
c0057460   __c6xabi_remu
c0057460   __remu
c0057820   _memcpy
c00578c0   _PWRM_getDependencyCount
c0057960   __PWRM_delayCompletion9
c0057970   __PWRM_delayCompletion8
c0057980   __PWRM_delayCompletion7
c0057990   __PWRM_delayCompletion6
c00579a0   __PWRM_delayCompletion5
c00579b0   __PWRM_delayCompletion4
c00579c0   __PWRM_delayCompletion3
c00579d0   __PWRM_delayCompletion2
c00579e0   __PWRM_delayCompletion1
c00579f0   __PWRM_delayCompletion0
c0057a00   _PWRM_unregisterConstraint
c0057aa0   _Mcasp_localActivateSmFsForBoth
c0057b20   __fixdu
c0057ba0   __fltlid
c0057c20   __llshl
c0057ca0   _configureAudio
c0057d20   _fprintf
c0058020   _printf
c00580a0   _readmsg
c0058120   _unlink
c00581a0   _PWRM_getCurrentSetpoint
c0058220   _PWRM_getNumSetpoints
c00582a0   _Aic31_init
c0058300   _Mcasp_localAbortRequests
c0058360   _Mcasp_localActivateSmFsForRcv
c00583c0   _Mcasp_localActivateSmFsForXmt
c0058420   _Mcasp_localResetRcv
c0058480   __abort_msg
c00584e0   __subcull
c00586c0   _audioUserI2cInit
c0058960   _memccpy
c00589c0   _writemsg
c0058a18   C$$IO$$
c0058a20   _PMI_init
c0058a80   _PWRM_unregisterNotify
c0058b20   ___add_dtor
c0058b60   ___isinf
c0058be0   __frcmpyd_div
c0058c20   __llshru
c0058c60   __remli
c0058ca0   __c6xabi_strasgi_64plus
c0058ca0   __strasgi_64plus
c0058ee0   _time
c0058f20   _DIO_ctrl
c0058f60   _Mcasp_localGetNextIndex
c0058f80   __negll
c0058fa0   __nop
c0059040   __register_lock
c0059060   __register_unlock
c0059080   C$$EXIT
c0059080   _abort
c00590e0   _mcaspIsr
c0059100   _remove
c00596a0   ___etext__
c00596a0   etext
c0059780   _SYS_vsprintf
c0059da0   _SYS_vprintf
c0059dac   _SYS_sprintf
c0059de0   _SYS_printf
c0059e20   LNK_F_checkBufferCall
c0059e40   LNK_F_getChanPtr
c0059e98   LNK_F_init
c0059ea0   LNK_F_dataPump
c0059eb0   LNK_rcloop
c0059f74   LNK_rdrtry
c0059f84   LNK_rrloop
c005a044   LNK_wrrtry
c005a050   LNK_wrloop
c005a120   LNK_newin
c005a254   LNK_newout
c005a3a8   LNK_F_readCallBack
c005a3e0   _EXC_nmi
c005a414   _EXC_internal
c005a6c0   _EXC_init
c005a700   _EXC_getLastStatus
c005a720   _EXC_external
c005a754   _EXC_exceptionHandler
c005a930   _EXC_clearLastStatus
c005a960   CLK_HOOKFXN
c005a960   HWI_F_dispatch
c005a960   _HWI_F_dispatch
c005a960   __HWI_lat1beg
c005aae8   __HWI_lat1end
c005aae8   __HWI_lat2beg
c005ac50   __HWI_lat2end2
c005ac80   __HWI_lat3end2
c005acc4   __HWI_lat2end1
c005ace0   __HWI_lat3beg
c005ae40   SWI_F_enable
c005ae40   __SWI_lat3beg
c005aeac   __SWI_lat3end
c005aeb0   SWI_F_post
c005aeb0   _SWI_post
c005afb8   __SWI_lat1beg
c005b024   SWI_EXECFXN
c005b024   SWI_F_exec
c005b04c   SWI_F_iexec
c005b064   __SWI_lat1end
c005b068   __SWI_lat2beg
c005b0c8   __SWI_lat2end
c005b0cc   SWI_F_run
c005b0cc   SWI_RUNFXN
c005b300   PRD_F_swi
c005b584   PRD_F_tick
c005b680   _SIO_create
c005b9a0   _free
c005b9c4   _malloc
c005ba24   _realloc
c005bb08   _memalign
c005bbcc   _calloc
c005bc20   RTA_F_getlog
c005bc58   RTA_F_getsts
c005bc98   RTA_F_readblk
c005bcb4   RTA_F_writeword
c005bcc0   RTA_F_resetmem
c005bcc0   __RTA_lat1beg
c005bcf4   __RTA_lat1end
c005bd00   RTA_F_dispatch
c005bd4c   RTA_execute
c005bea0   _KNL_run
c005c0e0   _MEM_alloc
c005c4b4   PRD_THOOKFXN
c005c4b4   _KNL_tick
c005c4e0   _MEM_free
c005c6c0   _EXC_dispatch
c005c884   _EXC_setReturnPtr
c005c8a0   PIP_F_take
c005c918   PIP_F_give
c005c918   PIP_F_probe
c005c9e8   PIP_F_start
c005ca80   _SEM_pendEnterKnl
c005cc60   _SIO_delete
c005ce40   __SEM_dopost
c005cfe0   _TSK_setup
c005d180   CLK_F_getltime
c005d190   CLK_F_isr
c005d2d0   CLK_F_itime
c005d2d0   _CLK_F_itime
c005d2d0   _CLK_itime
c005d2f0   __CLK_lat1beg
c005d310   __CLK_lat1end
c005d320   _KNL_saveIsrFrame
c005d3cc   _KNL_switch
c005d478   KNL_glue
c005d5d0   _BCACHE_wbInv
c005d5e4   _BCACHE_wb
c005d5f4   _BCACHE_inv
c005d620   __auto_init
c005d760   _TSK_exit
c005d8a0   _BCACHE_setSize
c005d8e4   _BCACHE_setMar
c005d934   _BCACHE_setCacheToSram
c005d964   _BCACHE_getSize
c005d9b4   _BCACHE_getMar
c005da48   _GBL_cacheInit64P
c005db00   _KNL_check
c005db4c   __KNL_lat1beg
c005dbc8   _KNL_idle
c005dbc8   __KNL_lat1end
c005dbf0   _KNL_max
c005dcc4   _TSK_startup
c005dd40   _ECM_dispatch
c005de40   _SEM_post
c005de40   _SEM_postBinary
c005df20   _DEV_match
c005dfe0   _KNL_exit
c005e020   _KNL_enter
c005e0a0   _SIO_reclaim
c005e160   _DEV_mkframe
c005e200   _OBJ_create
c005e2a0   _SEM_postEnterKnl
c005e340   _SWI_setattrs
c005e3e0   _SYS_exit
c005e480   LOG_F_event
c005e480   _LOG_event
c005e480   __LOG_lat1beg
c005e520   _ATM_andi
c005e520   _ATM_andu
c005e530   _ATM_cleari
c005e530   _ATM_clearu
c005e540   _ATM_deci
c005e540   _ATM_decu
c005e550   _ATM_inci
c005e550   _ATM_incu
c005e564   _ATM_ori
c005e564   _ATM_oru
c005e574   _ATM_seti
c005e574   _ATM_setu
c005e5a0   _KNL_ipost
c005e620   _KNL_post
c005e6a0   _LCK_post
c005e6c0   _LCK_pend
c005e720   _SEM_create
c005e7a0   _SWI_create
c005e820   _TSK_enable
c005e844   _TSK_disable
c005e8a0   _BCACHE_wait
c005e920   IDL_F_calibrate
c005e9a0   _SIO_issue
c005ea20   _MEM_valloc
c005ea80   _SYS_error
c005eae0   _DEV_rmframe
c005eb40   FXN_F_nop
c005eb44   FXN_F_run
c005eb44   _FXN_F_run
c005eb80   FXN_F_zero
c005eb80   _FXN_F_zero
c005eba0   _HWI_disable
c005ebb8   _HWI_enable
c005ebcc   _HWI_restore
c005ec00   IDL_F_busy
c005ec00   __IDL_lat1beg
c005ec40   __IDL_lat1end
c005ec60   _OBJ_delete
c005ecc0   _SEM_pend
c005ed20   STS_F_delta
c005ed20   _STS_delta
c005ed4c   STS_F_add
c005ed4c   _STS_add
c005ed68   STS_F_reset
c005ed68   _STS_reset
c005ed80   _SWI_disable
c005eda4   _SWI_enable
c005ede0   _SYS_abort
c005ee40   _CLK_measure
c005eea0   _C62_disableIER
c005eea0   _C64_disableIER
c005eeb8   _C62_enableIER
c005eeb8   _C64_enableIER
c005eecc   _C62_clearIFR
c005eecc   _C64_clearIFR
c005eee0   _ECM_disableEvent
c005ef20   _ECM_dispatchPlug
c005ef60   _ECM_enableEvent
c005efa0   IDL_CALIBRFXN
c005efa0   IDL_F_stub
c005efe0   _QUE_create
c005f020   _QUE_get
c005f020   __QUE_lat1beg
c005f040   __QUE_lat1end
c005f048   _QUE_put
c005f048   __QUE_lat2beg
c005f054   __QUE_lat2end
c005f060   RTA_F_andn
c005f078   RTA_F_or
c005f0a0   SYS_ABORTFXN
c005f0a0   _UTL_doAbort
c005f0e0   SYS_PUTCFXN
c005f0e0   _UTL_doPutc
c005f120   GBL_USERINITFXN
c005f120   GIO_CREATEFXN
c005f120   GIO_DELETEFXN
c005f120   GIO_PENDFXN
c005f120   GIO_POSTFXN
c005f120   PWRM_PWRM_SHAREDRESOURCEFXN
c005f120   PWRM_PWRM_SLOTHOOKFXN
c005f120   TSK_VCREATEFXN
c005f120   TSK_VDELETEFXN
c005f120   TSK_VEXITFXN
c005f120   _BCACHE_bootInit
c005f120   _FXN_F_nop
c005f140   _GBL_getVersion
c005f160   IDL_F_loop
c005f160   _IDL_loop
c005f180   _LOG_printf
c005f1a0   _SEM_delete
c005f1c0   _STS_set
c005f1e0   _SYS_zero
c005f1e8   _SYS_one
c005f200   SYS_ERRORFXN
c005f200   _UTL_doError
c005f220   SYS_EXITFXN
c005f220   _UTL_halt
c005f240   CLK_F_gethtime
c005f240   CLK_TIMEFXN
c005f240   _CLK_gethtime
c005f260   _HSRTDX_rec
c005f500   _RTDX_Buffer_WriteCB
c005f9c0   _HSRTDX_xmt
c005fcc0   _RTDX_Mon_Queue
c005ff20   _RTDX_Poll
c005ffc0   _RTDX_Final_RT_Monitor
c0060040   _RTDX_Buffer_Initialize
c00600a0   _RTDX_Init_RT_Monitor
c0060100   _RTDX_Buffer_ReadCB
c0060140   _RTDX_Buffer_Size
c0060180   _RTDX_memfill
c00601c0   _RTDX_Buffer_Read
c00601e0   _RTDX_Buffer_Write
c0060200   _RTDX_Mask_IER
c0060220   BIOS_init
c0060220   _BIOS_init
c00603a4   BIOS$$CLKON
c00603e4   BIOS$$CLKOFF
c00604d0   BIOS_start
c00604d0   _BIOS_start
c0060620   _DEV_init
c0060720   __PWRM_initialize
c0060820   _c_int00
c00608e0   _MEM_init
c00609a0   _TSK_init
c0060a00   _DIO_init
c0060c00   HWI_A_VECS
c0060c00   hwi0
c0060c20   hwi1
c0060c40   hwi2
c0060c60   hwi3
c0060c80   hwi4
c0060ca0   hwi5
c0060cc0   hwi6
c0060ce0   hwi7
c0060d00   hwi8
c0060d20   hwi9
c0060d40   hwi10
c0060d60   hwi11
c0060d80   hwi12
c0060da0   hwi13
c0060dc0   hwi14
c0060de0   hwi15
ffffffff   CACHE_L1D
ffffffff   CACHE_L1P
ffffffff   ECM_EVTMASK0
ffffffff   ECM_EVTMASK1
ffffffff   ECM_EVTMASK2
ffffffff   ECM_EVTMASK3
ffffffff   GBL_L2MAR192_223
ffffffff   HST_DSMBUFSEG
ffffffff   IRAM
ffffffff   L3_CBA_RAM
ffffffff   RTDX_DATAMEMSEG
ffffffff   _CACHE_L1D
ffffffff   _CACHE_L1P
ffffffff   _IRAM
ffffffff   _L3_CBA_RAM
ffffffff   ___TI_pprof_out_hndl
ffffffff   ___TI_prof_data_size
ffffffff   ___TI_prof_data_start
ffffffff   ___binit__
ffffffff   ___c_args__
ffffffff   binit

[1587 symbols]
