<?xml version="1.0"?>
<link_info>
   <banner>TMS320C6x Linker PC v7.3.1</banner>
   <copyright>Copyright (c) 1996-2011 Texas Instruments Incorporated</copyright>
   <link_time>0x59158c31</link_time>
   <output_file>realtime_2017.out</output_file>
   <entry_point>
      <name>_c_int00</name>
      <address>0xc00598a0</address>
   </entry_point>
   <input_file_list>
      <input_file id="fl-10">
         <path>.\</path>
         <kind>object</kind>
         <file>audioSamplecfg_c.obj</file>
         <name>audioSamplecfg_c.obj</name>
      </input_file>
      <input_file id="fl-11">
         <path>.\</path>
         <kind>object</kind>
         <file>audioSamplecfg.obj</file>
         <name>audioSamplecfg.obj</name>
      </input_file>
      <input_file id="fl-12">
         <path>.\src_audio\</path>
         <kind>object</kind>
         <file>process_audio.obj</file>
         <name>process_audio.obj</name>
      </input_file>
      <input_file id="fl-13">
         <path>.\src_audio\</path>
         <kind>object</kind>
         <file>audioSample_main.obj</file>
         <name>audioSample_main.obj</name>
      </input_file>
      <input_file id="fl-14">
         <path>.\src_audio\</path>
         <kind>object</kind>
         <file>audioSample_io.obj</file>
         <name>audioSample_io.obj</name>
      </input_file>
      <input_file id="fl-93">
         <path>C:\ti\bios_5_41_11_38\packages\ti\bios\lib\</path>
         <kind>archive</kind>
         <file>bios.a674</file>
         <name>biosdata.o674</name>
      </input_file>
      <input_file id="fl-94">
         <path>C:\ti\bios_5_41_11_38\packages\ti\bios\lib\</path>
         <kind>archive</kind>
         <file>bios.a674</file>
         <name>hwi_disp_asm.o674</name>
      </input_file>
      <input_file id="fl-95">
         <path>C:\ti\bios_5_41_11_38\packages\ti\bios\lib\</path>
         <kind>archive</kind>
         <file>bios.a674</file>
         <name>idl_stub.o674</name>
      </input_file>
      <input_file id="fl-96">
         <path>C:\ti\bios_5_41_11_38\packages\ti\bios\lib\</path>
         <kind>archive</kind>
         <file>lnkrtdx.a674</file>
         <name>rtdx.o674</name>
      </input_file>
      <input_file id="fl-97">
         <path>C:\ti\bios_5_41_11_38\packages\ti\bios\lib\</path>
         <kind>archive</kind>
         <file>bios.a674</file>
         <name>swi.o674</name>
      </input_file>
      <input_file id="fl-98">
         <path>C:\ti\bios_5_41_11_38\packages\ti\bios\lib\</path>
         <kind>archive</kind>
         <file>bios6748.a674</file>
         <name>clk_gethtime.o674</name>
      </input_file>
      <input_file id="fl-99">
         <path>C:\ti\bios_5_41_11_38\packages\ti\bios\lib\</path>
         <kind>archive</kind>
         <file>bios.a674</file>
         <name>fxn_c.o674</name>
      </input_file>
      <input_file id="fl-9a">
         <path>C:\ti\bios_5_41_11_38\packages\ti\bios\lib\</path>
         <kind>archive</kind>
         <file>bios.a674</file>
         <name>knl_tick.o674</name>
      </input_file>
      <input_file id="fl-9b">
         <path>C:\ti\bios_5_41_11_38\packages\ti\bios\lib\</path>
         <kind>archive</kind>
         <file>bios.a674</file>
         <name>utl_doab.o674</name>
      </input_file>
      <input_file id="fl-9c">
         <path>C:\ti\bios_5_41_11_38\packages\ti\bios\lib\</path>
         <kind>archive</kind>
         <file>bios.a674</file>
         <name>utl_doer.o674</name>
      </input_file>
      <input_file id="fl-9d">
         <path>C:\ti\bios_5_41_11_38\packages\ti\bios\lib\</path>
         <kind>archive</kind>
         <file>bios.a674</file>
         <name>utl_putc.o674</name>
      </input_file>
      <input_file id="fl-9e">
         <path>C:\ti\bios_5_41_11_38\packages\ti\bios\lib\</path>
         <kind>archive</kind>
         <file>bios.a674</file>
         <name>utl_halt.o674</name>
      </input_file>
      <input_file id="fl-9f">
         <path>C:\ti\bios_5_41_11_38\packages\ti\bios\lib\</path>
         <kind>archive</kind>
         <file>bios6748.a674</file>
         <name>clk.o674</name>
      </input_file>
      <input_file id="fl-a0">
         <path>C:\ti\bios_5_41_11_38\packages\ti\bios\lib\</path>
         <kind>archive</kind>
         <file>bios.a674</file>
         <name>fxn.o674</name>
      </input_file>
      <input_file id="fl-a1">
         <path>C:\ti\bios_5_41_11_38\packages\ti\bios\lib\</path>
         <kind>archive</kind>
         <file>bios.a674</file>
         <name>boot.o674</name>
      </input_file>
      <input_file id="fl-a2">
         <path>C:\ti\bios_5_41_11_38\packages\ti\bios\lib\</path>
         <kind>archive</kind>
         <file>bios.a674</file>
         <name>trc.o674</name>
      </input_file>
      <input_file id="fl-a3">
         <path>C:\ti\bios_5_41_11_38\packages\ti\bios\lib\</path>
         <kind>archive</kind>
         <file>bios.a674</file>
         <name>hwi.o674</name>
      </input_file>
      <input_file id="fl-a4">
         <path>C:\ti\bios_5_41_11_38\packages\ti\bios\lib\</path>
         <kind>archive</kind>
         <file>bios.a674</file>
         <name>idl_busy.o674</name>
      </input_file>
      <input_file id="fl-a5">
         <path>C:\ti\bios_5_41_11_38\packages\ti\bios\lib\</path>
         <kind>archive</kind>
         <file>bios6748.a674</file>
         <name>idl_cal.o674</name>
      </input_file>
      <input_file id="fl-a6">
         <path>C:\ti\bios_5_41_11_38\packages\ti\bios\lib\</path>
         <kind>archive</kind>
         <file>bios.a674</file>
         <name>idl.o674</name>
      </input_file>
      <input_file id="fl-a7">
         <path>C:\ti\bios_5_41_11_38\packages\ti\bios\lib\</path>
         <kind>archive</kind>
         <file>bios.a674</file>
         <name>knl_swit.o674</name>
      </input_file>
      <input_file id="fl-a8">
         <path>C:\ti\bios_5_41_11_38\packages\ti\bios\lib\</path>
         <kind>archive</kind>
         <file>log8.a674</file>
         <name>log_ts.o674</name>
      </input_file>
      <input_file id="fl-a9">
         <path>C:\ti\bios_5_41_11_38\packages\ti\bios\lib\</path>
         <kind>archive</kind>
         <file>bios.a674</file>
         <name>pip.o674</name>
      </input_file>
      <input_file id="fl-aa">
         <path>C:\ti\bios_5_41_11_38\packages\ti\bios\lib\</path>
         <kind>archive</kind>
         <file>bios.a674</file>
         <name>prd.o674</name>
      </input_file>
      <input_file id="fl-ab">
         <path>C:\ti\bios_5_41_11_38\packages\ti\bios\lib\</path>
         <kind>archive</kind>
         <file>bios.a674</file>
         <name>rta.o674</name>
      </input_file>
      <input_file id="fl-ac">
         <path>C:\ti\bios_5_41_11_38\packages\ti\bios\lib\</path>
         <kind>archive</kind>
         <file>bios.a674</file>
         <name>rta_andn.o674</name>
      </input_file>
      <input_file id="fl-ad">
         <path>C:\ti\bios_5_41_11_38\packages\ti\bios\lib\</path>
         <kind>archive</kind>
         <file>bios.a674</file>
         <name>sts.o674</name>
      </input_file>
      <input_file id="fl-ae">
         <path>C:\Users\r0648945\Documents\CryptoProject\realtime_2017\libs\</path>
         <kind>archive</kind>
         <file>ti.pspiom.platforms.codec.a674</file>
         <name>Aic31.obj</name>
      </input_file>
      <input_file id="fl-af">
         <path>C:\Users\r0648945\Documents\CryptoProject\realtime_2017\libs\</path>
         <kind>archive</kind>
         <file>ti.pspiom.platforms.evm6748.audio.a674</file>
         <name>Audio.obj</name>
      </input_file>
      <input_file id="fl-b0">
         <path>C:\ti\bios_5_41_11_38\packages\ti\bios\lib\</path>
         <kind>archive</kind>
         <file>bios.a674</file>
         <name>clk_data.o674</name>
      </input_file>
      <input_file id="fl-b1">
         <path>C:\ti\bios_5_41_11_38\packages\ti\bios\lib\</path>
         <kind>archive</kind>
         <file>bios.a674</file>
         <name>clk_data2.o674</name>
      </input_file>
      <input_file id="fl-b2">
         <path>C:\ti\bios_5_41_11_38\packages\ti\bios\lib\</path>
         <kind>archive</kind>
         <file>bios6748.a674</file>
         <name>clk_data.o674</name>
      </input_file>
      <input_file id="fl-b3">
         <path>C:\ti\bios_5_41_11_38\packages\ti\bios\lib\</path>
         <kind>archive</kind>
         <file>bios6748.a674</file>
         <name>clk_meas.o674</name>
      </input_file>
      <input_file id="fl-b4">
         <path>C:\ti\bios_5_41_11_38\packages\ti\bios\lib\</path>
         <kind>archive</kind>
         <file>bios.a674</file>
         <name>dev_init.o674</name>
      </input_file>
      <input_file id="fl-b5">
         <path>C:\ti\bios_5_41_11_38\packages\ti\bios\lib\</path>
         <kind>archive</kind>
         <file>bios.a674</file>
         <name>dev_matc.o674</name>
      </input_file>
      <input_file id="fl-b6">
         <path>C:\ti\bios_5_41_11_38\packages\ti\bios\lib\</path>
         <kind>archive</kind>
         <file>drivers.a674</file>
         <name>dio.o674</name>
      </input_file>
      <input_file id="fl-b7">
         <path>C:\ti\bios_5_41_11_38\packages\ti\bios\lib\</path>
         <kind>archive</kind>
         <file>drivers.a674</file>
         <name>dio_tskDynamic.o674</name>
      </input_file>
      <input_file id="fl-b8">
         <path>C:\ti\bios_5_41_11_38\packages\ti\bios\lib\</path>
         <kind>archive</kind>
         <file>drivers.a674</file>
         <name>dio_tsk.o674</name>
      </input_file>
      <input_file id="fl-b9">
         <path>C:\ti\bios_5_41_11_38\packages\ti\bios\lib\</path>
         <kind>archive</kind>
         <file>bios.a674</file>
         <name>ecm_dispatch.o674</name>
      </input_file>
      <input_file id="fl-ba">
         <path>C:\ti\bios_5_41_11_38\packages\ti\bios\lib\</path>
         <kind>archive</kind>
         <file>bios.a674</file>
         <name>exc_asm.o674</name>
      </input_file>
      <input_file id="fl-bb">
         <path>C:\ti\bios_5_41_11_38\packages\ti\bios\lib\</path>
         <kind>archive</kind>
         <file>bios.a674</file>
         <name>exc.o674</name>
      </input_file>
      <input_file id="fl-bc">
         <path>C:\ti\bios_5_41_11_38\packages\ti\bios\lib\</path>
         <kind>archive</kind>
         <file>bios.a674</file>
         <name>gbl_cacheinit64P.o674</name>
      </input_file>
      <input_file id="fl-bd">
         <path>C:\ti\bios_5_41_11_38\packages\ti\bios\lib\</path>
         <kind>archive</kind>
         <file>bios6748.a674</file>
         <name>bcache_init.o674</name>
      </input_file>
      <input_file id="fl-be">
         <path>C:\ti\bios_5_41_11_38\packages\ti\bios\lib\</path>
         <kind>archive</kind>
         <file>bios.a674</file>
         <name>gbl_vers.o674</name>
      </input_file>
      <input_file id="fl-bf">
         <path>C:\ti\bios_5_41_11_38\packages\ti\rtdx\lib\c6000\</path>
         <kind>archive</kind>
         <file>rtdx64xplus.lib</file>
         <name>rtdx_mon.o64P</name>
      </input_file>
      <input_file id="fl-c0">
         <path>C:\ti\bios_5_41_11_38\packages\ti\bios\lib\</path>
         <kind>archive</kind>
         <file>bios.a674</file>
         <name>hwi_c.o674</name>
      </input_file>
      <input_file id="fl-c1">
         <path>C:\Users\r0648945\Documents\CryptoProject\realtime_2017\libs\</path>
         <kind>archive</kind>
         <file>ti.pspiom.i2c.a674</file>
         <name>I2c.obj</name>
      </input_file>
      <input_file id="fl-c2">
         <path>C:\ti\bios_5_41_11_38\packages\ti\bios\lib\</path>
         <kind>archive</kind>
         <file>bios.a674</file>
         <name>c62_c.o674</name>
      </input_file>
      <input_file id="fl-c3">
         <path>C:\ti\bios_5_41_11_38\packages\ti\bios\lib\</path>
         <kind>archive</kind>
         <file>bios.a674</file>
         <name>ecm_disableEvent.o674</name>
      </input_file>
      <input_file id="fl-c4">
         <path>C:\ti\bios_5_41_11_38\packages\ti\bios\lib\</path>
         <kind>archive</kind>
         <file>bios.a674</file>
         <name>atm.o674</name>
      </input_file>
      <input_file id="fl-c5">
         <path>C:\ti\bios_5_41_11_38\packages\ti\bios\lib\</path>
         <kind>archive</kind>
         <file>bios.a674</file>
         <name>ecm_dispatchPlug.o674</name>
      </input_file>
      <input_file id="fl-c6">
         <path>C:\ti\bios_5_41_11_38\packages\ti\bios\lib\</path>
         <kind>archive</kind>
         <file>bios.a674</file>
         <name>ecm_enableEvent.o674</name>
      </input_file>
      <input_file id="fl-c7">
         <path>C:\Users\r0648945\Documents\CryptoProject\realtime_2017\libs\</path>
         <kind>archive</kind>
         <file>edma3_drv_bios_c674.lib</file>
         <name>edma3_drv_basic.obj</name>
      </input_file>
      <input_file id="fl-c8">
         <path>C:\Users\r0648945\Documents\CryptoProject\realtime_2017\libs\</path>
         <kind>archive</kind>
         <file>edma3_rm_bios.lib</file>
         <name>edma3resmgr.obj</name>
      </input_file>
      <input_file id="fl-c9">
         <path>C:\Users\r0648945\Documents\CryptoProject\realtime_2017\libs\</path>
         <kind>archive</kind>
         <file>edma3_rm_bios.lib</file>
         <name>edma3_rm_gbl_data.obj</name>
      </input_file>
      <input_file id="fl-ca">
         <path>C:\Users\r0648945\Documents\CryptoProject\realtime_2017\libs\</path>
         <kind>archive</kind>
         <file>ti.pspiom.i2c.a674</file>
         <name>I2c_edma.obj</name>
      </input_file>
      <input_file id="fl-cb">
         <path>C:\ti\bios_5_41_11_38\packages\ti\bios\lib\</path>
         <kind>archive</kind>
         <file>bios6748.a674</file>
         <name>bcache_block.o674</name>
      </input_file>
      <input_file id="fl-cc">
         <path>C:\ti\bios_5_41_11_38\packages\ti\bios\lib\</path>
         <kind>archive</kind>
         <file>bios6748.a674</file>
         <name>bcache_wait.o674</name>
      </input_file>
      <input_file id="fl-cd">
         <path>C:\Users\r0648945\Documents\CryptoProject\realtime_2017\libs\</path>
         <kind>archive</kind>
         <file>edma3_drv_bios_c674.lib</file>
         <name>edma3_drv_adv.obj</name>
      </input_file>
      <input_file id="fl-ce">
         <path>C:\ti\bios_5_41_11_38\packages\ti\bios\lib\</path>
         <kind>archive</kind>
         <file>bios.a674</file>
         <name>knl.o674</name>
      </input_file>
      <input_file id="fl-cf">
         <path>C:\ti\bios_5_41_11_38\packages\ti\bios\lib\</path>
         <kind>archive</kind>
         <file>bios.a674</file>
         <name>knl_exit.o674</name>
      </input_file>
      <input_file id="fl-d0">
         <path>C:\ti\bios_5_41_11_38\packages\ti\bios\lib\</path>
         <kind>archive</kind>
         <file>bios.a674</file>
         <name>knl_chec.o674</name>
      </input_file>
      <input_file id="fl-d1">
         <path>C:\ti\bios_5_41_11_38\packages\ti\bios\lib\</path>
         <kind>archive</kind>
         <file>bios.a674</file>
         <name>knl_post.o674</name>
      </input_file>
      <input_file id="fl-d2">
         <path>C:\ti\bios_5_41_11_38\packages\ti\bios\lib\</path>
         <kind>archive</kind>
         <file>bios.a674</file>
         <name>knl_ipos.o674</name>
      </input_file>
      <input_file id="fl-d3">
         <path>C:\ti\bios_5_41_11_38\packages\ti\bios\lib\</path>
         <kind>archive</kind>
         <file>bios.a674</file>
         <name>knl_run.o674</name>
      </input_file>
      <input_file id="fl-d4">
         <path>C:\ti\bios_5_41_11_38\packages\ti\bios\lib\</path>
         <kind>archive</kind>
         <file>bios.a674</file>
         <name>log_printf.o674</name>
      </input_file>
      <input_file id="fl-d5">
         <path>C:\ti\bios_5_41_11_38\packages\ti\bios\lib\</path>
         <kind>archive</kind>
         <file>bios.a674</file>
         <name>mem_asm.o674</name>
      </input_file>
      <input_file id="fl-d6">
         <path>C:\ti\bios_5_41_11_38\packages\ti\bios\lib\</path>
         <kind>archive</kind>
         <file>bios.a674</file>
         <name>mem_free.o674</name>
      </input_file>
      <input_file id="fl-d7">
         <path>C:\ti\bios_5_41_11_38\packages\ti\bios\lib\</path>
         <kind>archive</kind>
         <file>bios.a674</file>
         <name>mem_init.o674</name>
      </input_file>
      <input_file id="fl-d8">
         <path>C:\ti\bios_5_41_11_38\packages\ti\bios\lib\</path>
         <kind>archive</kind>
         <file>bios.a674</file>
         <name>mem_vall.o674</name>
      </input_file>
      <input_file id="fl-d9">
         <path>C:\ti\bios_5_41_11_38\packages\ti\bios\lib\</path>
         <kind>archive</kind>
         <file>bios.a674</file>
         <name>mem_allo.o674</name>
      </input_file>
      <input_file id="fl-da">
         <path>C:\Users\r0648945\Documents\CryptoProject\realtime_2017\libs\</path>
         <kind>archive</kind>
         <file>ti.pspiom.mcasp.a674</file>
         <name>Mcasp.obj</name>
      </input_file>
      <input_file id="fl-db">
         <path>C:\Users\r0648945\Documents\CryptoProject\realtime_2017\libs\</path>
         <kind>archive</kind>
         <file>ti.pspiom.mcasp.a674</file>
         <name>Mcasp_ioctl.obj</name>
      </input_file>
      <input_file id="fl-dc">
         <path>C:\Users\r0648945\Documents\CryptoProject\realtime_2017\libs\</path>
         <kind>archive</kind>
         <file>ti.pspiom.mcasp.a674</file>
         <name>Mcasp_edma.obj</name>
      </input_file>
      <input_file id="fl-dd">
         <path>C:\ti\bios_5_41_11_38\packages\ti\bios\lib\</path>
         <kind>archive</kind>
         <file>bios.a674</file>
         <name>obj_init.o674</name>
      </input_file>
      <input_file id="fl-de">
         <path>C:\ti\bios_5_41_11_38\packages\ti\bios\lib\</path>
         <kind>archive</kind>
         <file>pwrm.a674</file>
         <name>pwrm_gsp674.o674</name>
      </input_file>
      <input_file id="fl-df">
         <path>C:\Users\r0648945\Documents\CryptoProject\realtime_2017\libs\</path>
         <kind>archive</kind>
         <file>pscl.a674</file>
         <name>pscl.o674</name>
      </input_file>
      <input_file id="fl-e0">
         <path>C:\Users\r0648945\Documents\CryptoProject\realtime_2017\libs\</path>
         <kind>archive</kind>
         <file>pmi.a674</file>
         <name>pmi_pll.o674</name>
      </input_file>
      <input_file id="fl-e1">
         <path>C:\Users\r0648945\Documents\CryptoProject\realtime_2017\libs\</path>
         <kind>archive</kind>
         <file>pmi_ctl_evm6748.a674</file>
         <name>pmi_volt6748evm.o674</name>
      </input_file>
      <input_file id="fl-e2">
         <path>C:\Users\r0648945\Documents\CryptoProject\realtime_2017\libs\</path>
         <kind>archive</kind>
         <file>pmi.a674</file>
         <name>pmi_ms.o674</name>
      </input_file>
      <input_file id="fl-e3">
         <path>C:\Users\r0648945\Documents\CryptoProject\realtime_2017\libs\</path>
         <kind>archive</kind>
         <file>pmi.a674</file>
         <name>pmi_onchip.o674</name>
      </input_file>
      <input_file id="fl-e4">
         <path>C:\Users\r0648945\Documents\CryptoProject\realtime_2017\libs\</path>
         <kind>archive</kind>
         <file>pmi.a674</file>
         <name>pmi_init.o674</name>
      </input_file>
      <input_file id="fl-e5">
         <path>C:\Users\r0648945\Documents\CryptoProject\realtime_2017\libs\</path>
         <kind>archive</kind>
         <file>pmi_ctl_evm6748.a674</file>
         <name>pmi_i2c.o674</name>
      </input_file>
      <input_file id="fl-e6">
         <path>C:\Users\r0648945\Documents\CryptoProject\realtime_2017\libs\</path>
         <kind>archive</kind>
         <file>pmi.a674</file>
         <name>pmi_relock1.o674</name>
      </input_file>
      <input_file id="fl-e7">
         <path>C:\Users\r0648945\Documents\CryptoProject\realtime_2017\libs\</path>
         <kind>archive</kind>
         <file>pscl_cfg_evm6748.a674</file>
         <name>pscl_config_evm6748.o674</name>
      </input_file>
      <input_file id="fl-e8">
         <path>C:\ti\bios_5_41_11_38\packages\ti\bios\lib\</path>
         <kind>archive</kind>
         <file>bios6748.a674</file>
         <name>pwrm_get674.o674</name>
      </input_file>
      <input_file id="fl-e9">
         <path>C:\ti\bios_5_41_11_38\packages\ti\bios\lib\</path>
         <kind>archive</kind>
         <file>pwrm.a674</file>
         <name>pwrm_nsp674.o674</name>
      </input_file>
      <input_file id="fl-ea">
         <path>C:\ti\bios_5_41_11_38\packages\ti\bios\lib\</path>
         <kind>archive</kind>
         <file>pwrm.a674</file>
         <name>pwrm_spi674.o674</name>
      </input_file>
      <input_file id="fl-eb">
         <path>C:\ti\bios_5_41_11_38\packages\ti\bios\lib\</path>
         <kind>archive</kind>
         <file>pwrm.a674</file>
         <name>pwrm_regcst.o674</name>
      </input_file>
      <input_file id="fl-ec">
         <path>C:\ti\bios_5_41_11_38\packages\ti\bios\lib\</path>
         <kind>archive</kind>
         <file>pwrm.a674</file>
         <name>pwrm_reg.o674</name>
      </input_file>
      <input_file id="fl-ed">
         <path>C:\ti\bios_5_41_11_38\packages\ti\bios\lib\</path>
         <kind>archive</kind>
         <file>pwrm.a674</file>
         <name>pwrm.o674</name>
      </input_file>
      <input_file id="fl-ee">
         <path>C:\ti\bios_5_41_11_38\packages\ti\bios\lib\</path>
         <kind>archive</kind>
         <file>bios6748.a674</file>
         <name>pwrm_rel674.o674</name>
      </input_file>
      <input_file id="fl-ef">
         <path>C:\ti\bios_5_41_11_38\packages\ti\bios\lib\</path>
         <kind>archive</kind>
         <file>bios6748.a674</file>
         <name>pwrm_set674.o674</name>
      </input_file>
      <input_file id="fl-f0">
         <path>C:\ti\bios_5_41_11_38\packages\ti\bios\lib\</path>
         <kind>archive</kind>
         <file>pwrm.a674</file>
         <name>pwrm_urgcst.o674</name>
      </input_file>
      <input_file id="fl-f1">
         <path>C:\ti\bios_5_41_11_38\packages\ti\bios\lib\</path>
         <kind>archive</kind>
         <file>pwrm.a674</file>
         <name>pwrm_urg.o674</name>
      </input_file>
      <input_file id="fl-f2">
         <path>C:\ti\bios_5_41_11_38\packages\ti\bios\lib\</path>
         <kind>archive</kind>
         <file>bios.a674</file>
         <name>que_get.o674</name>
      </input_file>
      <input_file id="fl-f3">
         <path>C:\ti\bios_5_41_11_38\packages\ti\rtdx\lib\c6000\</path>
         <kind>archive</kind>
         <file>rtdx64xplus.lib</file>
         <name>buffer2.o64P</name>
      </input_file>
      <input_file id="fl-f4">
         <path>C:\ti\bios_5_41_11_38\packages\ti\rtdx\lib\c6000\</path>
         <kind>archive</kind>
         <file>rtdx64xplus.lib</file>
         <name>buffer1.o64P</name>
      </input_file>
      <input_file id="fl-f5">
         <path>C:\ti\bios_5_41_11_38\packages\ti\rtdx\lib\c6000\</path>
         <kind>archive</kind>
         <file>rtdx64xplus.lib</file>
         <name>intr_tgt.o64P</name>
      </input_file>
      <input_file id="fl-f6">
         <path>C:\ti\bios_5_41_11_38\packages\ti\rtdx\lib\c6000\</path>
         <kind>archive</kind>
         <file>rtdx64xplus.lib</file>
         <name>memfill.o64P</name>
      </input_file>
      <input_file id="fl-f7">
         <path>C:\ti\bios_5_41_11_38\packages\ti\bios\lib\</path>
         <kind>archive</kind>
         <file>bios.a674</file>
         <name>sem_crea.o674</name>
      </input_file>
      <input_file id="fl-f8">
         <path>C:\ti\bios_5_41_11_38\packages\ti\bios\lib\</path>
         <kind>archive</kind>
         <file>bios.a674</file>
         <name>obj_crea.o674</name>
      </input_file>
      <input_file id="fl-f9">
         <path>C:\ti\bios_5_41_11_38\packages\ti\bios\lib\</path>
         <kind>archive</kind>
         <file>bios.a674</file>
         <name>sem_dele.o674</name>
      </input_file>
      <input_file id="fl-fa">
         <path>C:\ti\bios_5_41_11_38\packages\ti\bios\lib\</path>
         <kind>archive</kind>
         <file>bios.a674</file>
         <name>obj_dele.o674</name>
      </input_file>
      <input_file id="fl-fb">
         <path>C:\ti\bios_5_41_11_38\packages\ti\bios\lib\</path>
         <kind>archive</kind>
         <file>bios.a674</file>
         <name>sem_pend_counting.o674</name>
      </input_file>
      <input_file id="fl-fc">
         <path>C:\ti\bios_5_41_11_38\packages\ti\bios\lib\</path>
         <kind>archive</kind>
         <file>bios.a674</file>
         <name>sem_pend.o674</name>
      </input_file>
      <input_file id="fl-fd">
         <path>C:\ti\bios_5_41_11_38\packages\ti\bios\lib\</path>
         <kind>archive</kind>
         <file>bios.a674</file>
         <name>sem_post_asm.o674</name>
      </input_file>
      <input_file id="fl-fe">
         <path>C:\ti\bios_5_41_11_38\packages\ti\bios\lib\</path>
         <kind>archive</kind>
         <file>bios.a674</file>
         <name>sem_post.o674</name>
      </input_file>
      <input_file id="fl-ff">
         <path>C:\ti\bios_5_41_11_38\packages\ti\bios\lib\</path>
         <kind>archive</kind>
         <file>sioboth.a674</file>
         <name>sio.o674</name>
      </input_file>
      <input_file id="fl-100">
         <path>C:\ti\bios_5_41_11_38\packages\ti\bios\lib\</path>
         <kind>archive</kind>
         <file>sioboth.a674</file>
         <name>sio_crea.o674</name>
      </input_file>
      <input_file id="fl-101">
         <path>C:\ti\bios_5_41_11_38\packages\ti\bios\lib\</path>
         <kind>archive</kind>
         <file>bios.a674</file>
         <name>dev_mkfr.o674</name>
      </input_file>
      <input_file id="fl-102">
         <path>C:\ti\bios_5_41_11_38\packages\ti\bios\lib\</path>
         <kind>archive</kind>
         <file>bios.a674</file>
         <name>que_crea.o674</name>
      </input_file>
      <input_file id="fl-103">
         <path>C:\ti\bios_5_41_11_38\packages\ti\bios\lib\</path>
         <kind>archive</kind>
         <file>sioboth.a674</file>
         <name>sio_dele.o674</name>
      </input_file>
      <input_file id="fl-104">
         <path>C:\ti\bios_5_41_11_38\packages\ti\bios\lib\</path>
         <kind>archive</kind>
         <file>bios.a674</file>
         <name>dev_rmfr.o674</name>
      </input_file>
      <input_file id="fl-105">
         <path>C:\ti\bios_5_41_11_38\packages\ti\bios\lib\</path>
         <kind>archive</kind>
         <file>sioboth.a674</file>
         <name>sio_issu.o674</name>
      </input_file>
      <input_file id="fl-106">
         <path>C:\ti\bios_5_41_11_38\packages\ti\bios\lib\</path>
         <kind>archive</kind>
         <file>sioboth.a674</file>
         <name>sio_recl.o674</name>
      </input_file>
      <input_file id="fl-107">
         <path>C:\ti\bios_5_41_11_38\packages\ti\bios\lib\</path>
         <kind>archive</kind>
         <file>bios.a674</file>
         <name>sts_set.o674</name>
      </input_file>
      <input_file id="fl-108">
         <path>C:\ti\bios_5_41_11_38\packages\ti\bios\lib\</path>
         <kind>archive</kind>
         <file>bios.a674</file>
         <name>swi_crea.o674</name>
      </input_file>
      <input_file id="fl-109">
         <path>C:\ti\bios_5_41_11_38\packages\ti\bios\lib\</path>
         <kind>archive</kind>
         <file>bios.a674</file>
         <name>swi_disable.o674</name>
      </input_file>
      <input_file id="fl-10a">
         <path>C:\ti\bios_5_41_11_38\packages\ti\bios\lib\</path>
         <kind>archive</kind>
         <file>bios.a674</file>
         <name>swi_seta.o674</name>
      </input_file>
      <input_file id="fl-10b">
         <path>C:\ti\bios_5_41_11_38\packages\ti\bios\lib\</path>
         <kind>archive</kind>
         <file>bios.a674</file>
         <name>sys_abor.o674</name>
      </input_file>
      <input_file id="fl-10c">
         <path>C:\ti\bios_5_41_11_38\packages\ti\bios\lib\</path>
         <kind>archive</kind>
         <file>bios.a674</file>
         <name>sys_erro.o674</name>
      </input_file>
      <input_file id="fl-10d">
         <path>C:\ti\bios_5_41_11_38\packages\ti\bios\lib\</path>
         <kind>archive</kind>
         <file>bios.a674</file>
         <name>sys_prin.o674</name>
      </input_file>
      <input_file id="fl-10e">
         <path>C:\ti\bios_5_41_11_38\packages\ti\bios\lib\</path>
         <kind>archive</kind>
         <file>bios.a674</file>
         <name>sys_one.o674</name>
      </input_file>
      <input_file id="fl-10f">
         <path>C:\ti\bios_5_41_11_38\packages\ti\bios\lib\</path>
         <kind>archive</kind>
         <file>bios.a674</file>
         <name>tsk.o674</name>
      </input_file>
      <input_file id="fl-110">
         <path>C:\ti\bios_5_41_11_38\packages\ti\bios\lib\</path>
         <kind>archive</kind>
         <file>bios.a674</file>
         <name>tsk_exit.o674</name>
      </input_file>
      <input_file id="fl-111">
         <path>C:\ti\bios_5_41_11_38\packages\ti\bios\lib\</path>
         <kind>archive</kind>
         <file>bios.a674</file>
         <name>sys_exit.o674</name>
      </input_file>
      <input_file id="fl-112">
         <path>C:\ti\bios_5_41_11_38\packages\ti\bios\lib\</path>
         <kind>archive</kind>
         <file>bios.a674</file>
         <name>sys.o674</name>
      </input_file>
      <input_file id="fl-113">
         <path>C:\ti\bios_5_41_11_38\packages\ti\bios\lib\</path>
         <kind>archive</kind>
         <file>bios.a674</file>
         <name>tsk_init.o674</name>
      </input_file>
      <input_file id="fl-114">
         <path>C:\ti\bios_5_41_11_38\packages\ti\bios\lib\</path>
         <kind>archive</kind>
         <file>bios.a674</file>
         <name>tsk_setu.o674</name>
      </input_file>
      <input_file id="fl-115">
         <path>C:\ti\bios_5_41_11_38\packages\ti\bios\lib\</path>
         <kind>archive</kind>
         <file>bios.a674</file>
         <name>tsk_stup.o674</name>
      </input_file>
      <input_file id="fl-116">
         <path>C:\ti\bios_5_41_11_38\packages\ti\bios\lib\</path>
         <kind>archive</kind>
         <file>bios.a674</file>
         <name>lck.o674</name>
      </input_file>
      <input_file id="fl-117">
         <path>C:\ti\bios_5_41_11_38\packages\ti\bios\lib\</path>
         <kind>archive</kind>
         <file>pwrm.a674</file>
         <name>pwrm_ini.o674</name>
      </input_file>
      <input_file id="fl-118">
         <path>C:\ti\bios_5_41_11_38\packages\ti\bios\lib\</path>
         <kind>archive</kind>
         <file>bios6748.a674</file>
         <name>pwrm_rdb6748.o674</name>
      </input_file>
      <input_file id="fl-119">
         <path>C:\ti\bios_5_41_11_38\packages\ti\bios\lib\</path>
         <kind>archive</kind>
         <file>bios6748.a674</file>
         <name>_pwrm_initcounts.o674</name>
      </input_file>
      <input_file id="fl-11a">
         <path>C:\ti\bios_5_41_11_38\packages\ti\bios\lib\</path>
         <kind>archive</kind>
         <file>pwrm.a674</file>
         <name>_pwrm_updcst.o674</name>
      </input_file>
      <input_file id="fl-11b">
         <path>C:\ti\bios_5_41_11_38\packages\ti\bios\lib\</path>
         <kind>archive</kind>
         <file>bios.a674</file>
         <name>sem_dopo.o674</name>
      </input_file>
      <input_file id="fl-11c">
         <path>C:\ti\ccsv5\tools\compiler\c6000\lib\</path>
         <kind>archive</kind>
         <file>rts6740.lib</file>
         <name>assert.obj</name>
      </input_file>
      <input_file id="fl-11d">
         <path>C:\ti\bios_5_41_11_38\packages\ti\bios\lib\</path>
         <kind>archive</kind>
         <file>bios.a674</file>
         <name>autoinit.o674</name>
      </input_file>
      <input_file id="fl-11e">
         <path>C:\ti\ccsv5\tools\compiler\c6000\lib\</path>
         <kind>archive</kind>
         <file>rts6740.lib</file>
         <name>divu.obj</name>
      </input_file>
      <input_file id="fl-11f">
         <path>C:\ti\ccsv5\tools\compiler\c6000\lib\</path>
         <kind>archive</kind>
         <file>rts6740.lib</file>
         <name>fixdu.obj</name>
      </input_file>
      <input_file id="fl-120">
         <path>C:\ti\ccsv5\tools\compiler\c6000\lib\</path>
         <kind>archive</kind>
         <file>rts6740.lib</file>
         <name>defs.obj</name>
      </input_file>
      <input_file id="fl-121">
         <path>C:\ti\ccsv5\tools\compiler\c6000\lib\</path>
         <kind>archive</kind>
         <file>rts6740.lib</file>
         <name>_lock.obj</name>
      </input_file>
      <input_file id="fl-122">
         <path>C:\ti\ccsv5\tools\compiler\c6000\lib\</path>
         <kind>archive</kind>
         <file>rts6740.lib</file>
         <name>remu.obj</name>
      </input_file>
      <input_file id="fl-123">
         <path>C:\ti\ccsv5\tools\compiler\c6000\lib\</path>
         <kind>archive</kind>
         <file>rts6740.lib</file>
         <name>strasg.obj</name>
      </input_file>
      <input_file id="fl-124">
         <path>C:\ti\ccsv5\tools\compiler\c6000\lib\</path>
         <kind>archive</kind>
         <file>rts6740.lib</file>
         <name>exit.obj</name>
      </input_file>
      <input_file id="fl-125">
         <path>C:\ti\ccsv5\tools\compiler\c6000\lib\</path>
         <kind>archive</kind>
         <file>rts6740.lib</file>
         <name>atexit.obj</name>
      </input_file>
      <input_file id="fl-126">
         <path>C:\ti\ccsv5\tools\compiler\c6000\lib\</path>
         <kind>archive</kind>
         <file>rts6740.lib</file>
         <name>sinit.obj</name>
      </input_file>
      <input_file id="fl-127">
         <path>C:\Users\r0648945\Documents\CryptoProject\realtime_2017\libs\</path>
         <kind>archive</kind>
         <file>ti.pspiom.platforms.evm6748.evmInit.a674</file>
         <name>audio_evmInit.obj</name>
      </input_file>
      <input_file id="fl-128">
         <path>C:\Users\r0648945\Documents\CryptoProject\realtime_2017\libs\</path>
         <kind>archive</kind>
         <file>edma3_rm_bios.lib</file>
         <name>edma3_c6748_cfg.obj</name>
      </input_file>
      <input_file id="fl-129">
         <path>C:\Users\r0648945\Documents\CryptoProject\realtime_2017\libs\</path>
         <kind>archive</kind>
         <file>edma3_drv_bios_c674.lib</file>
         <name>edma3_drv_init.obj</name>
      </input_file>
      <input_file id="fl-12a">
         <path>C:\Users\r0648945\Documents\CryptoProject\realtime_2017\libs\</path>
         <kind>archive</kind>
         <file>edma3_drv_bios_sample.lib</file>
         <name>bios_edma3_drv_sample_cs_multi_edma.obj</name>
      </input_file>
      <input_file id="fl-12b">
         <path>C:\ti\bios_5_41_11_38\packages\ti\bios\lib\</path>
         <kind>archive</kind>
         <file>bios.a674</file>
         <name>tsk_disa.o674</name>
      </input_file>
      <input_file id="fl-12c">
         <path>C:\Users\r0648945\Documents\CryptoProject\realtime_2017\libs\</path>
         <kind>archive</kind>
         <file>edma3_drv_bios_sample.lib</file>
         <name>bios_edma3_drv_sample_c6748_cfg.obj</name>
      </input_file>
      <input_file id="fl-12d">
         <path>C:\Users\r0648945\Documents\CryptoProject\realtime_2017\libs\</path>
         <kind>archive</kind>
         <file>edma3_drv_bios_sample.lib</file>
         <name>bios_edma3_drv_sample_init_multi_edma.obj</name>
      </input_file>
      <input_file id="fl-12e">
         <path>C:\ti\ccsv5\tools\compiler\c6000\lib\</path>
         <kind>archive</kind>
         <file>rts6740.lib</file>
         <name>fflush.obj</name>
      </input_file>
      <input_file id="fl-12f">
         <path>C:\ti\ccsv5\tools\compiler\c6000\lib\</path>
         <kind>archive</kind>
         <file>rts6740.lib</file>
         <name>fprintf.obj</name>
      </input_file>
      <input_file id="fl-130">
         <path>C:\ti\ccsv5\tools\compiler\c6000\lib\</path>
         <kind>archive</kind>
         <file>rts6740.lib</file>
         <name>_printfi.obj</name>
      </input_file>
      <input_file id="fl-131">
         <path>C:\ti\ccsv5\tools\compiler\c6000\lib\</path>
         <kind>archive</kind>
         <file>rts6740.lib</file>
         <name>isinf.obj</name>
      </input_file>
      <input_file id="fl-132">
         <path>C:\ti\ccsv5\tools\compiler\c6000\lib\</path>
         <kind>archive</kind>
         <file>rts6740.lib</file>
         <name>divd.obj</name>
      </input_file>
      <input_file id="fl-133">
         <path>C:\ti\ccsv5\tools\compiler\c6000\lib\</path>
         <kind>archive</kind>
         <file>rts6740.lib</file>
         <name>imath40.obj</name>
      </input_file>
      <input_file id="fl-134">
         <path>C:\ti\ccsv5\tools\compiler\c6000\lib\</path>
         <kind>archive</kind>
         <file>rts6740.lib</file>
         <name>imath64.obj</name>
      </input_file>
      <input_file id="fl-135">
         <path>C:\ti\ccsv5\tools\compiler\c6000\lib\</path>
         <kind>archive</kind>
         <file>rts6740.lib</file>
         <name>fixdli.obj</name>
      </input_file>
      <input_file id="fl-136">
         <path>C:\ti\ccsv5\tools\compiler\c6000\lib\</path>
         <kind>archive</kind>
         <file>rts6740.lib</file>
         <name>fltlid.obj</name>
      </input_file>
      <input_file id="fl-137">
         <path>C:\ti\ccsv5\tools\compiler\c6000\lib\</path>
         <kind>archive</kind>
         <file>rts6740.lib</file>
         <name>frcmpyd_div.obj</name>
      </input_file>
      <input_file id="fl-138">
         <path>C:\ti\ccsv5\tools\compiler\c6000\lib\</path>
         <kind>archive</kind>
         <file>rts6740.lib</file>
         <name>llshift.obj</name>
      </input_file>
      <input_file id="fl-139">
         <path>C:\ti\ccsv5\tools\compiler\c6000\lib\</path>
         <kind>archive</kind>
         <file>rts6740.lib</file>
         <name>negll.obj</name>
      </input_file>
      <input_file id="fl-13a">
         <path>C:\ti\ccsv5\tools\compiler\c6000\lib\</path>
         <kind>archive</kind>
         <file>rts6740.lib</file>
         <name>atoi.obj</name>
      </input_file>
      <input_file id="fl-13b">
         <path>C:\ti\ccsv5\tools\compiler\c6000\lib\</path>
         <kind>archive</kind>
         <file>rts6740.lib</file>
         <name>ctype.obj</name>
      </input_file>
      <input_file id="fl-13c">
         <path>C:\ti\ccsv5\tools\compiler\c6000\lib\</path>
         <kind>archive</kind>
         <file>rts6740.lib</file>
         <name>fputc.obj</name>
      </input_file>
      <input_file id="fl-13d">
         <path>C:\ti\ccsv5\tools\compiler\c6000\lib\</path>
         <kind>archive</kind>
         <file>rts6740.lib</file>
         <name>_io_perm.obj</name>
      </input_file>
      <input_file id="fl-13e">
         <path>C:\ti\ccsv5\tools\compiler\c6000\lib\</path>
         <kind>archive</kind>
         <file>rts6740.lib</file>
         <name>fputs.obj</name>
      </input_file>
      <input_file id="fl-13f">
         <path>C:\ti\ccsv5\tools\compiler\c6000\lib\</path>
         <kind>archive</kind>
         <file>rts6740.lib</file>
         <name>fseek.obj</name>
      </input_file>
      <input_file id="fl-140">
         <path>C:\ti\ccsv5\tools\compiler\c6000\lib\</path>
         <kind>archive</kind>
         <file>rts6740.lib</file>
         <name>abs.obj</name>
      </input_file>
      <input_file id="fl-141">
         <path>C:\ti\ccsv5\tools\compiler\c6000\lib\</path>
         <kind>archive</kind>
         <file>rts6740.lib</file>
         <name>lowlev.obj</name>
      </input_file>
      <input_file id="fl-142">
         <path>C:\ti\ccsv5\tools\compiler\c6000\lib\</path>
         <kind>archive</kind>
         <file>rts6740.lib</file>
         <name>trgdrv.obj</name>
      </input_file>
      <input_file id="fl-143">
         <path>C:\ti\ccsv5\tools\compiler\c6000\lib\</path>
         <kind>archive</kind>
         <file>rts6740.lib</file>
         <name>ltoa.obj</name>
      </input_file>
      <input_file id="fl-144">
         <path>C:\ti\ccsv5\tools\compiler\c6000\lib\</path>
         <kind>archive</kind>
         <file>rts6740.lib</file>
         <name>memccpy.obj</name>
      </input_file>
      <input_file id="fl-145">
         <path>C:\ti\ccsv5\tools\compiler\c6000\lib\</path>
         <kind>archive</kind>
         <file>rts6740.lib</file>
         <name>memcpy64.obj</name>
      </input_file>
      <input_file id="fl-146">
         <path>C:\ti\ccsv5\tools\compiler\c6000\lib\</path>
         <kind>archive</kind>
         <file>rts6740.lib</file>
         <name>memset.obj</name>
      </input_file>
      <input_file id="fl-147">
         <path>C:\ti\ccsv5\tools\compiler\c6000\lib\</path>
         <kind>archive</kind>
         <file>rts6740.lib</file>
         <name>printf.obj</name>
      </input_file>
      <input_file id="fl-148">
         <path>C:\ti\ccsv5\tools\compiler\c6000\lib\</path>
         <kind>archive</kind>
         <file>rts6740.lib</file>
         <name>trgmsg.obj</name>
      </input_file>
      <input_file id="fl-149">
         <path>C:\ti\ccsv5\tools\compiler\c6000\lib\</path>
         <kind>archive</kind>
         <file>rts6740.lib</file>
         <name>setvbuf.obj</name>
      </input_file>
      <input_file id="fl-14a">
         <path>C:\ti\ccsv5\tools\compiler\c6000\lib\</path>
         <kind>archive</kind>
         <file>rts6740.lib</file>
         <name>fopen.obj</name>
      </input_file>
      <input_file id="fl-14b">
         <path>C:\ti\ccsv5\tools\compiler\c6000\lib\</path>
         <kind>archive</kind>
         <file>rts6740.lib</file>
         <name>fclose.obj</name>
      </input_file>
      <input_file id="fl-14c">
         <path>C:\ti\bios_5_41_11_38\packages\ti\bios\lib\</path>
         <kind>archive</kind>
         <file>bios.a674</file>
         <name>malloc.o674</name>
      </input_file>
      <input_file id="fl-14d">
         <path>C:\ti\ccsv5\tools\compiler\c6000\lib\</path>
         <kind>archive</kind>
         <file>rts6740.lib</file>
         <name>remove.obj</name>
      </input_file>
   </input_file_list>
   <object_component_list>
      <object_component id="oc-70">
         <name>.vers</name>
         <load_address>0x0</load_address>
         <run_address>0x0</run_address>
         <size>0x40</size>
         <input_file_ref idref="fl-11"/>
      </object_component>
      <object_component id="oc-5d">
         <name>.clk</name>
         <uninitialized>true</uninitialized>
         <run_address>0x1183cb54</run_address>
         <size>0x8</size>
         <input_file_ref idref="fl-11"/>
      </object_component>
      <object_component id="oc-63">
         <name>.swi</name>
         <uninitialized>true</uninitialized>
         <run_address>0x1182f9d0</run_address>
         <size>0x2c</size>
         <input_file_ref idref="fl-11"/>
      </object_component>
      <object_component id="oc-66">
         <name>.tsk</name>
         <uninitialized>true</uninitialized>
         <run_address>0x1183c910</run_address>
         <size>0xc0</size>
         <input_file_ref idref="fl-11"/>
      </object_component>
      <object_component id="oc-6a">
         <name>.idl</name>
         <uninitialized>true</uninitialized>
         <run_address>0x1183cb18</run_address>
         <size>0x10</size>
         <input_file_ref idref="fl-11"/>
      </object_component>
      <object_component id="oc-69">
         <name>.idlcal</name>
         <uninitialized>true</uninitialized>
         <run_address>0x1183cb28</run_address>
         <size>0x10</size>
         <input_file_ref idref="fl-11"/>
      </object_component>
      <object_component id="oc-62">
         <name>.hwi_vec</name>
         <load_address>0xc0059c00</load_address>
         <run_address>0xc0059c00</run_address>
         <size>0x200</size>
         <input_file_ref idref="fl-11"/>
      </object_component>
      <object_component id="oc-45d">
         <name>.bios</name>
         <load_address>0xc0052720</load_address>
         <run_address>0xc0052720</run_address>
         <size>0x780</size>
         <input_file_ref idref="fl-10d"/>
      </object_component>
      <object_component id="oc-90">
         <name>.bios</name>
         <load_address>0xc0052ea0</load_address>
         <run_address>0xc0052ea0</run_address>
         <size>0x5c0</size>
         <input_file_ref idref="fl-96"/>
      </object_component>
      <object_component id="oc-365">
         <name>.bios</name>
         <load_address>0xc0053460</load_address>
         <run_address>0xc0053460</run_address>
         <size>0x580</size>
         <input_file_ref idref="fl-bb"/>
      </object_component>
      <object_component id="oc-4b">
         <name>.bios</name>
         <load_address>0xc00539e0</load_address>
         <run_address>0xc00539e0</run_address>
         <size>0x4e0</size>
         <input_file_ref idref="fl-94"/>
      </object_component>
      <object_component id="oc-4a">
         <name>.bios</name>
         <load_address>0xc0053ec0</load_address>
         <run_address>0xc0053ec0</run_address>
         <size>0x4c0</size>
         <input_file_ref idref="fl-97"/>
      </object_component>
      <object_component id="oc-df">
         <name>.bios</name>
         <load_address>0xc0054380</load_address>
         <run_address>0xc0054380</run_address>
         <size>0x380</size>
         <input_file_ref idref="fl-aa"/>
      </object_component>
      <object_component id="oc-3a7">
         <name>.bios</name>
         <load_address>0xc0054700</load_address>
         <run_address>0xc0054700</run_address>
         <size>0x320</size>
         <input_file_ref idref="fl-100"/>
      </object_component>
      <object_component id="oc-488">
         <name>.bios</name>
         <load_address>0xc0054a20</load_address>
         <run_address>0xc0054a20</run_address>
         <size>0x280</size>
         <input_file_ref idref="fl-14c"/>
      </object_component>
      <object_component id="oc-e4">
         <name>.bios</name>
         <load_address>0xc0054ca0</load_address>
         <run_address>0xc0054ca0</run_address>
         <size>0x280</size>
         <input_file_ref idref="fl-ab"/>
      </object_component>
      <object_component id="oc-35f">
         <name>.bios</name>
         <load_address>0xc0054f20</load_address>
         <run_address>0xc0054f20</run_address>
         <size>0x240</size>
         <input_file_ref idref="fl-d3"/>
      </object_component>
      <object_component id="oc-408">
         <name>.bios:.near</name>
         <load_address>0xc0055160</load_address>
         <run_address>0xc0055160</run_address>
         <size>0x200</size>
         <input_file_ref idref="fl-d9"/>
      </object_component>
      <object_component id="oc-4f">
         <name>.bios</name>
         <load_address>0xc0055360</load_address>
         <run_address>0xc0055360</run_address>
         <size>0x200</size>
         <input_file_ref idref="fl-9a"/>
      </object_component>
      <object_component id="oc-3cc">
         <name>.bios:.near</name>
         <load_address>0xc0055560</load_address>
         <run_address>0xc0055560</run_address>
         <size>0x1e0</size>
         <input_file_ref idref="fl-d6"/>
      </object_component>
      <object_component id="oc-126">
         <name>.bios</name>
         <load_address>0xc0055740</load_address>
         <run_address>0xc0055740</run_address>
         <size>0x1e0</size>
         <input_file_ref idref="fl-ba"/>
      </object_component>
      <object_component id="oc-db">
         <name>.bios</name>
         <load_address>0xc0055920</load_address>
         <run_address>0xc0055920</run_address>
         <size>0x1e0</size>
         <input_file_ref idref="fl-a9"/>
      </object_component>
      <object_component id="oc-38d">
         <name>.bios</name>
         <load_address>0xc0055b00</load_address>
         <run_address>0xc0055b00</run_address>
         <size>0x1e0</size>
         <input_file_ref idref="fl-fc"/>
      </object_component>
      <object_component id="oc-407">
         <name>.bios</name>
         <load_address>0xc0055ce0</load_address>
         <run_address>0xc0055ce0</run_address>
         <size>0x1e0</size>
         <input_file_ref idref="fl-103"/>
      </object_component>
      <object_component id="oc-390">
         <name>.bios</name>
         <load_address>0xc0055ec0</load_address>
         <run_address>0xc0055ec0</run_address>
         <size>0x1a0</size>
         <input_file_ref idref="fl-11b"/>
      </object_component>
      <object_component id="oc-368">
         <name>.bios</name>
         <load_address>0xc0056060</load_address>
         <run_address>0xc0056060</run_address>
         <size>0x1a0</size>
         <input_file_ref idref="fl-114"/>
      </object_component>
      <object_component id="oc-b4">
         <name>.bios</name>
         <load_address>0xc0056200</load_address>
         <run_address>0xc0056200</run_address>
         <size>0x1a0</size>
         <input_file_ref idref="fl-9f"/>
      </object_component>
      <object_component id="oc-d3">
         <name>.bios</name>
         <load_address>0xc00563a0</load_address>
         <run_address>0xc00563a0</run_address>
         <size>0x180</size>
         <input_file_ref idref="fl-a7"/>
      </object_component>
      <object_component id="oc-3e5">
         <name>.bios</name>
         <load_address>0xc0056520</load_address>
         <run_address>0xc0056520</run_address>
         <size>0x180</size>
         <input_file_ref idref="fl-cb"/>
      </object_component>
      <object_component id="oc-356">
         <name>.bios</name>
         <load_address>0xc00566a0</load_address>
         <run_address>0xc00566a0</run_address>
         <size>0x140</size>
         <input_file_ref idref="fl-11d"/>
      </object_component>
      <object_component id="oc-361">
         <name>.bios</name>
         <load_address>0xc00567e0</load_address>
         <run_address>0xc00567e0</run_address>
         <size>0x140</size>
         <input_file_ref idref="fl-110"/>
      </object_component>
      <object_component id="oc-3ad">
         <name>.bios</name>
         <load_address>0xc0056920</load_address>
         <run_address>0xc0056920</run_address>
         <size>0x140</size>
         <input_file_ref idref="fl-bd"/>
      </object_component>
      <object_component id="oc-363">
         <name>.bios</name>
         <load_address>0xc0056a60</load_address>
         <run_address>0xc0056a60</run_address>
         <size>0x120</size>
         <input_file_ref idref="fl-bc"/>
      </object_component>
      <object_component id="oc-185">
         <name>.bios</name>
         <load_address>0xc0056b80</load_address>
         <run_address>0xc0056b80</run_address>
         <size>0x120</size>
         <input_file_ref idref="fl-d0"/>
      </object_component>
      <object_component id="oc-36b">
         <name>.bios</name>
         <load_address>0xc0056ca0</load_address>
         <run_address>0xc0056ca0</run_address>
         <size>0x120</size>
         <input_file_ref idref="fl-115"/>
      </object_component>
      <object_component id="oc-35c">
         <name>.bios</name>
         <load_address>0xc0056dc0</load_address>
         <run_address>0xc0056dc0</run_address>
         <size>0x100</size>
         <input_file_ref idref="fl-b9"/>
      </object_component>
      <object_component id="oc-22f">
         <name>.bios</name>
         <load_address>0xc0056ec0</load_address>
         <run_address>0xc0056ec0</run_address>
         <size>0xe0</size>
         <input_file_ref idref="fl-fd"/>
      </object_component>
      <object_component id="oc-3c2">
         <name>.bios</name>
         <load_address>0xc0056fa0</load_address>
         <run_address>0xc0056fa0</run_address>
         <size>0xc0</size>
         <input_file_ref idref="fl-b5"/>
      </object_component>
      <object_component id="oc-360">
         <name>.bios</name>
         <load_address>0xc0057060</load_address>
         <run_address>0xc0057060</run_address>
         <size>0xc0</size>
         <input_file_ref idref="fl-cf"/>
      </object_component>
      <object_component id="oc-3ac">
         <name>.bios</name>
         <load_address>0xc0057120</load_address>
         <run_address>0xc0057120</run_address>
         <size>0xc0</size>
         <input_file_ref idref="fl-106"/>
      </object_component>
      <object_component id="oc-405">
         <name>.bios</name>
         <load_address>0xc00571e0</load_address>
         <run_address>0xc00571e0</run_address>
         <size>0xa0</size>
         <input_file_ref idref="fl-101"/>
      </object_component>
      <object_component id="oc-403">
         <name>.bios</name>
         <load_address>0xc0057280</load_address>
         <run_address>0xc0057280</run_address>
         <size>0xa0</size>
         <input_file_ref idref="fl-f8"/>
      </object_component>
      <object_component id="oc-38f">
         <name>.bios</name>
         <load_address>0xc0057320</load_address>
         <run_address>0xc0057320</run_address>
         <size>0xa0</size>
         <input_file_ref idref="fl-fe"/>
      </object_component>
      <object_component id="oc-427">
         <name>.bios</name>
         <load_address>0xc00573c0</load_address>
         <run_address>0xc00573c0</run_address>
         <size>0xa0</size>
         <input_file_ref idref="fl-10a"/>
      </object_component>
      <object_component id="oc-3a6">
         <name>.bios</name>
         <load_address>0xc0057460</load_address>
         <run_address>0xc0057460</run_address>
         <size>0xa0</size>
         <input_file_ref idref="fl-111"/>
      </object_component>
      <object_component id="oc-d7">
         <name>.bios</name>
         <load_address>0xc0057500</load_address>
         <run_address>0xc0057500</run_address>
         <size>0xa0</size>
         <input_file_ref idref="fl-a8"/>
      </object_component>
      <object_component id="oc-155">
         <name>.bios</name>
         <load_address>0xc00575a0</load_address>
         <run_address>0xc00575a0</run_address>
         <size>0x80</size>
         <input_file_ref idref="fl-c4"/>
      </object_component>
      <object_component id="oc-38e">
         <name>.bios</name>
         <load_address>0xc0057620</load_address>
         <run_address>0xc0057620</run_address>
         <size>0x80</size>
         <input_file_ref idref="fl-d2"/>
      </object_component>
      <object_component id="oc-358">
         <name>.bios</name>
         <load_address>0xc00576a0</load_address>
         <run_address>0xc00576a0</run_address>
         <size>0x80</size>
         <input_file_ref idref="fl-d1"/>
      </object_component>
      <object_component id="oc-3b2">
         <name>.bios</name>
         <load_address>0xc0057720</load_address>
         <run_address>0xc0057720</run_address>
         <size>0x80</size>
         <input_file_ref idref="fl-116"/>
      </object_component>
      <object_component id="oc-3cd">
         <name>.bios</name>
         <load_address>0xc00577a0</load_address>
         <run_address>0xc00577a0</run_address>
         <size>0x80</size>
         <input_file_ref idref="fl-f7"/>
      </object_component>
      <object_component id="oc-3e1">
         <name>.bios</name>
         <load_address>0xc0057820</load_address>
         <run_address>0xc0057820</run_address>
         <size>0x80</size>
         <input_file_ref idref="fl-108"/>
      </object_component>
      <object_component id="oc-44e">
         <name>.bios</name>
         <load_address>0xc00578a0</load_address>
         <run_address>0xc00578a0</run_address>
         <size>0x80</size>
         <input_file_ref idref="fl-12b"/>
      </object_component>
      <object_component id="oc-43e">
         <name>.bios</name>
         <load_address>0xc0057920</load_address>
         <run_address>0xc0057920</run_address>
         <size>0x80</size>
         <input_file_ref idref="fl-cc"/>
      </object_component>
      <object_component id="oc-ca">
         <name>.bios</name>
         <load_address>0xc00579a0</load_address>
         <run_address>0xc00579a0</run_address>
         <size>0x80</size>
         <input_file_ref idref="fl-a5"/>
      </object_component>
      <object_component id="oc-3a9">
         <name>.bios</name>
         <load_address>0xc0057a20</load_address>
         <run_address>0xc0057a20</run_address>
         <size>0x80</size>
         <input_file_ref idref="fl-105"/>
      </object_component>
      <object_component id="oc-3a8">
         <name>.bios:.near</name>
         <load_address>0xc0057aa0</load_address>
         <run_address>0xc0057aa0</run_address>
         <size>0x60</size>
         <input_file_ref idref="fl-d8"/>
      </object_component>
      <object_component id="oc-402">
         <name>.bios:.near</name>
         <load_address>0xc0057b00</load_address>
         <run_address>0xc0057b00</run_address>
         <size>0x60</size>
         <input_file_ref idref="fl-10c"/>
      </object_component>
      <object_component id="oc-44f">
         <name>.bios</name>
         <load_address>0xc0057b60</load_address>
         <run_address>0xc0057b60</run_address>
         <size>0x60</size>
         <input_file_ref idref="fl-104"/>
      </object_component>
      <object_component id="oc-b8">
         <name>.bios</name>
         <load_address>0xc0057bc0</load_address>
         <run_address>0xc0057bc0</run_address>
         <size>0x60</size>
         <input_file_ref idref="fl-a0"/>
      </object_component>
      <object_component id="oc-143">
         <name>.bios</name>
         <load_address>0xc0057c20</load_address>
         <run_address>0xc0057c20</run_address>
         <size>0x60</size>
         <input_file_ref idref="fl-c0"/>
      </object_component>
      <object_component id="oc-c6">
         <name>.bios</name>
         <load_address>0xc0057c80</load_address>
         <run_address>0xc0057c80</run_address>
         <size>0x60</size>
         <input_file_ref idref="fl-a4"/>
      </object_component>
      <object_component id="oc-413">
         <name>.bios</name>
         <load_address>0xc0057ce0</load_address>
         <run_address>0xc0057ce0</run_address>
         <size>0x60</size>
         <input_file_ref idref="fl-fa"/>
      </object_component>
      <object_component id="oc-228">
         <name>.bios</name>
         <load_address>0xc0057d40</load_address>
         <run_address>0xc0057d40</run_address>
         <size>0x60</size>
         <input_file_ref idref="fl-fb"/>
      </object_component>
      <object_component id="oc-ec">
         <name>.bios</name>
         <load_address>0xc0057da0</load_address>
         <run_address>0xc0057da0</run_address>
         <size>0x60</size>
         <input_file_ref idref="fl-ad"/>
      </object_component>
      <object_component id="oc-259">
         <name>.bios</name>
         <load_address>0xc0057e00</load_address>
         <run_address>0xc0057e00</run_address>
         <size>0x60</size>
         <input_file_ref idref="fl-109"/>
      </object_component>
      <object_component id="oc-3ae">
         <name>.bios</name>
         <load_address>0xc0057e60</load_address>
         <run_address>0xc0057e60</run_address>
         <size>0x60</size>
         <input_file_ref idref="fl-10b"/>
      </object_component>
      <object_component id="oc-107">
         <name>.bios</name>
         <load_address>0xc0057ec0</load_address>
         <run_address>0xc0057ec0</run_address>
         <size>0x60</size>
         <input_file_ref idref="fl-b3"/>
      </object_component>
      <object_component id="oc-14e">
         <name>.bios</name>
         <load_address>0xc0057f20</load_address>
         <run_address>0xc0057f20</run_address>
         <size>0x40</size>
         <input_file_ref idref="fl-c2"/>
      </object_component>
      <object_component id="oc-3dc">
         <name>.bios</name>
         <load_address>0xc0057f60</load_address>
         <run_address>0xc0057f60</run_address>
         <size>0x40</size>
         <input_file_ref idref="fl-c3"/>
      </object_component>
      <object_component id="oc-40a">
         <name>.bios</name>
         <load_address>0xc0057fa0</load_address>
         <run_address>0xc0057fa0</run_address>
         <size>0x40</size>
         <input_file_ref idref="fl-c5"/>
      </object_component>
      <object_component id="oc-3f2">
         <name>.bios</name>
         <load_address>0xc0057fe0</load_address>
         <run_address>0xc0057fe0</run_address>
         <size>0x40</size>
         <input_file_ref idref="fl-c6"/>
      </object_component>
      <object_component id="oc-48">
         <name>.bios</name>
         <load_address>0xc0058020</load_address>
         <run_address>0xc0058020</run_address>
         <size>0x40</size>
         <input_file_ref idref="fl-95"/>
      </object_component>
      <object_component id="oc-404">
         <name>.bios</name>
         <load_address>0xc0058060</load_address>
         <run_address>0xc0058060</run_address>
         <size>0x40</size>
         <input_file_ref idref="fl-102"/>
      </object_component>
      <object_component id="oc-204">
         <name>.bios</name>
         <load_address>0xc00580a0</load_address>
         <run_address>0xc00580a0</run_address>
         <size>0x40</size>
         <input_file_ref idref="fl-f2"/>
      </object_component>
      <object_component id="oc-e8">
         <name>.bios</name>
         <load_address>0xc00580e0</load_address>
         <run_address>0xc00580e0</run_address>
         <size>0x40</size>
         <input_file_ref idref="fl-ac"/>
      </object_component>
      <object_component id="oc-47">
         <name>.bios</name>
         <load_address>0xc0058120</load_address>
         <run_address>0xc0058120</run_address>
         <size>0x40</size>
         <input_file_ref idref="fl-9b"/>
      </object_component>
      <object_component id="oc-4e">
         <name>.bios</name>
         <load_address>0xc0058160</load_address>
         <run_address>0xc0058160</run_address>
         <size>0x40</size>
         <input_file_ref idref="fl-9d"/>
      </object_component>
      <object_component id="oc-52">
         <name>.bios</name>
         <load_address>0xc00581a0</load_address>
         <run_address>0xc00581a0</run_address>
         <size>0x20</size>
         <input_file_ref idref="fl-99"/>
      </object_component>
      <object_component id="oc-137">
         <name>.bios</name>
         <load_address>0xc00581c0</load_address>
         <run_address>0xc00581c0</run_address>
         <size>0x20</size>
         <input_file_ref idref="fl-be"/>
      </object_component>
      <object_component id="oc-ce">
         <name>.bios</name>
         <load_address>0xc00581e0</load_address>
         <run_address>0xc00581e0</run_address>
         <size>0x20</size>
         <input_file_ref idref="fl-a6"/>
      </object_component>
      <object_component id="oc-192">
         <name>.bios</name>
         <load_address>0xc0058200</load_address>
         <run_address>0xc0058200</run_address>
         <size>0x20</size>
         <input_file_ref idref="fl-d4"/>
      </object_component>
      <object_component id="oc-3cb">
         <name>.bios</name>
         <load_address>0xc0058220</load_address>
         <run_address>0xc0058220</run_address>
         <size>0x20</size>
         <input_file_ref idref="fl-f9"/>
      </object_component>
      <object_component id="oc-252">
         <name>.bios</name>
         <load_address>0xc0058240</load_address>
         <run_address>0xc0058240</run_address>
         <size>0x20</size>
         <input_file_ref idref="fl-107"/>
      </object_component>
      <object_component id="oc-406">
         <name>.bios</name>
         <load_address>0xc0058260</load_address>
         <run_address>0xc0058260</run_address>
         <size>0x20</size>
         <input_file_ref idref="fl-10e"/>
      </object_component>
      <object_component id="oc-51">
         <name>.bios</name>
         <load_address>0xc0058280</load_address>
         <run_address>0xc0058280</run_address>
         <size>0x20</size>
         <input_file_ref idref="fl-9c"/>
      </object_component>
      <object_component id="oc-50">
         <name>.bios</name>
         <load_address>0xc00582a0</load_address>
         <run_address>0xc00582a0</run_address>
         <size>0x20</size>
         <input_file_ref idref="fl-9e"/>
      </object_component>
      <object_component id="oc-4d">
         <name>.bios</name>
         <load_address>0xc00582c0</load_address>
         <run_address>0xc00582c0</run_address>
         <size>0x20</size>
         <input_file_ref idref="fl-98"/>
      </object_component>
      <object_component id="oc-392">
         <name>.text</name>
         <load_address>0xc0030000</load_address>
         <run_address>0xc0030000</run_address>
         <size>0x6240</size>
         <input_file_ref idref="fl-c8"/>
      </object_component>
      <object_component id="oc-3dd">
         <name>.text</name>
         <load_address>0xc0036240</load_address>
         <run_address>0xc0036240</run_address>
         <size>0x2380</size>
         <input_file_ref idref="fl-c7"/>
      </object_component>
      <object_component id="oc-42f">
         <name>.text</name>
         <load_address>0xc00385c0</load_address>
         <run_address>0xc00385c0</run_address>
         <size>0x17c0</size>
         <input_file_ref idref="fl-cd"/>
      </object_component>
      <object_component id="oc-3e3">
         <name>.text:_Mcasp_localSubmitIoctl</name>
         <load_address>0xc0039d80</load_address>
         <run_address>0xc0039d80</run_address>
         <size>0x1120</size>
         <input_file_ref idref="fl-db"/>
      </object_component>
      <object_component id="oc-3b0">
         <name>.text</name>
         <load_address>0xc003aea0</load_address>
         <run_address>0xc003aea0</run_address>
         <size>0xbc0</size>
         <input_file_ref idref="fl-df"/>
      </object_component>
      <object_component id="oc-387">
         <name>.text:_mcaspMdCreateChan</name>
         <load_address>0xc003ba60</load_address>
         <run_address>0xc003ba60</run_address>
         <size>0xac0</size>
         <input_file_ref idref="fl-da"/>
      </object_component>
      <object_component id="oc-40b">
         <name>.text</name>
         <load_address>0xc003c520</load_address>
         <run_address>0xc003c520</run_address>
         <size>0x9a0</size>
         <input_file_ref idref="fl-129"/>
      </object_component>
      <object_component id="oc-3fc">
         <name>.text</name>
         <load_address>0xc003cec0</load_address>
         <run_address>0xc003cec0</run_address>
         <size>0x780</size>
         <input_file_ref idref="fl-e0"/>
      </object_component>
      <object_component id="oc-3d9">
         <name>.text:_i2cIntrHandler</name>
         <load_address>0xc003d640</load_address>
         <run_address>0xc003d640</run_address>
         <size>0x6a0</size>
         <input_file_ref idref="fl-c1"/>
      </object_component>
      <object_component id="oc-3e8">
         <name>.text:_Mcasp_localEdmaCallback</name>
         <load_address>0xc003dce0</load_address>
         <run_address>0xc003dce0</run_address>
         <size>0x660</size>
         <input_file_ref idref="fl-dc"/>
      </object_component>
      <object_component id="oc-48f">
         <name>.text:__divd</name>
         <load_address>0xc003e340</load_address>
         <run_address>0xc003e340</run_address>
         <size>0x5a0</size>
         <input_file_ref idref="fl-132"/>
      </object_component>
      <object_component id="oc-384">
         <name>.text:_mcaspMdBindDev</name>
         <load_address>0xc003e8e0</load_address>
         <run_address>0xc003e8e0</run_address>
         <size>0x5a0</size>
         <input_file_ref idref="fl-da"/>
      </object_component>
      <object_component id="oc-484">
         <name>.text:__getarg_diouxp</name>
         <load_address>0xc003ee80</load_address>
         <run_address>0xc003ee80</run_address>
         <size>0x580</size>
         <input_file_ref idref="fl-130"/>
      </object_component>
      <object_component id="oc-444">
         <name>.text:_Mcasp_localEdmaChanPaRAMsetup</name>
         <load_address>0xc003f400</load_address>
         <run_address>0xc003f400</run_address>
         <size>0x540</size>
         <input_file_ref idref="fl-dc"/>
      </object_component>
      <object_component id="oc-381">
         <name>.text:_i2cMdCreateChan</name>
         <load_address>0xc003f940</load_address>
         <run_address>0xc003f940</run_address>
         <size>0x540</size>
         <input_file_ref idref="fl-c1"/>
      </object_component>
      <object_component id="oc-3ab">
         <name>.text</name>
         <load_address>0xc003fe80</load_address>
         <run_address>0xc003fe80</run_address>
         <size>0x4e0</size>
         <input_file_ref idref="fl-12d"/>
      </object_component>
      <object_component id="oc-43d">
         <name>.text:_Mcasp_localAbortReset</name>
         <load_address>0xc0040360</load_address>
         <run_address>0xc0040360</run_address>
         <size>0x4a0</size>
         <input_file_ref idref="fl-da"/>
      </object_component>
      <object_component id="oc-46f">
         <name>.text:__setfield</name>
         <load_address>0xc0040800</load_address>
         <run_address>0xc0040800</run_address>
         <size>0x480</size>
         <input_file_ref idref="fl-130"/>
      </object_component>
      <object_component id="oc-362">
         <name>.text</name>
         <load_address>0xc0040c80</load_address>
         <run_address>0xc0040c80</run_address>
         <size>0x460</size>
         <input_file_ref idref="fl-14"/>
      </object_component>
      <object_component id="oc-418">
         <name>.text:_I2c_completeIOedmaCallback</name>
         <load_address>0xc00410e0</load_address>
         <run_address>0xc00410e0</run_address>
         <size>0x440</size>
         <input_file_ref idref="fl-ca"/>
      </object_component>
      <object_component id="oc-452">
         <name>.text:__printfi</name>
         <load_address>0xc0041520</load_address>
         <run_address>0xc0041520</run_address>
         <size>0x440</size>
         <input_file_ref idref="fl-130"/>
      </object_component>
      <object_component id="oc-370">
         <name>.text:_aic31MdControlChan</name>
         <load_address>0xc0041960</load_address>
         <run_address>0xc0041960</run_address>
         <size>0x440</size>
         <input_file_ref idref="fl-ae"/>
      </object_component>
      <object_component id="oc-3bf">
         <name>.text:_aic31SetSamplingRate</name>
         <load_address>0xc0041da0</load_address>
         <run_address>0xc0041da0</run_address>
         <size>0x440</size>
         <input_file_ref idref="fl-ae"/>
      </object_component>
      <object_component id="oc-37e">
         <name>.text:_i2cMdBindDev</name>
         <load_address>0xc00421e0</load_address>
         <run_address>0xc00421e0</run_address>
         <size>0x420</size>
         <input_file_ref idref="fl-c1"/>
      </object_component>
      <object_component id="oc-383">
         <name>.text:_i2cMdSubmitChan</name>
         <load_address>0xc0042600</load_address>
         <run_address>0xc0042600</run_address>
         <size>0x400</size>
         <input_file_ref idref="fl-c1"/>
      </object_component>
      <object_component id="oc-426">
         <name>.text:_i2cPolledModeTransfer</name>
         <load_address>0xc0042a00</load_address>
         <run_address>0xc0042a00</run_address>
         <size>0x400</size>
         <input_file_ref idref="fl-c1"/>
      </object_component>
      <object_component id="oc-380">
         <name>.text:_i2cMdControlChan</name>
         <load_address>0xc0042e00</load_address>
         <run_address>0xc0042e00</run_address>
         <size>0x3c0</size>
         <input_file_ref idref="fl-c1"/>
      </object_component>
      <object_component id="oc-371">
         <name>.text:_aic31MdCreateChan</name>
         <load_address>0xc00431c0</load_address>
         <run_address>0xc00431c0</run_address>
         <size>0x3a0</size>
         <input_file_ref idref="fl-ae"/>
      </object_component>
      <object_component id="oc-419">
         <name>.text:_i2cCompleteIOInIsr</name>
         <load_address>0xc0043560</load_address>
         <run_address>0xc0043560</run_address>
         <size>0x380</size>
         <input_file_ref idref="fl-c1"/>
      </object_component>
      <object_component id="oc-3fe">
         <name>.text</name>
         <load_address>0xc00438e0</load_address>
         <run_address>0xc00438e0</run_address>
         <size>0x380</size>
         <input_file_ref idref="fl-12a"/>
      </object_component>
      <object_component id="oc-42d">
         <name>.text:_Mcasp_localUpdtDtPktToLnkPrms</name>
         <load_address>0xc0043c60</load_address>
         <run_address>0xc0043c60</run_address>
         <size>0x340</size>
         <input_file_ref idref="fl-dc"/>
      </object_component>
      <object_component id="oc-377">
         <name>.text:_audioMdCreateChan</name>
         <load_address>0xc0043fa0</load_address>
         <run_address>0xc0043fa0</run_address>
         <size>0x340</size>
         <input_file_ref idref="fl-af"/>
      </object_component>
      <object_component id="oc-3df">
         <name>.text:_i2cTransfer</name>
         <load_address>0xc00442e0</load_address>
         <run_address>0xc00442e0</run_address>
         <size>0x340</size>
         <input_file_ref idref="fl-c1"/>
      </object_component>
      <object_component id="oc-436">
         <name>.text:_Mcasp_localGetIndicesSyncType</name>
         <load_address>0xc0044620</load_address>
         <run_address>0xc0044620</run_address>
         <size>0x320</size>
         <input_file_ref idref="fl-dc"/>
      </object_component>
      <object_component id="oc-46b">
         <name>.text:_fputs</name>
         <load_address>0xc0044940</load_address>
         <run_address>0xc0044940</run_address>
         <size>0x300</size>
         <input_file_ref idref="fl-13e"/>
      </object_component>
      <object_component id="oc-388">
         <name>.text:_mcaspMdDeleteChan</name>
         <load_address>0xc0044c40</load_address>
         <run_address>0xc0044c40</run_address>
         <size>0x300</size>
         <input_file_ref idref="fl-da"/>
      </object_component>
      <object_component id="oc-416">
         <name>.text:_I2cNotifyCallback</name>
         <load_address>0xc0044f40</load_address>
         <run_address>0xc0044f40</run_address>
         <size>0x2c0</size>
         <input_file_ref idref="fl-c1"/>
      </object_component>
      <object_component id="oc-43b">
         <name>.text:_Mcasp_localConfigXmtSection</name>
         <load_address>0xc0045200</load_address>
         <run_address>0xc0045200</run_address>
         <size>0x2c0</size>
         <input_file_ref idref="fl-da"/>
      </object_component>
      <object_component id="oc-479">
         <name>.text:__pproc_fge</name>
         <load_address>0xc00454c0</load_address>
         <run_address>0xc00454c0</run_address>
         <size>0x2c0</size>
         <input_file_ref idref="fl-130"/>
      </object_component>
      <object_component id="oc-46e">
         <name>.text:__pproc_fwp</name>
         <load_address>0xc0045780</load_address>
         <run_address>0xc0045780</run_address>
         <size>0x2c0</size>
         <input_file_ref idref="fl-130"/>
      </object_component>
      <object_component id="oc-428">
         <name>.text:_mcaspIsrInput</name>
         <load_address>0xc0045a40</load_address>
         <run_address>0xc0045a40</run_address>
         <size>0x2c0</size>
         <input_file_ref idref="fl-da"/>
      </object_component>
      <object_component id="oc-429">
         <name>.text:_mcaspIsrOutput</name>
         <load_address>0xc0045d00</load_address>
         <run_address>0xc0045d00</run_address>
         <size>0x2c0</size>
         <input_file_ref idref="fl-da"/>
      </object_component>
      <object_component id="oc-45a">
         <name>.text:_I2c_localEnsureIsReadyforNext</name>
         <load_address>0xc0045fc0</load_address>
         <run_address>0xc0045fc0</run_address>
         <size>0x2a0</size>
         <input_file_ref idref="fl-c1"/>
      </object_component>
      <object_component id="oc-3c4">
         <name>.text:_aic31InitDac</name>
         <load_address>0xc0046260</load_address>
         <run_address>0xc0046260</run_address>
         <size>0x2a0</size>
         <input_file_ref idref="fl-ae"/>
      </object_component>
      <object_component id="oc-48a">
         <name>.text:_ecvt</name>
         <load_address>0xc0046500</load_address>
         <run_address>0xc0046500</run_address>
         <size>0x2a0</size>
         <input_file_ref idref="fl-130"/>
      </object_component>
      <object_component id="oc-48d">
         <name>.text:_fcvt</name>
         <load_address>0xc00467a0</load_address>
         <run_address>0xc00467a0</run_address>
         <size>0x2a0</size>
         <input_file_ref idref="fl-130"/>
      </object_component>
      <object_component id="oc-3ee">
         <name>.text:_Mcasp_localConfigRcvSection</name>
         <load_address>0xc0046a40</load_address>
         <run_address>0xc0046a40</run_address>
         <size>0x280</size>
         <input_file_ref idref="fl-da"/>
      </object_component>
      <object_component id="oc-37c">
         <name>.text</name>
         <load_address>0xc0046cc0</load_address>
         <run_address>0xc0046cc0</run_address>
         <size>0x280</size>
         <input_file_ref idref="fl-b8"/>
      </object_component>
      <object_component id="oc-425">
         <name>.text:_I2c_localEdmaTransfer</name>
         <load_address>0xc0046f40</load_address>
         <run_address>0xc0046f40</run_address>
         <size>0x260</size>
         <input_file_ref idref="fl-ca"/>
      </object_component>
      <object_component id="oc-3e0">
         <name>.text:_Mcasp_localSetupHwInfo</name>
         <load_address>0xc00471a0</load_address>
         <run_address>0xc00471a0</run_address>
         <size>0x260</size>
         <input_file_ref idref="fl-da"/>
      </object_component>
      <object_component id="oc-498">
         <name>.text:__divull</name>
         <load_address>0xc0047400</load_address>
         <run_address>0xc0047400</run_address>
         <size>0x260</size>
         <input_file_ref idref="fl-134"/>
      </object_component>
      <object_component id="oc-483">
         <name>.text:__pconv_e</name>
         <load_address>0xc0047660</load_address>
         <run_address>0xc0047660</run_address>
         <size>0x260</size>
         <input_file_ref idref="fl-130"/>
      </object_component>
      <object_component id="oc-3b9">
         <name>.text:_aic31SelectOutputDest</name>
         <load_address>0xc00478c0</load_address>
         <run_address>0xc00478c0</run_address>
         <size>0x260</size>
         <input_file_ref idref="fl-ae"/>
      </object_component>
      <object_component id="oc-3c9">
         <name>.text:_audioSampleRateConfigure</name>
         <load_address>0xc0047b20</load_address>
         <run_address>0xc0047b20</run_address>
         <size>0x260</size>
         <input_file_ref idref="fl-af"/>
      </object_component>
      <object_component id="oc-42a">
         <name>.text:_mcaspGetHwStatus</name>
         <load_address>0xc0047d80</load_address>
         <run_address>0xc0047d80</run_address>
         <size>0x260</size>
         <input_file_ref idref="fl-db"/>
      </object_component>
      <object_component id="oc-47a">
         <name>.text:__pproc_diouxp</name>
         <load_address>0xc0047fe0</load_address>
         <run_address>0xc0047fe0</run_address>
         <size>0x240</size>
         <input_file_ref idref="fl-130"/>
      </object_component>
      <object_component id="oc-382">
         <name>.text:_i2cMdDeleteChan</name>
         <load_address>0xc0048220</load_address>
[...]
         <value>0xc004b8ac</value>
         <object_component_ref idref="oc-45c"/>
      </symbol>
      <symbol id="sm-16b3">
         <name>__SEM_dopost</name>
         <value>0xc0055ec0</value>
         <object_component_ref idref="oc-390"/>
      </symbol>
      <symbol id="sm-16c0">
         <name>__abort_msg</name>
         <value>0xc0051540</value>
         <object_component_ref idref="oc-3fd"/>
      </symbol>
      <symbol id="sm-16d3">
         <name>__auto_init</name>
         <value>0xc00566a0</value>
         <object_component_ref idref="oc-356"/>
      </symbol>
      <symbol id="sm-16dc">
         <name>__c6xabi_divu</name>
         <value>0xc004f4a0</value>
         <object_component_ref idref="oc-3c0"/>
      </symbol>
      <symbol id="sm-16dd">
         <name>__divu</name>
         <value>0xc004f4a0</value>
         <object_component_ref idref="oc-3c0"/>
      </symbol>
      <symbol id="sm-16eb">
         <name>__fixdu</name>
         <value>0xc0050be0</value>
         <object_component_ref idref="oc-475"/>
      </symbol>
      <symbol id="sm-16f5">
         <name>__tmpnams</name>
         <value>0x118193f8</value>
         <object_component_ref idref="oc-2b1"/>
      </symbol>
      <symbol id="sm-16f6">
         <name>__ft_end</name>
         <value>0x11819538</value>
         <object_component_ref idref="oc-2b1"/>
      </symbol>
      <symbol id="sm-16f7">
         <name>__ftable</name>
         <value>0x11819218</value>
         <object_component_ref idref="oc-2b1"/>
      </symbol>
      <symbol id="sm-1709">
         <name>__unlock</name>
         <value>0x1181a2d8</value>
         <object_component_ref idref="oc-2b5"/>
      </symbol>
      <symbol id="sm-170a">
         <name>__lock</name>
         <value>0x1181a2d4</value>
         <object_component_ref idref="oc-2b5"/>
      </symbol>
      <symbol id="sm-170b">
         <name>__register_lock</name>
         <value>0xc00520c0</value>
         <object_component_ref idref="oc-3b3"/>
      </symbol>
      <symbol id="sm-170c">
         <name>__nop</name>
         <value>0xc0052020</value>
         <object_component_ref idref="oc-391"/>
      </symbol>
      <symbol id="sm-170d">
         <name>__register_unlock</name>
         <value>0xc00520e0</value>
         <object_component_ref idref="oc-3b4"/>
      </symbol>
      <symbol id="sm-1716">
         <name>__remu</name>
         <value>0xc0050520</value>
         <object_component_ref idref="oc-474"/>
      </symbol>
      <symbol id="sm-1717">
         <name>__c6xabi_remu</name>
         <value>0xc0050520</value>
         <object_component_ref idref="oc-474"/>
      </symbol>
      <symbol id="sm-1722">
         <name>__c6xabi_strasgi</name>
         <value>0xc004e0e0</value>
         <object_component_ref idref="oc-3ca"/>
      </symbol>
      <symbol id="sm-1723">
         <name>__c6xabi_strasgi_64plus</name>
         <value>0xc0051d60</value>
         <object_component_ref idref="oc-39e"/>
      </symbol>
      <symbol id="sm-1724">
         <name>__strasgi_64plus</name>
         <value>0xc0051d60</value>
         <object_component_ref idref="oc-39e"/>
      </symbol>
      <symbol id="sm-1725">
         <name>__strasgi</name>
         <value>0xc004e0e0</value>
         <object_component_ref idref="oc-3ca"/>
      </symbol>
      <symbol id="sm-1734">
         <name>C$$EXIT</name>
         <value>0xc0052100</value>
         <object_component_ref idref="oc-44c"/>
      </symbol>
      <symbol id="sm-1735">
         <name>___TI_enable_exit_profile_output</name>
         <value>0x1181a2c0</value>
         <object_component_ref idref="oc-2c0"/>
      </symbol>
      <symbol id="sm-1736">
         <name>_abort</name>
         <value>0xc0052100</value>
         <object_component_ref idref="oc-44c"/>
      </symbol>
      <symbol id="sm-1737">
         <name>__cleanup_ptr</name>
         <value>0x1181a2b8</value>
         <object_component_ref idref="oc-2c0"/>
      </symbol>
      <symbol id="sm-1738">
         <name>__dtors_ptr</name>
         <value>0x1181a2bc</value>
         <object_component_ref idref="oc-2c0"/>
      </symbol>
      <symbol id="sm-174c">
         <name>_atexit</name>
         <value>0xc004f620</value>
         <object_component_ref idref="oc-3cf"/>
      </symbol>
      <symbol id="sm-174d">
         <name>___atexit_func_id__</name>
         <value>0x11819738</value>
         <object_component_ref idref="oc-2c5"/>
      </symbol>
      <symbol id="sm-1765">
         <name>_dtors</name>
         <value>0x1181a2e4</value>
         <object_component_ref idref="oc-2ca"/>
      </symbol>
      <symbol id="sm-1766">
         <name>_call_dtors</name>
         <value>0xc004d940</value>
         <object_component_ref idref="oc-454"/>
      </symbol>
      <symbol id="sm-1767">
         <name>___add_dtor</name>
         <value>0xc0051be0</value>
         <object_component_ref idref="oc-414"/>
      </symbol>
      <symbol id="sm-1775">
         <name>_audioI2cParams</name>
         <value>0x1181a1c0</value>
         <object_component_ref idref="oc-2ce"/>
      </symbol>
      <symbol id="sm-1776">
         <name>_audioUserI2cInit</name>
         <value>0xc0051780</value>
         <object_component_ref idref="oc-35a"/>
      </symbol>
      <symbol id="sm-1777">
         <name>_configureAudio</name>
         <value>0xc0050d60</value>
         <object_component_ref idref="oc-39b"/>
      </symbol>
      <symbol id="sm-1781">
         <name>_defInstInitConfig</name>
         <value>0x11817950</value>
         <object_component_ref idref="oc-2d3"/>
      </symbol>
      <symbol id="sm-1782">
         <name>_edma3GblCfgParams</name>
         <value>0x118173a8</value>
         <object_component_ref idref="oc-2d3"/>
      </symbol>
      <symbol id="sm-17c4">
         <name>_drvObj</name>
         <value>0x1180ea60</value>
         <object_component_ref idref="oc-2d8"/>
      </symbol>
      <symbol id="sm-17c5">
         <name>_drvInstance</name>
         <value>0x1180f020</value>
         <object_component_ref idref="oc-2d8"/>
      </symbol>
      <symbol id="sm-17c6">
         <name>_EDMA3_DRV_delete</name>
         <value>0xc003ca00</value>
         <object_component_ref idref="oc-40b"/>
      </symbol>
      <symbol id="sm-17c7">
         <name>_EDMA3_DRV_open</name>
         <value>0xc003c76c</value>
         <object_component_ref idref="oc-40b"/>
      </symbol>
      <symbol id="sm-17c8">
         <name>_EDMA3_DRV_create</name>
         <value>0xc003cae4</value>
         <object_component_ref idref="oc-40b"/>
      </symbol>
      <symbol id="sm-17c9">
         <name>_EDMA3_DRV_close</name>
         <value>0xc003cd50</value>
         <object_component_ref idref="oc-40b"/>
      </symbol>
      <symbol id="sm-17ca">
         <name>_edma3DrvChBoundRes</name>
         <value>0x1180fca0</value>
         <object_component_ref idref="oc-2d8"/>
      </symbol>
      <symbol id="sm-17f4">
         <name>_edma3OsSemGive</name>
         <value>0xc0043948</value>
         <object_component_ref idref="oc-3fe"/>
      </symbol>
      <symbol id="sm-17f5">
         <name>_Edma3_CacheInvalidate</name>
         <value>0xc0043be4</value>
         <object_component_ref idref="oc-3fe"/>
      </symbol>
      <symbol id="sm-17f6">
         <name>_edma3OsSemCreate</name>
         <value>0xc00439d0</value>
         <object_component_ref idref="oc-3fe"/>
      </symbol>
      <symbol id="sm-17f7">
         <name>_edma3OsProtectExit</name>
         <value>0xc0043a28</value>
         <object_component_ref idref="oc-3fe"/>
      </symbol>
      <symbol id="sm-17f8">
         <name>_Edma3_CacheFlush</name>
         <value>0xc0043c20</value>
         <object_component_ref idref="oc-3fe"/>
      </symbol>
      <symbol id="sm-17f9">
         <name>_edma3OsSemDelete</name>
         <value>0xc0043998</value>
         <object_component_ref idref="oc-3fe"/>
      </symbol>
      <symbol id="sm-17fa">
         <name>_edma3OsProtectEntry</name>
         <value>0xc0043acc</value>
         <object_component_ref idref="oc-3fe"/>
      </symbol>
      <symbol id="sm-17fb">
         <name>_edma3OsSemTake</name>
         <value>0xc00438e0</value>
         <object_component_ref idref="oc-3fe"/>
      </symbol>
      <symbol id="sm-180d">
         <name>_TSK_enable</name>
         <value>0xc00578a0</value>
         <object_component_ref idref="oc-44e"/>
      </symbol>
      <symbol id="sm-180e">
         <name>_TSK_disable</name>
         <value>0xc00578c4</value>
         <object_component_ref idref="oc-44e"/>
      </symbol>
      <symbol id="sm-181c">
         <name>_numEdma3Instances</name>
         <value>0x1183be14</value>
         <object_component_ref idref="oc-2e4"/>
      </symbol>
      <symbol id="sm-181d">
         <name>_tcErrorInt</name>
         <value>0x11817eb0</value>
         <object_component_ref idref="oc-2e7"/>
      </symbol>
      <symbol id="sm-181e">
         <name>_hwIntTcErr</name>
         <value>0x11817f00</value>
         <object_component_ref idref="oc-2e7"/>
      </symbol>
      <symbol id="sm-181f">
         <name>_hwIntCcErr</name>
         <value>0x11817ef8</value>
         <object_component_ref idref="oc-2e7"/>
      </symbol>
      <symbol id="sm-1820">
         <name>_sampleInstInitConfig</name>
         <value>0x118184e8</value>
         <object_component_ref idref="oc-2e7"/>
      </symbol>
      <symbol id="sm-1821">
         <name>_ccXferCompInt</name>
         <value>0x11817ea0</value>
         <object_component_ref idref="oc-2e7"/>
      </symbol>
      <symbol id="sm-1822">
         <name>_numEdma3Tc</name>
         <value>0x11817e98</value>
         <object_component_ref idref="oc-2e7"/>
      </symbol>
      <symbol id="sm-1823">
         <name>_hwIntXferComp</name>
         <value>0x11817ef0</value>
         <object_component_ref idref="oc-2e7"/>
      </symbol>
      <symbol id="sm-1824">
         <name>_numEdma3EvtQue</name>
         <value>0x11817e90</value>
         <object_component_ref idref="oc-2e7"/>
      </symbol>
      <symbol id="sm-1825">
         <name>_sampleEdma3GblCfgParams</name>
         <value>0x11817f40</value>
         <object_component_ref idref="oc-2e7"/>
      </symbol>
      <symbol id="sm-1826">
         <name>_ccErrorInt</name>
         <value>0x11817ea8</value>
         <object_component_ref idref="oc-2e7"/>
      </symbol>
      <symbol id="sm-184d">
         <name>_ptrEdma3TcIsrHandler</name>
         <value>0x1181a1a0</value>
         <object_component_ref idref="oc-2eb"/>
      </symbol>
      <symbol id="sm-184e">
         <name>_edma3deinit</name>
         <value>0xc0040280</value>
         <object_component_ref idref="oc-3ab"/>
      </symbol>
      <symbol id="sm-184f">
         <name>_semHandle</name>
         <value>0x1181a198</value>
         <object_component_ref idref="oc-2eb"/>
      </symbol>
      <symbol id="sm-1850">
         <name>_unregisterEdma3Interrupts</name>
         <value>0xc003fe80</value>
         <object_component_ref idref="oc-3ab"/>
      </symbol>
      <symbol id="sm-1851">
         <name>_edma3init</name>
         <value>0xc00400e0</value>
         <object_component_ref idref="oc-3ab"/>
      </symbol>
      <symbol id="sm-1852">
         <name>_registerEdma3Interrupts</name>
         <value>0xc003ff28</value>
         <object_component_ref idref="oc-3ab"/>
      </symbol>
      <symbol id="sm-1853">
         <name>_hEdma</name>
         <value>0x1181a190</value>
         <object_component_ref idref="oc-2eb"/>
      </symbol>
      <symbol id="sm-186a">
         <name>__doflush</name>
         <value>0xc004f560</value>
         <object_component_ref idref="oc-46a"/>
      </symbol>
      <symbol id="sm-186b">
         <name>_fflush</name>
         <value>0xc004da40</value>
         <object_component_ref idref="oc-44b"/>
      </symbol>
      <symbol id="sm-187d">
         <name>_fprintf</name>
         <value>0xc0050de0</value>
         <object_component_ref idref="oc-44a"/>
      </symbol>
      <symbol id="sm-1989">
         <name>__printfi</name>
         <value>0xc0041520</value>
         <object_component_ref idref="oc-452"/>
      </symbol>
      <symbol id="sm-1993">
         <name>___isinf</name>
         <value>0xc0051c20</value>
         <object_component_ref idref="oc-480"/>
      </symbol>
      <symbol id="sm-19a5">
         <name>__divd</name>
         <value>0xc003e340</value>
         <object_component_ref idref="oc-48f"/>
      </symbol>
      <symbol id="sm-19b5">
         <name>__divul</name>
         <value>0xc004a300</value>
         <object_component_ref idref="oc-497"/>
      </symbol>
      <symbol id="sm-19b6">
         <name>__remli</name>
         <value>0xc0051d20</value>
         <object_component_ref idref="oc-49b"/>
      </symbol>
      <symbol id="sm-19b7">
         <name>__divli</name>
         <value>0xc0050200</value>
         <object_component_ref idref="oc-49c"/>
      </symbol>
      <symbol id="sm-19cb">
         <name>__subcull</name>
         <value>0xc00515a0</value>
         <object_component_ref idref="oc-49e"/>
      </symbol>
      <symbol id="sm-19cc">
         <name>__divull</name>
         <value>0xc0047400</value>
         <object_component_ref idref="oc-498"/>
      </symbol>
      <symbol id="sm-19d9">
         <name>__fixdli</name>
         <value>0xc00503e0</value>
         <object_component_ref idref="oc-492"/>
      </symbol>
      <symbol id="sm-19e4">
         <name>__fltlid</name>
         <value>0xc0050c60</value>
         <object_component_ref idref="oc-494"/>
      </symbol>
      <symbol id="sm-19ee">
         <name>__frcmpyd_div</name>
         <value>0xc0051ca0</value>
         <object_component_ref idref="oc-496"/>
      </symbol>
      <symbol id="sm-19fc">
         <name>__llshl</name>
         <value>0xc0050ce0</value>
         <object_component_ref idref="oc-49d"/>
      </symbol>
      <symbol id="sm-19fd">
         <name>__llshru</name>
         <value>0xc0051ce0</value>
         <object_component_ref idref="oc-495"/>
      </symbol>
      <symbol id="sm-1a07">
         <name>__negll</name>
         <value>0xc0052000</value>
         <object_component_ref idref="oc-485"/>
      </symbol>
      <symbol id="sm-1a15">
         <name>_atoi</name>
         <value>0xc004e2a0</value>
         <object_component_ref idref="oc-478"/>
      </symbol>
      <symbol id="sm-1a1d">
         <name>__ctypes_</name>
         <value>0x1183b090</value>
         <object_component_ref idref="oc-47e"/>
      </symbol>
      <symbol id="sm-1a2f">
         <name>_putc</name>
         <value>0xc004bea0</value>
         <object_component_ref idref="oc-46c"/>
      </symbol>
      <symbol id="sm-1a30">
         <name>_fputc</name>
         <value>0xc004bea0</value>
         <object_component_ref idref="oc-46c"/>
      </symbol>
      <symbol id="sm-1a3f">
         <name>__wrt_ok</name>
         <value>0xc004d640</value>
         <object_component_ref idref="oc-477"/>
      </symbol>
      <symbol id="sm-1a59">
         <name>_fputs</name>
         <value>0xc0044940</value>
         <object_component_ref idref="oc-46b"/>
      </symbol>
      <symbol id="sm-1a66">
         <name>_fseek</name>
         <value>0xc004f6e0</value>
         <object_component_ref idref="oc-47c"/>
      </symbol>
      <symbol id="sm-1aac">
         <name>_unlink</name>
         <value>0xc00511e0</value>
         <object_component_ref idref="oc-49f"/>
      </symbol>
      <symbol id="sm-1aad">
         <name>_lseek</name>
         <value>0xc004f7a0</value>
         <object_component_ref idref="oc-487"/>
      </symbol>
      <symbol id="sm-1aae">
         <name>_close</name>
         <value>0xc004e540</value>
         <object_component_ref idref="oc-499"/>
      </symbol>
      <symbol id="sm-1aaf">
         <name>_write</name>
         <value>0xc004faa0</value>
         <object_component_ref idref="oc-476"/>
      </symbol>
      <symbol id="sm-1ad9">
         <name>_HOSTopen</name>
         <value>0xc004de40</value>
         <object_component_ref idref="oc-393"/>
      </symbol>
      <symbol id="sm-1ada">
         <name>_HOSTread</name>
         <value>0xc004ed20</value>
         <object_component_ref idref="oc-395"/>
      </symbol>
      <symbol id="sm-1adb">
         <name>_HOSTrename</name>
         <value>0xc004ab20</value>
         <object_component_ref idref="oc-399"/>
      </symbol>
      <symbol id="sm-1adc">
         <name>_HOSTwrite</name>
         <value>0xc004eea0</value>
         <object_component_ref idref="oc-396"/>
      </symbol>
      <symbol id="sm-1add">
         <name>_HOSTlseek</name>
         <value>0xc004d040</value>
         <object_component_ref idref="oc-397"/>
      </symbol>
      <symbol id="sm-1ade">
         <name>_HOSTunlink</name>
         <value>0xc004ede0</value>
         <object_component_ref idref="oc-398"/>
      </symbol>
      <symbol id="sm-1adf">
         <name>_HOSTclose</name>
         <value>0xc004fe40</value>
         <object_component_ref idref="oc-394"/>
      </symbol>
      <symbol id="sm-1aec">
         <name>_ltoa</name>
         <value>0xc004f860</value>
         <object_component_ref idref="oc-493"/>
      </symbol>
      <symbol id="sm-1af9">
         <name>_memccpy</name>
         <value>0xc0051a20</value>
         <object_component_ref idref="oc-47b"/>
      </symbol>
      <symbol id="sm-1b01">
         <name>_memcpy</name>
         <value>0xc00508e0</value>
         <object_component_ref idref="oc-39a"/>
      </symbol>
      <symbol id="sm-1b0c">
         <name>_memset</name>
         <value>0xc004eb60</value>
         <object_component_ref idref="oc-3c8"/>
      </symbol>
      <symbol id="sm-1b1e">
         <name>_printf</name>
         <value>0xc00510e0</value>
         <object_component_ref idref="oc-409"/>
      </symbol>
      <symbol id="sm-1b2e">
         <name>C$$IO$$</name>
         <value>0xc0051ad8</value>
         <object_component_ref idref="oc-400"/>
      </symbol>
      <symbol id="sm-1b2f">
         <name>__CIOBUF_</name>
         <value>0x1183c650</value>
         <object_component_ref idref="oc-342"/>
      </symbol>
      <symbol id="sm-1b30">
         <name>_readmsg</name>
         <value>0xc0051160</value>
         <object_component_ref idref="oc-401"/>
      </symbol>
      <symbol id="sm-1b31">
         <name>_writemsg</name>
         <value>0xc0051a80</value>
         <object_component_ref idref="oc-400"/>
      </symbol>
      <symbol id="sm-1b42">
         <name>_setvbuf</name>
         <value>0xc004b2a0</value>
         <object_component_ref idref="oc-47d"/>
      </symbol>
      <symbol id="sm-1b57">
         <name>__cleanup</name>
         <value>0xc004f320</value>
         <object_component_ref idref="oc-489"/>
      </symbol>
      <symbol id="sm-1b69">
         <name>_fclose</name>
         <value>0xc004caa0</value>
         <object_component_ref idref="oc-491"/>
      </symbol>
      <symbol id="sm-1b85">
         <name>_free</name>
         <value>0xc0054a20</value>
         <object_component_ref idref="oc-488"/>
      </symbol>
      <symbol id="sm-1b86">
         <name>_calloc</name>
         <value>0xc0054c4c</value>
         <object_component_ref idref="oc-488"/>
      </symbol>
      <symbol id="sm-1b87">
         <name>_memalign</name>
         <value>0xc0054b88</value>
         <object_component_ref idref="oc-488"/>
      </symbol>
      <symbol id="sm-1b88">
         <name>_realloc</name>
         <value>0xc0054aa4</value>
         <object_component_ref idref="oc-488"/>
      </symbol>
      <symbol id="sm-1b89">
         <name>_malloc</name>
         <value>0xc0054a44</value>
         <object_component_ref idref="oc-488"/>
      </symbol>
      <symbol id="sm-1b95">
         <name>_remove</name>
         <value>0xc0052180</value>
         <object_component_ref idref="oc-49a"/>
      </symbol>
   </symbol_table>
</link_info>
