******************************************************************************
               TMS320C6x Linker PC v7.3.1                      
******************************************************************************
>> Linked Thu May 04 12:15:29 2017

OUTPUT FILE NAME:   <ccsProject_insideGit.out>
ENTRY POINT SYMBOL: "_c_int00"  address: 8000bc80


MEMORY CONFIGURATION

         name            origin    length      used     unused   attr    fill
----------------------  --------  ---------  --------  --------  ----  --------
  DSPL2ROM              00700000   00010000  00000000  00010000  RWIX
  DSPL2RAM              00800000   00040000  00000000  00040000  RWIX
  DSPL1PRAM             00e00000   00008000  00000000  00008000  RWIX
  DSPL1DRAM             00f00000   00008000  00000000  00008000  RWIX
  SHDSPL2ROM            11700000   00010000  00000000  00010000  RWIX
  SHDSPL2RAM            11800000   00040000  00000000  00040000  RWIX
  SHDSPL1PRAM           11e00000   00008000  00000000  00008000  RWIX
  SHDSPL1DRAM           11f00000   00008000  00000000  00008000  RWIX
  EMIFACS0              40000000   20000000  00000000  20000000  RWIX
  EMIFACS2              60000000   02000000  00000000  02000000  RWIX
  EMIFACS3              62000000   02000000  00000000  02000000  RWIX
  EMIFACS4              64000000   02000000  00000000  02000000  RWIX
  EMIFACS5              66000000   02000000  00000000  02000000  RWIX
  SHRAM                 80000000   00020000  00015b84  0000a47c  RWIX
  DDR2                  c0000000   20000000  00000000  20000000  RWIX


SECTION ALLOCATION MAP

 output                                  attributes/
section   page    origin      length       input sections
--------  ----  ----------  ----------   ----------------
.pinit     0    80000000    00000000     UNINITIALIZED

.text      0    80000000    0000c380     
                  80000000    000010e0     aes.obj (.text)
                  800010e0    00000c80     modFunctions32.obj (.text)
                  80001d60    00000920     montExponentiation32.obj (.text)
                  80002680    00000860     modularInverse32.obj (.text)
                  80002ee0    00000820     additionalFunctions32.obj (.text)
                  80003700    00000820     sha2.obj (.text)
                  80003f20    00000780     helpfulFunctions.obj (.text)
                  800046a0    000005a0     rts6740.lib : divd.obj (.text:__divd)
                  80004c40    000005a0     keyEstablishmentFunctions32.obj (.text)
                  800051e0    000005a0     signatureMessage.obj (.text)
                  80005780    00000580     rts6740.lib : _printfi.obj (.text:__getarg_diouxp)
                  80005d00    000004a0     PRNG.obj (.text)
                  800061a0    00000480     rts6740.lib : _printfi.obj (.text:__setfield)
                  80006620    00000440                 : _printfi.obj (.text:__printfi)
                  80006a60    00000400     encryptDecrypt.obj (.text)
                  80006e60    000003e0     main.obj (.text)
                  80007240    00000360     useAES.obj (.text)
                  800075a0    00000300     rts6740.lib : fputs.obj (.text:_fputs)
                  800078a0    000002c0                 : _printfi.obj (.text:__pproc_fge)
                  80007b60    000002c0                 : _printfi.obj (.text:__pproc_fwp)
                  80007e20    000002a0                 : _printfi.obj (.text:_ecvt)
                  800080c0    000002a0                 : _printfi.obj (.text:_fcvt)
                  80008360    00000280                 : memory.obj (.text:_free)
                  800085e0    00000260                 : imath64.obj (.text:__divull)
                  80008840    00000260                 : _printfi.obj (.text:__pconv_e)
                  80008aa0    00000240                 : _printfi.obj (.text:__pproc_diouxp)
                  80008ce0    00000220                 : _printfi.obj (.text:__pproc_str)
                  80008f00    00000200                 : _printfi.obj (.text:__pconv_g)
                  80009100    000001c0                 : _printfi.obj (.text:__mcpy)
                  800092c0    000001c0     useSHA256.obj (.text)
                  80009480    000001a0     rts6740.lib : imath40.obj (.text:__divul)
                  80009620    00000180                 : trgdrv.obj (.text:_HOSTrename)
                  800097a0    00000180                 : memory.obj (.text:_malloc)
                  80009920    00000180                 : setvbuf.obj (.text:_setvbuf)
                  80009aa0    00000180     hmac.obj (.text)
                  80009c20    00000160     maskGenerationFunction.obj (.text)
                  80009d80    00000140     rts6740.lib : _printfi.obj (.text:__pproc_fflags)
                  80009ec0    00000140                 : fputc.obj (.text:_fputc)
                  8000a000    00000140                 : lowlev.obj (.text:_getdevice)
                  8000a140    00000120                 : fclose.obj (.text:_fclose)
                  8000a260    00000100                 : trgdrv.obj (.text:_HOSTlseek)
                  8000a360    00000100                 : autoinit.obj (.text:__auto_init)
                  8000a460    00000100                 : _printfi.obj (.text:__ltostr)
                  8000a560    00000100                 : _io_perm.obj (.text:__wrt_ok)
                  8000a660    00000100                 : fflush.obj (.text:_fflush)
                  8000a760    000000e0                 : trgdrv.obj (.text:_HOSTopen)
                  8000a840    000000e0                 : atoi.obj (.text:_atoi)
                  8000a920    000000e0                 : lowlev.obj (.text:_close)
                  8000aa00    000000e0                 : exit.obj (.text:_exit)
                  8000aae0    000000e0                 : memset.obj (.text:_memset)
                  8000abc0    000000c0                 : trgdrv.obj (.text:_HOSTread)
                  8000ac80    000000c0                 : trgdrv.obj (.text:_HOSTunlink)
                  8000ad40    000000c0                 : trgdrv.obj (.text:_HOSTwrite)
                  8000ae00    000000c0                 : fopen.obj (.text:__cleanup)
                  8000aec0    000000c0                 : _printfi.obj (.text:__div)
                  8000af80    000000c0                 : divu.obj (.text:__divu)
                  8000b040    000000c0                 : fflush.obj (.text:__doflush)
                  8000b100    000000c0                 : fseek.obj (.text:_fseek)
                  8000b1c0    000000c0                 : lowlev.obj (.text:_lseek)
                  8000b280    000000c0                 : ltoa.obj (.text:_ltoa)
                  8000b340    000000c0                 : lowlev.obj (.text:_write)
                  8000b400    000000a0                 : trgdrv.obj (.text:_HOSTclose)
                  8000b4a0    000000a0                 : trgdrv.obj (.text:_HOSTtime)
                  8000b540    000000a0                 : imath40.obj (.text:__divli)
                  8000b5e0    000000a0                 : _printfi.obj (.text:__ecpy)
                  8000b680    000000a0                 : _printfi.obj (.text:__fcpy)
                  8000b720    000000a0                 : fixdli.obj (.text:__fixdli)
                  8000b7c0    000000a0                 : _printfi.obj (.text:__pconv_f)
                  8000b860    000000a0                 : cpy_tbl.obj (.text:_copy_in)
                  8000b900    000000a0                 : lowlev.obj (.text:_finddevice)
                  8000b9a0    000000a0                 : memcpy64.obj (.text:_memcpy)
                  8000ba40    000000a0                 : memory.obj (.text:_minsert)
                  8000bae0    000000a0                 : memory.obj (.text:_mremove)
                  8000bb80    00000080                 : fltlid.obj (.text:__fltlid)
                  8000bc00    00000080                 : llshift.obj (.text:__llshl)
                  8000bc80    00000080                 : boot.obj (.text:_c_int00)
                  8000bd00    00000080                 : fprintf.obj (.text:_fprintf)
                  8000bd80    00000080                 : printf.obj (.text:_printf)
                  8000be00    00000080                 : trgmsg.obj (.text:_readmsg)
                  8000be80    00000080                 : lowlev.obj (.text:_unlink)
                  8000bf00    00000060                 : assert.obj (.text:__abort_msg)
                  8000bf60    00000060                 : imath64.obj (.text:__subcull)
                  8000bfc0    00000060                 : memccpy.obj (.text:_memccpy)
                  8000c020    00000060                 : trgmsg.obj (.text:_writemsg)
                  8000c080    00000040                 : isinf.obj (.text:___isinf)
                  8000c0c0    00000040                 : _printfi.obj (.text:___isnan)
                  8000c100    00000040                 : args_main.obj (.text:__args_main)
                  8000c140    00000040                 : frcmpyd_div.obj (.text:__frcmpyd_div)
                  8000c180    00000040                 : llshift.obj (.text:__llshru)
                  8000c1c0    00000040                 : imath40.obj (.text:__remli)
                  8000c200    00000040                 : strasg.obj (.text:__strasgi_64plus)
                  8000c240    00000040                 : time.obj (.text:_time)
                  8000c280    00000020                 : negll.obj (.text:__negll)
                  8000c2a0    00000020                 : _lock.obj (.text:__nop)
                  8000c2c0    00000020                 : fprintf.obj (.text:__outc)
                  8000c2e0    00000020                 : printf.obj (.text:__outc)
                  8000c300    00000020                 : fprintf.obj (.text:__outs)
                  8000c320    00000020                 : printf.obj (.text:__outs)
                  8000c340    00000020                 : exit.obj (.text:_abort)
                  8000c360    00000020                 : remove.obj (.text:_remove)

.bss       0    80000000    00000000     UNINITIALIZED

.data      0    80000000    00000000     UNINITIALIZED

.sysmem    0    8000c380    00004000     UNINITIALIZED
                  8000c380    00000008     rts6740.lib : memory.obj (.sysmem)
                  8000c388    00003ff8     --HOLE--

.const     0    80010380    0000302c     
                  80010380    00000400     aes.obj (.const:_Td0)
                  80010780    00000400     aes.obj (.const:_Td1)
                  80010b80    00000400     aes.obj (.const:_Td2)
                  80010f80    00000400     aes.obj (.const:_Td3)
                  80011380    00000400     aes.obj (.const:_Td4)
                  80011780    00000400     aes.obj (.const:_Te0)
                  80011b80    00000400     aes.obj (.const:_Te1)
                  80011f80    00000400     aes.obj (.const:_Te2)
                  80012380    00000400     aes.obj (.const:_Te3)
                  80012780    00000400     aes.obj (.const:_Te4)
                  80012b80    000001f4     main.obj (.const:_$P$T8$9)
                  80012d74    00000003     rts6740.lib : assert.obj (.const)
                  80012d77    00000001     --HOLE-- [fill = 0]
                  80012d78    00000101                 : ctype.obj (.const:__ctypes_)
                  80012e79    00000002                 : fputs.obj (.const)
                  80012e7b    00000005     --HOLE-- [fill = 0]
                  80012e80    00000100     sha2.obj (.const:_K256)
                  80012f80    00000080     main.obj (.const:_$P$T3$4)
                  80013000    00000080     main.obj (.const:_$P$T4$5)
                  80013080    00000080     main.obj (.const:_$P$T5$6)
                  80013100    00000080     main.obj (.const:_$P$T7$8)
                  80013180    0000006a     sha2.obj (.const)
                  800131ea    00000006     --HOLE-- [fill = 0]
                  800131f0    00000040     PRNG.obj (.const:_$P$T0$2)
                  80013230    00000040     main.obj (.const:_$P$T1$2)
                  80013270    0000003c     main.obj (.const:_$P$T0$1)
                  800132ac    00000039     additionalFunctions32.obj (.const)
                  800132e5    0000002c     main.obj (.const)
                  80013311    00000007     --HOLE-- [fill = 0]
                  80013318    00000028     aes.obj (.const:_rcon)
                  80013340    00000023     rts6740.lib : _printfi.obj (.const)
                  80013363    00000005     --HOLE-- [fill = 0]
                  80013368    00000020     sha2.obj (.const:_sha256_initial_hash_value)
                  80013388    00000014     helpfulFunctions.obj (.const)
                  8001339c    00000004     --HOLE-- [fill = 0]
                  800133a0    00000004     main.obj (.const:_$P$T2$3)
                  800133a4    00000004     --HOLE-- [fill = 0]
                  800133a8    00000004     main.obj (.const:_$P$T6$7)

.stack     0    800133b0    00002000     UNINITIALIZED
                  800133b0    00000008     rts6740.lib : boot.obj (.stack)
                  800133b8    00001ff8     --HOLE--

.far       0    800153b0    00000554     UNINITIALIZED
                  800153b0    00000324     rts6740.lib : defs.obj (.far)
                  800156d4    00000004                 : fopen.obj (.far)
                  800156d8    0000011c                 : lowlev.obj (.far)
                  800157f4    00000004     --HOLE--
                  800157f8    000000d0                 : trgdrv.obj (.far)
                  800158c8    00000020     PRNG.obj (.far)
                  800158e8    0000000c     rts6740.lib : exit.obj (.far)
                  800158f4    00000008                 : _lock.obj (.far)
                  800158fc    00000008                 : memory.obj (.far)

.cinit     0    80015908    00000164     
                  80015908    0000005c     rts6740.lib : defs.obj (.cinit)
                  80015964    00000004     --HOLE-- [fill = 0]
                  80015968    0000005c                 : lowlev.obj (.cinit)
                  800159c4    00000004     --HOLE-- [fill = 0]
                  800159c8    0000002c                 : exit.obj (.cinit)
                  800159f4    00000004     --HOLE-- [fill = 0]
                  800159f8    0000002c                 : memory.obj (.cinit)
                  80015a24    00000004     --HOLE-- [fill = 0]
                  80015a28    0000001c                 : _lock.obj (.cinit)
                  80015a44    00000004     --HOLE-- [fill = 0]
                  80015a48    0000000c                 : fopen.obj (.cinit)
                  80015a54    00000004     --HOLE-- [fill = 0]
                  80015a58    00000009     PRNG.obj (.cinit)
                  80015a61    00000007     --HOLE-- [fill = 0]
                  80015a68    00000004     (.pad.cinit) [fill = 0]

.cio       0    80015a6c    00000120     UNINITIALIZED
                  80015a6c    00000120     rts6740.lib : trgmsg.obj (.cio)


GLOBAL SYMBOLS: SORTED ALPHABETICALLY BY Name 

address    name
--------   ----
80000000   $bss
80000000   .bss
80000000   .data
80000000   .text
8000c340   C$$EXIT
8000c078   C$$IO$$
80001d60   _ADD
8000b400   _HOSTclose
8000a260   _HOSTlseek
8000a760   _HOSTopen
8000abc0   _HOSTread
80009620   _HOSTrename
8000b4a0   _HOSTtime
8000ac80   _HOSTunlink
8000ad40   _HOSTwrite
800060b8   _PRNG
80005d54   _RNG
80003c70   _SHA256_Final
80003c04   _SHA256_Init
80003700   _SHA256_Transform
800039cc   _SHA256_Update
80001da8   _SUB_COND
80004614   _XOR
80015a6c   __CIOBUF_
800153b0   __STACK_END
00002000   __STACK_SIZE
00004000   __SYSMEM_SIZE
00000001   __TI_args_main
800158f0   ___TI_enable_exit_profile_output
ffffffff   ___TI_pprof_out_hndl
ffffffff   ___TI_prof_data_size
ffffffff   ___TI_prof_data_start
ffffffff   ___binit__
80000000   ___bss__
ffffffff   ___c_args__
80015908   ___cinit__
80000000   ___data__
80000000   ___edata__
80000000   ___end__
8000c380   ___etext__
8000c080   ___isinf
ffffffff   ___pinit__
80000000   ___text__
8000bf00   __abort_msg
8000c100   __args_main
8000a360   __auto_init
8000af80   __c6xabi_divu
8000c200   __c6xabi_strasgi_64plus
8000ae00   __cleanup
800158e8   __cleanup_ptr
80012d78   __ctypes_
800046a0   __divd
8000b540   __divli
8000af80   __divu
80009480   __divul
800085e0   __divull
8000b040   __doflush
800158ec   __dtors_ptr
8000b720   __fixdli
8000bb80   __fltlid
8000c140   __frcmpyd_div
800156d0   __ft_end
800153b0   __ftable
8000bc00   __llshl
8000c180   __llshru
800158f4   __lock
8000c280   __negll
8000c2a0   __nop
80006620   __printfi
8000c1c0   __remli
800133b0   __stack
8000c200   __strasgi_64plus
8000bf60   __subcull
8000c380   __sys_memory
80015590   __tmpnams
800158f8   __unlock
8000a560   __wrt_ok
8000c340   _abort
80003604   _addition
800074e4   _aesCBCdecrypt
80007420   _aesCBCencrypt
8000730c   _aesDecrypt
80007240   _aesEncrypt
80000c2c   _aes_decrypt
80000790   _aes_encrypt
800004ec   _aes_set_decrypt_key
80000000   _aes_set_encrypt_key
8000a840   _atoi
8000bc80   _c_int00
80005144   _calculateKey
8000a920   _close
80005f58   _compareFSR
80005118   _computePartOfKey
800045b4   _concat
80004550   _copyArray
80003590   _copyArray32
8000352c   _copyArray8
800044ec   _copyArrayFrom0
8000b860   _copy_in
80005084   _createExponent
80004fc4   _createMessage
80006d94   _decrypt
80004f30   _decryptAndUnsignMessage
80006c98   _decryptHMAC
800034f0   _divideByTwo
80006b98   _encrypt
80006a60   _encryptHMAC
8000aa00   _exit
8000a140   _fclose
8000a660   _fflush
80005ed8   _findRandNum
80003478   _flipArray
8000bd00   _fprintf
80009ec0   _fputc
800075a0   _fputs
80008360   _free
80001180   _from2to32
80004d08   _from32to8
80004c40   _from8to32
8000b100   _fseek
80009394   _hashOfLength
80009308   _hashWithTime
800043d0   _hexToString
80009aa0   _hmac
80003404   _isBiggerThan
80002f0c   _isBiggerThanOrEqual
8000b1c0   _lseek
8000b280   _ltoa
80006e60   _main
800097a0   _malloc
80009c20   _maskGenerationFunction
8000bfc0   _memccpy
8000b9a0   _memcpy
8000aae0   _memset
80001930   _mod
80001a90   _modFaster
80001c70   _modSquare
80002720   _modularInverse
80001ec0   _mont
80002104   _montExp
800033c0   _multiplyByTwo
80003360   _numberIsZero
800073b4   _padding
800010e0   _positionMSB
8000420c   _printArray
800032cc   _printArray32
80003238   _printArray8
80004180   _printArrayNoSpaces
80003fc8   _printChar
80003f38   _printCharNoSpaces
8000bd80   _printf
80009ec0   _putc
8000be00   _readmsg
8000c360   _remove
80004e64   _repositionZeros
80003f34   _seeTheDifference
80009920   _setvbuf
80004dcc   _signAndEncryptMessage
800051e0   _signatureMessage
80002680   _signedSubtraction
80007348   _simpleDecrypt
80007278   _simpleEncrypt
800092c0   _simpleHashWithLength
80001550   _squareProduct
80003160   _subtraction
80002f8c   _subtractionWithSign
8000c240   _time
80003f20   _timeData
8000be80   _unlink
80005d00   _updateFSR
8000b340   _write
8000c020   _writemsg
80002ef4   _zerosArray
80002ee0   _zerosArray16
ffffffff   binit
80015908   cinit
80000000   edata
80000000   end
8000c380   etext
ffffffff   pinit


GLOBAL SYMBOLS: SORTED BY Symbol Address 

address    name
--------   ----
00000001   __TI_args_main
00002000   __STACK_SIZE
00004000   __SYSMEM_SIZE
80000000   $bss
80000000   .bss
80000000   .data
80000000   .text
80000000   ___bss__
80000000   ___data__
80000000   ___edata__
80000000   ___end__
80000000   ___text__
80000000   _aes_set_encrypt_key
80000000   edata
80000000   end
800004ec   _aes_set_decrypt_key
80000790   _aes_encrypt
80000c2c   _aes_decrypt
800010e0   _positionMSB
80001180   _from2to32
80001550   _squareProduct
80001930   _mod
80001a90   _modFaster
80001c70   _modSquare
80001d60   _ADD
80001da8   _SUB_COND
80001ec0   _mont
80002104   _montExp
80002680   _signedSubtraction
80002720   _modularInverse
80002ee0   _zerosArray16
80002ef4   _zerosArray
80002f0c   _isBiggerThanOrEqual
80002f8c   _subtractionWithSign
80003160   _subtraction
80003238   _printArray8
800032cc   _printArray32
80003360   _numberIsZero
800033c0   _multiplyByTwo
80003404   _isBiggerThan
80003478   _flipArray
800034f0   _divideByTwo
8000352c   _copyArray8
80003590   _copyArray32
80003604   _addition
80003700   _SHA256_Transform
800039cc   _SHA256_Update
80003c04   _SHA256_Init
80003c70   _SHA256_Final
80003f20   _timeData
80003f34   _seeTheDifference
80003f38   _printCharNoSpaces
80003fc8   _printChar
80004180   _printArrayNoSpaces
8000420c   _printArray
800043d0   _hexToString
800044ec   _copyArrayFrom0
80004550   _copyArray
800045b4   _concat
80004614   _XOR
800046a0   __divd
80004c40   _from8to32
80004d08   _from32to8
80004dcc   _signAndEncryptMessage
80004e64   _repositionZeros
80004f30   _decryptAndUnsignMessage
80004fc4   _createMessage
80005084   _createExponent
80005118   _computePartOfKey
80005144   _calculateKey
800051e0   _signatureMessage
80005d00   _updateFSR
80005d54   _RNG
80005ed8   _findRandNum
80005f58   _compareFSR
800060b8   _PRNG
80006620   __printfi
80006a60   _encryptHMAC
80006b98   _encrypt
80006c98   _decryptHMAC
80006d94   _decrypt
80006e60   _main
80007240   _aesEncrypt
80007278   _simpleEncrypt
8000730c   _aesDecrypt
80007348   _simpleDecrypt
800073b4   _padding
80007420   _aesCBCencrypt
800074e4   _aesCBCdecrypt
800075a0   _fputs
80008360   _free
800085e0   __divull
800092c0   _simpleHashWithLength
80009308   _hashWithTime
80009394   _hashOfLength
80009480   __divul
80009620   _HOSTrename
800097a0   _malloc
80009920   _setvbuf
80009aa0   _hmac
80009c20   _maskGenerationFunction
80009ec0   _fputc
80009ec0   _putc
8000a140   _fclose
8000a260   _HOSTlseek
8000a360   __auto_init
8000a560   __wrt_ok
8000a660   _fflush
8000a760   _HOSTopen
8000a840   _atoi
8000a920   _close
8000aa00   _exit
8000aae0   _memset
8000abc0   _HOSTread
8000ac80   _HOSTunlink
8000ad40   _HOSTwrite
8000ae00   __cleanup
8000af80   __c6xabi_divu
8000af80   __divu
8000b040   __doflush
8000b100   _fseek
8000b1c0   _lseek
8000b280   _ltoa
8000b340   _write
8000b400   _HOSTclose
8000b4a0   _HOSTtime
8000b540   __divli
8000b720   __fixdli
8000b860   _copy_in
8000b9a0   _memcpy
8000bb80   __fltlid
8000bc00   __llshl
8000bc80   _c_int00
8000bd00   _fprintf
8000bd80   _printf
8000be00   _readmsg
8000be80   _unlink
8000bf00   __abort_msg
8000bf60   __subcull
8000bfc0   _memccpy
8000c020   _writemsg
8000c078   C$$IO$$
8000c080   ___isinf
8000c100   __args_main
8000c140   __frcmpyd_div
8000c180   __llshru
8000c1c0   __remli
8000c200   __c6xabi_strasgi_64plus
8000c200   __strasgi_64plus
8000c240   _time
8000c280   __negll
8000c2a0   __nop
8000c340   C$$EXIT
8000c340   _abort
8000c360   _remove
8000c380   ___etext__
8000c380   __sys_memory
8000c380   etext
80012d78   __ctypes_
800133b0   __stack
800153b0   __STACK_END
800153b0   __ftable
80015590   __tmpnams
800156d0   __ft_end
800158e8   __cleanup_ptr
800158ec   __dtors_ptr
800158f0   ___TI_enable_exit_profile_output
800158f4   __lock
800158f8   __unlock
80015908   ___cinit__
80015908   cinit
80015a6c   __CIOBUF_
ffffffff   ___TI_pprof_out_hndl
ffffffff   ___TI_prof_data_size
ffffffff   ___TI_prof_data_start
ffffffff   ___binit__
ffffffff   ___c_args__
ffffffff   ___pinit__
ffffffff   binit
ffffffff   pinit

[180 symbols]
