******************************************************************************
               TMS320C6x Linker PC v7.3.1                      
******************************************************************************
>> Linked Sat Apr 29 11:09:41 2017

OUTPUT FILE NAME:   <crypto_dspSimulation.out>
ENTRY POINT SYMBOL: "_c_int00"  address: 8000be20


MEMORY CONFIGURATION

         name            origin    length      used     unused   attr    fill
----------------------  --------  ---------  --------  --------  ----  --------
  DSPL2ROM              00700000   00010000  00000000  00010000  RWIX
  DSPL2RAM              00800000   00040000  00000000  00040000  RWIX
  DSPL1PRAM             00e00000   00008000  00000000  00008000  RWIX
  DSPL1DRAM             00f00000   00008000  00000000  00008000  RWIX
  SHDSPL2ROM            11700000   00010000  00000000  00010000  RWIX
  SHDSPL2RAM            11800000   00040000  00000000  00040000  RWIX
  SHDSPL1PRAM           11e00000   00008000  00000000  00008000  RWIX
  SHDSPL1DRAM           11f00000   00008000  00000000  00008000  RWIX
  EMIFACS0              40000000   20000000  00000000  20000000  RWIX
  EMIFACS2              60000000   02000000  00000000  02000000  RWIX
  EMIFACS3              62000000   02000000  00000000  02000000  RWIX
  EMIFACS4              64000000   02000000  00000000  02000000  RWIX
  EMIFACS5              66000000   02000000  00000000  02000000  RWIX
  SHRAM                 80000000   00020000  0001602c  00009fd4  RWIX
  DDR2                  c0000000   20000000  00000000  20000000  RWIX


SECTION ALLOCATION MAP

 output                                  attributes/
section   page    origin      length       input sections
--------  ----  ----------  ----------   ----------------
.pinit     0    80000000    00000000     UNINITIALIZED

.text      0    80000000    0000c520     
                  80000000    000010e0     aes.obj (.text)
                  800010e0    00000c20     modFunctions.obj (.text)
                  80001d00    00000880     helpfulFunctions.obj (.text)
                  80002580    00000860     modularInverse.obj (.text)
                  80002de0    00000820     sha2.obj (.text)
                  80003600    00000660     additionalFunctions.obj (.text)
                  80003c60    000005e0     montExponentiation.obj (.text)
                  80004240    000005a0     rts6740.lib : divd.obj (.text:__divd)
                  800047e0    00000580                 : _printfi.obj (.text:__getarg_diouxp)
                  80004d60    00000540     main.obj (.text)
                  800052a0    00000500     verifySignature.obj (.text)
                  800057a0    000004c0     signatureMessage.obj (.text)
                  80005c60    000004a0     PRNG.obj (.text)
                  80006100    00000480     rts6740.lib : _printfi.obj (.text:__setfield)
                  80006580    00000460     encryptDecrypt.obj (.text)
                  800069e0    00000440     rts6740.lib : _printfi.obj (.text:__printfi)
                  80006e20    00000440     keyEstablishmentFunctions.obj (.text)
                  80007260    00000360     useAES.obj (.text)
                  800075c0    00000300     rts6740.lib : fputs.obj (.text:_fputs)
                  800078c0    000002c0                 : _printfi.obj (.text:__pproc_fge)
                  80007b80    000002c0                 : _printfi.obj (.text:__pproc_fwp)
                  80007e40    000002a0                 : _printfi.obj (.text:_ecvt)
                  800080e0    000002a0                 : _printfi.obj (.text:_fcvt)
                  80008380    00000280                 : memory.obj (.text:_free)
                  80008600    00000260                 : imath64.obj (.text:__divull)
                  80008860    00000260                 : _printfi.obj (.text:__pconv_e)
                  80008ac0    00000240                 : _printfi.obj (.text:__pproc_diouxp)
                  80008d00    00000220                 : _printfi.obj (.text:__pproc_str)
                  80008f20    00000200                 : _printfi.obj (.text:__pconv_g)
                  80009120    000001c0                 : _printfi.obj (.text:__mcpy)
                  800092e0    000001c0     maskGenerationFunction.obj (.text)
                  800094a0    000001c0     useSHA256.obj (.text)
                  80009660    000001a0     rts6740.lib : imath40.obj (.text:__divul)
                  80009800    00000180                 : trgdrv.obj (.text:_HOSTrename)
                  80009980    00000180                 : memory.obj (.text:_malloc)
                  80009b00    00000180                 : setvbuf.obj (.text:_setvbuf)
                  80009c80    00000180     hmac.obj (.text)
                  80009e00    00000140     rts6740.lib : _printfi.obj (.text:__pproc_fflags)
                  80009f40    00000140                 : fputc.obj (.text:_fputc)
                  8000a080    00000140                 : lowlev.obj (.text:_getdevice)
                  8000a1c0    00000120                 : fclose.obj (.text:_fclose)
                  8000a2e0    00000120     formatting.obj (.text)
                  8000a400    00000100     rts6740.lib : trgdrv.obj (.text:_HOSTlseek)
                  8000a500    00000100                 : autoinit.obj (.text:__auto_init)
                  8000a600    00000100                 : _printfi.obj (.text:__ltostr)
                  8000a700    00000100                 : _io_perm.obj (.text:__wrt_ok)
                  8000a800    00000100                 : fflush.obj (.text:_fflush)
                  8000a900    000000e0                 : trgdrv.obj (.text:_HOSTopen)
                  8000a9e0    000000e0                 : atoi.obj (.text:_atoi)
                  8000aac0    000000e0                 : lowlev.obj (.text:_close)
                  8000aba0    000000e0                 : exit.obj (.text:_exit)
                  8000ac80    000000e0                 : memset.obj (.text:_memset)
                  8000ad60    000000c0                 : trgdrv.obj (.text:_HOSTread)
                  8000ae20    000000c0                 : trgdrv.obj (.text:_HOSTunlink)
                  8000aee0    000000c0                 : trgdrv.obj (.text:_HOSTwrite)
                  8000afa0    000000c0                 : fopen.obj (.text:__cleanup)
                  8000b060    000000c0                 : _printfi.obj (.text:__div)
                  8000b120    000000c0                 : divu.obj (.text:__divu)
                  8000b1e0    000000c0                 : fflush.obj (.text:__doflush)
                  8000b2a0    000000c0                 : fseek.obj (.text:_fseek)
                  8000b360    000000c0                 : lowlev.obj (.text:_lseek)
                  8000b420    000000c0                 : ltoa.obj (.text:_ltoa)
                  8000b4e0    000000c0                 : lowlev.obj (.text:_write)
                  8000b5a0    000000a0                 : trgdrv.obj (.text:_HOSTclose)
                  8000b640    000000a0                 : trgdrv.obj (.text:_HOSTtime)
                  8000b6e0    000000a0                 : imath40.obj (.text:__divli)
                  8000b780    000000a0                 : _printfi.obj (.text:__ecpy)
                  8000b820    000000a0                 : _printfi.obj (.text:__fcpy)
                  8000b8c0    000000a0                 : fixdli.obj (.text:__fixdli)
                  8000b960    000000a0                 : _printfi.obj (.text:__pconv_f)
                  8000ba00    000000a0                 : cpy_tbl.obj (.text:_copy_in)
                  8000baa0    000000a0                 : lowlev.obj (.text:_finddevice)
                  8000bb40    000000a0                 : memcpy64.obj (.text:_memcpy)
                  8000bbe0    000000a0                 : memory.obj (.text:_minsert)
                  8000bc80    000000a0                 : memory.obj (.text:_mremove)
                  8000bd20    00000080                 : fltlid.obj (.text:__fltlid)
                  8000bda0    00000080                 : llshift.obj (.text:__llshl)
                  8000be20    00000080                 : boot.obj (.text:_c_int00)
                  8000bea0    00000080                 : fprintf.obj (.text:_fprintf)
                  8000bf20    00000080                 : printf.obj (.text:_printf)
                  8000bfa0    00000080                 : trgmsg.obj (.text:_readmsg)
                  8000c020    00000080                 : lowlev.obj (.text:_unlink)
                  8000c0a0    00000060                 : assert.obj (.text:__abort_msg)
                  8000c100    00000060                 : imath64.obj (.text:__subcull)
                  8000c160    00000060                 : memccpy.obj (.text:_memccpy)
                  8000c1c0    00000060                 : trgmsg.obj (.text:_writemsg)
                  8000c220    00000040                 : isinf.obj (.text:___isinf)
                  8000c260    00000040                 : _printfi.obj (.text:___isnan)
                  8000c2a0    00000040                 : args_main.obj (.text:__args_main)
                  8000c2e0    00000040                 : frcmpyd_div.obj (.text:__frcmpyd_div)
                  8000c320    00000040                 : llshift.obj (.text:__llshru)
                  8000c360    00000040                 : imath40.obj (.text:__remli)
                  8000c3a0    00000040                 : strasg.obj (.text:__strasgi_64plus)
                  8000c3e0    00000040                 : time.obj (.text:_time)
                  8000c420    00000020                 : negll.obj (.text:__negll)
                  8000c440    00000020                 : _lock.obj (.text:__nop)
                  8000c460    00000020                 : fprintf.obj (.text:__outc)
                  8000c480    00000020                 : printf.obj (.text:__outc)
                  8000c4a0    00000020                 : fprintf.obj (.text:__outs)
                  8000c4c0    00000020                 : printf.obj (.text:__outs)
                  8000c4e0    00000020                 : exit.obj (.text:_abort)
                  8000c500    00000020                 : remove.obj (.text:_remove)

.bss       0    80000000    00000000     UNINITIALIZED

.data      0    80000000    00000000     UNINITIALIZED

.sysmem    0    8000c520    00004000     UNINITIALIZED
                  8000c520    00000008     rts6740.lib : memory.obj (.sysmem)
                  8000c528    00003ff8     --HOLE--

.const     0    80010520    00003334     
                  80010520    00000400     aes.obj (.const:_Td0)
                  80010920    00000400     aes.obj (.const:_Td1)
                  80010d20    00000400     aes.obj (.const:_Td2)
                  80011120    00000400     aes.obj (.const:_Td3)
                  80011520    00000400     aes.obj (.const:_Td4)
                  80011920    00000400     aes.obj (.const:_Te0)
                  80011d20    00000400     aes.obj (.const:_Te1)
                  80012120    00000400     aes.obj (.const:_Te2)
                  80012520    00000400     aes.obj (.const:_Te3)
                  80012920    00000400     aes.obj (.const:_Te4)
                  80012d20    000001f4     main.obj (.const:_$P$T8$9)
                  80012f14    00000003     rts6740.lib : assert.obj (.const)
                  80012f17    00000001     --HOLE-- [fill = 0]
                  80012f18    00000101                 : ctype.obj (.const:__ctypes_)
                  80013019    00000002                 : fputs.obj (.const)
                  8001301b    00000005     --HOLE-- [fill = 0]
                  80013020    00000100     main.obj (.const:_$P$T3$4)
                  80013120    00000100     main.obj (.const:_$P$T4$5)
                  80013220    00000100     main.obj (.const:_$P$T5$6)
                  80013320    00000100     main.obj (.const:_$P$T7$8)
                  80013420    00000100     sha2.obj (.const:_K256)
                  80013520    00000080     main.obj (.const:_$P$T1$2)
                  800135a0    00000078     main.obj (.const:_$P$T0$1)
                  80013618    0000006e     helpfulFunctions.obj (.const)
                  80013686    0000006a     sha2.obj (.const)
                  800136f0    00000060     encryptDecrypt.obj (.const)
                  80013750    00000040     PRNG.obj (.const:_$P$T0$2)
                  80013790    0000002c     main.obj (.const)
                  800137bc    00000004     --HOLE-- [fill = 0]
                  800137c0    00000028     aes.obj (.const:_rcon)
                  800137e8    00000023     rts6740.lib : _printfi.obj (.const)
                  8001380b    00000005     --HOLE-- [fill = 0]
                  80013810    00000020     sha2.obj (.const:_sha256_initial_hash_value)
                  80013830    00000015     additionalFunctions.obj (.const)
                  80013845    00000003     --HOLE-- [fill = 0]
                  80013848    00000004     main.obj (.const:_$P$T2$3)
                  8001384c    00000004     --HOLE-- [fill = 0]
                  80013850    00000004     main.obj (.const:_$P$T6$7)

.stack     0    80013858    00002000     UNINITIALIZED
                  80013858    00000008     rts6740.lib : boot.obj (.stack)
                  80013860    00001ff8     --HOLE--

.far       0    80015858    00000554     UNINITIALIZED
                  80015858    00000324     rts6740.lib : defs.obj (.far)
                  80015b7c    00000004                 : fopen.obj (.far)
                  80015b80    0000011c                 : lowlev.obj (.far)
                  80015c9c    00000004     --HOLE--
                  80015ca0    000000d0                 : trgdrv.obj (.far)
                  80015d70    00000020     PRNG.obj (.far)
                  80015d90    0000000c     rts6740.lib : exit.obj (.far)
                  80015d9c    00000008                 : _lock.obj (.far)
                  80015da4    00000008                 : memory.obj (.far)

.cinit     0    80015db0    00000164     
                  80015db0    0000005c     rts6740.lib : defs.obj (.cinit)
                  80015e0c    00000004     --HOLE-- [fill = 0]
                  80015e10    0000005c                 : lowlev.obj (.cinit)
                  80015e6c    00000004     --HOLE-- [fill = 0]
                  80015e70    0000002c                 : exit.obj (.cinit)
                  80015e9c    00000004     --HOLE-- [fill = 0]
                  80015ea0    0000002c                 : memory.obj (.cinit)
                  80015ecc    00000004     --HOLE-- [fill = 0]
                  80015ed0    0000001c                 : _lock.obj (.cinit)
                  80015eec    00000004     --HOLE-- [fill = 0]
                  80015ef0    0000000c                 : fopen.obj (.cinit)
                  80015efc    00000004     --HOLE-- [fill = 0]
                  80015f00    00000009     PRNG.obj (.cinit)
                  80015f09    00000007     --HOLE-- [fill = 0]
                  80015f10    00000004     (.pad.cinit) [fill = 0]

.cio       0    80015f14    00000120     UNINITIALIZED
                  80015f14    00000120     rts6740.lib : trgmsg.obj (.cio)


GLOBAL SYMBOLS: SORTED ALPHABETICALLY BY Name 

address    name
--------   ----
80000000   $bss
80000000   .bss
80000000   .data
80000000   .text
8000c4e0   C$$EXIT
8000c218   C$$IO$$
8000b5a0   _HOSTclose
8000a400   _HOSTlseek
8000a900   _HOSTopen
8000ad60   _HOSTread
80009800   _HOSTrename
8000b640   _HOSTtime
8000ae20   _HOSTunlink
8000aee0   _HOSTwrite
80006018   _PRNG
80005cb4   _RNG
80003350   _SHA256_Final
800032e4   _SHA256_Init
80002de0   _SHA256_Transform
800030ac   _SHA256_Update
800024f4   _XOR
80015f14   __CIOBUF_
80015858   __STACK_END
00002000   __STACK_SIZE
00004000   __SYSMEM_SIZE
00000001   __TI_args_main
80015d98   ___TI_enable_exit_profile_output
ffffffff   ___TI_pprof_out_hndl
ffffffff   ___TI_prof_data_size
ffffffff   ___TI_prof_data_start
ffffffff   ___binit__
80000000   ___bss__
ffffffff   ___c_args__
80015db0   ___cinit__
80000000   ___data__
80000000   ___edata__
80000000   ___end__
8000c520   ___etext__
8000c220   ___isinf
ffffffff   ___pinit__
80000000   ___text__
8000c0a0   __abort_msg
8000c2a0   __args_main
8000a500   __auto_init
8000b120   __c6xabi_divu
8000c3a0   __c6xabi_strasgi_64plus
8000afa0   __cleanup
80015d90   __cleanup_ptr
80012f18   __ctypes_
80004240   __divd
8000b6e0   __divli
8000b120   __divu
80009660   __divul
80008600   __divull
8000b1e0   __doflush
80015d94   __dtors_ptr
8000b8c0   __fixdli
8000bd20   __fltlid
8000c2e0   __frcmpyd_div
80015b78   __ft_end
80015858   __ftable
8000bda0   __llshl
8000c320   __llshru
80015d9c   __lock
8000c420   __negll
8000c440   __nop
800069e0   __printfi
8000c360   __remli
80013858   __stack
8000c3a0   __strasgi_64plus
8000c100   __subcull
8000c520   __sys_memory
80015a38   __tmpnams
80015da0   __unlock
8000a700   __wrt_ok
8000c4e0   _abort
80003b8c   _addition
80007504   _aesCBCdecrypt
80007440   _aesCBCencrypt
8000732c   _aesDecrypt
80007260   _aesEncrypt
80000c2c   _aes_decrypt
80000790   _aes_encrypt
800004ec   _aes_set_decrypt_key
80000000   _aes_set_encrypt_key
8000a9e0   _atoi
8000be20   _c_int00
800071ac   _calculateKey
8000aac0   _close
80005eb8   _compareFSR
800071a4   _computePartOfKey
80002494   _concat
80002430   _copyArray
80003b24   _copyArray16
80003ac0   _copyArray8
800023cc   _copyArrayFrom0
8000ba00   _copy_in
800070a4   _createExponent
80007028   _createMessage
80006904   _decrypt
800067f0   _decryptHMAC
80006fcc   _decryptMessage
80003a98   _divideBy16
80003a60   _divideByTwo
800066d4   _encrypt
80006580   _encryptHMAC
80006f70   _encryptMessage
8000aba0   _exit
8000a1c0   _fclose
8000a800   _fflush
80005e38   _findRandNum
800039e8   _flipArray
8000bea0   _fprintf
80009f40   _fputc
800075c0   _fputs
80008380   _free
8000a368   _from16to8
80001180   _from2to16
8000a2e0   _from8to16
8000b2a0   _fseek
80009574   _hashOfLength
800094e8   _hashWithTime
800022b0   _hexToString
80009c80   _hmac
80003980   _isBiggerThan
80003614   _isBiggerThanOrEqual
8000b360   _lseek
8000b420   _ltoa
80004d60   _main
80009980   _malloc
800092e0   _maskGenerationFunction
8000c160   _memccpy
8000bb40   _memcpy
8000ac80   _memset
80001b70   _mod
800017b4   _modFaster
80001ab8   _modMult
80001990   _modSquare
80002620   _modularInverse
80003ec4   _montExp
80003c60   _montMultiplication
8000150c   _multiplication
80003934   _multiplyByTwo
800038d4   _numberIsZero
800073d4   _padding
800010e0   _positionMSB
80002100   _printArray
80003848   _printArray16
800037b4   _printArray8
80002070   _printArrayNoSpaces
80001eac   _printChar
80001e20   _printCharNoSpaces
8000bf20   _printf
80009f40   _putc
8000bfa0   _readmsg
8000c500   _remove
80006ea4   _repositionZeros
80001d20   _seeTheDifference
80009b00   _setvbuf
80006e54   _signMessage
800057a0   _signatureMessage
80002580   _signedSubtraction
80007368   _simpleDecrypt
80007298   _simpleEncrypt
800094a0   _simpleHashWithLength
80001274   _squareProduct
80003688   _subtraction
80003764   _subtractionWithSign
8000c3e0   _time
80001d00   _timeData
8000c020   _unlink
80006e20   _unsignMessage
80005c60   _updateFSR
800052a0   _verifySignature
8000b4e0   _write
8000c1c0   _writemsg
80003600   _zerosArray
ffffffff   binit
80015db0   cinit
80000000   edata
80000000   end
8000c520   etext
ffffffff   pinit


GLOBAL SYMBOLS: SORTED BY Symbol Address 

address    name
--------   ----
00000001   __TI_args_main
00002000   __STACK_SIZE
00004000   __SYSMEM_SIZE
80000000   $bss
80000000   .bss
80000000   .data
80000000   .text
80000000   ___bss__
80000000   ___data__
80000000   ___edata__
80000000   ___end__
80000000   ___text__
80000000   _aes_set_encrypt_key
80000000   edata
80000000   end
800004ec   _aes_set_decrypt_key
80000790   _aes_encrypt
80000c2c   _aes_decrypt
800010e0   _positionMSB
80001180   _from2to16
80001274   _squareProduct
8000150c   _multiplication
800017b4   _modFaster
80001990   _modSquare
80001ab8   _modMult
80001b70   _mod
80001d00   _timeData
80001d20   _seeTheDifference
80001e20   _printCharNoSpaces
80001eac   _printChar
80002070   _printArrayNoSpaces
80002100   _printArray
800022b0   _hexToString
800023cc   _copyArrayFrom0
80002430   _copyArray
80002494   _concat
800024f4   _XOR
80002580   _signedSubtraction
80002620   _modularInverse
80002de0   _SHA256_Transform
800030ac   _SHA256_Update
800032e4   _SHA256_Init
80003350   _SHA256_Final
80003600   _zerosArray
80003614   _isBiggerThanOrEqual
80003688   _subtraction
80003764   _subtractionWithSign
800037b4   _printArray8
80003848   _printArray16
800038d4   _numberIsZero
80003934   _multiplyByTwo
80003980   _isBiggerThan
800039e8   _flipArray
80003a60   _divideByTwo
80003a98   _divideBy16
80003ac0   _copyArray8
80003b24   _copyArray16
80003b8c   _addition
80003c60   _montMultiplication
80003ec4   _montExp
80004240   __divd
80004d60   _main
800052a0   _verifySignature
800057a0   _signatureMessage
80005c60   _updateFSR
80005cb4   _RNG
80005e38   _findRandNum
80005eb8   _compareFSR
80006018   _PRNG
80006580   _encryptHMAC
800066d4   _encrypt
800067f0   _decryptHMAC
80006904   _decrypt
800069e0   __printfi
80006e20   _unsignMessage
80006e54   _signMessage
80006ea4   _repositionZeros
80006f70   _encryptMessage
80006fcc   _decryptMessage
80007028   _createMessage
800070a4   _createExponent
800071a4   _computePartOfKey
800071ac   _calculateKey
80007260   _aesEncrypt
80007298   _simpleEncrypt
8000732c   _aesDecrypt
80007368   _simpleDecrypt
800073d4   _padding
80007440   _aesCBCencrypt
80007504   _aesCBCdecrypt
800075c0   _fputs
80008380   _free
80008600   __divull
800092e0   _maskGenerationFunction
800094a0   _simpleHashWithLength
800094e8   _hashWithTime
80009574   _hashOfLength
80009660   __divul
80009800   _HOSTrename
80009980   _malloc
80009b00   _setvbuf
80009c80   _hmac
80009f40   _fputc
80009f40   _putc
8000a1c0   _fclose
8000a2e0   _from8to16
8000a368   _from16to8
8000a400   _HOSTlseek
8000a500   __auto_init
8000a700   __wrt_ok
8000a800   _fflush
8000a900   _HOSTopen
8000a9e0   _atoi
8000aac0   _close
8000aba0   _exit
8000ac80   _memset
8000ad60   _HOSTread
8000ae20   _HOSTunlink
8000aee0   _HOSTwrite
8000afa0   __cleanup
8000b120   __c6xabi_divu
8000b120   __divu
8000b1e0   __doflush
8000b2a0   _fseek
8000b360   _lseek
8000b420   _ltoa
8000b4e0   _write
8000b5a0   _HOSTclose
8000b640   _HOSTtime
8000b6e0   __divli
8000b8c0   __fixdli
8000ba00   _copy_in
8000bb40   _memcpy
8000bd20   __fltlid
8000bda0   __llshl
8000be20   _c_int00
8000bea0   _fprintf
8000bf20   _printf
8000bfa0   _readmsg
8000c020   _unlink
8000c0a0   __abort_msg
8000c100   __subcull
8000c160   _memccpy
8000c1c0   _writemsg
8000c218   C$$IO$$
8000c220   ___isinf
8000c2a0   __args_main
8000c2e0   __frcmpyd_div
8000c320   __llshru
8000c360   __remli
8000c3a0   __c6xabi_strasgi_64plus
8000c3a0   __strasgi_64plus
8000c3e0   _time
8000c420   __negll
8000c440   __nop
8000c4e0   C$$EXIT
8000c4e0   _abort
8000c500   _remove
8000c520   ___etext__
8000c520   __sys_memory
8000c520   etext
80012f18   __ctypes_
80013858   __stack
80015858   __STACK_END
80015858   __ftable
80015a38   __tmpnams
80015b78   __ft_end
80015d90   __cleanup_ptr
80015d94   __dtors_ptr
80015d98   ___TI_enable_exit_profile_output
80015d9c   __lock
80015da0   __unlock
80015db0   ___cinit__
80015db0   cinit
80015f14   __CIOBUF_
ffffffff   ___TI_pprof_out_hndl
ffffffff   ___TI_prof_data_size
ffffffff   ___TI_prof_data_start
ffffffff   ___binit__
ffffffff   ___c_args__
ffffffff   ___pinit__
ffffffff   binit
ffffffff   pinit

[183 symbols]
